  Geri y├╝klenecek projeler belirleniyor...
  Geri y├╝kleme i├ğin t├╝m projeler g├╝ncel.
C:\Users\─░brahim\Desktop\┼ŞUAN\KcetasProje\Extensions\StringKvkkExtensions.cs(10,49): warning CS8632: Bo┼ş de─şer atanabilir ba┼şvuru t├╝rleri i├ğin ek a├ğ─▒klama kodda yaln─▒zca bir '#nullable' ek a├ğ─▒klama ba─şlam─▒ i├ğinde kullan─▒lmal─▒d─▒r. [C:\Users\─░brahim\Desktop\┼ŞUAN\KcetasProje\ProjeStaj.csproj]
C:\Users\─░brahim\Desktop\┼ŞUAN\KcetasProje\Extensions\StringKvkkExtensions.cs(32,54): warning CS8632: Bo┼ş de─şer atanabilir ba┼şvuru t├╝rleri i├ğin ek a├ğ─▒klama kodda yaln─▒zca bir '#nullable' ek a├ğ─▒klama ba─şlam─▒ i├ğinde kullan─▒lmal─▒d─▒r. [C:\Users\─░brahim\Desktop\┼ŞUAN\KcetasProje\ProjeStaj.csproj]
C:\Users\─░brahim\Desktop\┼ŞUAN\KcetasProje\Services\Api\ApiAboneService.cs(81,55): warning CS8632: Bo┼ş de─şer atanabilir ba┼şvuru t├╝rleri i├ğin ek a├ğ─▒klama kodda yaln─▒zca bir '#nullable' ek a├ğ─▒klama ba─şlam─▒ i├ğinde kullan─▒lmal─▒d─▒r. [C:\Users\─░brahim\Desktop\┼ŞUAN\KcetasProje\ProjeStaj.csproj]
C:\Users\─░brahim\Desktop\┼ŞUAN\KcetasProje\ViewModels\AboneEkleViewModel.cs(13,22): warning CS8632: Bo┼ş de─şer atanabilir ba┼şvuru t├╝rleri i├ğin ek a├ğ─▒klama kodda yaln─▒zca bir '#nullable' ek a├ğ─▒klama ba─şlam─▒ i├ğinde kullan─▒lmal─▒d─▒r. [C:\Users\─░brahim\Desktop\┼ŞUAN\KcetasProje\ProjeStaj.csproj]
C:\Users\─░brahim\Desktop\┼ŞUAN\KcetasProje\ViewModels\AboneEkleViewModel.cs(14,22): warning CS8632: Bo┼ş de─şer atanabilir ba┼şvuru t├╝rleri i├ğin ek a├ğ─▒klama kodda yaln─▒zca bir '#nullable' ek a├ğ─▒klama ba─şlam─▒ i├ğinde kullan─▒lmal─▒d─▒r. [C:\Users\─░brahim\Desktop\┼ŞUAN\KcetasProje\ProjeStaj.csproj]
C:\Users\─░brahim\Desktop\┼ŞUAN\KcetasProje\Controllers\OutboxController.cs(27,50): warning CS8632: Bo┼ş de─şer atanabilir ba┼şvuru t├╝rleri i├ğin ek a├ğ─▒klama kodda yaln─▒zca bir '#nullable' ek a├ğ─▒klama ba─şlam─▒ i├ğinde kullan─▒lmal─▒d─▒r. [C:\Users\─░brahim\Desktop\┼ŞUAN\KcetasProje\ProjeStaj.csproj]
C:\Users\─░brahim\Desktop\┼ŞUAN\KcetasProje\Controllers\OutboxController.cs(27,65): warning CS8632: Bo┼ş de─şer atanabilir ba┼şvuru t├╝rleri i├ğin ek a├ğ─▒klama kodda yaln─▒zca bir '#nullable' ek a├ğ─▒klama ba─şlam─▒ i├ğinde kullan─▒lmal─▒d─▒r. [C:\Users\─░brahim\Desktop\┼ŞUAN\KcetasProje\ProjeStaj.csproj]
C:\Users\─░brahim\Desktop\┼ŞUAN\KcetasProje\Services\Interfaces\IEndeksOkumaService.cs(11,44): warning CS8632: Bo┼ş de─şer atanabilir ba┼şvuru t├╝rleri i├ğin ek a├ğ─▒klama kodda yaln─▒zca bir '#nullable' ek a├ğ─▒klama ba─şlam─▒ i├ğinde kullan─▒lmal─▒d─▒r. [C:\Users\─░brahim\Desktop\┼ŞUAN\KcetasProje\ProjeStaj.csproj]
C:\Users\─░brahim\Desktop\┼ŞUAN\KcetasProje\Services\Interfaces\IEndeksOkumaService.cs(14,15): warning CS8632: Bo┼ş de─şer atanabilir ba┼şvuru t├╝rleri i├ğin ek a├ğ─▒klama kodda yaln─▒zca bir '#nullable' ek a├ğ─▒klama ba─şlam─▒ i├ğinde kullan─▒lmal─▒d─▒r. [C:\Users\─░brahim\Desktop\┼ŞUAN\KcetasProje\ProjeStaj.csproj]
C:\Users\─░brahim\Desktop\┼ŞUAN\KcetasProje\Services\Interfaces\IEndeksOkumaService.cs(15,15): warning CS8632: Bo┼ş de─şer atanabilir ba┼şvuru t├╝rleri i├ğin ek a├ğ─▒klama kodda yaln─▒zca bir '#nullable' ek a├ğ─▒klama ba─şlam─▒ i├ğinde kullan─▒lmal─▒d─▒r. [C:\Users\─░brahim\Desktop\┼ŞUAN\KcetasProje\ProjeStaj.csproj]
C:\Users\─░brahim\Desktop\┼ŞUAN\KcetasProje\Services\Interfaces\IEndeksOkumaService.cs(18,15): warning CS8632: Bo┼ş de─şer atanabilir ba┼şvuru t├╝rleri i├ğin ek a├ğ─▒klama kodda yaln─▒zca bir '#nullable' ek a├ğ─▒klama ba─şlam─▒ i├ğinde kullan─▒lmal─▒d─▒r. [C:\Users\─░brahim\Desktop\┼ŞUAN\KcetasProje\ProjeStaj.csproj]
C:\Users\─░brahim\Desktop\┼ŞUAN\KcetasProje\ViewModels\AboneListeViewModel.cs(7,22): warning CS8632: Bo┼ş de─şer atanabilir ba┼şvuru t├╝rleri i├ğin ek a├ğ─▒klama kodda yaln─▒zca bir '#nullable' ek a├ğ─▒klama ba─şlam─▒ i├ğinde kullan─▒lmal─▒d─▒r. [C:\Users\─░brahim\Desktop\┼ŞUAN\KcetasProje\ProjeStaj.csproj]
C:\Users\─░brahim\Desktop\┼ŞUAN\KcetasProje\ViewModels\AboneListeViewModel.cs(8,22): warning CS8632: Bo┼ş de─şer atanabilir ba┼şvuru t├╝rleri i├ğin ek a├ğ─▒klama kodda yaln─▒zca bir '#nullable' ek a├ğ─▒klama ba─şlam─▒ i├ğinde kullan─▒lmal─▒d─▒r. [C:\Users\─░brahim\Desktop\┼ŞUAN\KcetasProje\ProjeStaj.csproj]
C:\Users\─░brahim\Desktop\┼ŞUAN\KcetasProje\ViewModels\AboneListeViewModel.cs(9,22): warning CS8632: Bo┼ş de─şer atanabilir ba┼şvuru t├╝rleri i├ğin ek a├ğ─▒klama kodda yaln─▒zca bir '#nullable' ek a├ğ─▒klama ba─şlam─▒ i├ğinde kullan─▒lmal─▒d─▒r. [C:\Users\─░brahim\Desktop\┼ŞUAN\KcetasProje\ProjeStaj.csproj]
C:\Users\─░brahim\Desktop\┼ŞUAN\KcetasProje\Services\Api\ApiEndeksOkumaService.cs(39,61): warning CS8632: Bo┼ş de─şer atanabilir ba┼şvuru t├╝rleri i├ğin ek a├ğ─▒klama kodda yaln─▒zca bir '#nullable' ek a├ğ─▒klama ba─şlam─▒ i├ğinde kullan─▒lmal─▒d─▒r. [C:\Users\─░brahim\Desktop\┼ŞUAN\KcetasProje\ProjeStaj.csproj]
C:\Users\─░brahim\Desktop\┼ŞUAN\KcetasProje\Services\Api\ApiEndeksOkumaService.cs(51,89): warning CS8632: Bo┼ş de─şer atanabilir ba┼şvuru t├╝rleri i├ğin ek a├ğ─▒klama kodda yaln─▒zca bir '#nullable' ek a├ğ─▒klama ba─şlam─▒ i├ğinde kullan─▒lmal─▒d─▒r. [C:\Users\─░brahim\Desktop\┼ŞUAN\KcetasProje\ProjeStaj.csproj]
C:\Users\─░brahim\Desktop\┼ŞUAN\KcetasProje\Services\Api\ApiEndeksOkumaService.cs(51,108): warning CS8632: Bo┼ş de─şer atanabilir ba┼şvuru t├╝rleri i├ğin ek a├ğ─▒klama kodda yaln─▒zca bir '#nullable' ek a├ğ─▒klama ba─şlam─▒ i├ğinde kullan─▒lmal─▒d─▒r. [C:\Users\─░brahim\Desktop\┼ŞUAN\KcetasProje\ProjeStaj.csproj]
C:\Users\─░brahim\Desktop\┼ŞUAN\KcetasProje\Services\Api\ApiEndeksOkumaService.cs(51,161): warning CS8632: Bo┼ş de─şer atanabilir ba┼şvuru t├╝rleri i├ğin ek a├ğ─▒klama kodda yaln─▒zca bir '#nullable' ek a├ğ─▒klama ba─şlam─▒ i├ğinde kullan─▒lmal─▒d─▒r. [C:\Users\─░brahim\Desktop\┼ŞUAN\KcetasProje\ProjeStaj.csproj]
C:\Users\─░brahim\Desktop\┼ŞUAN\KcetasProje\Services\Api\ApiFaturaService.cs(114,33): warning CS8632: Bo┼ş de─şer atanabilir ba┼şvuru t├╝rleri i├ğin ek a├ğ─▒klama kodda yaln─▒zca bir '#nullable' ek a├ğ─▒klama ba─şlam─▒ i├ğinde kullan─▒lmal─▒d─▒r. [C:\Users\─░brahim\Desktop\┼ŞUAN\KcetasProje\ProjeStaj.csproj]
C:\Users\─░brahim\Desktop\┼ŞUAN\KcetasProje\ViewModels\AdminListeViewModel.cs(8,22): warning CS8632: Bo┼ş de─şer atanabilir ba┼şvuru t├╝rleri i├ğin ek a├ğ─▒klama kodda yaln─▒zca bir '#nullable' ek a├ğ─▒klama ba─şlam─▒ i├ğinde kullan─▒lmal─▒d─▒r. [C:\Users\─░brahim\Desktop\┼ŞUAN\KcetasProje\ProjeStaj.csproj]
C:\Users\─░brahim\Desktop\┼ŞUAN\KcetasProje\ViewModels\AdminListeViewModel.cs(9,22): warning CS8632: Bo┼ş de─şer atanabilir ba┼şvuru t├╝rleri i├ğin ek a├ğ─▒klama kodda yaln─▒zca bir '#nullable' ek a├ğ─▒klama ba─şlam─▒ i├ğinde kullan─▒lmal─▒d─▒r. [C:\Users\─░brahim\Desktop\┼ŞUAN\KcetasProje\ProjeStaj.csproj]
C:\Users\─░brahim\Desktop\┼ŞUAN\KcetasProje\ViewModels\AdminViewModels.cs(10,22): warning CS8632: Bo┼ş de─şer atanabilir ba┼şvuru t├╝rleri i├ğin ek a├ğ─▒klama kodda yaln─▒zca bir '#nullable' ek a├ğ─▒klama ba─şlam─▒ i├ğinde kullan─▒lmal─▒d─▒r. [C:\Users\─░brahim\Desktop\┼ŞUAN\KcetasProje\ProjeStaj.csproj]
C:\Users\─░brahim\Desktop\┼ŞUAN\KcetasProje\ViewModels\AdminViewModels.cs(13,22): warning CS8632: Bo┼ş de─şer atanabilir ba┼şvuru t├╝rleri i├ğin ek a├ğ─▒klama kodda yaln─▒zca bir '#nullable' ek a├ğ─▒klama ba─şlam─▒ i├ğinde kullan─▒lmal─▒d─▒r. [C:\Users\─░brahim\Desktop\┼ŞUAN\KcetasProje\ProjeStaj.csproj]
C:\Users\─░brahim\Desktop\┼ŞUAN\KcetasProje\Services\Api\ApiIsEmriService.cs(86,33): warning CS8632: Bo┼ş de─şer atanabilir ba┼şvuru t├╝rleri i├ğin ek a├ğ─▒klama kodda yaln─▒zca bir '#nullable' ek a├ğ─▒klama ba─şlam─▒ i├ğinde kullan─▒lmal─▒d─▒r. [C:\Users\─░brahim\Desktop\┼ŞUAN\KcetasProje\ProjeStaj.csproj]
C:\Users\─░brahim\Desktop\┼ŞUAN\KcetasProje\Services\Api\ApiKullaniciDeposu.cs(25,36): warning CS8632: Bo┼ş de─şer atanabilir ba┼şvuru t├╝rleri i├ğin ek a├ğ─▒klama kodda yaln─▒zca bir '#nullable' ek a├ğ─▒klama ba─şlam─▒ i├ğinde kullan─▒lmal─▒d─▒r. [C:\Users\─░brahim\Desktop\┼ŞUAN\KcetasProje\ProjeStaj.csproj]
C:\Users\─░brahim\Desktop\┼ŞUAN\KcetasProje\Services\Api\ApiKullaniciDeposu.cs(31,36): warning CS8632: Bo┼ş de─şer atanabilir ba┼şvuru t├╝rleri i├ğin ek a├ğ─▒klama kodda yaln─▒zca bir '#nullable' ek a├ğ─▒klama ba─şlam─▒ i├ğinde kullan─▒lmal─▒d─▒r. [C:\Users\─░brahim\Desktop\┼ŞUAN\KcetasProje\ProjeStaj.csproj]
C:\Users\─░brahim\Desktop\┼ŞUAN\KcetasProje\Services\Interfaces\IFaturaService.cs(30,56): warning CS8632: Bo┼ş de─şer atanabilir ba┼şvuru t├╝rleri i├ğin ek a├ğ─▒klama kodda yaln─▒zca bir '#nullable' ek a├ğ─▒klama ba─şlam─▒ i├ğinde kullan─▒lmal─▒d─▒r. [C:\Users\─░brahim\Desktop\┼ŞUAN\KcetasProje\ProjeStaj.csproj]
C:\Users\─░brahim\Desktop\┼ŞUAN\KcetasProje\Services\Api\ApiIsEmriService.cs(103,61): warning CS8632: Bo┼ş de─şer atanabilir ba┼şvuru t├╝rleri i├ğin ek a├ğ─▒klama kodda yaln─▒zca bir '#nullable' ek a├ğ─▒klama ba─şlam─▒ i├ğinde kullan─▒lmal─▒d─▒r. [C:\Users\─░brahim\Desktop\┼ŞUAN\KcetasProje\ProjeStaj.csproj]
C:\Users\─░brahim\Desktop\┼ŞUAN\KcetasProje\Services\Api\ApiIsEmriService.cs(103,74): warning CS8632: Bo┼ş de─şer atanabilir ba┼şvuru t├╝rleri i├ğin ek a├ğ─▒klama kodda yaln─▒zca bir '#nullable' ek a├ğ─▒klama ba─şlam─▒ i├ğinde kullan─▒lmal─▒d─▒r. [C:\Users\─░brahim\Desktop\┼ŞUAN\KcetasProje\ProjeStaj.csproj]
C:\Users\─░brahim\Desktop\┼ŞUAN\KcetasProje\Services\Api\ApiIsEmriService.cs(103,127): warning CS8632: Bo┼ş de─şer atanabilir ba┼şvuru t├╝rleri i├ğin ek a├ğ─▒klama kodda yaln─▒zca bir '#nullable' ek a├ğ─▒klama ba─şlam─▒ i├ğinde kullan─▒lmal─▒d─▒r. [C:\Users\─░brahim\Desktop\┼ŞUAN\KcetasProje\ProjeStaj.csproj]
C:\Users\─░brahim\Desktop\┼ŞUAN\KcetasProje\Services\Api\ApiIsEmriService.cs(131,104): warning CS8632: Bo┼ş de─şer atanabilir ba┼şvuru t├╝rleri i├ğin ek a├ğ─▒klama kodda yaln─▒zca bir '#nullable' ek a├ğ─▒klama ba─şlam─▒ i├ğinde kullan─▒lmal─▒d─▒r. [C:\Users\─░brahim\Desktop\┼ŞUAN\KcetasProje\ProjeStaj.csproj]
C:\Users\─░brahim\Desktop\┼ŞUAN\KcetasProje\Services\Api\ApiIsEmriService.cs(131,121): warning CS8632: Bo┼ş de─şer atanabilir ba┼şvuru t├╝rleri i├ğin ek a├ğ─▒klama kodda yaln─▒zca bir '#nullable' ek a├ğ─▒klama ba─şlam─▒ i├ğinde kullan─▒lmal─▒d─▒r. [C:\Users\─░brahim\Desktop\┼ŞUAN\KcetasProje\ProjeStaj.csproj]
C:\Users\─░brahim\Desktop\┼ŞUAN\KcetasProje\Services\Api\ApiIsEmriService.cs(131,183): warning CS8632: Bo┼ş de─şer atanabilir ba┼şvuru t├╝rleri i├ğin ek a├ğ─▒klama kodda yaln─▒zca bir '#nullable' ek a├ğ─▒klama ba─şlam─▒ i├ğinde kullan─▒lmal─▒d─▒r. [C:\Users\─░brahim\Desktop\┼ŞUAN\KcetasProje\ProjeStaj.csproj]
C:\Users\─░brahim\Desktop\┼ŞUAN\KcetasProje\Services\Api\ApiIsEmriService.cs(131,204): warning CS8632: Bo┼ş de─şer atanabilir ba┼şvuru t├╝rleri i├ğin ek a├ğ─▒klama kodda yaln─▒zca bir '#nullable' ek a├ğ─▒klama ba─şlam─▒ i├ğinde kullan─▒lmal─▒d─▒r. [C:\Users\─░brahim\Desktop\┼ŞUAN\KcetasProje\ProjeStaj.csproj]
C:\Users\─░brahim\Desktop\┼ŞUAN\KcetasProje\Services\Interfaces\IKullaniciDeposu.cs(9,23): warning CS8632: Bo┼ş de─şer atanabilir ba┼şvuru t├╝rleri i├ğin ek a├ğ─▒klama kodda yaln─▒zca bir '#nullable' ek a├ğ─▒klama ba─şlam─▒ i├ğinde kullan─▒lmal─▒d─▒r. [C:\Users\─░brahim\Desktop\┼ŞUAN\KcetasProje\ProjeStaj.csproj]
C:\Users\─░brahim\Desktop\┼ŞUAN\KcetasProje\Services\Interfaces\IKullaniciDeposu.cs(11,23): warning CS8632: Bo┼ş de─şer atanabilir ba┼şvuru t├╝rleri i├ğin ek a├ğ─▒klama kodda yaln─▒zca bir '#nullable' ek a├ğ─▒klama ba─şlam─▒ i├ğinde kullan─▒lmal─▒d─▒r. [C:\Users\─░brahim\Desktop\┼ŞUAN\KcetasProje\ProjeStaj.csproj]
C:\Users\─░brahim\Desktop\┼ŞUAN\KcetasProje\Services\Interfaces\IIsEmriService.cs(11,16): warning CS8632: Bo┼ş de─şer atanabilir ba┼şvuru t├╝rleri i├ğin ek a├ğ─▒klama kodda yaln─▒zca bir '#nullable' ek a├ğ─▒klama ba─şlam─▒ i├ğinde kullan─▒lmal─▒d─▒r. [C:\Users\─░brahim\Desktop\┼ŞUAN\KcetasProje\ProjeStaj.csproj]
C:\Users\─░brahim\Desktop\┼ŞUAN\KcetasProje\Services\Api\ApiOutboxService.cs(41,44): warning CS8632: Bo┼ş de─şer atanabilir ba┼şvuru t├╝rleri i├ğin ek a├ğ─▒klama kodda yaln─▒zca bir '#nullable' ek a├ğ─▒klama ba─şlam─▒ i├ğinde kullan─▒lmal─▒d─▒r. [C:\Users\─░brahim\Desktop\┼ŞUAN\KcetasProje\ProjeStaj.csproj]
C:\Users\─░brahim\Desktop\┼ŞUAN\KcetasProje\Services\Api\ApiOutboxService.cs(57,72): warning CS8632: Bo┼ş de─şer atanabilir ba┼şvuru t├╝rleri i├ğin ek a├ğ─▒klama kodda yaln─▒zca bir '#nullable' ek a├ğ─▒klama ba─şlam─▒ i├ğinde kullan─▒lmal─▒d─▒r. [C:\Users\─░brahim\Desktop\┼ŞUAN\KcetasProje\ProjeStaj.csproj]
C:\Users\─░brahim\Desktop\┼ŞUAN\KcetasProje\Services\Api\ApiOutboxService.cs(57,87): warning CS8632: Bo┼ş de─şer atanabilir ba┼şvuru t├╝rleri i├ğin ek a├ğ─▒klama kodda yaln─▒zca bir '#nullable' ek a├ğ─▒klama ba─şlam─▒ i├ğinde kullan─▒lmal─▒d─▒r. [C:\Users\─░brahim\Desktop\┼ŞUAN\KcetasProje\ProjeStaj.csproj]
C:\Users\─░brahim\Desktop\┼ŞUAN\KcetasProje\ViewModels\BelgelerListeViewModel.cs(20,22): warning CS8632: Bo┼ş de─şer atanabilir ba┼şvuru t├╝rleri i├ğin ek a├ğ─▒klama kodda yaln─▒zca bir '#nullable' ek a├ğ─▒klama ba─şlam─▒ i├ğinde kullan─▒lmal─▒d─▒r. [C:\Users\─░brahim\Desktop\┼ŞUAN\KcetasProje\ProjeStaj.csproj]
C:\Users\─░brahim\Desktop\┼ŞUAN\KcetasProje\ViewModels\BelgelerListeViewModel.cs(21,22): warning CS8632: Bo┼ş de─şer atanabilir ba┼şvuru t├╝rleri i├ğin ek a├ğ─▒klama kodda yaln─▒zca bir '#nullable' ek a├ğ─▒klama ba─şlam─▒ i├ğinde kullan─▒lmal─▒d─▒r. [C:\Users\─░brahim\Desktop\┼ŞUAN\KcetasProje\ProjeStaj.csproj]
C:\Users\─░brahim\Desktop\┼ŞUAN\KcetasProje\Services\Interfaces\IOutboxService.cs(10,27): warning CS8632: Bo┼ş de─şer atanabilir ba┼şvuru t├╝rleri i├ğin ek a├ğ─▒klama kodda yaln─▒zca bir '#nullable' ek a├ğ─▒klama ba─şlam─▒ i├ğinde kullan─▒lmal─▒d─▒r. [C:\Users\─░brahim\Desktop\┼ŞUAN\KcetasProje\ProjeStaj.csproj]
C:\Users\─░brahim\Desktop\┼ŞUAN\KcetasProje\Services\Interfaces\IOutboxService.cs(11,55): warning CS8632: Bo┼ş de─şer atanabilir ba┼şvuru t├╝rleri i├ğin ek a├ğ─▒klama kodda yaln─▒zca bir '#nullable' ek a├ğ─▒klama ba─şlam─▒ i├ğinde kullan─▒lmal─▒d─▒r. [C:\Users\─░brahim\Desktop\┼ŞUAN\KcetasProje\ProjeStaj.csproj]
C:\Users\─░brahim\Desktop\┼ŞUAN\KcetasProje\Services\Interfaces\IOutboxService.cs(11,70): warning CS8632: Bo┼ş de─şer atanabilir ba┼şvuru t├╝rleri i├ğin ek a├ğ─▒klama kodda yaln─▒zca bir '#nullable' ek a├ğ─▒klama ba─şlam─▒ i├ğinde kullan─▒lmal─▒d─▒r. [C:\Users\─░brahim\Desktop\┼ŞUAN\KcetasProje\ProjeStaj.csproj]
C:\Users\─░brahim\Desktop\┼ŞUAN\KcetasProje\Services\Api\ApiSayacService.cs(38,32): warning CS8632: Bo┼ş de─şer atanabilir ba┼şvuru t├╝rleri i├ğin ek a├ğ─▒klama kodda yaln─▒zca bir '#nullable' ek a├ğ─▒klama ba─şlam─▒ i├ğinde kullan─▒lmal─▒d─▒r. [C:\Users\─░brahim\Desktop\┼ŞUAN\KcetasProje\ProjeStaj.csproj]
C:\Users\─░brahim\Desktop\┼ŞUAN\KcetasProje\ViewModels\AdminViewModels.cs(16,22): warning CS8632: Bo┼ş de─şer atanabilir ba┼şvuru t├╝rleri i├ğin ek a├ğ─▒klama kodda yaln─▒zca bir '#nullable' ek a├ğ─▒klama ba─şlam─▒ i├ğinde kullan─▒lmal─▒d─▒r. [C:\Users\─░brahim\Desktop\┼ŞUAN\KcetasProje\ProjeStaj.csproj]
C:\Users\─░brahim\Desktop\┼ŞUAN\KcetasProje\ViewModels\AdminViewModels.cs(19,22): warning CS8632: Bo┼ş de─şer atanabilir ba┼şvuru t├╝rleri i├ğin ek a├ğ─▒klama kodda yaln─▒zca bir '#nullable' ek a├ğ─▒klama ba─şlam─▒ i├ğinde kullan─▒lmal─▒d─▒r. [C:\Users\─░brahim\Desktop\┼ŞUAN\KcetasProje\ProjeStaj.csproj]
C:\Users\─░brahim\Desktop\┼ŞUAN\KcetasProje\ViewModels\AdminViewModels.cs(26,22): warning CS8632: Bo┼ş de─şer atanabilir ba┼şvuru t├╝rleri i├ğin ek a├ğ─▒klama kodda yaln─▒zca bir '#nullable' ek a├ğ─▒klama ba─şlam─▒ i├ğinde kullan─▒lmal─▒d─▒r. [C:\Users\─░brahim\Desktop\┼ŞUAN\KcetasProje\ProjeStaj.csproj]
C:\Users\─░brahim\Desktop\┼ŞUAN\KcetasProje\ViewModels\AdminViewModels.cs(35,22): warning CS8632: Bo┼ş de─şer atanabilir ba┼şvuru t├╝rleri i├ğin ek a├ğ─▒klama kodda yaln─▒zca bir '#nullable' ek a├ğ─▒klama ba─şlam─▒ i├ğinde kullan─▒lmal─▒d─▒r. [C:\Users\─░brahim\Desktop\┼ŞUAN\KcetasProje\ProjeStaj.csproj]
C:\Users\─░brahim\Desktop\┼ŞUAN\KcetasProje\Services\Api\ApiSozlesmeService.cs(60,35): warning CS8632: Bo┼ş de─şer atanabilir ba┼şvuru t├╝rleri i├ğin ek a├ğ─▒klama kodda yaln─▒zca bir '#nullable' ek a├ğ─▒klama ba─şlam─▒ i├ğinde kullan─▒lmal─▒d─▒r. [C:\Users\─░brahim\Desktop\┼ŞUAN\KcetasProje\ProjeStaj.csproj]
C:\Users\─░brahim\Desktop\┼ŞUAN\KcetasProje\ViewModels\EndeksOkumaListeViewModel.cs(8,22): warning CS8632: Bo┼ş de─şer atanabilir ba┼şvuru t├╝rleri i├ğin ek a├ğ─▒klama kodda yaln─▒zca bir '#nullable' ek a├ğ─▒klama ba─şlam─▒ i├ğinde kullan─▒lmal─▒d─▒r. [C:\Users\─░brahim\Desktop\┼ŞUAN\KcetasProje\ProjeStaj.csproj]
C:\Users\─░brahim\Desktop\┼ŞUAN\KcetasProje\Models\entities\kullanici.cs(11,22): warning CS8632: Bo┼ş de─şer atanabilir ba┼şvuru t├╝rleri i├ğin ek a├ğ─▒klama kodda yaln─▒zca bir '#nullable' ek a├ğ─▒klama ba─şlam─▒ i├ğinde kullan─▒lmal─▒d─▒r. [C:\Users\─░brahim\Desktop\┼ŞUAN\KcetasProje\ProjeStaj.csproj]
C:\Users\─░brahim\Desktop\┼ŞUAN\KcetasProje\Models\entities\kullanici.cs(14,22): warning CS8632: Bo┼ş de─şer atanabilir ba┼şvuru t├╝rleri i├ğin ek a├ğ─▒klama kodda yaln─▒zca bir '#nullable' ek a├ğ─▒klama ba─şlam─▒ i├ğinde kullan─▒lmal─▒d─▒r. [C:\Users\─░brahim\Desktop\┼ŞUAN\KcetasProje\ProjeStaj.csproj]
C:\Users\─░brahim\Desktop\┼ŞUAN\KcetasProje\ViewModels\EndeksOkumaListeViewModel.cs(9,22): warning CS8632: Bo┼ş de─şer atanabilir ba┼şvuru t├╝rleri i├ğin ek a├ğ─▒klama kodda yaln─▒zca bir '#nullable' ek a├ğ─▒klama ba─şlam─▒ i├ğinde kullan─▒lmal─▒d─▒r. [C:\Users\─░brahim\Desktop\┼ŞUAN\KcetasProje\ProjeStaj.csproj]
C:\Users\─░brahim\Desktop\┼ŞUAN\KcetasProje\Models\entities\kullanici.cs(17,22): warning CS8632: Bo┼ş de─şer atanabilir ba┼şvuru t├╝rleri i├ğin ek a├ğ─▒klama kodda yaln─▒zca bir '#nullable' ek a├ğ─▒klama ba─şlam─▒ i├ğinde kullan─▒lmal─▒d─▒r. [C:\Users\─░brahim\Desktop\┼ŞUAN\KcetasProje\ProjeStaj.csproj]
C:\Users\─░brahim\Desktop\┼ŞUAN\KcetasProje\Models\entities\kullanici.cs(20,22): warning CS8632: Bo┼ş de─şer atanabilir ba┼şvuru t├╝rleri i├ğin ek a├ğ─▒klama kodda yaln─▒zca bir '#nullable' ek a├ğ─▒klama ba─şlam─▒ i├ğinde kullan─▒lmal─▒d─▒r. [C:\Users\─░brahim\Desktop\┼ŞUAN\KcetasProje\ProjeStaj.csproj]
C:\Users\─░brahim\Desktop\┼ŞUAN\KcetasProje\Models\entities\kullanici.cs(23,22): warning CS8632: Bo┼ş de─şer atanabilir ba┼şvuru t├╝rleri i├ğin ek a├ğ─▒klama kodda yaln─▒zca bir '#nullable' ek a├ğ─▒klama ba─şlam─▒ i├ğinde kullan─▒lmal─▒d─▒r. [C:\Users\─░brahim\Desktop\┼ŞUAN\KcetasProje\ProjeStaj.csproj]
C:\Users\─░brahim\Desktop\┼ŞUAN\KcetasProje\ViewModels\EndeksOkumaListeViewModel.cs(12,22): warning CS8632: Bo┼ş de─şer atanabilir ba┼şvuru t├╝rleri i├ğin ek a├ğ─▒klama kodda yaln─▒zca bir '#nullable' ek a├ğ─▒klama ba─şlam─▒ i├ğinde kullan─▒lmal─▒d─▒r. [C:\Users\─░brahim\Desktop\┼ŞUAN\KcetasProje\ProjeStaj.csproj]
C:\Users\─░brahim\Desktop\┼ŞUAN\KcetasProje\ViewModels\EndeksOkumaListeViewModel.cs(14,22): warning CS8632: Bo┼ş de─şer atanabilir ba┼şvuru t├╝rleri i├ğin ek a├ğ─▒klama kodda yaln─▒zca bir '#nullable' ek a├ğ─▒klama ba─şlam─▒ i├ğinde kullan─▒lmal─▒d─▒r. [C:\Users\─░brahim\Desktop\┼ŞUAN\KcetasProje\ProjeStaj.csproj]
C:\Users\─░brahim\Desktop\┼ŞUAN\KcetasProje\ViewModels\EndeksOkumaListeViewModel.cs(15,22): warning CS8632: Bo┼ş de─şer atanabilir ba┼şvuru t├╝rleri i├ğin ek a├ğ─▒klama kodda yaln─▒zca bir '#nullable' ek a├ğ─▒klama ba─şlam─▒ i├ğinde kullan─▒lmal─▒d─▒r. [C:\Users\─░brahim\Desktop\┼ŞUAN\KcetasProje\ProjeStaj.csproj]
C:\Users\─░brahim\Desktop\┼ŞUAN\KcetasProje\Models\entities\AuditLog.cs(14,22): warning CS8632: Bo┼ş de─şer atanabilir ba┼şvuru t├╝rleri i├ğin ek a├ğ─▒klama kodda yaln─▒zca bir '#nullable' ek a├ğ─▒klama ba─şlam─▒ i├ğinde kullan─▒lmal─▒d─▒r. [C:\Users\─░brahim\Desktop\┼ŞUAN\KcetasProje\ProjeStaj.csproj]
C:\Users\─░brahim\Desktop\┼ŞUAN\KcetasProje\ViewModels\EndeksOkumaListeViewModel.cs(16,22): warning CS8632: Bo┼ş de─şer atanabilir ba┼şvuru t├╝rleri i├ğin ek a├ğ─▒klama kodda yaln─▒zca bir '#nullable' ek a├ğ─▒klama ba─şlam─▒ i├ğinde kullan─▒lmal─▒d─▒r. [C:\Users\─░brahim\Desktop\┼ŞUAN\KcetasProje\ProjeStaj.csproj]
C:\Users\─░brahim\Desktop\┼ŞUAN\KcetasProje\Services\Interfaces\IIsEmriService.cs(12,44): warning CS8632: Bo┼ş de─şer atanabilir ba┼şvuru t├╝rleri i├ğin ek a├ğ─▒klama kodda yaln─▒zca bir '#nullable' ek a├ğ─▒klama ba─şlam─▒ i├ğinde kullan─▒lmal─▒d─▒r. [C:\Users\─░brahim\Desktop\┼ŞUAN\KcetasProje\ProjeStaj.csproj]
C:\Users\─░brahim\Desktop\┼ŞUAN\KcetasProje\Services\Interfaces\IIsEmriService.cs(12,57): warning CS8632: Bo┼ş de─şer atanabilir ba┼şvuru t├╝rleri i├ğin ek a├ğ─▒klama kodda yaln─▒zca bir '#nullable' ek a├ğ─▒klama ba─şlam─▒ i├ğinde kullan─▒lmal─▒d─▒r. [C:\Users\─░brahim\Desktop\┼ŞUAN\KcetasProje\ProjeStaj.csproj]
C:\Users\─░brahim\Desktop\┼ŞUAN\KcetasProje\Services\Interfaces\IIsEmriService.cs(12,110): warning CS8632: Bo┼ş de─şer atanabilir ba┼şvuru t├╝rleri i├ğin ek a├ğ─▒klama kodda yaln─▒zca bir '#nullable' ek a├ğ─▒klama ba─şlam─▒ i├ğinde kullan─▒lmal─▒d─▒r. [C:\Users\─░brahim\Desktop\┼ŞUAN\KcetasProje\ProjeStaj.csproj]
C:\Users\─░brahim\Desktop\┼ŞUAN\KcetasProje\Services\Interfaces\ISayacService.cs(9,19): warning CS8632: Bo┼ş de─şer atanabilir ba┼şvuru t├╝rleri i├ğin ek a├ğ─▒klama kodda yaln─▒zca bir '#nullable' ek a├ğ─▒klama ba─şlam─▒ i├ğinde kullan─▒lmal─▒d─▒r. [C:\Users\─░brahim\Desktop\┼ŞUAN\KcetasProje\ProjeStaj.csproj]
C:\Users\─░brahim\Desktop\┼ŞUAN\KcetasProje\Models\entities\kullanici.cs(37,19): warning CS8632: Bo┼ş de─şer atanabilir ba┼şvuru t├╝rleri i├ğin ek a├ğ─▒klama kodda yaln─▒zca bir '#nullable' ek a├ğ─▒klama ba─şlam─▒ i├ğinde kullan─▒lmal─▒d─▒r. [C:\Users\─░brahim\Desktop\┼ŞUAN\KcetasProje\ProjeStaj.csproj]
C:\Users\─░brahim\Desktop\┼ŞUAN\KcetasProje\Models\entities\kullanici.cs(38,22): warning CS8632: Bo┼ş de─şer atanabilir ba┼şvuru t├╝rleri i├ğin ek a├ğ─▒klama kodda yaln─▒zca bir '#nullable' ek a├ğ─▒klama ba─şlam─▒ i├ğinde kullan─▒lmal─▒d─▒r. [C:\Users\─░brahim\Desktop\┼ŞUAN\KcetasProje\ProjeStaj.csproj]
C:\Users\─░brahim\Desktop\┼ŞUAN\KcetasProje\Services\Interfaces\IIsEmriService.cs(13,87): warning CS8632: Bo┼ş de─şer atanabilir ba┼şvuru t├╝rleri i├ğin ek a├ğ─▒klama kodda yaln─▒zca bir '#nullable' ek a├ğ─▒klama ba─şlam─▒ i├ğinde kullan─▒lmal─▒d─▒r. [C:\Users\─░brahim\Desktop\┼ŞUAN\KcetasProje\ProjeStaj.csproj]
C:\Users\─░brahim\Desktop\┼ŞUAN\KcetasProje\Services\Interfaces\IIsEmriService.cs(13,104): warning CS8632: Bo┼ş de─şer atanabilir ba┼şvuru t├╝rleri i├ğin ek a├ğ─▒klama kodda yaln─▒zca bir '#nullable' ek a├ğ─▒klama ba─şlam─▒ i├ğinde kullan─▒lmal─▒d─▒r. [C:\Users\─░brahim\Desktop\┼ŞUAN\KcetasProje\ProjeStaj.csproj]
C:\Users\─░brahim\Desktop\┼ŞUAN\KcetasProje\Services\Interfaces\IIsEmriService.cs(13,166): warning CS8632: Bo┼ş de─şer atanabilir ba┼şvuru t├╝rleri i├ğin ek a├ğ─▒klama kodda yaln─▒zca bir '#nullable' ek a├ğ─▒klama ba─şlam─▒ i├ğinde kullan─▒lmal─▒d─▒r. [C:\Users\─░brahim\Desktop\┼ŞUAN\KcetasProje\ProjeStaj.csproj]
C:\Users\─░brahim\Desktop\┼ŞUAN\KcetasProje\Services\Interfaces\IIsEmriService.cs(13,187): warning CS8632: Bo┼ş de─şer atanabilir ba┼şvuru t├╝rleri i├ğin ek a├ğ─▒klama kodda yaln─▒zca bir '#nullable' ek a├ğ─▒klama ba─şlam─▒ i├ğinde kullan─▒lmal─▒d─▒r. [C:\Users\─░brahim\Desktop\┼ŞUAN\KcetasProje\ProjeStaj.csproj]
C:\Users\─░brahim\Desktop\┼ŞUAN\KcetasProje\Services\Interfaces\ISozlesmeService.cs(11,22): warning CS8632: Bo┼ş de─şer atanabilir ba┼şvuru t├╝rleri i├ğin ek a├ğ─▒klama kodda yaln─▒zca bir '#nullable' ek a├ğ─▒klama ba─şlam─▒ i├ğinde kullan─▒lmal─▒d─▒r. [C:\Users\─░brahim\Desktop\┼ŞUAN\KcetasProje\ProjeStaj.csproj]
C:\Users\─░brahim\Desktop\┼ŞUAN\KcetasProje\Services\Api\ApiTuketimNoktasiService.cs(48,41): warning CS8632: Bo┼ş de─şer atanabilir ba┼şvuru t├╝rleri i├ğin ek a├ğ─▒klama kodda yaln─▒zca bir '#nullable' ek a├ğ─▒klama ba─şlam─▒ i├ğinde kullan─▒lmal─▒d─▒r. [C:\Users\─░brahim\Desktop\┼ŞUAN\KcetasProje\ProjeStaj.csproj]
C:\Users\─░brahim\Desktop\┼ŞUAN\KcetasProje\ViewModels\FaturaListeViewModel.cs(7,22): warning CS8632: Bo┼ş de─şer atanabilir ba┼şvuru t├╝rleri i├ğin ek a├ğ─▒klama kodda yaln─▒zca bir '#nullable' ek a├ğ─▒klama ba─şlam─▒ i├ğinde kullan─▒lmal─▒d─▒r. [C:\Users\─░brahim\Desktop\┼ŞUAN\KcetasProje\ProjeStaj.csproj]
C:\Users\─░brahim\Desktop\┼ŞUAN\KcetasProje\ViewModels\FaturaListeViewModel.cs(8,22): warning CS8632: Bo┼ş de─şer atanabilir ba┼şvuru t├╝rleri i├ğin ek a├ğ─▒klama kodda yaln─▒zca bir '#nullable' ek a├ğ─▒klama ba─şlam─▒ i├ğinde kullan─▒lmal─▒d─▒r. [C:\Users\─░brahim\Desktop\┼ŞUAN\KcetasProje\ProjeStaj.csproj]
C:\Users\─░brahim\Desktop\┼ŞUAN\KcetasProje\ViewModels\FaturaListeViewModel.cs(9,22): warning CS8632: Bo┼ş de─şer atanabilir ba┼şvuru t├╝rleri i├ğin ek a├ğ─▒klama kodda yaln─▒zca bir '#nullable' ek a├ğ─▒klama ba─şlam─▒ i├ğinde kullan─▒lmal─▒d─▒r. [C:\Users\─░brahim\Desktop\┼ŞUAN\KcetasProje\ProjeStaj.csproj]
C:\Users\─░brahim\Desktop\┼ŞUAN\KcetasProje\ViewModels\FaturaListeViewModel.cs(10,22): warning CS8632: Bo┼ş de─şer atanabilir ba┼şvuru t├╝rleri i├ğin ek a├ğ─▒klama kodda yaln─▒zca bir '#nullable' ek a├ğ─▒klama ba─şlam─▒ i├ğinde kullan─▒lmal─▒d─▒r. [C:\Users\─░brahim\Desktop\┼ŞUAN\KcetasProje\ProjeStaj.csproj]
C:\Users\─░brahim\Desktop\┼ŞUAN\KcetasProje\ViewModels\FaturaListeViewModel.cs(11,22): warning CS8632: Bo┼ş de─şer atanabilir ba┼şvuru t├╝rleri i├ğin ek a├ğ─▒klama kodda yaln─▒zca bir '#nullable' ek a├ğ─▒klama ba─şlam─▒ i├ğinde kullan─▒lmal─▒d─▒r. [C:\Users\─░brahim\Desktop\┼ŞUAN\KcetasProje\ProjeStaj.csproj]
C:\Users\─░brahim\Desktop\┼ŞUAN\KcetasProje\Services\Interfaces\ITuketimNoktasiService.cs(9,28): warning CS8632: Bo┼ş de─şer atanabilir ba┼şvuru t├╝rleri i├ğin ek a├ğ─▒klama kodda yaln─▒zca bir '#nullable' ek a├ğ─▒klama ba─şlam─▒ i├ğinde kullan─▒lmal─▒d─▒r. [C:\Users\─░brahim\Desktop\┼ŞUAN\KcetasProje\ProjeStaj.csproj]
C:\Users\─░brahim\Desktop\┼ŞUAN\KcetasProje\Models\entities\EndeksOkuma.cs(14,22): warning CS8632: Bo┼ş de─şer atanabilir ba┼şvuru t├╝rleri i├ğin ek a├ğ─▒klama kodda yaln─▒zca bir '#nullable' ek a├ğ─▒klama ba─şlam─▒ i├ğinde kullan─▒lmal─▒d─▒r. [C:\Users\─░brahim\Desktop\┼ŞUAN\KcetasProje\ProjeStaj.csproj]
C:\Users\─░brahim\Desktop\┼ŞUAN\KcetasProje\ViewModels\EndeksOkumaListeViewModel.cs(39,26): warning CS8632: Bo┼ş de─şer atanabilir ba┼şvuru t├╝rleri i├ğin ek a├ğ─▒klama kodda yaln─▒zca bir '#nullable' ek a├ğ─▒klama ba─şlam─▒ i├ğinde kullan─▒lmal─▒d─▒r. [C:\Users\─░brahim\Desktop\┼ŞUAN\KcetasProje\ProjeStaj.csproj]
C:\Users\─░brahim\Desktop\┼ŞUAN\KcetasProje\ViewModels\EndeksOkumaListeViewModel.cs(40,26): warning CS8632: Bo┼ş de─şer atanabilir ba┼şvuru t├╝rleri i├ğin ek a├ğ─▒klama kodda yaln─▒zca bir '#nullable' ek a├ğ─▒klama ba─şlam─▒ i├ğinde kullan─▒lmal─▒d─▒r. [C:\Users\─░brahim\Desktop\┼ŞUAN\KcetasProje\ProjeStaj.csproj]
C:\Users\─░brahim\Desktop\┼ŞUAN\KcetasProje\Models\entities\EntegrasyonOutbox.cs(18,22): warning CS8632: Bo┼ş de─şer atanabilir ba┼şvuru t├╝rleri i├ğin ek a├ğ─▒klama kodda yaln─▒zca bir '#nullable' ek a├ğ─▒klama ba─şlam─▒ i├ğinde kullan─▒lmal─▒d─▒r. [C:\Users\─░brahim\Desktop\┼ŞUAN\KcetasProje\ProjeStaj.csproj]
C:\Users\─░brahim\Desktop\┼ŞUAN\KcetasProje\Services\Interfaces\RolListesi.cs(19,26): warning CS8632: Bo┼ş de─şer atanabilir ba┼şvuru t├╝rleri i├ğin ek a├ğ─▒klama kodda yaln─▒zca bir '#nullable' ek a├ğ─▒klama ba─şlam─▒ i├ğinde kullan─▒lmal─▒d─▒r. [C:\Users\─░brahim\Desktop\┼ŞUAN\KcetasProje\ProjeStaj.csproj]
C:\Users\─░brahim\Desktop\┼ŞUAN\KcetasProje\Models\entities\EntegrasyonOutbox.cs(21,22): warning CS8632: Bo┼ş de─şer atanabilir ba┼şvuru t├╝rleri i├ğin ek a├ğ─▒klama kodda yaln─▒zca bir '#nullable' ek a├ğ─▒klama ba─şlam─▒ i├ğinde kullan─▒lmal─▒d─▒r. [C:\Users\─░brahim\Desktop\┼ŞUAN\KcetasProje\ProjeStaj.csproj]
C:\Users\─░brahim\Desktop\┼ŞUAN\KcetasProje\Models\entities\EndeksOkuma.cs(41,22): warning CS8632: Bo┼ş de─şer atanabilir ba┼şvuru t├╝rleri i├ğin ek a├ğ─▒klama kodda yaln─▒zca bir '#nullable' ek a├ğ─▒klama ba─şlam─▒ i├ğinde kullan─▒lmal─▒d─▒r. [C:\Users\─░brahim\Desktop\┼ŞUAN\KcetasProje\ProjeStaj.csproj]
C:\Users\─░brahim\Desktop\┼ŞUAN\KcetasProje\Models\entities\EntegrasyonOutbox.cs(24,22): warning CS8632: Bo┼ş de─şer atanabilir ba┼şvuru t├╝rleri i├ğin ek a├ğ─▒klama kodda yaln─▒zca bir '#nullable' ek a├ğ─▒klama ba─şlam─▒ i├ğinde kullan─▒lmal─▒d─▒r. [C:\Users\─░brahim\Desktop\┼ŞUAN\KcetasProje\ProjeStaj.csproj]
C:\Users\─░brahim\Desktop\┼ŞUAN\KcetasProje\Models\entities\EntegrasyonOutbox.cs(30,22): warning CS8632: Bo┼ş de─şer atanabilir ba┼şvuru t├╝rleri i├ğin ek a├ğ─▒klama kodda yaln─▒zca bir '#nullable' ek a├ğ─▒klama ba─şlam─▒ i├ğinde kullan─▒lmal─▒d─▒r. [C:\Users\─░brahim\Desktop\┼ŞUAN\KcetasProje\ProjeStaj.csproj]
C:\Users\─░brahim\Desktop\┼ŞUAN\KcetasProje\Models\entities\EntegrasyonOutbox.cs(33,22): warning CS8632: Bo┼ş de─şer atanabilir ba┼şvuru t├╝rleri i├ğin ek a├ğ─▒klama kodda yaln─▒zca bir '#nullable' ek a├ğ─▒klama ba─şlam─▒ i├ğinde kullan─▒lmal─▒d─▒r. [C:\Users\─░brahim\Desktop\┼ŞUAN\KcetasProje\ProjeStaj.csproj]
C:\Users\─░brahim\Desktop\┼ŞUAN\KcetasProje\Models\entities\EndeksOkuma.cs(50,22): warning CS8632: Bo┼ş de─şer atanabilir ba┼şvuru t├╝rleri i├ğin ek a├ğ─▒klama kodda yaln─▒zca bir '#nullable' ek a├ğ─▒klama ba─şlam─▒ i├ğinde kullan─▒lmal─▒d─▒r. [C:\Users\─░brahim\Desktop\┼ŞUAN\KcetasProje\ProjeStaj.csproj]
C:\Users\─░brahim\Desktop\┼ŞUAN\KcetasProje\ViewModels\IsEmriListeViewModel.cs(8,22): warning CS8632: Bo┼ş de─şer atanabilir ba┼şvuru t├╝rleri i├ğin ek a├ğ─▒klama kodda yaln─▒zca bir '#nullable' ek a├ğ─▒klama ba─şlam─▒ i├ğinde kullan─▒lmal─▒d─▒r. [C:\Users\─░brahim\Desktop\┼ŞUAN\KcetasProje\ProjeStaj.csproj]
C:\Users\─░brahim\Desktop\┼ŞUAN\KcetasProje\Models\entities\Fatura.cs(11,22): warning CS8632: Bo┼ş de─şer atanabilir ba┼şvuru t├╝rleri i├ğin ek a├ğ─▒klama kodda yaln─▒zca bir '#nullable' ek a├ğ─▒klama ba─şlam─▒ i├ğinde kullan─▒lmal─▒d─▒r. [C:\Users\─░brahim\Desktop\┼ŞUAN\KcetasProje\ProjeStaj.csproj]
C:\Users\─░brahim\Desktop\┼ŞUAN\KcetasProje\Models\entities\EntegrasyonOutbox.cs(48,22): warning CS8632: Bo┼ş de─şer atanabilir ba┼şvuru t├╝rleri i├ğin ek a├ğ─▒klama kodda yaln─▒zca bir '#nullable' ek a├ğ─▒klama ba─şlam─▒ i├ğinde kullan─▒lmal─▒d─▒r. [C:\Users\─░brahim\Desktop\┼ŞUAN\KcetasProje\ProjeStaj.csproj]
C:\Users\─░brahim\Desktop\┼ŞUAN\KcetasProje\ViewModels\IsEmriListeViewModel.cs(9,22): warning CS8632: Bo┼ş de─şer atanabilir ba┼şvuru t├╝rleri i├ğin ek a├ğ─▒klama kodda yaln─▒zca bir '#nullable' ek a├ğ─▒klama ba─şlam─▒ i├ğinde kullan─▒lmal─▒d─▒r. [C:\Users\─░brahim\Desktop\┼ŞUAN\KcetasProje\ProjeStaj.csproj]
C:\Users\─░brahim\Desktop\┼ŞUAN\KcetasProje\Models\entities\Fatura.cs(17,22): warning CS8632: Bo┼ş de─şer atanabilir ba┼şvuru t├╝rleri i├ğin ek a├ğ─▒klama kodda yaln─▒zca bir '#nullable' ek a├ğ─▒klama ba─şlam─▒ i├ğinde kullan─▒lmal─▒d─▒r. [C:\Users\─░brahim\Desktop\┼ŞUAN\KcetasProje\ProjeStaj.csproj]
C:\Users\─░brahim\Desktop\┼ŞUAN\KcetasProje\Models\entities\Fatura.cs(23,22): warning CS8632: Bo┼ş de─şer atanabilir ba┼şvuru t├╝rleri i├ğin ek a├ğ─▒klama kodda yaln─▒zca bir '#nullable' ek a├ğ─▒klama ba─şlam─▒ i├ğinde kullan─▒lmal─▒d─▒r. [C:\Users\─░brahim\Desktop\┼ŞUAN\KcetasProje\ProjeStaj.csproj]
C:\Users\─░brahim\Desktop\┼ŞUAN\KcetasProje\ViewModels\IsEmriDetayViewModel.cs(14,22): warning CS8632: Bo┼ş de─şer atanabilir ba┼şvuru t├╝rleri i├ğin ek a├ğ─▒klama kodda yaln─▒zca bir '#nullable' ek a├ğ─▒klama ba─şlam─▒ i├ğinde kullan─▒lmal─▒d─▒r. [C:\Users\─░brahim\Desktop\┼ŞUAN\KcetasProje\ProjeStaj.csproj]
C:\Users\─░brahim\Desktop\┼ŞUAN\KcetasProje\ViewModels\IsEmriListeViewModel.cs(12,22): warning CS8632: Bo┼ş de─şer atanabilir ba┼şvuru t├╝rleri i├ğin ek a├ğ─▒klama kodda yaln─▒zca bir '#nullable' ek a├ğ─▒klama ba─şlam─▒ i├ğinde kullan─▒lmal─▒d─▒r. [C:\Users\─░brahim\Desktop\┼ŞUAN\KcetasProje\ProjeStaj.csproj]
C:\Users\─░brahim\Desktop\┼ŞUAN\KcetasProje\ViewModels\IsEmriDetayViewModel.cs(16,22): warning CS8632: Bo┼ş de─şer atanabilir ba┼şvuru t├╝rleri i├ğin ek a├ğ─▒klama kodda yaln─▒zca bir '#nullable' ek a├ğ─▒klama ba─şlam─▒ i├ğinde kullan─▒lmal─▒d─▒r. [C:\Users\─░brahim\Desktop\┼ŞUAN\KcetasProje\ProjeStaj.csproj]
C:\Users\─░brahim\Desktop\┼ŞUAN\KcetasProje\ViewModels\IsEmriDetayViewModel.cs(19,22): warning CS8632: Bo┼ş de─şer atanabilir ba┼şvuru t├╝rleri i├ğin ek a├ğ─▒klama kodda yaln─▒zca bir '#nullable' ek a├ğ─▒klama ba─şlam─▒ i├ğinde kullan─▒lmal─▒d─▒r. [C:\Users\─░brahim\Desktop\┼ŞUAN\KcetasProje\ProjeStaj.csproj]
C:\Users\─░brahim\Desktop\┼ŞUAN\KcetasProje\ViewModels\IsEmriListeViewModel.cs(17,22): warning CS8632: Bo┼ş de─şer atanabilir ba┼şvuru t├╝rleri i├ğin ek a├ğ─▒klama kodda yaln─▒zca bir '#nullable' ek a├ğ─▒klama ba─şlam─▒ i├ğinde kullan─▒lmal─▒d─▒r. [C:\Users\─░brahim\Desktop\┼ŞUAN\KcetasProje\ProjeStaj.csproj]
C:\Users\─░brahim\Desktop\┼ŞUAN\KcetasProje\ViewModels\IsEmriListeViewModel.cs(18,22): warning CS8632: Bo┼ş de─şer atanabilir ba┼şvuru t├╝rleri i├ğin ek a├ğ─▒klama kodda yaln─▒zca bir '#nullable' ek a├ğ─▒klama ba─şlam─▒ i├ğinde kullan─▒lmal─▒d─▒r. [C:\Users\─░brahim\Desktop\┼ŞUAN\KcetasProje\ProjeStaj.csproj]
C:\Users\─░brahim\Desktop\┼ŞUAN\KcetasProje\ViewModels\IsEmriDetayViewModel.cs(20,22): warning CS8632: Bo┼ş de─şer atanabilir ba┼şvuru t├╝rleri i├ğin ek a├ğ─▒klama kodda yaln─▒zca bir '#nullable' ek a├ğ─▒klama ba─şlam─▒ i├ğinde kullan─▒lmal─▒d─▒r. [C:\Users\─░brahim\Desktop\┼ŞUAN\KcetasProje\ProjeStaj.csproj]
C:\Users\─░brahim\Desktop\┼ŞUAN\KcetasProje\ViewModels\IsEmriListeViewModel.cs(19,22): warning CS8632: Bo┼ş de─şer atanabilir ba┼şvuru t├╝rleri i├ğin ek a├ğ─▒klama kodda yaln─▒zca bir '#nullable' ek a├ğ─▒klama ba─şlam─▒ i├ğinde kullan─▒lmal─▒d─▒r. [C:\Users\─░brahim\Desktop\┼ŞUAN\KcetasProje\ProjeStaj.csproj]
C:\Users\─░brahim\Desktop\┼ŞUAN\KcetasProje\ViewModels\IsEmriDetayViewModel.cs(21,22): warning CS8632: Bo┼ş de─şer atanabilir ba┼şvuru t├╝rleri i├ğin ek a├ğ─▒klama kodda yaln─▒zca bir '#nullable' ek a├ğ─▒klama ba─şlam─▒ i├ğinde kullan─▒lmal─▒d─▒r. [C:\Users\─░brahim\Desktop\┼ŞUAN\KcetasProje\ProjeStaj.csproj]
C:\Users\─░brahim\Desktop\┼ŞUAN\KcetasProje\ViewModels\IsEmriListeViewModel.cs(20,22): warning CS8632: Bo┼ş de─şer atanabilir ba┼şvuru t├╝rleri i├ğin ek a├ğ─▒klama kodda yaln─▒zca bir '#nullable' ek a├ğ─▒klama ba─şlam─▒ i├ğinde kullan─▒lmal─▒d─▒r. [C:\Users\─░brahim\Desktop\┼ŞUAN\KcetasProje\ProjeStaj.csproj]
C:\Users\─░brahim\Desktop\┼ŞUAN\KcetasProje\ViewModels\IsEmriDetayViewModel.cs(22,22): warning CS8632: Bo┼ş de─şer atanabilir ba┼şvuru t├╝rleri i├ğin ek a├ğ─▒klama kodda yaln─▒zca bir '#nullable' ek a├ğ─▒klama ba─şlam─▒ i├ğinde kullan─▒lmal─▒d─▒r. [C:\Users\─░brahim\Desktop\┼ŞUAN\KcetasProje\ProjeStaj.csproj]
C:\Users\─░brahim\Desktop\┼ŞUAN\KcetasProje\ViewModels\IsEmriListeViewModel.cs(21,22): warning CS8632: Bo┼ş de─şer atanabilir ba┼şvuru t├╝rleri i├ğin ek a├ğ─▒klama kodda yaln─▒zca bir '#nullable' ek a├ğ─▒klama ba─şlam─▒ i├ğinde kullan─▒lmal─▒d─▒r. [C:\Users\─░brahim\Desktop\┼ŞUAN\KcetasProje\ProjeStaj.csproj]
C:\Users\─░brahim\Desktop\┼ŞUAN\KcetasProje\ViewModels\IsEmriDetayViewModel.cs(25,22): warning CS8632: Bo┼ş de─şer atanabilir ba┼şvuru t├╝rleri i├ğin ek a├ğ─▒klama kodda yaln─▒zca bir '#nullable' ek a├ğ─▒klama ba─şlam─▒ i├ğinde kullan─▒lmal─▒d─▒r. [C:\Users\─░brahim\Desktop\┼ŞUAN\KcetasProje\ProjeStaj.csproj]
C:\Users\─░brahim\Desktop\┼ŞUAN\KcetasProje\ViewModels\IsEmriDetayViewModel.cs(26,22): warning CS8632: Bo┼ş de─şer atanabilir ba┼şvuru t├╝rleri i├ğin ek a├ğ─▒klama kodda yaln─▒zca bir '#nullable' ek a├ğ─▒klama ba─şlam─▒ i├ğinde kullan─▒lmal─▒d─▒r. [C:\Users\─░brahim\Desktop\┼ŞUAN\KcetasProje\ProjeStaj.csproj]
C:\Users\─░brahim\Desktop\┼ŞUAN\KcetasProje\ViewModels\IsEmriDetayViewModel.cs(27,22): warning CS8632: Bo┼ş de─şer atanabilir ba┼şvuru t├╝rleri i├ğin ek a├ğ─▒klama kodda yaln─▒zca bir '#nullable' ek a├ğ─▒klama ba─şlam─▒ i├ğinde kullan─▒lmal─▒d─▒r. [C:\Users\─░brahim\Desktop\┼ŞUAN\KcetasProje\ProjeStaj.csproj]
C:\Users\─░brahim\Desktop\┼ŞUAN\KcetasProje\Views\_ViewImports.cshtml(3,8): warning CS0105: 'KcetasWeb.Models' i├ğin using y├Ânergesi bu ad alan─▒nda daha ├Ânce g├Âr├╝nd├╝ [C:\Users\─░brahim\Desktop\┼ŞUAN\KcetasProje\ProjeStaj.csproj]
C:\Users\─░brahim\Desktop\┼ŞUAN\KcetasProje\ViewModels\IsEmriDetayViewModel.cs(30,22): warning CS8632: Bo┼ş de─şer atanabilir ba┼şvuru t├╝rleri i├ğin ek a├ğ─▒klama kodda yaln─▒zca bir '#nullable' ek a├ğ─▒klama ba─şlam─▒ i├ğinde kullan─▒lmal─▒d─▒r. [C:\Users\─░brahim\Desktop\┼ŞUAN\KcetasProje\ProjeStaj.csproj]
C:\Users\─░brahim\Desktop\┼ŞUAN\KcetasProje\ViewModels\IsEmriDetayViewModel.cs(31,22): warning CS8632: Bo┼ş de─şer atanabilir ba┼şvuru t├╝rleri i├ğin ek a├ğ─▒klama kodda yaln─▒zca bir '#nullable' ek a├ğ─▒klama ba─şlam─▒ i├ğinde kullan─▒lmal─▒d─▒r. [C:\Users\─░brahim\Desktop\┼ŞUAN\KcetasProje\ProjeStaj.csproj]
C:\Users\─░brahim\Desktop\┼ŞUAN\KcetasProje\ViewModels\IsEmriDetayViewModel.cs(32,22): warning CS8632: Bo┼ş de─şer atanabilir ba┼şvuru t├╝rleri i├ğin ek a├ğ─▒klama kodda yaln─▒zca bir '#nullable' ek a├ğ─▒klama ba─şlam─▒ i├ğinde kullan─▒lmal─▒d─▒r. [C:\Users\─░brahim\Desktop\┼ŞUAN\KcetasProje\ProjeStaj.csproj]
C:\Users\─░brahim\Desktop\┼ŞUAN\KcetasProje\Models\entities\Fatura.cs(75,22): warning CS8632: Bo┼ş de─şer atanabilir ba┼şvuru t├╝rleri i├ğin ek a├ğ─▒klama kodda yaln─▒zca bir '#nullable' ek a├ğ─▒klama ba─şlam─▒ i├ğinde kullan─▒lmal─▒d─▒r. [C:\Users\─░brahim\Desktop\┼ŞUAN\KcetasProje\ProjeStaj.csproj]
C:\Users\─░brahim\Desktop\┼ŞUAN\KcetasProje\Models\entities\Fatura.cs(78,22): warning CS8632: Bo┼ş de─şer atanabilir ba┼şvuru t├╝rleri i├ğin ek a├ğ─▒klama kodda yaln─▒zca bir '#nullable' ek a├ğ─▒klama ba─şlam─▒ i├ğinde kullan─▒lmal─▒d─▒r. [C:\Users\─░brahim\Desktop\┼ŞUAN\KcetasProje\ProjeStaj.csproj]
C:\Users\─░brahim\Desktop\┼ŞUAN\KcetasProje\ViewModels\IsEmriDetayViewModel.cs(33,22): warning CS8632: Bo┼ş de─şer atanabilir ba┼şvuru t├╝rleri i├ğin ek a├ğ─▒klama kodda yaln─▒zca bir '#nullable' ek a├ğ─▒klama ba─şlam─▒ i├ğinde kullan─▒lmal─▒d─▒r. [C:\Users\─░brahim\Desktop\┼ŞUAN\KcetasProje\ProjeStaj.csproj]
C:\Users\─░brahim\Desktop\┼ŞUAN\KcetasProje\ViewModels\EndeksOkumaViewModels.cs(23,22): warning CS8632: Bo┼ş de─şer atanabilir ba┼şvuru t├╝rleri i├ğin ek a├ğ─▒klama kodda yaln─▒zca bir '#nullable' ek a├ğ─▒klama ba─şlam─▒ i├ğinde kullan─▒lmal─▒d─▒r. [C:\Users\─░brahim\Desktop\┼ŞUAN\KcetasProje\ProjeStaj.csproj]
C:\Users\─░brahim\Desktop\┼ŞUAN\KcetasProje\ViewModels\OutboxListeViewModel.cs(8,22): warning CS8632: Bo┼ş de─şer atanabilir ba┼şvuru t├╝rleri i├ğin ek a├ğ─▒klama kodda yaln─▒zca bir '#nullable' ek a├ğ─▒klama ba─şlam─▒ i├ğinde kullan─▒lmal─▒d─▒r. [C:\Users\─░brahim\Desktop\┼ŞUAN\KcetasProje\ProjeStaj.csproj]
C:\Users\─░brahim\Desktop\┼ŞUAN\KcetasProje\ViewModels\IsEmriDetayViewModel.cs(35,22): warning CS8632: Bo┼ş de─şer atanabilir ba┼şvuru t├╝rleri i├ğin ek a├ğ─▒klama kodda yaln─▒zca bir '#nullable' ek a├ğ─▒klama ba─şlam─▒ i├ğinde kullan─▒lmal─▒d─▒r. [C:\Users\─░brahim\Desktop\┼ŞUAN\KcetasProje\ProjeStaj.csproj]
C:\Users\─░brahim\Desktop\┼ŞUAN\KcetasProje\ViewModels\IsEmriDetayViewModel.cs(36,22): warning CS8632: Bo┼ş de─şer atanabilir ba┼şvuru t├╝rleri i├ğin ek a├ğ─▒klama kodda yaln─▒zca bir '#nullable' ek a├ğ─▒klama ba─şlam─▒ i├ğinde kullan─▒lmal─▒d─▒r. [C:\Users\─░brahim\Desktop\┼ŞUAN\KcetasProje\ProjeStaj.csproj]
C:\Users\─░brahim\Desktop\┼ŞUAN\KcetasProje\ViewModels\OutboxListeViewModel.cs(9,22): warning CS8632: Bo┼ş de─şer atanabilir ba┼şvuru t├╝rleri i├ğin ek a├ğ─▒klama kodda yaln─▒zca bir '#nullable' ek a├ğ─▒klama ba─şlam─▒ i├ğinde kullan─▒lmal─▒d─▒r. [C:\Users\─░brahim\Desktop\┼ŞUAN\KcetasProje\ProjeStaj.csproj]
C:\Users\─░brahim\Desktop\┼ŞUAN\KcetasProje\ViewModels\EndeksOkumaViewModels.cs(41,22): warning CS8632: Bo┼ş de─şer atanabilir ba┼şvuru t├╝rleri i├ğin ek a├ğ─▒klama kodda yaln─▒zca bir '#nullable' ek a├ğ─▒klama ba─şlam─▒ i├ğinde kullan─▒lmal─▒d─▒r. [C:\Users\─░brahim\Desktop\┼ŞUAN\KcetasProje\ProjeStaj.csproj]
C:\Users\─░brahim\Desktop\┼ŞUAN\KcetasProje\ViewModels\EndeksOkumaViewModels.cs(50,22): warning CS8632: Bo┼ş de─şer atanabilir ba┼şvuru t├╝rleri i├ğin ek a├ğ─▒klama kodda yaln─▒zca bir '#nullable' ek a├ğ─▒klama ba─şlam─▒ i├ğinde kullan─▒lmal─▒d─▒r. [C:\Users\─░brahim\Desktop\┼ŞUAN\KcetasProje\ProjeStaj.csproj]
C:\Users\─░brahim\Desktop\┼ŞUAN\KcetasProje\ViewModels\EndeksOkumaViewModels.cs(53,22): warning CS8632: Bo┼ş de─şer atanabilir ba┼şvuru t├╝rleri i├ğin ek a├ğ─▒klama kodda yaln─▒zca bir '#nullable' ek a├ğ─▒klama ba─şlam─▒ i├ğinde kullan─▒lmal─▒d─▒r. [C:\Users\─░brahim\Desktop\┼ŞUAN\KcetasProje\ProjeStaj.csproj]
C:\Users\─░brahim\Desktop\┼ŞUAN\KcetasProje\ViewModels\OutboxListeViewModel.cs(45,55): warning CS8632: Bo┼ş de─şer atanabilir ba┼şvuru t├╝rleri i├ğin ek a├ğ─▒klama kodda yaln─▒zca bir '#nullable' ek a├ğ─▒klama ba─şlam─▒ i├ğinde kullan─▒lmal─▒d─▒r. [C:\Users\─░brahim\Desktop\┼ŞUAN\KcetasProje\ProjeStaj.csproj]
C:\Users\─░brahim\Desktop\┼ŞUAN\KcetasProje\ViewModels\OutboxListeViewModel.cs(55,58): warning CS8632: Bo┼ş de─şer atanabilir ba┼şvuru t├╝rleri i├ğin ek a├ğ─▒klama kodda yaln─▒zca bir '#nullable' ek a├ğ─▒klama ba─şlam─▒ i├ğinde kullan─▒lmal─▒d─▒r. [C:\Users\─░brahim\Desktop\┼ŞUAN\KcetasProje\ProjeStaj.csproj]
C:\Users\─░brahim\Desktop\┼ŞUAN\KcetasProje\ViewModels\OutboxListeViewModel.cs(66,51): warning CS8632: Bo┼ş de─şer atanabilir ba┼şvuru t├╝rleri i├ğin ek a├ğ─▒klama kodda yaln─▒zca bir '#nullable' ek a├ğ─▒klama ba─şlam─▒ i├ğinde kullan─▒lmal─▒d─▒r. [C:\Users\─░brahim\Desktop\┼ŞUAN\KcetasProje\ProjeStaj.csproj]
C:\Users\─░brahim\Desktop\┼ŞUAN\KcetasProje\ViewModels\OutboxListeViewModel.cs(24,26): warning CS8632: Bo┼ş de─şer atanabilir ba┼şvuru t├╝rleri i├ğin ek a├ğ─▒klama kodda yaln─▒zca bir '#nullable' ek a├ğ─▒klama ba─şlam─▒ i├ğinde kullan─▒lmal─▒d─▒r. [C:\Users\─░brahim\Desktop\┼ŞUAN\KcetasProje\ProjeStaj.csproj]
C:\Users\─░brahim\Desktop\┼ŞUAN\KcetasProje\ViewModels\OutboxListeViewModel.cs(25,26): warning CS8632: Bo┼ş de─şer atanabilir ba┼şvuru t├╝rleri i├ğin ek a├ğ─▒klama kodda yaln─▒zca bir '#nullable' ek a├ğ─▒klama ba─şlam─▒ i├ğinde kullan─▒lmal─▒d─▒r. [C:\Users\─░brahim\Desktop\┼ŞUAN\KcetasProje\ProjeStaj.csproj]
C:\Users\─░brahim\Desktop\┼ŞUAN\KcetasProje\ViewModels\OutboxListeViewModel.cs(26,26): warning CS8632: Bo┼ş de─şer atanabilir ba┼şvuru t├╝rleri i├ğin ek a├ğ─▒klama kodda yaln─▒zca bir '#nullable' ek a├ğ─▒klama ba─şlam─▒ i├ğinde kullan─▒lmal─▒d─▒r. [C:\Users\─░brahim\Desktop\┼ŞUAN\KcetasProje\ProjeStaj.csproj]
C:\Users\─░brahim\Desktop\┼ŞUAN\KcetasProje\ViewModels\OutboxListeViewModel.cs(27,26): warning CS8632: Bo┼ş de─şer atanabilir ba┼şvuru t├╝rleri i├ğin ek a├ğ─▒klama kodda yaln─▒zca bir '#nullable' ek a├ğ─▒klama ba─şlam─▒ i├ğinde kullan─▒lmal─▒d─▒r. [C:\Users\─░brahim\Desktop\┼ŞUAN\KcetasProje\ProjeStaj.csproj]
C:\Users\─░brahim\Desktop\┼ŞUAN\KcetasProje\ViewModels\OutboxListeViewModel.cs(28,26): warning CS8632: Bo┼ş de─şer atanabilir ba┼şvuru t├╝rleri i├ğin ek a├ğ─▒klama kodda yaln─▒zca bir '#nullable' ek a├ğ─▒klama ba─şlam─▒ i├ğinde kullan─▒lmal─▒d─▒r. [C:\Users\─░brahim\Desktop\┼ŞUAN\KcetasProje\ProjeStaj.csproj]
C:\Users\─░brahim\Desktop\┼ŞUAN\KcetasProje\ViewModels\FaturaSimulasyonViewModel.cs(28,22): warning CS8632: Bo┼ş de─şer atanabilir ba┼şvuru t├╝rleri i├ğin ek a├ğ─▒klama kodda yaln─▒zca bir '#nullable' ek a├ğ─▒klama ba─şlam─▒ i├ğinde kullan─▒lmal─▒d─▒r. [C:\Users\─░brahim\Desktop\┼ŞUAN\KcetasProje\ProjeStaj.csproj]
C:\Users\─░brahim\Desktop\┼ŞUAN\KcetasProje\ViewModels\OutboxListeViewModel.cs(32,26): warning CS8632: Bo┼ş de─şer atanabilir ba┼şvuru t├╝rleri i├ğin ek a├ğ─▒klama kodda yaln─▒zca bir '#nullable' ek a├ğ─▒klama ba─şlam─▒ i├ğinde kullan─▒lmal─▒d─▒r. [C:\Users\─░brahim\Desktop\┼ŞUAN\KcetasProje\ProjeStaj.csproj]
C:\Users\─░brahim\Desktop\┼ŞUAN\KcetasProje\ViewModels\OutboxListeViewModel.cs(33,26): warning CS8632: Bo┼ş de─şer atanabilir ba┼şvuru t├╝rleri i├ğin ek a├ğ─▒klama kodda yaln─▒zca bir '#nullable' ek a├ğ─▒klama ba─şlam─▒ i├ğinde kullan─▒lmal─▒d─▒r. [C:\Users\─░brahim\Desktop\┼ŞUAN\KcetasProje\ProjeStaj.csproj]
C:\Users\─░brahim\Desktop\┼ŞUAN\KcetasProje\ViewModels\FaturaSimulasyonViewModel.cs(31,22): warning CS8632: Bo┼ş de─şer atanabilir ba┼şvuru t├╝rleri i├ğin ek a├ğ─▒klama kodda yaln─▒zca bir '#nullable' ek a├ğ─▒klama ba─şlam─▒ i├ğinde kullan─▒lmal─▒d─▒r. [C:\Users\─░brahim\Desktop\┼ŞUAN\KcetasProje\ProjeStaj.csproj]
C:\Users\─░brahim\Desktop\┼ŞUAN\KcetasProje\ViewModels\OutboxListeViewModel.cs(37,26): warning CS8632: Bo┼ş de─şer atanabilir ba┼şvuru t├╝rleri i├ğin ek a├ğ─▒klama kodda yaln─▒zca bir '#nullable' ek a├ğ─▒klama ba─şlam─▒ i├ğinde kullan─▒lmal─▒d─▒r. [C:\Users\─░brahim\Desktop\┼ŞUAN\KcetasProje\ProjeStaj.csproj]
C:\Users\─░brahim\Desktop\┼ŞUAN\KcetasProje\ViewModels\SayacViewModels.cs(8,22): warning CS8632: Bo┼ş de─şer atanabilir ba┼şvuru t├╝rleri i├ğin ek a├ğ─▒klama kodda yaln─▒zca bir '#nullable' ek a├ğ─▒klama ba─şlam─▒ i├ğinde kullan─▒lmal─▒d─▒r. [C:\Users\─░brahim\Desktop\┼ŞUAN\KcetasProje\ProjeStaj.csproj]
C:\Users\─░brahim\Desktop\┼ŞUAN\KcetasProje\ViewModels\SayacViewModels.cs(9,22): warning CS8632: Bo┼ş de─şer atanabilir ba┼şvuru t├╝rleri i├ğin ek a├ğ─▒klama kodda yaln─▒zca bir '#nullable' ek a├ğ─▒klama ba─şlam─▒ i├ğinde kullan─▒lmal─▒d─▒r. [C:\Users\─░brahim\Desktop\┼ŞUAN\KcetasProje\ProjeStaj.csproj]
C:\Users\─░brahim\Desktop\┼ŞUAN\KcetasProje\ViewModels\SayacViewModels.cs(10,22): warning CS8632: Bo┼ş de─şer atanabilir ba┼şvuru t├╝rleri i├ğin ek a├ğ─▒klama kodda yaln─▒zca bir '#nullable' ek a├ğ─▒klama ba─şlam─▒ i├ğinde kullan─▒lmal─▒d─▒r. [C:\Users\─░brahim\Desktop\┼ŞUAN\KcetasProje\ProjeStaj.csproj]
C:\Users\─░brahim\Desktop\┼ŞUAN\KcetasProje\ViewModels\SozlesmeViewModels.cs(38,18): warning CS8632: Bo┼ş de─şer atanabilir ba┼şvuru t├╝rleri i├ğin ek a├ğ─▒klama kodda yaln─▒zca bir '#nullable' ek a├ğ─▒klama ba─şlam─▒ i├ğinde kullan─▒lmal─▒d─▒r. [C:\Users\─░brahim\Desktop\┼ŞUAN\KcetasProje\ProjeStaj.csproj]
C:\Users\─░brahim\Desktop\┼ŞUAN\KcetasProje\ViewModels\SozlesmeViewModels.cs(39,18): warning CS8632: Bo┼ş de─şer atanabilir ba┼şvuru t├╝rleri i├ğin ek a├ğ─▒klama kodda yaln─▒zca bir '#nullable' ek a├ğ─▒klama ba─şlam─▒ i├ğinde kullan─▒lmal─▒d─▒r. [C:\Users\─░brahim\Desktop\┼ŞUAN\KcetasProje\ProjeStaj.csproj]
C:\Users\─░brahim\Desktop\┼ŞUAN\KcetasProje\ViewModels\SozlesmeViewModels.cs(40,18): warning CS8632: Bo┼ş de─şer atanabilir ba┼şvuru t├╝rleri i├ğin ek a├ğ─▒klama kodda yaln─▒zca bir '#nullable' ek a├ğ─▒klama ba─şlam─▒ i├ğinde kullan─▒lmal─▒d─▒r. [C:\Users\─░brahim\Desktop\┼ŞUAN\KcetasProje\ProjeStaj.csproj]
C:\Users\─░brahim\Desktop\┼ŞUAN\KcetasProje\ViewModels\FaturaSimulasyonViewModel.cs(47,22): warning CS8632: Bo┼ş de─şer atanabilir ba┼şvuru t├╝rleri i├ğin ek a├ğ─▒klama kodda yaln─▒zca bir '#nullable' ek a├ğ─▒klama ba─şlam─▒ i├ğinde kullan─▒lmal─▒d─▒r. [C:\Users\─░brahim\Desktop\┼ŞUAN\KcetasProje\ProjeStaj.csproj]
C:\Users\─░brahim\Desktop\┼ŞUAN\KcetasProje\ViewModels\FaturaSimulasyonViewModel.cs(48,22): warning CS8632: Bo┼ş de─şer atanabilir ba┼şvuru t├╝rleri i├ğin ek a├ğ─▒klama kodda yaln─▒zca bir '#nullable' ek a├ğ─▒klama ba─şlam─▒ i├ğinde kullan─▒lmal─▒d─▒r. [C:\Users\─░brahim\Desktop\┼ŞUAN\KcetasProje\ProjeStaj.csproj]
C:\Users\─░brahim\Desktop\┼ŞUAN\KcetasProje\ViewModels\IsEmriListeViewModel.cs(58,22): warning CS8632: Bo┼ş de─şer atanabilir ba┼şvuru t├╝rleri i├ğin ek a├ğ─▒klama kodda yaln─▒zca bir '#nullable' ek a├ğ─▒klama ba─şlam─▒ i├ğinde kullan─▒lmal─▒d─▒r. [C:\Users\─░brahim\Desktop\┼ŞUAN\KcetasProje\ProjeStaj.csproj]
C:\Users\─░brahim\Desktop\┼ŞUAN\KcetasProje\ViewModels\SozlesmeViewModels.cs(6,18): warning CS8632: Bo┼ş de─şer atanabilir ba┼şvuru t├╝rleri i├ğin ek a├ğ─▒klama kodda yaln─▒zca bir '#nullable' ek a├ğ─▒klama ba─şlam─▒ i├ğinde kullan─▒lmal─▒d─▒r. [C:\Users\─░brahim\Desktop\┼ŞUAN\KcetasProje\ProjeStaj.csproj]
C:\Users\─░brahim\Desktop\┼ŞUAN\KcetasProje\ViewModels\IsEmriListeViewModel.cs(59,22): warning CS8632: Bo┼ş de─şer atanabilir ba┼şvuru t├╝rleri i├ğin ek a├ğ─▒klama kodda yaln─▒zca bir '#nullable' ek a├ğ─▒klama ba─şlam─▒ i├ğinde kullan─▒lmal─▒d─▒r. [C:\Users\─░brahim\Desktop\┼ŞUAN\KcetasProje\ProjeStaj.csproj]
C:\Users\─░brahim\Desktop\┼ŞUAN\KcetasProje\ViewModels\IsEmriListeViewModel.cs(60,22): warning CS8632: Bo┼ş de─şer atanabilir ba┼şvuru t├╝rleri i├ğin ek a├ğ─▒klama kodda yaln─▒zca bir '#nullable' ek a├ğ─▒klama ba─şlam─▒ i├ğinde kullan─▒lmal─▒d─▒r. [C:\Users\─░brahim\Desktop\┼ŞUAN\KcetasProje\ProjeStaj.csproj]
C:\Users\─░brahim\Desktop\┼ŞUAN\KcetasProje\Models\entities\FaturaKalemi.cs(10,22): warning CS8632: Bo┼ş de─şer atanabilir ba┼şvuru t├╝rleri i├ğin ek a├ğ─▒klama kodda yaln─▒zca bir '#nullable' ek a├ğ─▒klama ba─şlam─▒ i├ğinde kullan─▒lmal─▒d─▒r. [C:\Users\─░brahim\Desktop\┼ŞUAN\KcetasProje\ProjeStaj.csproj]
C:\Users\─░brahim\Desktop\┼ŞUAN\KcetasProje\Models\entities\FaturaKalemi.cs(11,22): warning CS8632: Bo┼ş de─şer atanabilir ba┼şvuru t├╝rleri i├ğin ek a├ğ─▒klama kodda yaln─▒zca bir '#nullable' ek a├ğ─▒klama ba─şlam─▒ i├ğinde kullan─▒lmal─▒d─▒r. [C:\Users\─░brahim\Desktop\┼ŞUAN\KcetasProje\ProjeStaj.csproj]
C:\Users\─░brahim\Desktop\┼ŞUAN\KcetasProje\Models\entities\Sayac.cs(22,22): warning CS8632: Bo┼ş de─şer atanabilir ba┼şvuru t├╝rleri i├ğin ek a├ğ─▒klama kodda yaln─▒zca bir '#nullable' ek a├ğ─▒klama ba─şlam─▒ i├ğinde kullan─▒lmal─▒d─▒r. [C:\Users\─░brahim\Desktop\┼ŞUAN\KcetasProje\ProjeStaj.csproj]
C:\Users\─░brahim\Desktop\┼ŞUAN\KcetasProje\ViewModels\TuketimNoktasiViewModels.cs(55,22): warning CS8632: Bo┼ş de─şer atanabilir ba┼şvuru t├╝rleri i├ğin ek a├ğ─▒klama kodda yaln─▒zca bir '#nullable' ek a├ğ─▒klama ba─şlam─▒ i├ğinde kullan─▒lmal─▒d─▒r. [C:\Users\─░brahim\Desktop\┼ŞUAN\KcetasProje\ProjeStaj.csproj]
C:\Users\─░brahim\Desktop\┼ŞUAN\KcetasProje\Models\entities\Sozlesme.cs(23,22): warning CS8632: Bo┼ş de─şer atanabilir ba┼şvuru t├╝rleri i├ğin ek a├ğ─▒klama kodda yaln─▒zca bir '#nullable' ek a├ğ─▒klama ba─şlam─▒ i├ğinde kullan─▒lmal─▒d─▒r. [C:\Users\─░brahim\Desktop\┼ŞUAN\KcetasProje\ProjeStaj.csproj]
C:\Users\─░brahim\Desktop\┼ŞUAN\KcetasProje\ViewModels\TuketimNoktasiViewModels.cs(57,22): warning CS8632: Bo┼ş de─şer atanabilir ba┼şvuru t├╝rleri i├ğin ek a├ğ─▒klama kodda yaln─▒zca bir '#nullable' ek a├ğ─▒klama ba─şlam─▒ i├ğinde kullan─▒lmal─▒d─▒r. [C:\Users\─░brahim\Desktop\┼ŞUAN\KcetasProje\ProjeStaj.csproj]
C:\Users\─░brahim\Desktop\┼ŞUAN\KcetasProje\ViewModels\ProfilViewModel.cs(8,22): warning CS8632: Bo┼ş de─şer atanabilir ba┼şvuru t├╝rleri i├ğin ek a├ğ─▒klama kodda yaln─▒zca bir '#nullable' ek a├ğ─▒klama ba─şlam─▒ i├ğinde kullan─▒lmal─▒d─▒r. [C:\Users\─░brahim\Desktop\┼ŞUAN\KcetasProje\ProjeStaj.csproj]
C:\Users\─░brahim\Desktop\┼ŞUAN\KcetasProje\ViewModels\ProfilViewModel.cs(9,22): warning CS8632: Bo┼ş de─şer atanabilir ba┼şvuru t├╝rleri i├ğin ek a├ğ─▒klama kodda yaln─▒zca bir '#nullable' ek a├ğ─▒klama ba─şlam─▒ i├ğinde kullan─▒lmal─▒d─▒r. [C:\Users\─░brahim\Desktop\┼ŞUAN\KcetasProje\ProjeStaj.csproj]
C:\Users\─░brahim\Desktop\┼ŞUAN\KcetasProje\ViewModels\ProfilViewModel.cs(10,22): warning CS8632: Bo┼ş de─şer atanabilir ba┼şvuru t├╝rleri i├ğin ek a├ğ─▒klama kodda yaln─▒zca bir '#nullable' ek a├ğ─▒klama ba─şlam─▒ i├ğinde kullan─▒lmal─▒d─▒r. [C:\Users\─░brahim\Desktop\┼ŞUAN\KcetasProje\ProjeStaj.csproj]
C:\Users\─░brahim\Desktop\┼ŞUAN\KcetasProje\ViewModels\ProfilViewModel.cs(14,22): warning CS8632: Bo┼ş de─şer atanabilir ba┼şvuru t├╝rleri i├ğin ek a├ğ─▒klama kodda yaln─▒zca bir '#nullable' ek a├ğ─▒klama ba─şlam─▒ i├ğinde kullan─▒lmal─▒d─▒r. [C:\Users\─░brahim\Desktop\┼ŞUAN\KcetasProje\ProjeStaj.csproj]
C:\Users\─░brahim\Desktop\┼ŞUAN\KcetasProje\Models\entities\TuketimNoktasi.cs(17,22): warning CS8632: Bo┼ş de─şer atanabilir ba┼şvuru t├╝rleri i├ğin ek a├ğ─▒klama kodda yaln─▒zca bir '#nullable' ek a├ğ─▒klama ba─şlam─▒ i├ğinde kullan─▒lmal─▒d─▒r. [C:\Users\─░brahim\Desktop\┼ŞUAN\KcetasProje\ProjeStaj.csproj]
C:\Users\─░brahim\Desktop\┼ŞUAN\KcetasProje\ViewModels\ProfilViewModel.cs(18,22): warning CS8632: Bo┼ş de─şer atanabilir ba┼şvuru t├╝rleri i├ğin ek a├ğ─▒klama kodda yaln─▒zca bir '#nullable' ek a├ğ─▒klama ba─şlam─▒ i├ğinde kullan─▒lmal─▒d─▒r. [C:\Users\─░brahim\Desktop\┼ŞUAN\KcetasProje\ProjeStaj.csproj]
C:\Users\─░brahim\Desktop\┼ŞUAN\KcetasProje\Models\entities\TuketimNoktasi.cs(20,22): warning CS8632: Bo┼ş de─şer atanabilir ba┼şvuru t├╝rleri i├ğin ek a├ğ─▒klama kodda yaln─▒zca bir '#nullable' ek a├ğ─▒klama ba─şlam─▒ i├ğinde kullan─▒lmal─▒d─▒r. [C:\Users\─░brahim\Desktop\┼ŞUAN\KcetasProje\ProjeStaj.csproj]
C:\Users\─░brahim\Desktop\┼ŞUAN\KcetasProje\ViewModels\ProfilViewModel.cs(22,22): warning CS8632: Bo┼ş de─şer atanabilir ba┼şvuru t├╝rleri i├ğin ek a├ğ─▒klama kodda yaln─▒zca bir '#nullable' ek a├ğ─▒klama ba─şlam─▒ i├ğinde kullan─▒lmal─▒d─▒r. [C:\Users\─░brahim\Desktop\┼ŞUAN\KcetasProje\ProjeStaj.csproj]
C:\Users\─░brahim\Desktop\┼ŞUAN\KcetasProje\Models\entities\TuketimNoktasi.cs(23,22): warning CS8632: Bo┼ş de─şer atanabilir ba┼şvuru t├╝rleri i├ğin ek a├ğ─▒klama kodda yaln─▒zca bir '#nullable' ek a├ğ─▒klama ba─şlam─▒ i├ğinde kullan─▒lmal─▒d─▒r. [C:\Users\─░brahim\Desktop\┼ŞUAN\KcetasProje\ProjeStaj.csproj]
C:\Users\─░brahim\Desktop\┼ŞUAN\KcetasProje\Models\entities\TuketimNoktasi.cs(26,22): warning CS8632: Bo┼ş de─şer atanabilir ba┼şvuru t├╝rleri i├ğin ek a├ğ─▒klama kodda yaln─▒zca bir '#nullable' ek a├ğ─▒klama ba─şlam─▒ i├ğinde kullan─▒lmal─▒d─▒r. [C:\Users\─░brahim\Desktop\┼ŞUAN\KcetasProje\ProjeStaj.csproj]
C:\Users\─░brahim\Desktop\┼ŞUAN\KcetasProje\ViewModels\YeniIsEmriViewModel.cs(22,22): warning CS8632: Bo┼ş de─şer atanabilir ba┼şvuru t├╝rleri i├ğin ek a├ğ─▒klama kodda yaln─▒zca bir '#nullable' ek a├ğ─▒klama ba─şlam─▒ i├ğinde kullan─▒lmal─▒d─▒r. [C:\Users\─░brahim\Desktop\┼ŞUAN\KcetasProje\ProjeStaj.csproj]
C:\Users\─░brahim\Desktop\┼ŞUAN\KcetasProje\ViewModels\YeniIsEmriViewModel.cs(28,22): warning CS8632: Bo┼ş de─şer atanabilir ba┼şvuru t├╝rleri i├ğin ek a├ğ─▒klama kodda yaln─▒zca bir '#nullable' ek a├ğ─▒klama ba─şlam─▒ i├ğinde kullan─▒lmal─▒d─▒r. [C:\Users\─░brahim\Desktop\┼ŞUAN\KcetasProje\ProjeStaj.csproj]
C:\Users\─░brahim\Desktop\┼ŞUAN\KcetasProje\Models\entities\TuketimNoktasi.cs(44,22): warning CS8632: Bo┼ş de─şer atanabilir ba┼şvuru t├╝rleri i├ğin ek a├ğ─▒klama kodda yaln─▒zca bir '#nullable' ek a├ğ─▒klama ba─şlam─▒ i├ğinde kullan─▒lmal─▒d─▒r. [C:\Users\─░brahim\Desktop\┼ŞUAN\KcetasProje\ProjeStaj.csproj]
C:\Users\─░brahim\Desktop\┼ŞUAN\KcetasProje\ViewModels\TuketimNoktasiViewModels.cs(13,22): warning CS8632: Bo┼ş de─şer atanabilir ba┼şvuru t├╝rleri i├ğin ek a├ğ─▒klama kodda yaln─▒zca bir '#nullable' ek a├ğ─▒klama ba─şlam─▒ i├ğinde kullan─▒lmal─▒d─▒r. [C:\Users\─░brahim\Desktop\┼ŞUAN\KcetasProje\ProjeStaj.csproj]
C:\Users\─░brahim\Desktop\┼ŞUAN\KcetasProje\ViewModels\TuketimNoktasiViewModels.cs(14,22): warning CS8632: Bo┼ş de─şer atanabilir ba┼şvuru t├╝rleri i├ğin ek a├ğ─▒klama kodda yaln─▒zca bir '#nullable' ek a├ğ─▒klama ba─şlam─▒ i├ğinde kullan─▒lmal─▒d─▒r. [C:\Users\─░brahim\Desktop\┼ŞUAN\KcetasProje\ProjeStaj.csproj]
C:\Users\─░brahim\Desktop\┼ŞUAN\KcetasProje\ViewModels\TuketimNoktasiViewModels.cs(15,22): warning CS8632: Bo┼ş de─şer atanabilir ba┼şvuru t├╝rleri i├ğin ek a├ğ─▒klama kodda yaln─▒zca bir '#nullable' ek a├ğ─▒klama ba─şlam─▒ i├ğinde kullan─▒lmal─▒d─▒r. [C:\Users\─░brahim\Desktop\┼ŞUAN\KcetasProje\ProjeStaj.csproj]
C:\Users\─░brahim\Desktop\┼ŞUAN\KcetasProje\ViewModels\TuketimNoktasiViewModels.cs(16,22): warning CS8632: Bo┼ş de─şer atanabilir ba┼şvuru t├╝rleri i├ğin ek a├ğ─▒klama kodda yaln─▒zca bir '#nullable' ek a├ğ─▒klama ba─şlam─▒ i├ğinde kullan─▒lmal─▒d─▒r. [C:\Users\─░brahim\Desktop\┼ŞUAN\KcetasProje\ProjeStaj.csproj]
C:\Users\─░brahim\Desktop\┼ŞUAN\KcetasProje\ViewModels\TutanakGirisViewModel.cs(19,22): warning CS8632: Bo┼ş de─şer atanabilir ba┼şvuru t├╝rleri i├ğin ek a├ğ─▒klama kodda yaln─▒zca bir '#nullable' ek a├ğ─▒klama ba─şlam─▒ i├ğinde kullan─▒lmal─▒d─▒r. [C:\Users\─░brahim\Desktop\┼ŞUAN\KcetasProje\ProjeStaj.csproj]
C:\Users\─░brahim\Desktop\┼ŞUAN\KcetasProje\ViewModels\TuketimNoktasiViewModels.cs(17,22): warning CS8632: Bo┼ş de─şer atanabilir ba┼şvuru t├╝rleri i├ğin ek a├ğ─▒klama kodda yaln─▒zca bir '#nullable' ek a├ğ─▒klama ba─şlam─▒ i├ğinde kullan─▒lmal─▒d─▒r. [C:\Users\─░brahim\Desktop\┼ŞUAN\KcetasProje\ProjeStaj.csproj]
C:\Users\─░brahim\Desktop\┼ŞUAN\KcetasProje\Models\entities\TuketimNoktasi.cs(63,22): warning CS8632: Bo┼ş de─şer atanabilir ba┼şvuru t├╝rleri i├ğin ek a├ğ─▒klama kodda yaln─▒zca bir '#nullable' ek a├ğ─▒klama ba─şlam─▒ i├ğinde kullan─▒lmal─▒d─▒r. [C:\Users\─░brahim\Desktop\┼ŞUAN\KcetasProje\ProjeStaj.csproj]
C:\Users\─░brahim\Desktop\┼ŞUAN\KcetasProje\ViewModels\FaturaSimulasyonViewModel.cs(54,46): warning CS8632: Bo┼ş de─şer atanabilir ba┼şvuru t├╝rleri i├ğin ek a├ğ─▒klama kodda yaln─▒zca bir '#nullable' ek a├ğ─▒klama ba─şlam─▒ i├ğinde kullan─▒lmal─▒d─▒r. [C:\Users\─░brahim\Desktop\┼ŞUAN\KcetasProje\ProjeStaj.csproj]
C:\Users\─░brahim\Desktop\┼ŞUAN\KcetasProje\ViewModels\TutanakGirisViewModel.cs(24,22): warning CS8632: Bo┼ş de─şer atanabilir ba┼şvuru t├╝rleri i├ğin ek a├ğ─▒klama kodda yaln─▒zca bir '#nullable' ek a├ğ─▒klama ba─şlam─▒ i├ğinde kullan─▒lmal─▒d─▒r. [C:\Users\─░brahim\Desktop\┼ŞUAN\KcetasProje\ProjeStaj.csproj]
C:\Users\─░brahim\Desktop\┼ŞUAN\KcetasProje\ViewModels\TutanakGirisViewModel.cs(27,22): warning CS8632: Bo┼ş de─şer atanabilir ba┼şvuru t├╝rleri i├ğin ek a├ğ─▒klama kodda yaln─▒zca bir '#nullable' ek a├ğ─▒klama ba─şlam─▒ i├ğinde kullan─▒lmal─▒d─▒r. [C:\Users\─░brahim\Desktop\┼ŞUAN\KcetasProje\ProjeStaj.csproj]
C:\Users\─░brahim\Desktop\┼ŞUAN\KcetasProje\Models\entities\TuketimNoktasi.cs(66,22): warning CS8632: Bo┼ş de─şer atanabilir ba┼şvuru t├╝rleri i├ğin ek a├ğ─▒klama kodda yaln─▒zca bir '#nullable' ek a├ğ─▒klama ba─şlam─▒ i├ğinde kullan─▒lmal─▒d─▒r. [C:\Users\─░brahim\Desktop\┼ŞUAN\KcetasProje\ProjeStaj.csproj]
C:\Users\─░brahim\Desktop\┼ŞUAN\KcetasProje\ViewModels\TuketimNoktasiViewModels.cs(18,22): warning CS8632: Bo┼ş de─şer atanabilir ba┼şvuru t├╝rleri i├ğin ek a├ğ─▒klama kodda yaln─▒zca bir '#nullable' ek a├ğ─▒klama ba─şlam─▒ i├ğinde kullan─▒lmal─▒d─▒r. [C:\Users\─░brahim\Desktop\┼ŞUAN\KcetasProje\ProjeStaj.csproj]
C:\Users\─░brahim\Desktop\┼ŞUAN\KcetasProje\ViewModels\TutanakGirisViewModel.cs(28,22): warning CS8632: Bo┼ş de─şer atanabilir ba┼şvuru t├╝rleri i├ğin ek a├ğ─▒klama kodda yaln─▒zca bir '#nullable' ek a├ğ─▒klama ba─şlam─▒ i├ğinde kullan─▒lmal─▒d─▒r. [C:\Users\─░brahim\Desktop\┼ŞUAN\KcetasProje\ProjeStaj.csproj]
C:\Users\─░brahim\Desktop\┼ŞUAN\KcetasProje\ViewModels\TutanakGirisViewModel.cs(29,22): warning CS8632: Bo┼ş de─şer atanabilir ba┼şvuru t├╝rleri i├ğin ek a├ğ─▒klama kodda yaln─▒zca bir '#nullable' ek a├ğ─▒klama ba─şlam─▒ i├ğinde kullan─▒lmal─▒d─▒r. [C:\Users\─░brahim\Desktop\┼ŞUAN\KcetasProje\ProjeStaj.csproj]
C:\Users\─░brahim\Desktop\┼ŞUAN\KcetasProje\ViewModels\TutanakGirisViewModel.cs(30,22): warning CS8632: Bo┼ş de─şer atanabilir ba┼şvuru t├╝rleri i├ğin ek a├ğ─▒klama kodda yaln─▒zca bir '#nullable' ek a├ğ─▒klama ba─şlam─▒ i├ğinde kullan─▒lmal─▒d─▒r. [C:\Users\─░brahim\Desktop\┼ŞUAN\KcetasProje\ProjeStaj.csproj]
C:\Users\─░brahim\Desktop\┼ŞUAN\KcetasProje\ViewModels\TuketimNoktasiViewModels.cs(19,22): warning CS8632: Bo┼ş de─şer atanabilir ba┼şvuru t├╝rleri i├ğin ek a├ğ─▒klama kodda yaln─▒zca bir '#nullable' ek a├ğ─▒klama ba─şlam─▒ i├ğinde kullan─▒lmal─▒d─▒r. [C:\Users\─░brahim\Desktop\┼ŞUAN\KcetasProje\ProjeStaj.csproj]
C:\Users\─░brahim\Desktop\┼ŞUAN\KcetasProje\ViewModels\FaturaSimulasyonViewModel.cs(60,22): warning CS8632: Bo┼ş de─şer atanabilir ba┼şvuru t├╝rleri i├ğin ek a├ğ─▒klama kodda yaln─▒zca bir '#nullable' ek a├ğ─▒klama ba─şlam─▒ i├ğinde kullan─▒lmal─▒d─▒r. [C:\Users\─░brahim\Desktop\┼ŞUAN\KcetasProje\ProjeStaj.csproj]
C:\Users\─░brahim\Desktop\┼ŞUAN\KcetasProje\ViewModels\TutanakGirisViewModel.cs(31,22): warning CS8632: Bo┼ş de─şer atanabilir ba┼şvuru t├╝rleri i├ğin ek a├ğ─▒klama kodda yaln─▒zca bir '#nullable' ek a├ğ─▒klama ba─şlam─▒ i├ğinde kullan─▒lmal─▒d─▒r. [C:\Users\─░brahim\Desktop\┼ŞUAN\KcetasProje\ProjeStaj.csproj]
C:\Users\─░brahim\Desktop\┼ŞUAN\KcetasProje\ViewModels\FaturaSimulasyonViewModel.cs(61,22): warning CS8632: Bo┼ş de─şer atanabilir ba┼şvuru t├╝rleri i├ğin ek a├ğ─▒klama kodda yaln─▒zca bir '#nullable' ek a├ğ─▒klama ba─şlam─▒ i├ğinde kullan─▒lmal─▒d─▒r. [C:\Users\─░brahim\Desktop\┼ŞUAN\KcetasProje\ProjeStaj.csproj]
C:\Users\─░brahim\Desktop\┼ŞUAN\KcetasProje\ViewModels\TuketimNoktasiViewModels.cs(20,22): warning CS8632: Bo┼ş de─şer atanabilir ba┼şvuru t├╝rleri i├ğin ek a├ğ─▒klama kodda yaln─▒zca bir '#nullable' ek a├ğ─▒klama ba─şlam─▒ i├ğinde kullan─▒lmal─▒d─▒r. [C:\Users\─░brahim\Desktop\┼ŞUAN\KcetasProje\ProjeStaj.csproj]
C:\Users\─░brahim\Desktop\┼ŞUAN\KcetasProje\ViewModels\TuketimNoktasiViewModels.cs(24,22): warning CS8632: Bo┼ş de─şer atanabilir ba┼şvuru t├╝rleri i├ğin ek a├ğ─▒klama kodda yaln─▒zca bir '#nullable' ek a├ğ─▒klama ba─şlam─▒ i├ğinde kullan─▒lmal─▒d─▒r. [C:\Users\─░brahim\Desktop\┼ŞUAN\KcetasProje\ProjeStaj.csproj]
C:\Users\─░brahim\Desktop\┼ŞUAN\KcetasProje\ViewModels\TuketimNoktasiViewModels.cs(25,22): warning CS8632: Bo┼ş de─şer atanabilir ba┼şvuru t├╝rleri i├ğin ek a├ğ─▒klama kodda yaln─▒zca bir '#nullable' ek a├ğ─▒klama ba─şlam─▒ i├ğinde kullan─▒lmal─▒d─▒r. [C:\Users\─░brahim\Desktop\┼ŞUAN\KcetasProje\ProjeStaj.csproj]
C:\Users\─░brahim\Desktop\┼ŞUAN\KcetasProje\ViewModels\TuketimNoktasiViewModels.cs(26,22): warning CS8632: Bo┼ş de─şer atanabilir ba┼şvuru t├╝rleri i├ğin ek a├ğ─▒klama kodda yaln─▒zca bir '#nullable' ek a├ğ─▒klama ba─şlam─▒ i├ğinde kullan─▒lmal─▒d─▒r. [C:\Users\─░brahim\Desktop\┼ŞUAN\KcetasProje\ProjeStaj.csproj]
C:\Users\─░brahim\Desktop\┼ŞUAN\KcetasProje\ViewModels\TuketimNoktasiViewModels.cs(27,22): warning CS8632: Bo┼ş de─şer atanabilir ba┼şvuru t├╝rleri i├ğin ek a├ğ─▒klama kodda yaln─▒zca bir '#nullable' ek a├ğ─▒klama ba─şlam─▒ i├ğinde kullan─▒lmal─▒d─▒r. [C:\Users\─░brahim\Desktop\┼ŞUAN\KcetasProje\ProjeStaj.csproj]
C:\Users\─░brahim\Desktop\┼ŞUAN\KcetasProje\ViewModels\TuketimNoktasiViewModels.cs(31,22): warning CS8632: Bo┼ş de─şer atanabilir ba┼şvuru t├╝rleri i├ğin ek a├ğ─▒klama kodda yaln─▒zca bir '#nullable' ek a├ğ─▒klama ba─şlam─▒ i├ğinde kullan─▒lmal─▒d─▒r. [C:\Users\─░brahim\Desktop\┼ŞUAN\KcetasProje\ProjeStaj.csproj]
C:\Users\─░brahim\Desktop\┼ŞUAN\KcetasProje\ViewModels\TuketimNoktasiViewModels.cs(33,22): warning CS8632: Bo┼ş de─şer atanabilir ba┼şvuru t├╝rleri i├ğin ek a├ğ─▒klama kodda yaln─▒zca bir '#nullable' ek a├ğ─▒klama ba─şlam─▒ i├ğinde kullan─▒lmal─▒d─▒r. [C:\Users\─░brahim\Desktop\┼ŞUAN\KcetasProje\ProjeStaj.csproj]
C:\Users\─░brahim\Desktop\┼ŞUAN\KcetasProje\ViewModels\TuketimNoktasiViewModels.cs(38,22): warning CS8632: Bo┼ş de─şer atanabilir ba┼şvuru t├╝rleri i├ğin ek a├ğ─▒klama kodda yaln─▒zca bir '#nullable' ek a├ğ─▒klama ba─şlam─▒ i├ğinde kullan─▒lmal─▒d─▒r. [C:\Users\─░brahim\Desktop\┼ŞUAN\KcetasProje\ProjeStaj.csproj]
C:\Users\─░brahim\Desktop\┼ŞUAN\KcetasProje\Models\ErrorViewModel.cs(5,18): warning CS8632: Bo┼ş de─şer atanabilir ba┼şvuru t├╝rleri i├ğin ek a├ğ─▒klama kodda yaln─▒zca bir '#nullable' ek a├ğ─▒klama ba─şlam─▒ i├ğinde kullan─▒lmal─▒d─▒r. [C:\Users\─░brahim\Desktop\┼ŞUAN\KcetasProje\ProjeStaj.csproj]
C:\Users\─░brahim\Desktop\┼ŞUAN\KcetasProje\Models\entities\tarifeler.cs(3,14): warning CS8981: ÔÇ£tarifelerÔÇØ t├╝r ad─▒ yaln─▒zca k├╝├ğ├╝k harfli ascii karakterleri i├ğerir. Bu t├╝r adlar dil i├ğin ayr─▒lm─▒┼ş hale gelebilir. [C:\Users\─░brahim\Desktop\┼ŞUAN\KcetasProje\ProjeStaj.csproj]
C:\Users\─░brahim\Desktop\┼ŞUAN\KcetasProje\ViewModels\EndeksOkumaViewModels.cs(64,18): warning CS8632: Bo┼ş de─şer atanabilir ba┼şvuru t├╝rleri i├ğin ek a├ğ─▒klama kodda yaln─▒zca bir '#nullable' ek a├ğ─▒klama ba─şlam─▒ i├ğinde kullan─▒lmal─▒d─▒r. [C:\Users\─░brahim\Desktop\┼ŞUAN\KcetasProje\ProjeStaj.csproj]
C:\Users\─░brahim\Desktop\┼ŞUAN\KcetasProje\ViewModels\EndeksOkumaViewModels.cs(65,18): warning CS8632: Bo┼ş de─şer atanabilir ba┼şvuru t├╝rleri i├ğin ek a├ğ─▒klama kodda yaln─▒zca bir '#nullable' ek a├ğ─▒klama ba─şlam─▒ i├ğinde kullan─▒lmal─▒d─▒r. [C:\Users\─░brahim\Desktop\┼ŞUAN\KcetasProje\ProjeStaj.csproj]
C:\Users\─░brahim\Desktop\┼ŞUAN\KcetasProje\ViewModels\EndeksOkumaViewModels.cs(66,18): warning CS8632: Bo┼ş de─şer atanabilir ba┼şvuru t├╝rleri i├ğin ek a├ğ─▒klama kodda yaln─▒zca bir '#nullable' ek a├ğ─▒klama ba─şlam─▒ i├ğinde kullan─▒lmal─▒d─▒r. [C:\Users\─░brahim\Desktop\┼ŞUAN\KcetasProje\ProjeStaj.csproj]
C:\Users\─░brahim\Desktop\┼ŞUAN\KcetasProje\Controllers\FaturaController.cs(44,45): error CS1061: 'IKullaniciDeposu' bir 'BulKullaniciAdiIle' tan─▒m─▒ i├ğermiyor ve 'IKullaniciDeposu' t├╝r├╝nde bir ilk ba─ş─▒ms─▒z de─şi┼şken kabul eden hi├ğbir eri┼şilebilir 'BulKullaniciAdiIle' geni┼şletme y├Ântemi bulunamad─▒ (bir kullanma y├Ânergeniz veya derleme ba┼şvurunuz eksik olabilir mi?) [C:\Users\─░brahim\Desktop\┼ŞUAN\KcetasProje\ProjeStaj.csproj]
C:\Users\─░brahim\Desktop\┼ŞUAN\KcetasProje\Controllers\SozlesmeController.cs(43,28): error CS4032: 'await' i┼şleci yaln─▒zca bir async metot i├ğerisinde kullan─▒labilir. Bu metodu 'async' de─şi┼ştiricisi ile i┼şaretlemeyi ve d├Ân├╝┼ş tipini 'Task<int>' olarak de─şi┼ştirmeyi d├╝┼ş├╝n├╝n. [C:\Users\─░brahim\Desktop\┼ŞUAN\KcetasProje\ProjeStaj.csproj]
C:\Users\─░brahim\Desktop\┼ŞUAN\KcetasProje\Controllers\FaturaController.cs(58,48): error CS1061: 'ISozlesmeService' bir 'GetAll' tan─▒m─▒ i├ğermiyor ve 'ISozlesmeService' t├╝r├╝nde bir ilk ba─ş─▒ms─▒z de─şi┼şken kabul eden hi├ğbir eri┼şilebilir 'GetAll' geni┼şletme y├Ântemi bulunamad─▒ (bir kullanma y├Ânergeniz veya derleme ba┼şvurunuz eksik olabilir mi?) [C:\Users\─░brahim\Desktop\┼ŞUAN\KcetasProje\ProjeStaj.csproj]
C:\Users\─░brahim\Desktop\┼ŞUAN\KcetasProje\Controllers\FaturaController.cs(59,59): error CS1061: 'ITuketimNoktasiService' bir 'GetAll' tan─▒m─▒ i├ğermiyor ve 'ITuketimNoktasiService' t├╝r├╝nde bir ilk ba─ş─▒ms─▒z de─şi┼şken kabul eden hi├ğbir eri┼şilebilir 'GetAll' geni┼şletme y├Ântemi bulunamad─▒ (bir kullanma y├Ânergeniz veya derleme ba┼şvurunuz eksik olabilir mi?) [C:\Users\─░brahim\Desktop\┼ŞUAN\KcetasProje\ProjeStaj.csproj]
C:\Users\─░brahim\Desktop\┼ŞUAN\KcetasProje\Controllers\FaturaController.cs(148,49): error CS1061: 'ISozlesmeService' bir 'GetAll' tan─▒m─▒ i├ğermiyor ve 'ISozlesmeService' t├╝r├╝nde bir ilk ba─ş─▒ms─▒z de─şi┼şken kabul eden hi├ğbir eri┼şilebilir 'GetAll' geni┼şletme y├Ântemi bulunamad─▒ (bir kullanma y├Ânergeniz veya derleme ba┼şvurunuz eksik olabilir mi?) [C:\Users\─░brahim\Desktop\┼ŞUAN\KcetasProje\ProjeStaj.csproj]
C:\Users\─░brahim\Desktop\┼ŞUAN\KcetasProje\Controllers\FaturaController.cs(151,53): error CS1061: 'ITuketimNoktasiService' bir 'GetAll' tan─▒m─▒ i├ğermiyor ve 'ITuketimNoktasiService' t├╝r├╝nde bir ilk ba─ş─▒ms─▒z de─şi┼şken kabul eden hi├ğbir eri┼şilebilir 'GetAll' geni┼şletme y├Ântemi bulunamad─▒ (bir kullanma y├Ânergeniz veya derleme ba┼şvurunuz eksik olabilir mi?) [C:\Users\─░brahim\Desktop\┼ŞUAN\KcetasProje\ProjeStaj.csproj]
C:\Users\─░brahim\Desktop\┼ŞUAN\KcetasProje\Controllers\FaturaController.cs(161,30): error CS1061: 'IAuditLogService' bir 'Ekle' tan─▒m─▒ i├ğermiyor ve 'IAuditLogService' t├╝r├╝nde bir ilk ba─ş─▒ms─▒z de─şi┼şken kabul eden hi├ğbir eri┼şilebilir 'Ekle' geni┼şletme y├Ântemi bulunamad─▒ (bir kullanma y├Ânergeniz veya derleme ba┼şvurunuz eksik olabilir mi?) [C:\Users\─░brahim\Desktop\┼ŞUAN\KcetasProje\ProjeStaj.csproj]
C:\Users\─░brahim\Desktop\┼ŞUAN\KcetasProje\Controllers\FaturaController.cs(178,45): error CS1061: 'ISozlesmeService' bir 'GetAll' tan─▒m─▒ i├ğermiyor ve 'ISozlesmeService' t├╝r├╝nde bir ilk ba─ş─▒ms─▒z de─şi┼şken kabul eden hi├ğbir eri┼şilebilir 'GetAll' geni┼şletme y├Ântemi bulunamad─▒ (bir kullanma y├Ânergeniz veya derleme ba┼şvurunuz eksik olabilir mi?) [C:\Users\─░brahim\Desktop\┼ŞUAN\KcetasProje\ProjeStaj.csproj]
C:\Users\─░brahim\Desktop\┼ŞUAN\KcetasProje\Controllers\FaturaController.cs(183,47): error CS1061: 'IAboneService' bir 'GetById' tan─▒m─▒ i├ğermiyor ve 'IAboneService' t├╝r├╝nde bir ilk ba─ş─▒ms─▒z de─şi┼şken kabul eden hi├ğbir eri┼şilebilir 'GetById' geni┼şletme y├Ântemi bulunamad─▒ (bir kullanma y├Ânergeniz veya derleme ba┼şvurunuz eksik olabilir mi?) [C:\Users\─░brahim\Desktop\┼ŞUAN\KcetasProje\ProjeStaj.csproj]
C:\Users\─░brahim\Desktop\┼ŞUAN\KcetasProje\Controllers\FaturaController.cs(194,53): error CS1061: 'ITuketimNoktasiService' bir 'GetAll' tan─▒m─▒ i├ğermiyor ve 'ITuketimNoktasiService' t├╝r├╝nde bir ilk ba─ş─▒ms─▒z de─şi┼şken kabul eden hi├ğbir eri┼şilebilir 'GetAll' geni┼şletme y├Ântemi bulunamad─▒ (bir kullanma y├Ânergeniz veya derleme ba┼şvurunuz eksik olabilir mi?) [C:\Users\─░brahim\Desktop\┼ŞUAN\KcetasProje\ProjeStaj.csproj]
C:\Users\─░brahim\Desktop\┼ŞUAN\KcetasProje\Controllers\FaturaController.cs(252,34): error CS1061: 'IAuditLogService' bir 'Ekle' tan─▒m─▒ i├ğermiyor ve 'IAuditLogService' t├╝r├╝nde bir ilk ba─ş─▒ms─▒z de─şi┼şken kabul eden hi├ğbir eri┼şilebilir 'Ekle' geni┼şletme y├Ântemi bulunamad─▒ (bir kullanma y├Ânergeniz veya derleme ba┼şvurunuz eksik olabilir mi?) [C:\Users\─░brahim\Desktop\┼ŞUAN\KcetasProje\ProjeStaj.csproj]
C:\Users\─░brahim\Desktop\┼ŞUAN\KcetasProje\Services\Background\IsEmriOlusturucuBackgroundService.cs(63,44): error CS1061: 'ISayacService' bir 'GetAll' tan─▒m─▒ i├ğermiyor ve 'ISayacService' t├╝r├╝nde bir ilk ba─ş─▒ms─▒z de─şi┼şken kabul eden hi├ğbir eri┼şilebilir 'GetAll' geni┼şletme y├Ântemi bulunamad─▒ (bir kullanma y├Ânergeniz veya derleme ba┼şvurunuz eksik olabilir mi?) [C:\Users\─░brahim\Desktop\┼ŞUAN\KcetasProje\ProjeStaj.csproj]
C:\Users\─░brahim\Desktop\┼ŞUAN\KcetasProje\Services\Background\IsEmriOlusturucuBackgroundService.cs(64,50): error CS1061: 'IEndeksOkumaService' bir 'GetAll' tan─▒m─▒ i├ğermiyor ve 'IEndeksOkumaService' t├╝r├╝nde bir ilk ba─ş─▒ms─▒z de─şi┼şken kabul eden hi├ğbir eri┼şilebilir 'GetAll' geni┼şletme y├Ântemi bulunamad─▒ (bir kullanma y├Ânergeniz veya derleme ba┼şvurunuz eksik olabilir mi?) [C:\Users\─░brahim\Desktop\┼ŞUAN\KcetasProje\ProjeStaj.csproj]
C:\Users\─░brahim\Desktop\┼ŞUAN\KcetasProje\Services\Background\IsEmriOlusturucuBackgroundService.cs(67,48): error CS1061: 'IIsEmriService' bir 'Filtrele' tan─▒m─▒ i├ğermiyor ve 'IIsEmriService' t├╝r├╝nde bir ilk ba─ş─▒ms─▒z de─şi┼şken kabul eden hi├ğbir eri┼şilebilir 'Filtrele' geni┼şletme y├Ântemi bulunamad─▒ (bir kullanma y├Ânergeniz veya derleme ba┼şvurunuz eksik olabilir mi?) [C:\Users\─░brahim\Desktop\┼ŞUAN\KcetasProje\ProjeStaj.csproj]
C:\Users\─░brahim\Desktop\┼ŞUAN\KcetasProje\Services\Background\IsEmriOlusturucuBackgroundService.cs(72,47): error CS1061: 'IKullaniciDeposu' bir 'Listele' tan─▒m─▒ i├ğermiyor ve 'IKullaniciDeposu' t├╝r├╝nde bir ilk ba─ş─▒ms─▒z de─şi┼şken kabul eden hi├ğbir eri┼şilebilir 'Listele' geni┼şletme y├Ântemi bulunamad─▒ (bir kullanma y├Ânergeniz veya derleme ba┼şvurunuz eksik olabilir mi?) [C:\Users\─░brahim\Desktop\┼ŞUAN\KcetasProje\ProjeStaj.csproj]
C:\Users\─░brahim\Desktop\┼ŞUAN\KcetasProje\Services\Background\IsEmriOlusturucuBackgroundService.cs(142,39): error CS1061: 'IIsEmriService' bir 'Ekle' tan─▒m─▒ i├ğermiyor ve 'IIsEmriService' t├╝r├╝nde bir ilk ba─ş─▒ms─▒z de─şi┼şken kabul eden hi├ğbir eri┼şilebilir 'Ekle' geni┼şletme y├Ântemi bulunamad─▒ (bir kullanma y├Ânergeniz veya derleme ba┼şvurunuz eksik olabilir mi?) [C:\Users\─░brahim\Desktop\┼ŞUAN\KcetasProje\ProjeStaj.csproj]
C:\Users\─░brahim\Desktop\┼ŞUAN\KcetasProje\Controllers\SozlesmeController.cs(134,18): error CS1061: 'Task<List<Sozlesme>>' bir 'Where' tan─▒m─▒ i├ğermiyor ve 'Task<List<Sozlesme>>' t├╝r├╝nde bir ilk ba─ş─▒ms─▒z de─şi┼şken kabul eden hi├ğbir eri┼şilebilir 'Where' geni┼şletme y├Ântemi bulunamad─▒ (bir kullanma y├Ânergeniz veya derleme ba┼şvurunuz eksik olabilir mi?) [C:\Users\─░brahim\Desktop\┼ŞUAN\KcetasProje\ProjeStaj.csproj]
C:\Users\─░brahim\Desktop\┼ŞUAN\KcetasProje\Controllers\SozlesmeController.cs(140,18): error CS1061: 'Task<List<TuketimNoktasi>>' bir 'Where' tan─▒m─▒ i├ğermiyor ve 'Task<List<TuketimNoktasi>>' t├╝r├╝nde bir ilk ba─ş─▒ms─▒z de─şi┼şken kabul eden hi├ğbir eri┼şilebilir 'Where' geni┼şletme y├Ântemi bulunamad─▒ (bir kullanma y├Ânergeniz veya derleme ba┼şvurunuz eksik olabilir mi?) [C:\Users\─░brahim\Desktop\┼ŞUAN\KcetasProje\ProjeStaj.csproj]
C:\Users\─░brahim\Desktop\┼ŞUAN\KcetasProje\Controllers\FaturaController.cs(279,30): error CS1061: 'IAuditLogService' bir 'Ekle' tan─▒m─▒ i├ğermiyor ve 'IAuditLogService' t├╝r├╝nde bir ilk ba─ş─▒ms─▒z de─şi┼şken kabul eden hi├ğbir eri┼şilebilir 'Ekle' geni┼şletme y├Ântemi bulunamad─▒ (bir kullanma y├Ânergeniz veya derleme ba┼şvurunuz eksik olabilir mi?) [C:\Users\─░brahim\Desktop\┼ŞUAN\KcetasProje\ProjeStaj.csproj]
C:\Users\─░brahim\Desktop\┼ŞUAN\KcetasProje\Controllers\SozlesmeController.cs(165,22): error CS1061: 'Task<List<TuketimNoktasi>>' bir 'Where' tan─▒m─▒ i├ğermiyor ve 'Task<List<TuketimNoktasi>>' t├╝r├╝nde bir ilk ba─ş─▒ms─▒z de─şi┼şken kabul eden hi├ğbir eri┼şilebilir 'Where' geni┼şletme y├Ântemi bulunamad─▒ (bir kullanma y├Ânergeniz veya derleme ba┼şvurunuz eksik olabilir mi?) [C:\Users\─░brahim\Desktop\┼ŞUAN\KcetasProje\ProjeStaj.csproj]
C:\Users\─░brahim\Desktop\┼ŞUAN\KcetasProje\Controllers\TuketimNoktasiController.cs(140,30): error CS1061: 'IAuditLogService' bir 'Ekle' tan─▒m─▒ i├ğermiyor ve 'IAuditLogService' t├╝r├╝nde bir ilk ba─ş─▒ms─▒z de─şi┼şken kabul eden hi├ğbir eri┼şilebilir 'Ekle' geni┼şletme y├Ântemi bulunamad─▒ (bir kullanma y├Ânergeniz veya derleme ba┼şvurunuz eksik olabilir mi?) [C:\Users\─░brahim\Desktop\┼ŞUAN\KcetasProje\ProjeStaj.csproj]
C:\Users\─░brahim\Desktop\┼ŞUAN\KcetasProje\Controllers\TuketimNoktasiController.cs(175,42): error CS1061: 'IAuditLogService' bir 'Ekle' tan─▒m─▒ i├ğermiyor ve 'IAuditLogService' t├╝r├╝nde bir ilk ba─ş─▒ms─▒z de─şi┼şken kabul eden hi├ğbir eri┼şilebilir 'Ekle' geni┼şletme y├Ântemi bulunamad─▒ (bir kullanma y├Ânergeniz veya derleme ba┼şvurunuz eksik olabilir mi?) [C:\Users\─░brahim\Desktop\┼ŞUAN\KcetasProje\ProjeStaj.csproj]
C:\Users\─░brahim\Desktop\┼ŞUAN\KcetasProje\Controllers\SozlesmeController.cs(226,18): error CS1061: 'Task<List<Sozlesme>>' bir 'Where' tan─▒m─▒ i├ğermiyor ve 'Task<List<Sozlesme>>' t├╝r├╝nde bir ilk ba─ş─▒ms─▒z de─şi┼şken kabul eden hi├ğbir eri┼şilebilir 'Where' geni┼şletme y├Ântemi bulunamad─▒ (bir kullanma y├Ânergeniz veya derleme ba┼şvurunuz eksik olabilir mi?) [C:\Users\─░brahim\Desktop\┼ŞUAN\KcetasProje\ProjeStaj.csproj]
C:\Users\─░brahim\Desktop\┼ŞUAN\KcetasProje\Controllers\IsEmriController.cs(274,50): error CS1061: 'IAuditLogService' bir 'GetirByVarlik' tan─▒m─▒ i├ğermiyor ve 'IAuditLogService' t├╝r├╝nde bir ilk ba─ş─▒ms─▒z de─şi┼şken kabul eden hi├ğbir eri┼şilebilir 'GetirByVarlik' geni┼şletme y├Ântemi bulunamad─▒ (bir kullanma y├Ânergeniz veya derleme ba┼şvurunuz eksik olabilir mi?) [C:\Users\─░brahim\Desktop\┼ŞUAN\KcetasProje\ProjeStaj.csproj]
C:\Users\─░brahim\Desktop\┼ŞUAN\KcetasProje\Services\Api\ApiOutboxService.cs(106,37): warning CS8632: Bo┼ş de─şer atanabilir ba┼şvuru t├╝rleri i├ğin ek a├ğ─▒klama kodda yaln─▒zca bir '#nullable' ek a├ğ─▒klama ba─şlam─▒ i├ğinde kullan─▒lmal─▒d─▒r. [C:\Users\─░brahim\Desktop\┼ŞUAN\KcetasProje\ProjeStaj.csproj]
C:\Users\─░brahim\Desktop\┼ŞUAN\KcetasProje\Controllers\IsEmriController.cs(303,26): error CS1061: 'IAuditLogService' bir 'Ekle' tan─▒m─▒ i├ğermiyor ve 'IAuditLogService' t├╝r├╝nde bir ilk ba─ş─▒ms─▒z de─şi┼şken kabul eden hi├ğbir eri┼şilebilir 'Ekle' geni┼şletme y├Ântemi bulunamad─▒ (bir kullanma y├Ânergeniz veya derleme ba┼şvurunuz eksik olabilir mi?) [C:\Users\─░brahim\Desktop\┼ŞUAN\KcetasProje\ProjeStaj.csproj]
C:\Users\─░brahim\Desktop\┼ŞUAN\KcetasProje\Controllers\AboneController.cs(78,45): error CS1061: 'IAboneService' bir 'GetAll' tan─▒m─▒ i├ğermiyor ve 'IAboneService' t├╝r├╝nde bir ilk ba─ş─▒ms─▒z de─şi┼şken kabul eden hi├ğbir eri┼şilebilir 'GetAll' geni┼şletme y├Ântemi bulunamad─▒ (bir kullanma y├Ânergeniz veya derleme ba┼şvurunuz eksik olabilir mi?) [C:\Users\─░brahim\Desktop\┼ŞUAN\KcetasProje\ProjeStaj.csproj]
C:\Users\─░brahim\Desktop\┼ŞUAN\KcetasProje\Controllers\AboneController.cs(126,17): error CS1929: 'IAboneService' bir 'Create' tan─▒m─▒ i├ğermiyor ve en iyi geni┼şletme y├Ântemi yeniden y├╝klemesi olan 'FileSystemAclExtensions.Create(DirectoryInfo, DirectorySecurity)', 'System.IO.DirectoryInfo' t├╝r├╝n├╝n bir al─▒c─▒s─▒n─▒ gerektiriyor [C:\Users\─░brahim\Desktop\┼ŞUAN\KcetasProje\ProjeStaj.csproj]
C:\Users\─░brahim\Desktop\┼ŞUAN\KcetasProje\Controllers\AboneController.cs(131,50): error CS1061: 'IAboneService' bir 'GetAll' tan─▒m─▒ i├ğermiyor ve 'IAboneService' t├╝r├╝nde bir ilk ba─ş─▒ms─▒z de─şi┼şken kabul eden hi├ğbir eri┼şilebilir 'GetAll' geni┼şletme y├Ântemi bulunamad─▒ (bir kullanma y├Ânergeniz veya derleme ba┼şvurunuz eksik olabilir mi?) [C:\Users\─░brahim\Desktop\┼ŞUAN\KcetasProje\ProjeStaj.csproj]
C:\Users\─░brahim\Desktop\┼ŞUAN\KcetasProje\Controllers\AboneController.cs(139,39): error CS1061: 'IAboneService' bir 'Update' tan─▒m─▒ i├ğermiyor ve 'IAboneService' t├╝r├╝nde bir ilk ba─ş─▒ms─▒z de─şi┼şken kabul eden hi├ğbir eri┼şilebilir 'Update' geni┼şletme y├Ântemi bulunamad─▒ (bir kullanma y├Ânergeniz veya derleme ba┼şvurunuz eksik olabilir mi?) [C:\Users\─░brahim\Desktop\┼ŞUAN\KcetasProje\ProjeStaj.csproj]
C:\Users\─░brahim\Desktop\┼ŞUAN\KcetasProje\Controllers\AboneController.cs(143,34): error CS1061: 'IAuditLogService' bir 'Ekle' tan─▒m─▒ i├ğermiyor ve 'IAuditLogService' t├╝r├╝nde bir ilk ba─ş─▒ms─▒z de─şi┼şken kabul eden hi├ğbir eri┼şilebilir 'Ekle' geni┼şletme y├Ântemi bulunamad─▒ (bir kullanma y├Ânergeniz veya derleme ba┼şvurunuz eksik olabilir mi?) [C:\Users\─░brahim\Desktop\┼ŞUAN\KcetasProje\ProjeStaj.csproj]
C:\Users\─░brahim\Desktop\┼ŞUAN\KcetasProje\Controllers\IsEmriController.cs(327,26): error CS1061: 'IAuditLogService' bir 'Ekle' tan─▒m─▒ i├ğermiyor ve 'IAuditLogService' t├╝r├╝nde bir ilk ba─ş─▒ms─▒z de─şi┼şken kabul eden hi├ğbir eri┼şilebilir 'Ekle' geni┼şletme y├Ântemi bulunamad─▒ (bir kullanma y├Ânergeniz veya derleme ba┼şvurunuz eksik olabilir mi?) [C:\Users\─░brahim\Desktop\┼ŞUAN\KcetasProje\ProjeStaj.csproj]
C:\Users\─░brahim\Desktop\┼ŞUAN\KcetasProje\Controllers\AboneController.cs(162,39): error CS1061: 'IAboneService' bir 'GetById' tan─▒m─▒ i├ğermiyor ve 'IAboneService' t├╝r├╝nde bir ilk ba─ş─▒ms─▒z de─şi┼şken kabul eden hi├ğbir eri┼şilebilir 'GetById' geni┼şletme y├Ântemi bulunamad─▒ (bir kullanma y├Ânergeniz veya derleme ba┼şvurunuz eksik olabilir mi?) [C:\Users\─░brahim\Desktop\┼ŞUAN\KcetasProje\ProjeStaj.csproj]
C:\Users\─░brahim\Desktop\┼ŞUAN\KcetasProje\Controllers\AboneController.cs(178,39): error CS1061: 'IAboneService' bir 'GetById' tan─▒m─▒ i├ğermiyor ve 'IAboneService' t├╝r├╝nde bir ilk ba─ş─▒ms─▒z de─şi┼şken kabul eden hi├ğbir eri┼şilebilir 'GetById' geni┼şletme y├Ântemi bulunamad─▒ (bir kullanma y├Ânergeniz veya derleme ba┼şvurunuz eksik olabilir mi?) [C:\Users\─░brahim\Desktop\┼ŞUAN\KcetasProje\ProjeStaj.csproj]
C:\Users\─░brahim\Desktop\┼ŞUAN\KcetasProje\Controllers\TuketimNoktasiController.cs(298,34): error CS1061: 'IAuditLogService' bir 'Ekle' tan─▒m─▒ i├ğermiyor ve 'IAuditLogService' t├╝r├╝nde bir ilk ba─ş─▒ms─▒z de─şi┼şken kabul eden hi├ğbir eri┼şilebilir 'Ekle' geni┼şletme y├Ântemi bulunamad─▒ (bir kullanma y├Ânergeniz veya derleme ba┼şvurunuz eksik olabilir mi?) [C:\Users\─░brahim\Desktop\┼ŞUAN\KcetasProje\ProjeStaj.csproj]
C:\Users\─░brahim\Desktop\┼ŞUAN\KcetasProje\Controllers\AboneController.cs(199,45): error CS1061: 'IAboneService' bir 'GetAll' tan─▒m─▒ i├ğermiyor ve 'IAboneService' t├╝r├╝nde bir ilk ba─ş─▒ms─▒z de─şi┼şken kabul eden hi├ğbir eri┼şilebilir 'GetAll' geni┼şletme y├Ântemi bulunamad─▒ (bir kullanma y├Ânergeniz veya derleme ba┼şvurunuz eksik olabilir mi?) [C:\Users\─░brahim\Desktop\┼ŞUAN\KcetasProje\ProjeStaj.csproj]
C:\Users\─░brahim\Desktop\┼ŞUAN\KcetasProje\Controllers\AboneController.cs(212,43): error CS1061: 'IAboneService' bir 'GetById' tan─▒m─▒ i├ğermiyor ve 'IAboneService' t├╝r├╝nde bir ilk ba─ş─▒ms─▒z de─şi┼şken kabul eden hi├ğbir eri┼şilebilir 'GetById' geni┼şletme y├Ântemi bulunamad─▒ (bir kullanma y├Ânergeniz veya derleme ba┼şvurunuz eksik olabilir mi?) [C:\Users\─░brahim\Desktop\┼ŞUAN\KcetasProje\ProjeStaj.csproj]
C:\Users\─░brahim\Desktop\┼ŞUAN\KcetasProje\Controllers\AboneController.cs(238,31): error CS1061: 'IAboneService' bir 'Update' tan─▒m─▒ i├ğermiyor ve 'IAboneService' t├╝r├╝nde bir ilk ba─ş─▒ms─▒z de─şi┼şken kabul eden hi├ğbir eri┼şilebilir 'Update' geni┼şletme y├Ântemi bulunamad─▒ (bir kullanma y├Ânergeniz veya derleme ba┼şvurunuz eksik olabilir mi?) [C:\Users\─░brahim\Desktop\┼ŞUAN\KcetasProje\ProjeStaj.csproj]
C:\Users\─░brahim\Desktop\┼ŞUAN\KcetasProje\Controllers\AboneController.cs(240,34): error CS1061: 'IAuditLogService' bir 'Ekle' tan─▒m─▒ i├ğermiyor ve 'IAuditLogService' t├╝r├╝nde bir ilk ba─ş─▒ms─▒z de─şi┼şken kabul eden hi├ğbir eri┼şilebilir 'Ekle' geni┼şletme y├Ântemi bulunamad─▒ (bir kullanma y├Ânergeniz veya derleme ba┼şvurunuz eksik olabilir mi?) [C:\Users\─░brahim\Desktop\┼ŞUAN\KcetasProje\ProjeStaj.csproj]
C:\Users\─░brahim\Desktop\┼ŞUAN\KcetasProje\Controllers\AboneController.cs(261,27): error CS1061: 'IAboneService' bir 'Delete' tan─▒m─▒ i├ğermiyor ve 'IAboneService' t├╝r├╝nde bir ilk ba─ş─▒ms─▒z de─şi┼şken kabul eden hi├ğbir eri┼şilebilir 'Delete' geni┼şletme y├Ântemi bulunamad─▒ (bir kullanma y├Ânergeniz veya derleme ba┼şvurunuz eksik olabilir mi?) [C:\Users\─░brahim\Desktop\┼ŞUAN\KcetasProje\ProjeStaj.csproj]
C:\Users\─░brahim\Desktop\┼ŞUAN\KcetasProje\Controllers\AboneController.cs(263,30): error CS1061: 'IAuditLogService' bir 'Ekle' tan─▒m─▒ i├ğermiyor ve 'IAuditLogService' t├╝r├╝nde bir ilk ba─ş─▒ms─▒z de─şi┼şken kabul eden hi├ğbir eri┼şilebilir 'Ekle' geni┼şletme y├Ântemi bulunamad─▒ (bir kullanma y├Ânergeniz veya derleme ba┼şvurunuz eksik olabilir mi?) [C:\Users\─░brahim\Desktop\┼ŞUAN\KcetasProje\ProjeStaj.csproj]
C:\Users\─░brahim\Desktop\┼ŞUAN\KcetasProje\Controllers\IsEmriController.cs(524,48): error CS1061: 'IFaturaService' bir 'SimulasyonHesapla' tan─▒m─▒ i├ğermiyor ve 'IFaturaService' t├╝r├╝nde bir ilk ba─ş─▒ms─▒z de─şi┼şken kabul eden hi├ğbir eri┼şilebilir 'SimulasyonHesapla' geni┼şletme y├Ântemi bulunamad─▒ (bir kullanma y├Ânergeniz veya derleme ba┼şvurunuz eksik olabilir mi?) [C:\Users\─░brahim\Desktop\┼ŞUAN\KcetasProje\ProjeStaj.csproj]
C:\Users\─░brahim\Desktop\┼ŞUAN\KcetasProje\Controllers\IsEmriController.cs(562,26): error CS1061: 'IAuditLogService' bir 'Ekle' tan─▒m─▒ i├ğermiyor ve 'IAuditLogService' t├╝r├╝nde bir ilk ba─ş─▒ms─▒z de─şi┼şken kabul eden hi├ğbir eri┼şilebilir 'Ekle' geni┼şletme y├Ântemi bulunamad─▒ (bir kullanma y├Ânergeniz veya derleme ba┼şvurunuz eksik olabilir mi?) [C:\Users\─░brahim\Desktop\┼ŞUAN\KcetasProje\ProjeStaj.csproj]
C:\Users\─░brahim\Desktop\┼ŞUAN\KcetasProje\Controllers\EndeksOkumaController.cs(218,44): error CS1061: 'IFaturaService' bir 'SimulasyonHesapla' tan─▒m─▒ i├ğermiyor ve 'IFaturaService' t├╝r├╝nde bir ilk ba─ş─▒ms─▒z de─şi┼şken kabul eden hi├ğbir eri┼şilebilir 'SimulasyonHesapla' geni┼şletme y├Ântemi bulunamad─▒ (bir kullanma y├Ânergeniz veya derleme ba┼şvurunuz eksik olabilir mi?) [C:\Users\─░brahim\Desktop\┼ŞUAN\KcetasProje\ProjeStaj.csproj]
C:\Users\─░brahim\Desktop\┼ŞUAN\KcetasProje\Controllers\EndeksOkumaController.cs(315,18): error CS1061: 'Task<List<EndeksOkuma>>' bir 'Where' tan─▒m─▒ i├ğermiyor ve 'Task<List<EndeksOkuma>>' t├╝r├╝nde bir ilk ba─ş─▒ms─▒z de─şi┼şken kabul eden hi├ğbir eri┼şilebilir 'Where' geni┼şletme y├Ântemi bulunamad─▒ (bir kullanma y├Ânergeniz veya derleme ba┼şvurunuz eksik olabilir mi?) [C:\Users\─░brahim\Desktop\┼ŞUAN\KcetasProje\ProjeStaj.csproj]
C:\Users\─░brahim\Desktop\┼ŞUAN\KcetasProje\Controllers\EndeksOkumaController.cs(352,44): error CS1061: 'IFaturaService' bir 'SimulasyonHesapla' tan─▒m─▒ i├ğermiyor ve 'IFaturaService' t├╝r├╝nde bir ilk ba─ş─▒ms─▒z de─şi┼şken kabul eden hi├ğbir eri┼şilebilir 'SimulasyonHesapla' geni┼şletme y├Ântemi bulunamad─▒ (bir kullanma y├Ânergeniz veya derleme ba┼şvurunuz eksik olabilir mi?) [C:\Users\─░brahim\Desktop\┼ŞUAN\KcetasProje\ProjeStaj.csproj]
C:\Users\─░brahim\Desktop\┼ŞUAN\KcetasProje\Controllers\SayacController.cs(116,53): warning MVC1004: Property on type 'Sayac' has the same name as parameter 'model'. This may result in incorrect model binding. Consider renaming the parameter or the property to avoid conflicts. If the type 'Sayac' has a custom type converter or custom model binder, you can suppress this message. (https://aka.ms/AA20pbc) [C:\Users\─░brahim\Desktop\┼ŞUAN\KcetasProje\ProjeStaj.csproj]

Olu┼şturma BA┼ŞARISIZ OLDU.

C:\Users\─░brahim\Desktop\┼ŞUAN\KcetasProje\Extensions\StringKvkkExtensions.cs(10,49): warning CS8632: Bo┼ş de─şer atanabilir ba┼şvuru t├╝rleri i├ğin ek a├ğ─▒klama kodda yaln─▒zca bir '#nullable' ek a├ğ─▒klama ba─şlam─▒ i├ğinde kullan─▒lmal─▒d─▒r. [C:\Users\─░brahim\Desktop\┼ŞUAN\KcetasProje\ProjeStaj.csproj]
C:\Users\─░brahim\Desktop\┼ŞUAN\KcetasProje\Extensions\StringKvkkExtensions.cs(32,54): warning CS8632: Bo┼ş de─şer atanabilir ba┼şvuru t├╝rleri i├ğin ek a├ğ─▒klama kodda yaln─▒zca bir '#nullable' ek a├ğ─▒klama ba─şlam─▒ i├ğinde kullan─▒lmal─▒d─▒r. [C:\Users\─░brahim\Desktop\┼ŞUAN\KcetasProje\ProjeStaj.csproj]
C:\Users\─░brahim\Desktop\┼ŞUAN\KcetasProje\Services\Api\ApiAboneService.cs(81,55): warning CS8632: Bo┼ş de─şer atanabilir ba┼şvuru t├╝rleri i├ğin ek a├ğ─▒klama kodda yaln─▒zca bir '#nullable' ek a├ğ─▒klama ba─şlam─▒ i├ğinde kullan─▒lmal─▒d─▒r. [C:\Users\─░brahim\Desktop\┼ŞUAN\KcetasProje\ProjeStaj.csproj]
C:\Users\─░brahim\Desktop\┼ŞUAN\KcetasProje\ViewModels\AboneEkleViewModel.cs(13,22): warning CS8632: Bo┼ş de─şer atanabilir ba┼şvuru t├╝rleri i├ğin ek a├ğ─▒klama kodda yaln─▒zca bir '#nullable' ek a├ğ─▒klama ba─şlam─▒ i├ğinde kullan─▒lmal─▒d─▒r. [C:\Users\─░brahim\Desktop\┼ŞUAN\KcetasProje\ProjeStaj.csproj]
C:\Users\─░brahim\Desktop\┼ŞUAN\KcetasProje\ViewModels\AboneEkleViewModel.cs(14,22): warning CS8632: Bo┼ş de─şer atanabilir ba┼şvuru t├╝rleri i├ğin ek a├ğ─▒klama kodda yaln─▒zca bir '#nullable' ek a├ğ─▒klama ba─şlam─▒ i├ğinde kullan─▒lmal─▒d─▒r. [C:\Users\─░brahim\Desktop\┼ŞUAN\KcetasProje\ProjeStaj.csproj]
C:\Users\─░brahim\Desktop\┼ŞUAN\KcetasProje\Controllers\OutboxController.cs(27,50): warning CS8632: Bo┼ş de─şer atanabilir ba┼şvuru t├╝rleri i├ğin ek a├ğ─▒klama kodda yaln─▒zca bir '#nullable' ek a├ğ─▒klama ba─şlam─▒ i├ğinde kullan─▒lmal─▒d─▒r. [C:\Users\─░brahim\Desktop\┼ŞUAN\KcetasProje\ProjeStaj.csproj]
C:\Users\─░brahim\Desktop\┼ŞUAN\KcetasProje\Controllers\OutboxController.cs(27,65): warning CS8632: Bo┼ş de─şer atanabilir ba┼şvuru t├╝rleri i├ğin ek a├ğ─▒klama kodda yaln─▒zca bir '#nullable' ek a├ğ─▒klama ba─şlam─▒ i├ğinde kullan─▒lmal─▒d─▒r. [C:\Users\─░brahim\Desktop\┼ŞUAN\KcetasProje\ProjeStaj.csproj]
C:\Users\─░brahim\Desktop\┼ŞUAN\KcetasProje\Services\Interfaces\IEndeksOkumaService.cs(11,44): warning CS8632: Bo┼ş de─şer atanabilir ba┼şvuru t├╝rleri i├ğin ek a├ğ─▒klama kodda yaln─▒zca bir '#nullable' ek a├ğ─▒klama ba─şlam─▒ i├ğinde kullan─▒lmal─▒d─▒r. [C:\Users\─░brahim\Desktop\┼ŞUAN\KcetasProje\ProjeStaj.csproj]
C:\Users\─░brahim\Desktop\┼ŞUAN\KcetasProje\Services\Interfaces\IEndeksOkumaService.cs(14,15): warning CS8632: Bo┼ş de─şer atanabilir ba┼şvuru t├╝rleri i├ğin ek a├ğ─▒klama kodda yaln─▒zca bir '#nullable' ek a├ğ─▒klama ba─şlam─▒ i├ğinde kullan─▒lmal─▒d─▒r. [C:\Users\─░brahim\Desktop\┼ŞUAN\KcetasProje\ProjeStaj.csproj]
C:\Users\─░brahim\Desktop\┼ŞUAN\KcetasProje\Services\Interfaces\IEndeksOkumaService.cs(15,15): warning CS8632: Bo┼ş de─şer atanabilir ba┼şvuru t├╝rleri i├ğin ek a├ğ─▒klama kodda yaln─▒zca bir '#nullable' ek a├ğ─▒klama ba─şlam─▒ i├ğinde kullan─▒lmal─▒d─▒r. [C:\Users\─░brahim\Desktop\┼ŞUAN\KcetasProje\ProjeStaj.csproj]
C:\Users\─░brahim\Desktop\┼ŞUAN\KcetasProje\Services\Interfaces\IEndeksOkumaService.cs(18,15): warning CS8632: Bo┼ş de─şer atanabilir ba┼şvuru t├╝rleri i├ğin ek a├ğ─▒klama kodda yaln─▒zca bir '#nullable' ek a├ğ─▒klama ba─şlam─▒ i├ğinde kullan─▒lmal─▒d─▒r. [C:\Users\─░brahim\Desktop\┼ŞUAN\KcetasProje\ProjeStaj.csproj]
C:\Users\─░brahim\Desktop\┼ŞUAN\KcetasProje\ViewModels\AboneListeViewModel.cs(7,22): warning CS8632: Bo┼ş de─şer atanabilir ba┼şvuru t├╝rleri i├ğin ek a├ğ─▒klama kodda yaln─▒zca bir '#nullable' ek a├ğ─▒klama ba─şlam─▒ i├ğinde kullan─▒lmal─▒d─▒r. [C:\Users\─░brahim\Desktop\┼ŞUAN\KcetasProje\ProjeStaj.csproj]
C:\Users\─░brahim\Desktop\┼ŞUAN\KcetasProje\ViewModels\AboneListeViewModel.cs(8,22): warning CS8632: Bo┼ş de─şer atanabilir ba┼şvuru t├╝rleri i├ğin ek a├ğ─▒klama kodda yaln─▒zca bir '#nullable' ek a├ğ─▒klama ba─şlam─▒ i├ğinde kullan─▒lmal─▒d─▒r. [C:\Users\─░brahim\Desktop\┼ŞUAN\KcetasProje\ProjeStaj.csproj]
C:\Users\─░brahim\Desktop\┼ŞUAN\KcetasProje\ViewModels\AboneListeViewModel.cs(9,22): warning CS8632: Bo┼ş de─şer atanabilir ba┼şvuru t├╝rleri i├ğin ek a├ğ─▒klama kodda yaln─▒zca bir '#nullable' ek a├ğ─▒klama ba─şlam─▒ i├ğinde kullan─▒lmal─▒d─▒r. [C:\Users\─░brahim\Desktop\┼ŞUAN\KcetasProje\ProjeStaj.csproj]
C:\Users\─░brahim\Desktop\┼ŞUAN\KcetasProje\Services\Api\ApiEndeksOkumaService.cs(39,61): warning CS8632: Bo┼ş de─şer atanabilir ba┼şvuru t├╝rleri i├ğin ek a├ğ─▒klama kodda yaln─▒zca bir '#nullable' ek a├ğ─▒klama ba─şlam─▒ i├ğinde kullan─▒lmal─▒d─▒r. [C:\Users\─░brahim\Desktop\┼ŞUAN\KcetasProje\ProjeStaj.csproj]
C:\Users\─░brahim\Desktop\┼ŞUAN\KcetasProje\Services\Api\ApiEndeksOkumaService.cs(51,89): warning CS8632: Bo┼ş de─şer atanabilir ba┼şvuru t├╝rleri i├ğin ek a├ğ─▒klama kodda yaln─▒zca bir '#nullable' ek a├ğ─▒klama ba─şlam─▒ i├ğinde kullan─▒lmal─▒d─▒r. [C:\Users\─░brahim\Desktop\┼ŞUAN\KcetasProje\ProjeStaj.csproj]
C:\Users\─░brahim\Desktop\┼ŞUAN\KcetasProje\Services\Api\ApiEndeksOkumaService.cs(51,108): warning CS8632: Bo┼ş de─şer atanabilir ba┼şvuru t├╝rleri i├ğin ek a├ğ─▒klama kodda yaln─▒zca bir '#nullable' ek a├ğ─▒klama ba─şlam─▒ i├ğinde kullan─▒lmal─▒d─▒r. [C:\Users\─░brahim\Desktop\┼ŞUAN\KcetasProje\ProjeStaj.csproj]
C:\Users\─░brahim\Desktop\┼ŞUAN\KcetasProje\Services\Api\ApiEndeksOkumaService.cs(51,161): warning CS8632: Bo┼ş de─şer atanabilir ba┼şvuru t├╝rleri i├ğin ek a├ğ─▒klama kodda yaln─▒zca bir '#nullable' ek a├ğ─▒klama ba─şlam─▒ i├ğinde kullan─▒lmal─▒d─▒r. [C:\Users\─░brahim\Desktop\┼ŞUAN\KcetasProje\ProjeStaj.csproj]
C:\Users\─░brahim\Desktop\┼ŞUAN\KcetasProje\Services\Api\ApiFaturaService.cs(114,33): warning CS8632: Bo┼ş de─şer atanabilir ba┼şvuru t├╝rleri i├ğin ek a├ğ─▒klama kodda yaln─▒zca bir '#nullable' ek a├ğ─▒klama ba─şlam─▒ i├ğinde kullan─▒lmal─▒d─▒r. [C:\Users\─░brahim\Desktop\┼ŞUAN\KcetasProje\ProjeStaj.csproj]
C:\Users\─░brahim\Desktop\┼ŞUAN\KcetasProje\ViewModels\AdminListeViewModel.cs(8,22): warning CS8632: Bo┼ş de─şer atanabilir ba┼şvuru t├╝rleri i├ğin ek a├ğ─▒klama kodda yaln─▒zca bir '#nullable' ek a├ğ─▒klama ba─şlam─▒ i├ğinde kullan─▒lmal─▒d─▒r. [C:\Users\─░brahim\Desktop\┼ŞUAN\KcetasProje\ProjeStaj.csproj]
C:\Users\─░brahim\Desktop\┼ŞUAN\KcetasProje\ViewModels\AdminListeViewModel.cs(9,22): warning CS8632: Bo┼ş de─şer atanabilir ba┼şvuru t├╝rleri i├ğin ek a├ğ─▒klama kodda yaln─▒zca bir '#nullable' ek a├ğ─▒klama ba─şlam─▒ i├ğinde kullan─▒lmal─▒d─▒r. [C:\Users\─░brahim\Desktop\┼ŞUAN\KcetasProje\ProjeStaj.csproj]
C:\Users\─░brahim\Desktop\┼ŞUAN\KcetasProje\ViewModels\AdminViewModels.cs(10,22): warning CS8632: Bo┼ş de─şer atanabilir ba┼şvuru t├╝rleri i├ğin ek a├ğ─▒klama kodda yaln─▒zca bir '#nullable' ek a├ğ─▒klama ba─şlam─▒ i├ğinde kullan─▒lmal─▒d─▒r. [C:\Users\─░brahim\Desktop\┼ŞUAN\KcetasProje\ProjeStaj.csproj]
C:\Users\─░brahim\Desktop\┼ŞUAN\KcetasProje\ViewModels\AdminViewModels.cs(13,22): warning CS8632: Bo┼ş de─şer atanabilir ba┼şvuru t├╝rleri i├ğin ek a├ğ─▒klama kodda yaln─▒zca bir '#nullable' ek a├ğ─▒klama ba─şlam─▒ i├ğinde kullan─▒lmal─▒d─▒r. [C:\Users\─░brahim\Desktop\┼ŞUAN\KcetasProje\ProjeStaj.csproj]
C:\Users\─░brahim\Desktop\┼ŞUAN\KcetasProje\Services\Api\ApiIsEmriService.cs(86,33): warning CS8632: Bo┼ş de─şer atanabilir ba┼şvuru t├╝rleri i├ğin ek a├ğ─▒klama kodda yaln─▒zca bir '#nullable' ek a├ğ─▒klama ba─şlam─▒ i├ğinde kullan─▒lmal─▒d─▒r. [C:\Users\─░brahim\Desktop\┼ŞUAN\KcetasProje\ProjeStaj.csproj]
C:\Users\─░brahim\Desktop\┼ŞUAN\KcetasProje\Services\Api\ApiKullaniciDeposu.cs(25,36): warning CS8632: Bo┼ş de─şer atanabilir ba┼şvuru t├╝rleri i├ğin ek a├ğ─▒klama kodda yaln─▒zca bir '#nullable' ek a├ğ─▒klama ba─şlam─▒ i├ğinde kullan─▒lmal─▒d─▒r. [C:\Users\─░brahim\Desktop\┼ŞUAN\KcetasProje\ProjeStaj.csproj]
C:\Users\─░brahim\Desktop\┼ŞUAN\KcetasProje\Services\Api\ApiKullaniciDeposu.cs(31,36): warning CS8632: Bo┼ş de─şer atanabilir ba┼şvuru t├╝rleri i├ğin ek a├ğ─▒klama kodda yaln─▒zca bir '#nullable' ek a├ğ─▒klama ba─şlam─▒ i├ğinde kullan─▒lmal─▒d─▒r. [C:\Users\─░brahim\Desktop\┼ŞUAN\KcetasProje\ProjeStaj.csproj]
C:\Users\─░brahim\Desktop\┼ŞUAN\KcetasProje\Services\Interfaces\IFaturaService.cs(30,56): warning CS8632: Bo┼ş de─şer atanabilir ba┼şvuru t├╝rleri i├ğin ek a├ğ─▒klama kodda yaln─▒zca bir '#nullable' ek a├ğ─▒klama ba─şlam─▒ i├ğinde kullan─▒lmal─▒d─▒r. [C:\Users\─░brahim\Desktop\┼ŞUAN\KcetasProje\ProjeStaj.csproj]
C:\Users\─░brahim\Desktop\┼ŞUAN\KcetasProje\Services\Api\ApiIsEmriService.cs(103,61): warning CS8632: Bo┼ş de─şer atanabilir ba┼şvuru t├╝rleri i├ğin ek a├ğ─▒klama kodda yaln─▒zca bir '#nullable' ek a├ğ─▒klama ba─şlam─▒ i├ğinde kullan─▒lmal─▒d─▒r. [C:\Users\─░brahim\Desktop\┼ŞUAN\KcetasProje\ProjeStaj.csproj]
C:\Users\─░brahim\Desktop\┼ŞUAN\KcetasProje\Services\Api\ApiIsEmriService.cs(103,74): warning CS8632: Bo┼ş de─şer atanabilir ba┼şvuru t├╝rleri i├ğin ek a├ğ─▒klama kodda yaln─▒zca bir '#nullable' ek a├ğ─▒klama ba─şlam─▒ i├ğinde kullan─▒lmal─▒d─▒r. [C:\Users\─░brahim\Desktop\┼ŞUAN\KcetasProje\ProjeStaj.csproj]
C:\Users\─░brahim\Desktop\┼ŞUAN\KcetasProje\Services\Api\ApiIsEmriService.cs(103,127): warning CS8632: Bo┼ş de─şer atanabilir ba┼şvuru t├╝rleri i├ğin ek a├ğ─▒klama kodda yaln─▒zca bir '#nullable' ek a├ğ─▒klama ba─şlam─▒ i├ğinde kullan─▒lmal─▒d─▒r. [C:\Users\─░brahim\Desktop\┼ŞUAN\KcetasProje\ProjeStaj.csproj]
C:\Users\─░brahim\Desktop\┼ŞUAN\KcetasProje\Services\Api\ApiIsEmriService.cs(131,104): warning CS8632: Bo┼ş de─şer atanabilir ba┼şvuru t├╝rleri i├ğin ek a├ğ─▒klama kodda yaln─▒zca bir '#nullable' ek a├ğ─▒klama ba─şlam─▒ i├ğinde kullan─▒lmal─▒d─▒r. [C:\Users\─░brahim\Desktop\┼ŞUAN\KcetasProje\ProjeStaj.csproj]
C:\Users\─░brahim\Desktop\┼ŞUAN\KcetasProje\Services\Api\ApiIsEmriService.cs(131,121): warning CS8632: Bo┼ş de─şer atanabilir ba┼şvuru t├╝rleri i├ğin ek a├ğ─▒klama kodda yaln─▒zca bir '#nullable' ek a├ğ─▒klama ba─şlam─▒ i├ğinde kullan─▒lmal─▒d─▒r. [C:\Users\─░brahim\Desktop\┼ŞUAN\KcetasProje\ProjeStaj.csproj]
C:\Users\─░brahim\Desktop\┼ŞUAN\KcetasProje\Services\Api\ApiIsEmriService.cs(131,183): warning CS8632: Bo┼ş de─şer atanabilir ba┼şvuru t├╝rleri i├ğin ek a├ğ─▒klama kodda yaln─▒zca bir '#nullable' ek a├ğ─▒klama ba─şlam─▒ i├ğinde kullan─▒lmal─▒d─▒r. [C:\Users\─░brahim\Desktop\┼ŞUAN\KcetasProje\ProjeStaj.csproj]
C:\Users\─░brahim\Desktop\┼ŞUAN\KcetasProje\Services\Api\ApiIsEmriService.cs(131,204): warning CS8632: Bo┼ş de─şer atanabilir ba┼şvuru t├╝rleri i├ğin ek a├ğ─▒klama kodda yaln─▒zca bir '#nullable' ek a├ğ─▒klama ba─şlam─▒ i├ğinde kullan─▒lmal─▒d─▒r. [C:\Users\─░brahim\Desktop\┼ŞUAN\KcetasProje\ProjeStaj.csproj]
C:\Users\─░brahim\Desktop\┼ŞUAN\KcetasProje\Services\Interfaces\IKullaniciDeposu.cs(9,23): warning CS8632: Bo┼ş de─şer atanabilir ba┼şvuru t├╝rleri i├ğin ek a├ğ─▒klama kodda yaln─▒zca bir '#nullable' ek a├ğ─▒klama ba─şlam─▒ i├ğinde kullan─▒lmal─▒d─▒r. [C:\Users\─░brahim\Desktop\┼ŞUAN\KcetasProje\ProjeStaj.csproj]
C:\Users\─░brahim\Desktop\┼ŞUAN\KcetasProje\Services\Interfaces\IKullaniciDeposu.cs(11,23): warning CS8632: Bo┼ş de─şer atanabilir ba┼şvuru t├╝rleri i├ğin ek a├ğ─▒klama kodda yaln─▒zca bir '#nullable' ek a├ğ─▒klama ba─şlam─▒ i├ğinde kullan─▒lmal─▒d─▒r. [C:\Users\─░brahim\Desktop\┼ŞUAN\KcetasProje\ProjeStaj.csproj]
C:\Users\─░brahim\Desktop\┼ŞUAN\KcetasProje\Services\Interfaces\IIsEmriService.cs(11,16): warning CS8632: Bo┼ş de─şer atanabilir ba┼şvuru t├╝rleri i├ğin ek a├ğ─▒klama kodda yaln─▒zca bir '#nullable' ek a├ğ─▒klama ba─şlam─▒ i├ğinde kullan─▒lmal─▒d─▒r. [C:\Users\─░brahim\Desktop\┼ŞUAN\KcetasProje\ProjeStaj.csproj]
C:\Users\─░brahim\Desktop\┼ŞUAN\KcetasProje\Services\Api\ApiOutboxService.cs(41,44): warning CS8632: Bo┼ş de─şer atanabilir ba┼şvuru t├╝rleri i├ğin ek a├ğ─▒klama kodda yaln─▒zca bir '#nullable' ek a├ğ─▒klama ba─şlam─▒ i├ğinde kullan─▒lmal─▒d─▒r. [C:\Users\─░brahim\Desktop\┼ŞUAN\KcetasProje\ProjeStaj.csproj]
C:\Users\─░brahim\Desktop\┼ŞUAN\KcetasProje\Services\Api\ApiOutboxService.cs(57,72): warning CS8632: Bo┼ş de─şer atanabilir ba┼şvuru t├╝rleri i├ğin ek a├ğ─▒klama kodda yaln─▒zca bir '#nullable' ek a├ğ─▒klama ba─şlam─▒ i├ğinde kullan─▒lmal─▒d─▒r. [C:\Users\─░brahim\Desktop\┼ŞUAN\KcetasProje\ProjeStaj.csproj]
C:\Users\─░brahim\Desktop\┼ŞUAN\KcetasProje\Services\Api\ApiOutboxService.cs(57,87): warning CS8632: Bo┼ş de─şer atanabilir ba┼şvuru t├╝rleri i├ğin ek a├ğ─▒klama kodda yaln─▒zca bir '#nullable' ek a├ğ─▒klama ba─şlam─▒ i├ğinde kullan─▒lmal─▒d─▒r. [C:\Users\─░brahim\Desktop\┼ŞUAN\KcetasProje\ProjeStaj.csproj]
C:\Users\─░brahim\Desktop\┼ŞUAN\KcetasProje\ViewModels\BelgelerListeViewModel.cs(20,22): warning CS8632: Bo┼ş de─şer atanabilir ba┼şvuru t├╝rleri i├ğin ek a├ğ─▒klama kodda yaln─▒zca bir '#nullable' ek a├ğ─▒klama ba─şlam─▒ i├ğinde kullan─▒lmal─▒d─▒r. [C:\Users\─░brahim\Desktop\┼ŞUAN\KcetasProje\ProjeStaj.csproj]
C:\Users\─░brahim\Desktop\┼ŞUAN\KcetasProje\ViewModels\BelgelerListeViewModel.cs(21,22): warning CS8632: Bo┼ş de─şer atanabilir ba┼şvuru t├╝rleri i├ğin ek a├ğ─▒klama kodda yaln─▒zca bir '#nullable' ek a├ğ─▒klama ba─şlam─▒ i├ğinde kullan─▒lmal─▒d─▒r. [C:\Users\─░brahim\Desktop\┼ŞUAN\KcetasProje\ProjeStaj.csproj]
C:\Users\─░brahim\Desktop\┼ŞUAN\KcetasProje\Services\Interfaces\IOutboxService.cs(10,27): warning CS8632: Bo┼ş de─şer atanabilir ba┼şvuru t├╝rleri i├ğin ek a├ğ─▒klama kodda yaln─▒zca bir '#nullable' ek a├ğ─▒klama ba─şlam─▒ i├ğinde kullan─▒lmal─▒d─▒r. [C:\Users\─░brahim\Desktop\┼ŞUAN\KcetasProje\ProjeStaj.csproj]
C:\Users\─░brahim\Desktop\┼ŞUAN\KcetasProje\Services\Interfaces\IOutboxService.cs(11,55): warning CS8632: Bo┼ş de─şer atanabilir ba┼şvuru t├╝rleri i├ğin ek a├ğ─▒klama kodda yaln─▒zca bir '#nullable' ek a├ğ─▒klama ba─şlam─▒ i├ğinde kullan─▒lmal─▒d─▒r. [C:\Users\─░brahim\Desktop\┼ŞUAN\KcetasProje\ProjeStaj.csproj]
C:\Users\─░brahim\Desktop\┼ŞUAN\KcetasProje\Services\Interfaces\IOutboxService.cs(11,70): warning CS8632: Bo┼ş de─şer atanabilir ba┼şvuru t├╝rleri i├ğin ek a├ğ─▒klama kodda yaln─▒zca bir '#nullable' ek a├ğ─▒klama ba─şlam─▒ i├ğinde kullan─▒lmal─▒d─▒r. [C:\Users\─░brahim\Desktop\┼ŞUAN\KcetasProje\ProjeStaj.csproj]
C:\Users\─░brahim\Desktop\┼ŞUAN\KcetasProje\Services\Api\ApiSayacService.cs(38,32): warning CS8632: Bo┼ş de─şer atanabilir ba┼şvuru t├╝rleri i├ğin ek a├ğ─▒klama kodda yaln─▒zca bir '#nullable' ek a├ğ─▒klama ba─şlam─▒ i├ğinde kullan─▒lmal─▒d─▒r. [C:\Users\─░brahim\Desktop\┼ŞUAN\KcetasProje\ProjeStaj.csproj]
C:\Users\─░brahim\Desktop\┼ŞUAN\KcetasProje\ViewModels\AdminViewModels.cs(16,22): warning CS8632: Bo┼ş de─şer atanabilir ba┼şvuru t├╝rleri i├ğin ek a├ğ─▒klama kodda yaln─▒zca bir '#nullable' ek a├ğ─▒klama ba─şlam─▒ i├ğinde kullan─▒lmal─▒d─▒r. [C:\Users\─░brahim\Desktop\┼ŞUAN\KcetasProje\ProjeStaj.csproj]
C:\Users\─░brahim\Desktop\┼ŞUAN\KcetasProje\ViewModels\AdminViewModels.cs(19,22): warning CS8632: Bo┼ş de─şer atanabilir ba┼şvuru t├╝rleri i├ğin ek a├ğ─▒klama kodda yaln─▒zca bir '#nullable' ek a├ğ─▒klama ba─şlam─▒ i├ğinde kullan─▒lmal─▒d─▒r. [C:\Users\─░brahim\Desktop\┼ŞUAN\KcetasProje\ProjeStaj.csproj]
C:\Users\─░brahim\Desktop\┼ŞUAN\KcetasProje\ViewModels\AdminViewModels.cs(26,22): warning CS8632: Bo┼ş de─şer atanabilir ba┼şvuru t├╝rleri i├ğin ek a├ğ─▒klama kodda yaln─▒zca bir '#nullable' ek a├ğ─▒klama ba─şlam─▒ i├ğinde kullan─▒lmal─▒d─▒r. [C:\Users\─░brahim\Desktop\┼ŞUAN\KcetasProje\ProjeStaj.csproj]
C:\Users\─░brahim\Desktop\┼ŞUAN\KcetasProje\ViewModels\AdminViewModels.cs(35,22): warning CS8632: Bo┼ş de─şer atanabilir ba┼şvuru t├╝rleri i├ğin ek a├ğ─▒klama kodda yaln─▒zca bir '#nullable' ek a├ğ─▒klama ba─şlam─▒ i├ğinde kullan─▒lmal─▒d─▒r. [C:\Users\─░brahim\Desktop\┼ŞUAN\KcetasProje\ProjeStaj.csproj]
C:\Users\─░brahim\Desktop\┼ŞUAN\KcetasProje\Services\Api\ApiSozlesmeService.cs(60,35): warning CS8632: Bo┼ş de─şer atanabilir ba┼şvuru t├╝rleri i├ğin ek a├ğ─▒klama kodda yaln─▒zca bir '#nullable' ek a├ğ─▒klama ba─şlam─▒ i├ğinde kullan─▒lmal─▒d─▒r. [C:\Users\─░brahim\Desktop\┼ŞUAN\KcetasProje\ProjeStaj.csproj]
C:\Users\─░brahim\Desktop\┼ŞUAN\KcetasProje\ViewModels\EndeksOkumaListeViewModel.cs(8,22): warning CS8632: Bo┼ş de─şer atanabilir ba┼şvuru t├╝rleri i├ğin ek a├ğ─▒klama kodda yaln─▒zca bir '#nullable' ek a├ğ─▒klama ba─şlam─▒ i├ğinde kullan─▒lmal─▒d─▒r. [C:\Users\─░brahim\Desktop\┼ŞUAN\KcetasProje\ProjeStaj.csproj]
C:\Users\─░brahim\Desktop\┼ŞUAN\KcetasProje\Models\entities\kullanici.cs(11,22): warning CS8632: Bo┼ş de─şer atanabilir ba┼şvuru t├╝rleri i├ğin ek a├ğ─▒klama kodda yaln─▒zca bir '#nullable' ek a├ğ─▒klama ba─şlam─▒ i├ğinde kullan─▒lmal─▒d─▒r. [C:\Users\─░brahim\Desktop\┼ŞUAN\KcetasProje\ProjeStaj.csproj]
C:\Users\─░brahim\Desktop\┼ŞUAN\KcetasProje\Models\entities\kullanici.cs(14,22): warning CS8632: Bo┼ş de─şer atanabilir ba┼şvuru t├╝rleri i├ğin ek a├ğ─▒klama kodda yaln─▒zca bir '#nullable' ek a├ğ─▒klama ba─şlam─▒ i├ğinde kullan─▒lmal─▒d─▒r. [C:\Users\─░brahim\Desktop\┼ŞUAN\KcetasProje\ProjeStaj.csproj]
C:\Users\─░brahim\Desktop\┼ŞUAN\KcetasProje\ViewModels\EndeksOkumaListeViewModel.cs(9,22): warning CS8632: Bo┼ş de─şer atanabilir ba┼şvuru t├╝rleri i├ğin ek a├ğ─▒klama kodda yaln─▒zca bir '#nullable' ek a├ğ─▒klama ba─şlam─▒ i├ğinde kullan─▒lmal─▒d─▒r. [C:\Users\─░brahim\Desktop\┼ŞUAN\KcetasProje\ProjeStaj.csproj]
C:\Users\─░brahim\Desktop\┼ŞUAN\KcetasProje\Models\entities\kullanici.cs(17,22): warning CS8632: Bo┼ş de─şer atanabilir ba┼şvuru t├╝rleri i├ğin ek a├ğ─▒klama kodda yaln─▒zca bir '#nullable' ek a├ğ─▒klama ba─şlam─▒ i├ğinde kullan─▒lmal─▒d─▒r. [C:\Users\─░brahim\Desktop\┼ŞUAN\KcetasProje\ProjeStaj.csproj]
C:\Users\─░brahim\Desktop\┼ŞUAN\KcetasProje\Models\entities\kullanici.cs(20,22): warning CS8632: Bo┼ş de─şer atanabilir ba┼şvuru t├╝rleri i├ğin ek a├ğ─▒klama kodda yaln─▒zca bir '#nullable' ek a├ğ─▒klama ba─şlam─▒ i├ğinde kullan─▒lmal─▒d─▒r. [C:\Users\─░brahim\Desktop\┼ŞUAN\KcetasProje\ProjeStaj.csproj]
C:\Users\─░brahim\Desktop\┼ŞUAN\KcetasProje\Models\entities\kullanici.cs(23,22): warning CS8632: Bo┼ş de─şer atanabilir ba┼şvuru t├╝rleri i├ğin ek a├ğ─▒klama kodda yaln─▒zca bir '#nullable' ek a├ğ─▒klama ba─şlam─▒ i├ğinde kullan─▒lmal─▒d─▒r. [C:\Users\─░brahim\Desktop\┼ŞUAN\KcetasProje\ProjeStaj.csproj]
C:\Users\─░brahim\Desktop\┼ŞUAN\KcetasProje\ViewModels\EndeksOkumaListeViewModel.cs(12,22): warning CS8632: Bo┼ş de─şer atanabilir ba┼şvuru t├╝rleri i├ğin ek a├ğ─▒klama kodda yaln─▒zca bir '#nullable' ek a├ğ─▒klama ba─şlam─▒ i├ğinde kullan─▒lmal─▒d─▒r. [C:\Users\─░brahim\Desktop\┼ŞUAN\KcetasProje\ProjeStaj.csproj]
C:\Users\─░brahim\Desktop\┼ŞUAN\KcetasProje\ViewModels\EndeksOkumaListeViewModel.cs(14,22): warning CS8632: Bo┼ş de─şer atanabilir ba┼şvuru t├╝rleri i├ğin ek a├ğ─▒klama kodda yaln─▒zca bir '#nullable' ek a├ğ─▒klama ba─şlam─▒ i├ğinde kullan─▒lmal─▒d─▒r. [C:\Users\─░brahim\Desktop\┼ŞUAN\KcetasProje\ProjeStaj.csproj]
C:\Users\─░brahim\Desktop\┼ŞUAN\KcetasProje\ViewModels\EndeksOkumaListeViewModel.cs(15,22): warning CS8632: Bo┼ş de─şer atanabilir ba┼şvuru t├╝rleri i├ğin ek a├ğ─▒klama kodda yaln─▒zca bir '#nullable' ek a├ğ─▒klama ba─şlam─▒ i├ğinde kullan─▒lmal─▒d─▒r. [C:\Users\─░brahim\Desktop\┼ŞUAN\KcetasProje\ProjeStaj.csproj]
C:\Users\─░brahim\Desktop\┼ŞUAN\KcetasProje\Models\entities\AuditLog.cs(14,22): warning CS8632: Bo┼ş de─şer atanabilir ba┼şvuru t├╝rleri i├ğin ek a├ğ─▒klama kodda yaln─▒zca bir '#nullable' ek a├ğ─▒klama ba─şlam─▒ i├ğinde kullan─▒lmal─▒d─▒r. [C:\Users\─░brahim\Desktop\┼ŞUAN\KcetasProje\ProjeStaj.csproj]
C:\Users\─░brahim\Desktop\┼ŞUAN\KcetasProje\ViewModels\EndeksOkumaListeViewModel.cs(16,22): warning CS8632: Bo┼ş de─şer atanabilir ba┼şvuru t├╝rleri i├ğin ek a├ğ─▒klama kodda yaln─▒zca bir '#nullable' ek a├ğ─▒klama ba─şlam─▒ i├ğinde kullan─▒lmal─▒d─▒r. [C:\Users\─░brahim\Desktop\┼ŞUAN\KcetasProje\ProjeStaj.csproj]
C:\Users\─░brahim\Desktop\┼ŞUAN\KcetasProje\Services\Interfaces\IIsEmriService.cs(12,44): warning CS8632: Bo┼ş de─şer atanabilir ba┼şvuru t├╝rleri i├ğin ek a├ğ─▒klama kodda yaln─▒zca bir '#nullable' ek a├ğ─▒klama ba─şlam─▒ i├ğinde kullan─▒lmal─▒d─▒r. [C:\Users\─░brahim\Desktop\┼ŞUAN\KcetasProje\ProjeStaj.csproj]
C:\Users\─░brahim\Desktop\┼ŞUAN\KcetasProje\Services\Interfaces\IIsEmriService.cs(12,57): warning CS8632: Bo┼ş de─şer atanabilir ba┼şvuru t├╝rleri i├ğin ek a├ğ─▒klama kodda yaln─▒zca bir '#nullable' ek a├ğ─▒klama ba─şlam─▒ i├ğinde kullan─▒lmal─▒d─▒r. [C:\Users\─░brahim\Desktop\┼ŞUAN\KcetasProje\ProjeStaj.csproj]
C:\Users\─░brahim\Desktop\┼ŞUAN\KcetasProje\Services\Interfaces\IIsEmriService.cs(12,110): warning CS8632: Bo┼ş de─şer atanabilir ba┼şvuru t├╝rleri i├ğin ek a├ğ─▒klama kodda yaln─▒zca bir '#nullable' ek a├ğ─▒klama ba─şlam─▒ i├ğinde kullan─▒lmal─▒d─▒r. [C:\Users\─░brahim\Desktop\┼ŞUAN\KcetasProje\ProjeStaj.csproj]
C:\Users\─░brahim\Desktop\┼ŞUAN\KcetasProje\Services\Interfaces\ISayacService.cs(9,19): warning CS8632: Bo┼ş de─şer atanabilir ba┼şvuru t├╝rleri i├ğin ek a├ğ─▒klama kodda yaln─▒zca bir '#nullable' ek a├ğ─▒klama ba─şlam─▒ i├ğinde kullan─▒lmal─▒d─▒r. [C:\Users\─░brahim\Desktop\┼ŞUAN\KcetasProje\ProjeStaj.csproj]
C:\Users\─░brahim\Desktop\┼ŞUAN\KcetasProje\Models\entities\kullanici.cs(37,19): warning CS8632: Bo┼ş de─şer atanabilir ba┼şvuru t├╝rleri i├ğin ek a├ğ─▒klama kodda yaln─▒zca bir '#nullable' ek a├ğ─▒klama ba─şlam─▒ i├ğinde kullan─▒lmal─▒d─▒r. [C:\Users\─░brahim\Desktop\┼ŞUAN\KcetasProje\ProjeStaj.csproj]
C:\Users\─░brahim\Desktop\┼ŞUAN\KcetasProje\Models\entities\kullanici.cs(38,22): warning CS8632: Bo┼ş de─şer atanabilir ba┼şvuru t├╝rleri i├ğin ek a├ğ─▒klama kodda yaln─▒zca bir '#nullable' ek a├ğ─▒klama ba─şlam─▒ i├ğinde kullan─▒lmal─▒d─▒r. [C:\Users\─░brahim\Desktop\┼ŞUAN\KcetasProje\ProjeStaj.csproj]
C:\Users\─░brahim\Desktop\┼ŞUAN\KcetasProje\Services\Interfaces\IIsEmriService.cs(13,87): warning CS8632: Bo┼ş de─şer atanabilir ba┼şvuru t├╝rleri i├ğin ek a├ğ─▒klama kodda yaln─▒zca bir '#nullable' ek a├ğ─▒klama ba─şlam─▒ i├ğinde kullan─▒lmal─▒d─▒r. [C:\Users\─░brahim\Desktop\┼ŞUAN\KcetasProje\ProjeStaj.csproj]
C:\Users\─░brahim\Desktop\┼ŞUAN\KcetasProje\Services\Interfaces\IIsEmriService.cs(13,104): warning CS8632: Bo┼ş de─şer atanabilir ba┼şvuru t├╝rleri i├ğin ek a├ğ─▒klama kodda yaln─▒zca bir '#nullable' ek a├ğ─▒klama ba─şlam─▒ i├ğinde kullan─▒lmal─▒d─▒r. [C:\Users\─░brahim\Desktop\┼ŞUAN\KcetasProje\ProjeStaj.csproj]
C:\Users\─░brahim\Desktop\┼ŞUAN\KcetasProje\Services\Interfaces\IIsEmriService.cs(13,166): warning CS8632: Bo┼ş de─şer atanabilir ba┼şvuru t├╝rleri i├ğin ek a├ğ─▒klama kodda yaln─▒zca bir '#nullable' ek a├ğ─▒klama ba─şlam─▒ i├ğinde kullan─▒lmal─▒d─▒r. [C:\Users\─░brahim\Desktop\┼ŞUAN\KcetasProje\ProjeStaj.csproj]
C:\Users\─░brahim\Desktop\┼ŞUAN\KcetasProje\Services\Interfaces\IIsEmriService.cs(13,187): warning CS8632: Bo┼ş de─şer atanabilir ba┼şvuru t├╝rleri i├ğin ek a├ğ─▒klama kodda yaln─▒zca bir '#nullable' ek a├ğ─▒klama ba─şlam─▒ i├ğinde kullan─▒lmal─▒d─▒r. [C:\Users\─░brahim\Desktop\┼ŞUAN\KcetasProje\ProjeStaj.csproj]
C:\Users\─░brahim\Desktop\┼ŞUAN\KcetasProje\Services\Interfaces\ISozlesmeService.cs(11,22): warning CS8632: Bo┼ş de─şer atanabilir ba┼şvuru t├╝rleri i├ğin ek a├ğ─▒klama kodda yaln─▒zca bir '#nullable' ek a├ğ─▒klama ba─şlam─▒ i├ğinde kullan─▒lmal─▒d─▒r. [C:\Users\─░brahim\Desktop\┼ŞUAN\KcetasProje\ProjeStaj.csproj]
C:\Users\─░brahim\Desktop\┼ŞUAN\KcetasProje\Services\Api\ApiTuketimNoktasiService.cs(48,41): warning CS8632: Bo┼ş de─şer atanabilir ba┼şvuru t├╝rleri i├ğin ek a├ğ─▒klama kodda yaln─▒zca bir '#nullable' ek a├ğ─▒klama ba─şlam─▒ i├ğinde kullan─▒lmal─▒d─▒r. [C:\Users\─░brahim\Desktop\┼ŞUAN\KcetasProje\ProjeStaj.csproj]
C:\Users\─░brahim\Desktop\┼ŞUAN\KcetasProje\ViewModels\FaturaListeViewModel.cs(7,22): warning CS8632: Bo┼ş de─şer atanabilir ba┼şvuru t├╝rleri i├ğin ek a├ğ─▒klama kodda yaln─▒zca bir '#nullable' ek a├ğ─▒klama ba─şlam─▒ i├ğinde kullan─▒lmal─▒d─▒r. [C:\Users\─░brahim\Desktop\┼ŞUAN\KcetasProje\ProjeStaj.csproj]
C:\Users\─░brahim\Desktop\┼ŞUAN\KcetasProje\ViewModels\FaturaListeViewModel.cs(8,22): warning CS8632: Bo┼ş de─şer atanabilir ba┼şvuru t├╝rleri i├ğin ek a├ğ─▒klama kodda yaln─▒zca bir '#nullable' ek a├ğ─▒klama ba─şlam─▒ i├ğinde kullan─▒lmal─▒d─▒r. [C:\Users\─░brahim\Desktop\┼ŞUAN\KcetasProje\ProjeStaj.csproj]
C:\Users\─░brahim\Desktop\┼ŞUAN\KcetasProje\ViewModels\FaturaListeViewModel.cs(9,22): warning CS8632: Bo┼ş de─şer atanabilir ba┼şvuru t├╝rleri i├ğin ek a├ğ─▒klama kodda yaln─▒zca bir '#nullable' ek a├ğ─▒klama ba─şlam─▒ i├ğinde kullan─▒lmal─▒d─▒r. [C:\Users\─░brahim\Desktop\┼ŞUAN\KcetasProje\ProjeStaj.csproj]
C:\Users\─░brahim\Desktop\┼ŞUAN\KcetasProje\ViewModels\FaturaListeViewModel.cs(10,22): warning CS8632: Bo┼ş de─şer atanabilir ba┼şvuru t├╝rleri i├ğin ek a├ğ─▒klama kodda yaln─▒zca bir '#nullable' ek a├ğ─▒klama ba─şlam─▒ i├ğinde kullan─▒lmal─▒d─▒r. [C:\Users\─░brahim\Desktop\┼ŞUAN\KcetasProje\ProjeStaj.csproj]
C:\Users\─░brahim\Desktop\┼ŞUAN\KcetasProje\ViewModels\FaturaListeViewModel.cs(11,22): warning CS8632: Bo┼ş de─şer atanabilir ba┼şvuru t├╝rleri i├ğin ek a├ğ─▒klama kodda yaln─▒zca bir '#nullable' ek a├ğ─▒klama ba─şlam─▒ i├ğinde kullan─▒lmal─▒d─▒r. [C:\Users\─░brahim\Desktop\┼ŞUAN\KcetasProje\ProjeStaj.csproj]
C:\Users\─░brahim\Desktop\┼ŞUAN\KcetasProje\Services\Interfaces\ITuketimNoktasiService.cs(9,28): warning CS8632: Bo┼ş de─şer atanabilir ba┼şvuru t├╝rleri i├ğin ek a├ğ─▒klama kodda yaln─▒zca bir '#nullable' ek a├ğ─▒klama ba─şlam─▒ i├ğinde kullan─▒lmal─▒d─▒r. [C:\Users\─░brahim\Desktop\┼ŞUAN\KcetasProje\ProjeStaj.csproj]
C:\Users\─░brahim\Desktop\┼ŞUAN\KcetasProje\Models\entities\EndeksOkuma.cs(14,22): warning CS8632: Bo┼ş de─şer atanabilir ba┼şvuru t├╝rleri i├ğin ek a├ğ─▒klama kodda yaln─▒zca bir '#nullable' ek a├ğ─▒klama ba─şlam─▒ i├ğinde kullan─▒lmal─▒d─▒r. [C:\Users\─░brahim\Desktop\┼ŞUAN\KcetasProje\ProjeStaj.csproj]
C:\Users\─░brahim\Desktop\┼ŞUAN\KcetasProje\ViewModels\EndeksOkumaListeViewModel.cs(39,26): warning CS8632: Bo┼ş de─şer atanabilir ba┼şvuru t├╝rleri i├ğin ek a├ğ─▒klama kodda yaln─▒zca bir '#nullable' ek a├ğ─▒klama ba─şlam─▒ i├ğinde kullan─▒lmal─▒d─▒r. [C:\Users\─░brahim\Desktop\┼ŞUAN\KcetasProje\ProjeStaj.csproj]
C:\Users\─░brahim\Desktop\┼ŞUAN\KcetasProje\ViewModels\EndeksOkumaListeViewModel.cs(40,26): warning CS8632: Bo┼ş de─şer atanabilir ba┼şvuru t├╝rleri i├ğin ek a├ğ─▒klama kodda yaln─▒zca bir '#nullable' ek a├ğ─▒klama ba─şlam─▒ i├ğinde kullan─▒lmal─▒d─▒r. [C:\Users\─░brahim\Desktop\┼ŞUAN\KcetasProje\ProjeStaj.csproj]
C:\Users\─░brahim\Desktop\┼ŞUAN\KcetasProje\Models\entities\EntegrasyonOutbox.cs(18,22): warning CS8632: Bo┼ş de─şer atanabilir ba┼şvuru t├╝rleri i├ğin ek a├ğ─▒klama kodda yaln─▒zca bir '#nullable' ek a├ğ─▒klama ba─şlam─▒ i├ğinde kullan─▒lmal─▒d─▒r. [C:\Users\─░brahim\Desktop\┼ŞUAN\KcetasProje\ProjeStaj.csproj]
C:\Users\─░brahim\Desktop\┼ŞUAN\KcetasProje\Services\Interfaces\RolListesi.cs(19,26): warning CS8632: Bo┼ş de─şer atanabilir ba┼şvuru t├╝rleri i├ğin ek a├ğ─▒klama kodda yaln─▒zca bir '#nullable' ek a├ğ─▒klama ba─şlam─▒ i├ğinde kullan─▒lmal─▒d─▒r. [C:\Users\─░brahim\Desktop\┼ŞUAN\KcetasProje\ProjeStaj.csproj]
C:\Users\─░brahim\Desktop\┼ŞUAN\KcetasProje\Models\entities\EntegrasyonOutbox.cs(21,22): warning CS8632: Bo┼ş de─şer atanabilir ba┼şvuru t├╝rleri i├ğin ek a├ğ─▒klama kodda yaln─▒zca bir '#nullable' ek a├ğ─▒klama ba─şlam─▒ i├ğinde kullan─▒lmal─▒d─▒r. [C:\Users\─░brahim\Desktop\┼ŞUAN\KcetasProje\ProjeStaj.csproj]
C:\Users\─░brahim\Desktop\┼ŞUAN\KcetasProje\Models\entities\EndeksOkuma.cs(41,22): warning CS8632: Bo┼ş de─şer atanabilir ba┼şvuru t├╝rleri i├ğin ek a├ğ─▒klama kodda yaln─▒zca bir '#nullable' ek a├ğ─▒klama ba─şlam─▒ i├ğinde kullan─▒lmal─▒d─▒r. [C:\Users\─░brahim\Desktop\┼ŞUAN\KcetasProje\ProjeStaj.csproj]
C:\Users\─░brahim\Desktop\┼ŞUAN\KcetasProje\Models\entities\EntegrasyonOutbox.cs(24,22): warning CS8632: Bo┼ş de─şer atanabilir ba┼şvuru t├╝rleri i├ğin ek a├ğ─▒klama kodda yaln─▒zca bir '#nullable' ek a├ğ─▒klama ba─şlam─▒ i├ğinde kullan─▒lmal─▒d─▒r. [C:\Users\─░brahim\Desktop\┼ŞUAN\KcetasProje\ProjeStaj.csproj]
C:\Users\─░brahim\Desktop\┼ŞUAN\KcetasProje\Models\entities\EntegrasyonOutbox.cs(30,22): warning CS8632: Bo┼ş de─şer atanabilir ba┼şvuru t├╝rleri i├ğin ek a├ğ─▒klama kodda yaln─▒zca bir '#nullable' ek a├ğ─▒klama ba─şlam─▒ i├ğinde kullan─▒lmal─▒d─▒r. [C:\Users\─░brahim\Desktop\┼ŞUAN\KcetasProje\ProjeStaj.csproj]
C:\Users\─░brahim\Desktop\┼ŞUAN\KcetasProje\Models\entities\EntegrasyonOutbox.cs(33,22): warning CS8632: Bo┼ş de─şer atanabilir ba┼şvuru t├╝rleri i├ğin ek a├ğ─▒klama kodda yaln─▒zca bir '#nullable' ek a├ğ─▒klama ba─şlam─▒ i├ğinde kullan─▒lmal─▒d─▒r. [C:\Users\─░brahim\Desktop\┼ŞUAN\KcetasProje\ProjeStaj.csproj]
C:\Users\─░brahim\Desktop\┼ŞUAN\KcetasProje\Models\entities\EndeksOkuma.cs(50,22): warning CS8632: Bo┼ş de─şer atanabilir ba┼şvuru t├╝rleri i├ğin ek a├ğ─▒klama kodda yaln─▒zca bir '#nullable' ek a├ğ─▒klama ba─şlam─▒ i├ğinde kullan─▒lmal─▒d─▒r. [C:\Users\─░brahim\Desktop\┼ŞUAN\KcetasProje\ProjeStaj.csproj]
C:\Users\─░brahim\Desktop\┼ŞUAN\KcetasProje\ViewModels\IsEmriListeViewModel.cs(8,22): warning CS8632: Bo┼ş de─şer atanabilir ba┼şvuru t├╝rleri i├ğin ek a├ğ─▒klama kodda yaln─▒zca bir '#nullable' ek a├ğ─▒klama ba─şlam─▒ i├ğinde kullan─▒lmal─▒d─▒r. [C:\Users\─░brahim\Desktop\┼ŞUAN\KcetasProje\ProjeStaj.csproj]
C:\Users\─░brahim\Desktop\┼ŞUAN\KcetasProje\Models\entities\Fatura.cs(11,22): warning CS8632: Bo┼ş de─şer atanabilir ba┼şvuru t├╝rleri i├ğin ek a├ğ─▒klama kodda yaln─▒zca bir '#nullable' ek a├ğ─▒klama ba─şlam─▒ i├ğinde kullan─▒lmal─▒d─▒r. [C:\Users\─░brahim\Desktop\┼ŞUAN\KcetasProje\ProjeStaj.csproj]
C:\Users\─░brahim\Desktop\┼ŞUAN\KcetasProje\Models\entities\EntegrasyonOutbox.cs(48,22): warning CS8632: Bo┼ş de─şer atanabilir ba┼şvuru t├╝rleri i├ğin ek a├ğ─▒klama kodda yaln─▒zca bir '#nullable' ek a├ğ─▒klama ba─şlam─▒ i├ğinde kullan─▒lmal─▒d─▒r. [C:\Users\─░brahim\Desktop\┼ŞUAN\KcetasProje\ProjeStaj.csproj]
C:\Users\─░brahim\Desktop\┼ŞUAN\KcetasProje\ViewModels\IsEmriListeViewModel.cs(9,22): warning CS8632: Bo┼ş de─şer atanabilir ba┼şvuru t├╝rleri i├ğin ek a├ğ─▒klama kodda yaln─▒zca bir '#nullable' ek a├ğ─▒klama ba─şlam─▒ i├ğinde kullan─▒lmal─▒d─▒r. [C:\Users\─░brahim\Desktop\┼ŞUAN\KcetasProje\ProjeStaj.csproj]
C:\Users\─░brahim\Desktop\┼ŞUAN\KcetasProje\Models\entities\Fatura.cs(17,22): warning CS8632: Bo┼ş de─şer atanabilir ba┼şvuru t├╝rleri i├ğin ek a├ğ─▒klama kodda yaln─▒zca bir '#nullable' ek a├ğ─▒klama ba─şlam─▒ i├ğinde kullan─▒lmal─▒d─▒r. [C:\Users\─░brahim\Desktop\┼ŞUAN\KcetasProje\ProjeStaj.csproj]
C:\Users\─░brahim\Desktop\┼ŞUAN\KcetasProje\Models\entities\Fatura.cs(23,22): warning CS8632: Bo┼ş de─şer atanabilir ba┼şvuru t├╝rleri i├ğin ek a├ğ─▒klama kodda yaln─▒zca bir '#nullable' ek a├ğ─▒klama ba─şlam─▒ i├ğinde kullan─▒lmal─▒d─▒r. [C:\Users\─░brahim\Desktop\┼ŞUAN\KcetasProje\ProjeStaj.csproj]
C:\Users\─░brahim\Desktop\┼ŞUAN\KcetasProje\ViewModels\IsEmriDetayViewModel.cs(14,22): warning CS8632: Bo┼ş de─şer atanabilir ba┼şvuru t├╝rleri i├ğin ek a├ğ─▒klama kodda yaln─▒zca bir '#nullable' ek a├ğ─▒klama ba─şlam─▒ i├ğinde kullan─▒lmal─▒d─▒r. [C:\Users\─░brahim\Desktop\┼ŞUAN\KcetasProje\ProjeStaj.csproj]
C:\Users\─░brahim\Desktop\┼ŞUAN\KcetasProje\ViewModels\IsEmriListeViewModel.cs(12,22): warning CS8632: Bo┼ş de─şer atanabilir ba┼şvuru t├╝rleri i├ğin ek a├ğ─▒klama kodda yaln─▒zca bir '#nullable' ek a├ğ─▒klama ba─şlam─▒ i├ğinde kullan─▒lmal─▒d─▒r. [C:\Users\─░brahim\Desktop\┼ŞUAN\KcetasProje\ProjeStaj.csproj]
C:\Users\─░brahim\Desktop\┼ŞUAN\KcetasProje\ViewModels\IsEmriDetayViewModel.cs(16,22): warning CS8632: Bo┼ş de─şer atanabilir ba┼şvuru t├╝rleri i├ğin ek a├ğ─▒klama kodda yaln─▒zca bir '#nullable' ek a├ğ─▒klama ba─şlam─▒ i├ğinde kullan─▒lmal─▒d─▒r. [C:\Users\─░brahim\Desktop\┼ŞUAN\KcetasProje\ProjeStaj.csproj]
C:\Users\─░brahim\Desktop\┼ŞUAN\KcetasProje\ViewModels\IsEmriDetayViewModel.cs(19,22): warning CS8632: Bo┼ş de─şer atanabilir ba┼şvuru t├╝rleri i├ğin ek a├ğ─▒klama kodda yaln─▒zca bir '#nullable' ek a├ğ─▒klama ba─şlam─▒ i├ğinde kullan─▒lmal─▒d─▒r. [C:\Users\─░brahim\Desktop\┼ŞUAN\KcetasProje\ProjeStaj.csproj]
C:\Users\─░brahim\Desktop\┼ŞUAN\KcetasProje\ViewModels\IsEmriListeViewModel.cs(17,22): warning CS8632: Bo┼ş de─şer atanabilir ba┼şvuru t├╝rleri i├ğin ek a├ğ─▒klama kodda yaln─▒zca bir '#nullable' ek a├ğ─▒klama ba─şlam─▒ i├ğinde kullan─▒lmal─▒d─▒r. [C:\Users\─░brahim\Desktop\┼ŞUAN\KcetasProje\ProjeStaj.csproj]
C:\Users\─░brahim\Desktop\┼ŞUAN\KcetasProje\ViewModels\IsEmriListeViewModel.cs(18,22): warning CS8632: Bo┼ş de─şer atanabilir ba┼şvuru t├╝rleri i├ğin ek a├ğ─▒klama kodda yaln─▒zca bir '#nullable' ek a├ğ─▒klama ba─şlam─▒ i├ğinde kullan─▒lmal─▒d─▒r. [C:\Users\─░brahim\Desktop\┼ŞUAN\KcetasProje\ProjeStaj.csproj]
C:\Users\─░brahim\Desktop\┼ŞUAN\KcetasProje\ViewModels\IsEmriDetayViewModel.cs(20,22): warning CS8632: Bo┼ş de─şer atanabilir ba┼şvuru t├╝rleri i├ğin ek a├ğ─▒klama kodda yaln─▒zca bir '#nullable' ek a├ğ─▒klama ba─şlam─▒ i├ğinde kullan─▒lmal─▒d─▒r. [C:\Users\─░brahim\Desktop\┼ŞUAN\KcetasProje\ProjeStaj.csproj]
C:\Users\─░brahim\Desktop\┼ŞUAN\KcetasProje\ViewModels\IsEmriListeViewModel.cs(19,22): warning CS8632: Bo┼ş de─şer atanabilir ba┼şvuru t├╝rleri i├ğin ek a├ğ─▒klama kodda yaln─▒zca bir '#nullable' ek a├ğ─▒klama ba─şlam─▒ i├ğinde kullan─▒lmal─▒d─▒r. [C:\Users\─░brahim\Desktop\┼ŞUAN\KcetasProje\ProjeStaj.csproj]
C:\Users\─░brahim\Desktop\┼ŞUAN\KcetasProje\ViewModels\IsEmriDetayViewModel.cs(21,22): warning CS8632: Bo┼ş de─şer atanabilir ba┼şvuru t├╝rleri i├ğin ek a├ğ─▒klama kodda yaln─▒zca bir '#nullable' ek a├ğ─▒klama ba─şlam─▒ i├ğinde kullan─▒lmal─▒d─▒r. [C:\Users\─░brahim\Desktop\┼ŞUAN\KcetasProje\ProjeStaj.csproj]
C:\Users\─░brahim\Desktop\┼ŞUAN\KcetasProje\ViewModels\IsEmriListeViewModel.cs(20,22): warning CS8632: Bo┼ş de─şer atanabilir ba┼şvuru t├╝rleri i├ğin ek a├ğ─▒klama kodda yaln─▒zca bir '#nullable' ek a├ğ─▒klama ba─şlam─▒ i├ğinde kullan─▒lmal─▒d─▒r. [C:\Users\─░brahim\Desktop\┼ŞUAN\KcetasProje\ProjeStaj.csproj]
C:\Users\─░brahim\Desktop\┼ŞUAN\KcetasProje\ViewModels\IsEmriDetayViewModel.cs(22,22): warning CS8632: Bo┼ş de─şer atanabilir ba┼şvuru t├╝rleri i├ğin ek a├ğ─▒klama kodda yaln─▒zca bir '#nullable' ek a├ğ─▒klama ba─şlam─▒ i├ğinde kullan─▒lmal─▒d─▒r. [C:\Users\─░brahim\Desktop\┼ŞUAN\KcetasProje\ProjeStaj.csproj]
C:\Users\─░brahim\Desktop\┼ŞUAN\KcetasProje\ViewModels\IsEmriListeViewModel.cs(21,22): warning CS8632: Bo┼ş de─şer atanabilir ba┼şvuru t├╝rleri i├ğin ek a├ğ─▒klama kodda yaln─▒zca bir '#nullable' ek a├ğ─▒klama ba─şlam─▒ i├ğinde kullan─▒lmal─▒d─▒r. [C:\Users\─░brahim\Desktop\┼ŞUAN\KcetasProje\ProjeStaj.csproj]
C:\Users\─░brahim\Desktop\┼ŞUAN\KcetasProje\ViewModels\IsEmriDetayViewModel.cs(25,22): warning CS8632: Bo┼ş de─şer atanabilir ba┼şvuru t├╝rleri i├ğin ek a├ğ─▒klama kodda yaln─▒zca bir '#nullable' ek a├ğ─▒klama ba─şlam─▒ i├ğinde kullan─▒lmal─▒d─▒r. [C:\Users\─░brahim\Desktop\┼ŞUAN\KcetasProje\ProjeStaj.csproj]
C:\Users\─░brahim\Desktop\┼ŞUAN\KcetasProje\ViewModels\IsEmriDetayViewModel.cs(26,22): warning CS8632: Bo┼ş de─şer atanabilir ba┼şvuru t├╝rleri i├ğin ek a├ğ─▒klama kodda yaln─▒zca bir '#nullable' ek a├ğ─▒klama ba─şlam─▒ i├ğinde kullan─▒lmal─▒d─▒r. [C:\Users\─░brahim\Desktop\┼ŞUAN\KcetasProje\ProjeStaj.csproj]
C:\Users\─░brahim\Desktop\┼ŞUAN\KcetasProje\ViewModels\IsEmriDetayViewModel.cs(27,22): warning CS8632: Bo┼ş de─şer atanabilir ba┼şvuru t├╝rleri i├ğin ek a├ğ─▒klama kodda yaln─▒zca bir '#nullable' ek a├ğ─▒klama ba─şlam─▒ i├ğinde kullan─▒lmal─▒d─▒r. [C:\Users\─░brahim\Desktop\┼ŞUAN\KcetasProje\ProjeStaj.csproj]
C:\Users\─░brahim\Desktop\┼ŞUAN\KcetasProje\Views\_ViewImports.cshtml(3,8): warning CS0105: 'KcetasWeb.Models' i├ğin using y├Ânergesi bu ad alan─▒nda daha ├Ânce g├Âr├╝nd├╝ [C:\Users\─░brahim\Desktop\┼ŞUAN\KcetasProje\ProjeStaj.csproj]
C:\Users\─░brahim\Desktop\┼ŞUAN\KcetasProje\ViewModels\IsEmriDetayViewModel.cs(30,22): warning CS8632: Bo┼ş de─şer atanabilir ba┼şvuru t├╝rleri i├ğin ek a├ğ─▒klama kodda yaln─▒zca bir '#nullable' ek a├ğ─▒klama ba─şlam─▒ i├ğinde kullan─▒lmal─▒d─▒r. [C:\Users\─░brahim\Desktop\┼ŞUAN\KcetasProje\ProjeStaj.csproj]
C:\Users\─░brahim\Desktop\┼ŞUAN\KcetasProje\ViewModels\IsEmriDetayViewModel.cs(31,22): warning CS8632: Bo┼ş de─şer atanabilir ba┼şvuru t├╝rleri i├ğin ek a├ğ─▒klama kodda yaln─▒zca bir '#nullable' ek a├ğ─▒klama ba─şlam─▒ i├ğinde kullan─▒lmal─▒d─▒r. [C:\Users\─░brahim\Desktop\┼ŞUAN\KcetasProje\ProjeStaj.csproj]
C:\Users\─░brahim\Desktop\┼ŞUAN\KcetasProje\ViewModels\IsEmriDetayViewModel.cs(32,22): warning CS8632: Bo┼ş de─şer atanabilir ba┼şvuru t├╝rleri i├ğin ek a├ğ─▒klama kodda yaln─▒zca bir '#nullable' ek a├ğ─▒klama ba─şlam─▒ i├ğinde kullan─▒lmal─▒d─▒r. [C:\Users\─░brahim\Desktop\┼ŞUAN\KcetasProje\ProjeStaj.csproj]
C:\Users\─░brahim\Desktop\┼ŞUAN\KcetasProje\Models\entities\Fatura.cs(75,22): warning CS8632: Bo┼ş de─şer atanabilir ba┼şvuru t├╝rleri i├ğin ek a├ğ─▒klama kodda yaln─▒zca bir '#nullable' ek a├ğ─▒klama ba─şlam─▒ i├ğinde kullan─▒lmal─▒d─▒r. [C:\Users\─░brahim\Desktop\┼ŞUAN\KcetasProje\ProjeStaj.csproj]
C:\Users\─░brahim\Desktop\┼ŞUAN\KcetasProje\Models\entities\Fatura.cs(78,22): warning CS8632: Bo┼ş de─şer atanabilir ba┼şvuru t├╝rleri i├ğin ek a├ğ─▒klama kodda yaln─▒zca bir '#nullable' ek a├ğ─▒klama ba─şlam─▒ i├ğinde kullan─▒lmal─▒d─▒r. [C:\Users\─░brahim\Desktop\┼ŞUAN\KcetasProje\ProjeStaj.csproj]
C:\Users\─░brahim\Desktop\┼ŞUAN\KcetasProje\ViewModels\IsEmriDetayViewModel.cs(33,22): warning CS8632: Bo┼ş de─şer atanabilir ba┼şvuru t├╝rleri i├ğin ek a├ğ─▒klama kodda yaln─▒zca bir '#nullable' ek a├ğ─▒klama ba─şlam─▒ i├ğinde kullan─▒lmal─▒d─▒r. [C:\Users\─░brahim\Desktop\┼ŞUAN\KcetasProje\ProjeStaj.csproj]
C:\Users\─░brahim\Desktop\┼ŞUAN\KcetasProje\ViewModels\EndeksOkumaViewModels.cs(23,22): warning CS8632: Bo┼ş de─şer atanabilir ba┼şvuru t├╝rleri i├ğin ek a├ğ─▒klama kodda yaln─▒zca bir '#nullable' ek a├ğ─▒klama ba─şlam─▒ i├ğinde kullan─▒lmal─▒d─▒r. [C:\Users\─░brahim\Desktop\┼ŞUAN\KcetasProje\ProjeStaj.csproj]
C:\Users\─░brahim\Desktop\┼ŞUAN\KcetasProje\ViewModels\OutboxListeViewModel.cs(8,22): warning CS8632: Bo┼ş de─şer atanabilir ba┼şvuru t├╝rleri i├ğin ek a├ğ─▒klama kodda yaln─▒zca bir '#nullable' ek a├ğ─▒klama ba─şlam─▒ i├ğinde kullan─▒lmal─▒d─▒r. [C:\Users\─░brahim\Desktop\┼ŞUAN\KcetasProje\ProjeStaj.csproj]
C:\Users\─░brahim\Desktop\┼ŞUAN\KcetasProje\ViewModels\IsEmriDetayViewModel.cs(35,22): warning CS8632: Bo┼ş de─şer atanabilir ba┼şvuru t├╝rleri i├ğin ek a├ğ─▒klama kodda yaln─▒zca bir '#nullable' ek a├ğ─▒klama ba─şlam─▒ i├ğinde kullan─▒lmal─▒d─▒r. [C:\Users\─░brahim\Desktop\┼ŞUAN\KcetasProje\ProjeStaj.csproj]
C:\Users\─░brahim\Desktop\┼ŞUAN\KcetasProje\ViewModels\IsEmriDetayViewModel.cs(36,22): warning CS8632: Bo┼ş de─şer atanabilir ba┼şvuru t├╝rleri i├ğin ek a├ğ─▒klama kodda yaln─▒zca bir '#nullable' ek a├ğ─▒klama ba─şlam─▒ i├ğinde kullan─▒lmal─▒d─▒r. [C:\Users\─░brahim\Desktop\┼ŞUAN\KcetasProje\ProjeStaj.csproj]
C:\Users\─░brahim\Desktop\┼ŞUAN\KcetasProje\ViewModels\OutboxListeViewModel.cs(9,22): warning CS8632: Bo┼ş de─şer atanabilir ba┼şvuru t├╝rleri i├ğin ek a├ğ─▒klama kodda yaln─▒zca bir '#nullable' ek a├ğ─▒klama ba─şlam─▒ i├ğinde kullan─▒lmal─▒d─▒r. [C:\Users\─░brahim\Desktop\┼ŞUAN\KcetasProje\ProjeStaj.csproj]
C:\Users\─░brahim\Desktop\┼ŞUAN\KcetasProje\ViewModels\EndeksOkumaViewModels.cs(41,22): warning CS8632: Bo┼ş de─şer atanabilir ba┼şvuru t├╝rleri i├ğin ek a├ğ─▒klama kodda yaln─▒zca bir '#nullable' ek a├ğ─▒klama ba─şlam─▒ i├ğinde kullan─▒lmal─▒d─▒r. [C:\Users\─░brahim\Desktop\┼ŞUAN\KcetasProje\ProjeStaj.csproj]
C:\Users\─░brahim\Desktop\┼ŞUAN\KcetasProje\ViewModels\EndeksOkumaViewModels.cs(50,22): warning CS8632: Bo┼ş de─şer atanabilir ba┼şvuru t├╝rleri i├ğin ek a├ğ─▒klama kodda yaln─▒zca bir '#nullable' ek a├ğ─▒klama ba─şlam─▒ i├ğinde kullan─▒lmal─▒d─▒r. [C:\Users\─░brahim\Desktop\┼ŞUAN\KcetasProje\ProjeStaj.csproj]
C:\Users\─░brahim\Desktop\┼ŞUAN\KcetasProje\ViewModels\EndeksOkumaViewModels.cs(53,22): warning CS8632: Bo┼ş de─şer atanabilir ba┼şvuru t├╝rleri i├ğin ek a├ğ─▒klama kodda yaln─▒zca bir '#nullable' ek a├ğ─▒klama ba─şlam─▒ i├ğinde kullan─▒lmal─▒d─▒r. [C:\Users\─░brahim\Desktop\┼ŞUAN\KcetasProje\ProjeStaj.csproj]
C:\Users\─░brahim\Desktop\┼ŞUAN\KcetasProje\ViewModels\OutboxListeViewModel.cs(45,55): warning CS8632: Bo┼ş de─şer atanabilir ba┼şvuru t├╝rleri i├ğin ek a├ğ─▒klama kodda yaln─▒zca bir '#nullable' ek a├ğ─▒klama ba─şlam─▒ i├ğinde kullan─▒lmal─▒d─▒r. [C:\Users\─░brahim\Desktop\┼ŞUAN\KcetasProje\ProjeStaj.csproj]
C:\Users\─░brahim\Desktop\┼ŞUAN\KcetasProje\ViewModels\OutboxListeViewModel.cs(55,58): warning CS8632: Bo┼ş de─şer atanabilir ba┼şvuru t├╝rleri i├ğin ek a├ğ─▒klama kodda yaln─▒zca bir '#nullable' ek a├ğ─▒klama ba─şlam─▒ i├ğinde kullan─▒lmal─▒d─▒r. [C:\Users\─░brahim\Desktop\┼ŞUAN\KcetasProje\ProjeStaj.csproj]
C:\Users\─░brahim\Desktop\┼ŞUAN\KcetasProje\ViewModels\OutboxListeViewModel.cs(66,51): warning CS8632: Bo┼ş de─şer atanabilir ba┼şvuru t├╝rleri i├ğin ek a├ğ─▒klama kodda yaln─▒zca bir '#nullable' ek a├ğ─▒klama ba─şlam─▒ i├ğinde kullan─▒lmal─▒d─▒r. [C:\Users\─░brahim\Desktop\┼ŞUAN\KcetasProje\ProjeStaj.csproj]
C:\Users\─░brahim\Desktop\┼ŞUAN\KcetasProje\ViewModels\OutboxListeViewModel.cs(24,26): warning CS8632: Bo┼ş de─şer atanabilir ba┼şvuru t├╝rleri i├ğin ek a├ğ─▒klama kodda yaln─▒zca bir '#nullable' ek a├ğ─▒klama ba─şlam─▒ i├ğinde kullan─▒lmal─▒d─▒r. [C:\Users\─░brahim\Desktop\┼ŞUAN\KcetasProje\ProjeStaj.csproj]
C:\Users\─░brahim\Desktop\┼ŞUAN\KcetasProje\ViewModels\OutboxListeViewModel.cs(25,26): warning CS8632: Bo┼ş de─şer atanabilir ba┼şvuru t├╝rleri i├ğin ek a├ğ─▒klama kodda yaln─▒zca bir '#nullable' ek a├ğ─▒klama ba─şlam─▒ i├ğinde kullan─▒lmal─▒d─▒r. [C:\Users\─░brahim\Desktop\┼ŞUAN\KcetasProje\ProjeStaj.csproj]
C:\Users\─░brahim\Desktop\┼ŞUAN\KcetasProje\ViewModels\OutboxListeViewModel.cs(26,26): warning CS8632: Bo┼ş de─şer atanabilir ba┼şvuru t├╝rleri i├ğin ek a├ğ─▒klama kodda yaln─▒zca bir '#nullable' ek a├ğ─▒klama ba─şlam─▒ i├ğinde kullan─▒lmal─▒d─▒r. [C:\Users\─░brahim\Desktop\┼ŞUAN\KcetasProje\ProjeStaj.csproj]
C:\Users\─░brahim\Desktop\┼ŞUAN\KcetasProje\ViewModels\OutboxListeViewModel.cs(27,26): warning CS8632: Bo┼ş de─şer atanabilir ba┼şvuru t├╝rleri i├ğin ek a├ğ─▒klama kodda yaln─▒zca bir '#nullable' ek a├ğ─▒klama ba─şlam─▒ i├ğinde kullan─▒lmal─▒d─▒r. [C:\Users\─░brahim\Desktop\┼ŞUAN\KcetasProje\ProjeStaj.csproj]
C:\Users\─░brahim\Desktop\┼ŞUAN\KcetasProje\ViewModels\OutboxListeViewModel.cs(28,26): warning CS8632: Bo┼ş de─şer atanabilir ba┼şvuru t├╝rleri i├ğin ek a├ğ─▒klama kodda yaln─▒zca bir '#nullable' ek a├ğ─▒klama ba─şlam─▒ i├ğinde kullan─▒lmal─▒d─▒r. [C:\Users\─░brahim\Desktop\┼ŞUAN\KcetasProje\ProjeStaj.csproj]
C:\Users\─░brahim\Desktop\┼ŞUAN\KcetasProje\ViewModels\FaturaSimulasyonViewModel.cs(28,22): warning CS8632: Bo┼ş de─şer atanabilir ba┼şvuru t├╝rleri i├ğin ek a├ğ─▒klama kodda yaln─▒zca bir '#nullable' ek a├ğ─▒klama ba─şlam─▒ i├ğinde kullan─▒lmal─▒d─▒r. [C:\Users\─░brahim\Desktop\┼ŞUAN\KcetasProje\ProjeStaj.csproj]
C:\Users\─░brahim\Desktop\┼ŞUAN\KcetasProje\ViewModels\OutboxListeViewModel.cs(32,26): warning CS8632: Bo┼ş de─şer atanabilir ba┼şvuru t├╝rleri i├ğin ek a├ğ─▒klama kodda yaln─▒zca bir '#nullable' ek a├ğ─▒klama ba─şlam─▒ i├ğinde kullan─▒lmal─▒d─▒r. [C:\Users\─░brahim\Desktop\┼ŞUAN\KcetasProje\ProjeStaj.csproj]
C:\Users\─░brahim\Desktop\┼ŞUAN\KcetasProje\ViewModels\OutboxListeViewModel.cs(33,26): warning CS8632: Bo┼ş de─şer atanabilir ba┼şvuru t├╝rleri i├ğin ek a├ğ─▒klama kodda yaln─▒zca bir '#nullable' ek a├ğ─▒klama ba─şlam─▒ i├ğinde kullan─▒lmal─▒d─▒r. [C:\Users\─░brahim\Desktop\┼ŞUAN\KcetasProje\ProjeStaj.csproj]
C:\Users\─░brahim\Desktop\┼ŞUAN\KcetasProje\ViewModels\FaturaSimulasyonViewModel.cs(31,22): warning CS8632: Bo┼ş de─şer atanabilir ba┼şvuru t├╝rleri i├ğin ek a├ğ─▒klama kodda yaln─▒zca bir '#nullable' ek a├ğ─▒klama ba─şlam─▒ i├ğinde kullan─▒lmal─▒d─▒r. [C:\Users\─░brahim\Desktop\┼ŞUAN\KcetasProje\ProjeStaj.csproj]
C:\Users\─░brahim\Desktop\┼ŞUAN\KcetasProje\ViewModels\OutboxListeViewModel.cs(37,26): warning CS8632: Bo┼ş de─şer atanabilir ba┼şvuru t├╝rleri i├ğin ek a├ğ─▒klama kodda yaln─▒zca bir '#nullable' ek a├ğ─▒klama ba─şlam─▒ i├ğinde kullan─▒lmal─▒d─▒r. [C:\Users\─░brahim\Desktop\┼ŞUAN\KcetasProje\ProjeStaj.csproj]
C:\Users\─░brahim\Desktop\┼ŞUAN\KcetasProje\ViewModels\SayacViewModels.cs(8,22): warning CS8632: Bo┼ş de─şer atanabilir ba┼şvuru t├╝rleri i├ğin ek a├ğ─▒klama kodda yaln─▒zca bir '#nullable' ek a├ğ─▒klama ba─şlam─▒ i├ğinde kullan─▒lmal─▒d─▒r. [C:\Users\─░brahim\Desktop\┼ŞUAN\KcetasProje\ProjeStaj.csproj]
C:\Users\─░brahim\Desktop\┼ŞUAN\KcetasProje\ViewModels\SayacViewModels.cs(9,22): warning CS8632: Bo┼ş de─şer atanabilir ba┼şvuru t├╝rleri i├ğin ek a├ğ─▒klama kodda yaln─▒zca bir '#nullable' ek a├ğ─▒klama ba─şlam─▒ i├ğinde kullan─▒lmal─▒d─▒r. [C:\Users\─░brahim\Desktop\┼ŞUAN\KcetasProje\ProjeStaj.csproj]
C:\Users\─░brahim\Desktop\┼ŞUAN\KcetasProje\ViewModels\SayacViewModels.cs(10,22): warning CS8632: Bo┼ş de─şer atanabilir ba┼şvuru t├╝rleri i├ğin ek a├ğ─▒klama kodda yaln─▒zca bir '#nullable' ek a├ğ─▒klama ba─şlam─▒ i├ğinde kullan─▒lmal─▒d─▒r. [C:\Users\─░brahim\Desktop\┼ŞUAN\KcetasProje\ProjeStaj.csproj]
C:\Users\─░brahim\Desktop\┼ŞUAN\KcetasProje\ViewModels\SozlesmeViewModels.cs(38,18): warning CS8632: Bo┼ş de─şer atanabilir ba┼şvuru t├╝rleri i├ğin ek a├ğ─▒klama kodda yaln─▒zca bir '#nullable' ek a├ğ─▒klama ba─şlam─▒ i├ğinde kullan─▒lmal─▒d─▒r. [C:\Users\─░brahim\Desktop\┼ŞUAN\KcetasProje\ProjeStaj.csproj]
C:\Users\─░brahim\Desktop\┼ŞUAN\KcetasProje\ViewModels\SozlesmeViewModels.cs(39,18): warning CS8632: Bo┼ş de─şer atanabilir ba┼şvuru t├╝rleri i├ğin ek a├ğ─▒klama kodda yaln─▒zca bir '#nullable' ek a├ğ─▒klama ba─şlam─▒ i├ğinde kullan─▒lmal─▒d─▒r. [C:\Users\─░brahim\Desktop\┼ŞUAN\KcetasProje\ProjeStaj.csproj]
C:\Users\─░brahim\Desktop\┼ŞUAN\KcetasProje\ViewModels\SozlesmeViewModels.cs(40,18): warning CS8632: Bo┼ş de─şer atanabilir ba┼şvuru t├╝rleri i├ğin ek a├ğ─▒klama kodda yaln─▒zca bir '#nullable' ek a├ğ─▒klama ba─şlam─▒ i├ğinde kullan─▒lmal─▒d─▒r. [C:\Users\─░brahim\Desktop\┼ŞUAN\KcetasProje\ProjeStaj.csproj]
C:\Users\─░brahim\Desktop\┼ŞUAN\KcetasProje\ViewModels\FaturaSimulasyonViewModel.cs(47,22): warning CS8632: Bo┼ş de─şer atanabilir ba┼şvuru t├╝rleri i├ğin ek a├ğ─▒klama kodda yaln─▒zca bir '#nullable' ek a├ğ─▒klama ba─şlam─▒ i├ğinde kullan─▒lmal─▒d─▒r. [C:\Users\─░brahim\Desktop\┼ŞUAN\KcetasProje\ProjeStaj.csproj]
C:\Users\─░brahim\Desktop\┼ŞUAN\KcetasProje\ViewModels\FaturaSimulasyonViewModel.cs(48,22): warning CS8632: Bo┼ş de─şer atanabilir ba┼şvuru t├╝rleri i├ğin ek a├ğ─▒klama kodda yaln─▒zca bir '#nullable' ek a├ğ─▒klama ba─şlam─▒ i├ğinde kullan─▒lmal─▒d─▒r. [C:\Users\─░brahim\Desktop\┼ŞUAN\KcetasProje\ProjeStaj.csproj]
C:\Users\─░brahim\Desktop\┼ŞUAN\KcetasProje\ViewModels\IsEmriListeViewModel.cs(58,22): warning CS8632: Bo┼ş de─şer atanabilir ba┼şvuru t├╝rleri i├ğin ek a├ğ─▒klama kodda yaln─▒zca bir '#nullable' ek a├ğ─▒klama ba─şlam─▒ i├ğinde kullan─▒lmal─▒d─▒r. [C:\Users\─░brahim\Desktop\┼ŞUAN\KcetasProje\ProjeStaj.csproj]
C:\Users\─░brahim\Desktop\┼ŞUAN\KcetasProje\ViewModels\SozlesmeViewModels.cs(6,18): warning CS8632: Bo┼ş de─şer atanabilir ba┼şvuru t├╝rleri i├ğin ek a├ğ─▒klama kodda yaln─▒zca bir '#nullable' ek a├ğ─▒klama ba─şlam─▒ i├ğinde kullan─▒lmal─▒d─▒r. [C:\Users\─░brahim\Desktop\┼ŞUAN\KcetasProje\ProjeStaj.csproj]
C:\Users\─░brahim\Desktop\┼ŞUAN\KcetasProje\ViewModels\IsEmriListeViewModel.cs(59,22): warning CS8632: Bo┼ş de─şer atanabilir ba┼şvuru t├╝rleri i├ğin ek a├ğ─▒klama kodda yaln─▒zca bir '#nullable' ek a├ğ─▒klama ba─şlam─▒ i├ğinde kullan─▒lmal─▒d─▒r. [C:\Users\─░brahim\Desktop\┼ŞUAN\KcetasProje\ProjeStaj.csproj]
C:\Users\─░brahim\Desktop\┼ŞUAN\KcetasProje\ViewModels\IsEmriListeViewModel.cs(60,22): warning CS8632: Bo┼ş de─şer atanabilir ba┼şvuru t├╝rleri i├ğin ek a├ğ─▒klama kodda yaln─▒zca bir '#nullable' ek a├ğ─▒klama ba─şlam─▒ i├ğinde kullan─▒lmal─▒d─▒r. [C:\Users\─░brahim\Desktop\┼ŞUAN\KcetasProje\ProjeStaj.csproj]
C:\Users\─░brahim\Desktop\┼ŞUAN\KcetasProje\Models\entities\FaturaKalemi.cs(10,22): warning CS8632: Bo┼ş de─şer atanabilir ba┼şvuru t├╝rleri i├ğin ek a├ğ─▒klama kodda yaln─▒zca bir '#nullable' ek a├ğ─▒klama ba─şlam─▒ i├ğinde kullan─▒lmal─▒d─▒r. [C:\Users\─░brahim\Desktop\┼ŞUAN\KcetasProje\ProjeStaj.csproj]
C:\Users\─░brahim\Desktop\┼ŞUAN\KcetasProje\Models\entities\FaturaKalemi.cs(11,22): warning CS8632: Bo┼ş de─şer atanabilir ba┼şvuru t├╝rleri i├ğin ek a├ğ─▒klama kodda yaln─▒zca bir '#nullable' ek a├ğ─▒klama ba─şlam─▒ i├ğinde kullan─▒lmal─▒d─▒r. [C:\Users\─░brahim\Desktop\┼ŞUAN\KcetasProje\ProjeStaj.csproj]
C:\Users\─░brahim\Desktop\┼ŞUAN\KcetasProje\Models\entities\Sayac.cs(22,22): warning CS8632: Bo┼ş de─şer atanabilir ba┼şvuru t├╝rleri i├ğin ek a├ğ─▒klama kodda yaln─▒zca bir '#nullable' ek a├ğ─▒klama ba─şlam─▒ i├ğinde kullan─▒lmal─▒d─▒r. [C:\Users\─░brahim\Desktop\┼ŞUAN\KcetasProje\ProjeStaj.csproj]
C:\Users\─░brahim\Desktop\┼ŞUAN\KcetasProje\ViewModels\TuketimNoktasiViewModels.cs(55,22): warning CS8632: Bo┼ş de─şer atanabilir ba┼şvuru t├╝rleri i├ğin ek a├ğ─▒klama kodda yaln─▒zca bir '#nullable' ek a├ğ─▒klama ba─şlam─▒ i├ğinde kullan─▒lmal─▒d─▒r. [C:\Users\─░brahim\Desktop\┼ŞUAN\KcetasProje\ProjeStaj.csproj]
C:\Users\─░brahim\Desktop\┼ŞUAN\KcetasProje\Models\entities\Sozlesme.cs(23,22): warning CS8632: Bo┼ş de─şer atanabilir ba┼şvuru t├╝rleri i├ğin ek a├ğ─▒klama kodda yaln─▒zca bir '#nullable' ek a├ğ─▒klama ba─şlam─▒ i├ğinde kullan─▒lmal─▒d─▒r. [C:\Users\─░brahim\Desktop\┼ŞUAN\KcetasProje\ProjeStaj.csproj]
C:\Users\─░brahim\Desktop\┼ŞUAN\KcetasProje\ViewModels\TuketimNoktasiViewModels.cs(57,22): warning CS8632: Bo┼ş de─şer atanabilir ba┼şvuru t├╝rleri i├ğin ek a├ğ─▒klama kodda yaln─▒zca bir '#nullable' ek a├ğ─▒klama ba─şlam─▒ i├ğinde kullan─▒lmal─▒d─▒r. [C:\Users\─░brahim\Desktop\┼ŞUAN\KcetasProje\ProjeStaj.csproj]
C:\Users\─░brahim\Desktop\┼ŞUAN\KcetasProje\ViewModels\ProfilViewModel.cs(8,22): warning CS8632: Bo┼ş de─şer atanabilir ba┼şvuru t├╝rleri i├ğin ek a├ğ─▒klama kodda yaln─▒zca bir '#nullable' ek a├ğ─▒klama ba─şlam─▒ i├ğinde kullan─▒lmal─▒d─▒r. [C:\Users\─░brahim\Desktop\┼ŞUAN\KcetasProje\ProjeStaj.csproj]
C:\Users\─░brahim\Desktop\┼ŞUAN\KcetasProje\ViewModels\ProfilViewModel.cs(9,22): warning CS8632: Bo┼ş de─şer atanabilir ba┼şvuru t├╝rleri i├ğin ek a├ğ─▒klama kodda yaln─▒zca bir '#nullable' ek a├ğ─▒klama ba─şlam─▒ i├ğinde kullan─▒lmal─▒d─▒r. [C:\Users\─░brahim\Desktop\┼ŞUAN\KcetasProje\ProjeStaj.csproj]
C:\Users\─░brahim\Desktop\┼ŞUAN\KcetasProje\ViewModels\ProfilViewModel.cs(10,22): warning CS8632: Bo┼ş de─şer atanabilir ba┼şvuru t├╝rleri i├ğin ek a├ğ─▒klama kodda yaln─▒zca bir '#nullable' ek a├ğ─▒klama ba─şlam─▒ i├ğinde kullan─▒lmal─▒d─▒r. [C:\Users\─░brahim\Desktop\┼ŞUAN\KcetasProje\ProjeStaj.csproj]
C:\Users\─░brahim\Desktop\┼ŞUAN\KcetasProje\ViewModels\ProfilViewModel.cs(14,22): warning CS8632: Bo┼ş de─şer atanabilir ba┼şvuru t├╝rleri i├ğin ek a├ğ─▒klama kodda yaln─▒zca bir '#nullable' ek a├ğ─▒klama ba─şlam─▒ i├ğinde kullan─▒lmal─▒d─▒r. [C:\Users\─░brahim\Desktop\┼ŞUAN\KcetasProje\ProjeStaj.csproj]
C:\Users\─░brahim\Desktop\┼ŞUAN\KcetasProje\Models\entities\TuketimNoktasi.cs(17,22): warning CS8632: Bo┼ş de─şer atanabilir ba┼şvuru t├╝rleri i├ğin ek a├ğ─▒klama kodda yaln─▒zca bir '#nullable' ek a├ğ─▒klama ba─şlam─▒ i├ğinde kullan─▒lmal─▒d─▒r. [C:\Users\─░brahim\Desktop\┼ŞUAN\KcetasProje\ProjeStaj.csproj]
C:\Users\─░brahim\Desktop\┼ŞUAN\KcetasProje\ViewModels\ProfilViewModel.cs(18,22): warning CS8632: Bo┼ş de─şer atanabilir ba┼şvuru t├╝rleri i├ğin ek a├ğ─▒klama kodda yaln─▒zca bir '#nullable' ek a├ğ─▒klama ba─şlam─▒ i├ğinde kullan─▒lmal─▒d─▒r. [C:\Users\─░brahim\Desktop\┼ŞUAN\KcetasProje\ProjeStaj.csproj]
C:\Users\─░brahim\Desktop\┼ŞUAN\KcetasProje\Models\entities\TuketimNoktasi.cs(20,22): warning CS8632: Bo┼ş de─şer atanabilir ba┼şvuru t├╝rleri i├ğin ek a├ğ─▒klama kodda yaln─▒zca bir '#nullable' ek a├ğ─▒klama ba─şlam─▒ i├ğinde kullan─▒lmal─▒d─▒r. [C:\Users\─░brahim\Desktop\┼ŞUAN\KcetasProje\ProjeStaj.csproj]
C:\Users\─░brahim\Desktop\┼ŞUAN\KcetasProje\ViewModels\ProfilViewModel.cs(22,22): warning CS8632: Bo┼ş de─şer atanabilir ba┼şvuru t├╝rleri i├ğin ek a├ğ─▒klama kodda yaln─▒zca bir '#nullable' ek a├ğ─▒klama ba─şlam─▒ i├ğinde kullan─▒lmal─▒d─▒r. [C:\Users\─░brahim\Desktop\┼ŞUAN\KcetasProje\ProjeStaj.csproj]
C:\Users\─░brahim\Desktop\┼ŞUAN\KcetasProje\Models\entities\TuketimNoktasi.cs(23,22): warning CS8632: Bo┼ş de─şer atanabilir ba┼şvuru t├╝rleri i├ğin ek a├ğ─▒klama kodda yaln─▒zca bir '#nullable' ek a├ğ─▒klama ba─şlam─▒ i├ğinde kullan─▒lmal─▒d─▒r. [C:\Users\─░brahim\Desktop\┼ŞUAN\KcetasProje\ProjeStaj.csproj]
C:\Users\─░brahim\Desktop\┼ŞUAN\KcetasProje\Models\entities\TuketimNoktasi.cs(26,22): warning CS8632: Bo┼ş de─şer atanabilir ba┼şvuru t├╝rleri i├ğin ek a├ğ─▒klama kodda yaln─▒zca bir '#nullable' ek a├ğ─▒klama ba─şlam─▒ i├ğinde kullan─▒lmal─▒d─▒r. [C:\Users\─░brahim\Desktop\┼ŞUAN\KcetasProje\ProjeStaj.csproj]
C:\Users\─░brahim\Desktop\┼ŞUAN\KcetasProje\ViewModels\YeniIsEmriViewModel.cs(22,22): warning CS8632: Bo┼ş de─şer atanabilir ba┼şvuru t├╝rleri i├ğin ek a├ğ─▒klama kodda yaln─▒zca bir '#nullable' ek a├ğ─▒klama ba─şlam─▒ i├ğinde kullan─▒lmal─▒d─▒r. [C:\Users\─░brahim\Desktop\┼ŞUAN\KcetasProje\ProjeStaj.csproj]
C:\Users\─░brahim\Desktop\┼ŞUAN\KcetasProje\ViewModels\YeniIsEmriViewModel.cs(28,22): warning CS8632: Bo┼ş de─şer atanabilir ba┼şvuru t├╝rleri i├ğin ek a├ğ─▒klama kodda yaln─▒zca bir '#nullable' ek a├ğ─▒klama ba─şlam─▒ i├ğinde kullan─▒lmal─▒d─▒r. [C:\Users\─░brahim\Desktop\┼ŞUAN\KcetasProje\ProjeStaj.csproj]
C:\Users\─░brahim\Desktop\┼ŞUAN\KcetasProje\Models\entities\TuketimNoktasi.cs(44,22): warning CS8632: Bo┼ş de─şer atanabilir ba┼şvuru t├╝rleri i├ğin ek a├ğ─▒klama kodda yaln─▒zca bir '#nullable' ek a├ğ─▒klama ba─şlam─▒ i├ğinde kullan─▒lmal─▒d─▒r. [C:\Users\─░brahim\Desktop\┼ŞUAN\KcetasProje\ProjeStaj.csproj]
C:\Users\─░brahim\Desktop\┼ŞUAN\KcetasProje\ViewModels\TuketimNoktasiViewModels.cs(13,22): warning CS8632: Bo┼ş de─şer atanabilir ba┼şvuru t├╝rleri i├ğin ek a├ğ─▒klama kodda yaln─▒zca bir '#nullable' ek a├ğ─▒klama ba─şlam─▒ i├ğinde kullan─▒lmal─▒d─▒r. [C:\Users\─░brahim\Desktop\┼ŞUAN\KcetasProje\ProjeStaj.csproj]
C:\Users\─░brahim\Desktop\┼ŞUAN\KcetasProje\ViewModels\TuketimNoktasiViewModels.cs(14,22): warning CS8632: Bo┼ş de─şer atanabilir ba┼şvuru t├╝rleri i├ğin ek a├ğ─▒klama kodda yaln─▒zca bir '#nullable' ek a├ğ─▒klama ba─şlam─▒ i├ğinde kullan─▒lmal─▒d─▒r. [C:\Users\─░brahim\Desktop\┼ŞUAN\KcetasProje\ProjeStaj.csproj]
C:\Users\─░brahim\Desktop\┼ŞUAN\KcetasProje\ViewModels\TuketimNoktasiViewModels.cs(15,22): warning CS8632: Bo┼ş de─şer atanabilir ba┼şvuru t├╝rleri i├ğin ek a├ğ─▒klama kodda yaln─▒zca bir '#nullable' ek a├ğ─▒klama ba─şlam─▒ i├ğinde kullan─▒lmal─▒d─▒r. [C:\Users\─░brahim\Desktop\┼ŞUAN\KcetasProje\ProjeStaj.csproj]
C:\Users\─░brahim\Desktop\┼ŞUAN\KcetasProje\ViewModels\TuketimNoktasiViewModels.cs(16,22): warning CS8632: Bo┼ş de─şer atanabilir ba┼şvuru t├╝rleri i├ğin ek a├ğ─▒klama kodda yaln─▒zca bir '#nullable' ek a├ğ─▒klama ba─şlam─▒ i├ğinde kullan─▒lmal─▒d─▒r. [C:\Users\─░brahim\Desktop\┼ŞUAN\KcetasProje\ProjeStaj.csproj]
C:\Users\─░brahim\Desktop\┼ŞUAN\KcetasProje\ViewModels\TutanakGirisViewModel.cs(19,22): warning CS8632: Bo┼ş de─şer atanabilir ba┼şvuru t├╝rleri i├ğin ek a├ğ─▒klama kodda yaln─▒zca bir '#nullable' ek a├ğ─▒klama ba─şlam─▒ i├ğinde kullan─▒lmal─▒d─▒r. [C:\Users\─░brahim\Desktop\┼ŞUAN\KcetasProje\ProjeStaj.csproj]
C:\Users\─░brahim\Desktop\┼ŞUAN\KcetasProje\ViewModels\TuketimNoktasiViewModels.cs(17,22): warning CS8632: Bo┼ş de─şer atanabilir ba┼şvuru t├╝rleri i├ğin ek a├ğ─▒klama kodda yaln─▒zca bir '#nullable' ek a├ğ─▒klama ba─şlam─▒ i├ğinde kullan─▒lmal─▒d─▒r. [C:\Users\─░brahim\Desktop\┼ŞUAN\KcetasProje\ProjeStaj.csproj]
C:\Users\─░brahim\Desktop\┼ŞUAN\KcetasProje\Models\entities\TuketimNoktasi.cs(63,22): warning CS8632: Bo┼ş de─şer atanabilir ba┼şvuru t├╝rleri i├ğin ek a├ğ─▒klama kodda yaln─▒zca bir '#nullable' ek a├ğ─▒klama ba─şlam─▒ i├ğinde kullan─▒lmal─▒d─▒r. [C:\Users\─░brahim\Desktop\┼ŞUAN\KcetasProje\ProjeStaj.csproj]
C:\Users\─░brahim\Desktop\┼ŞUAN\KcetasProje\ViewModels\FaturaSimulasyonViewModel.cs(54,46): warning CS8632: Bo┼ş de─şer atanabilir ba┼şvuru t├╝rleri i├ğin ek a├ğ─▒klama kodda yaln─▒zca bir '#nullable' ek a├ğ─▒klama ba─şlam─▒ i├ğinde kullan─▒lmal─▒d─▒r. [C:\Users\─░brahim\Desktop\┼ŞUAN\KcetasProje\ProjeStaj.csproj]
C:\Users\─░brahim\Desktop\┼ŞUAN\KcetasProje\ViewModels\TutanakGirisViewModel.cs(24,22): warning CS8632: Bo┼ş de─şer atanabilir ba┼şvuru t├╝rleri i├ğin ek a├ğ─▒klama kodda yaln─▒zca bir '#nullable' ek a├ğ─▒klama ba─şlam─▒ i├ğinde kullan─▒lmal─▒d─▒r. [C:\Users\─░brahim\Desktop\┼ŞUAN\KcetasProje\ProjeStaj.csproj]
C:\Users\─░brahim\Desktop\┼ŞUAN\KcetasProje\ViewModels\TutanakGirisViewModel.cs(27,22): warning CS8632: Bo┼ş de─şer atanabilir ba┼şvuru t├╝rleri i├ğin ek a├ğ─▒klama kodda yaln─▒zca bir '#nullable' ek a├ğ─▒klama ba─şlam─▒ i├ğinde kullan─▒lmal─▒d─▒r. [C:\Users\─░brahim\Desktop\┼ŞUAN\KcetasProje\ProjeStaj.csproj]
C:\Users\─░brahim\Desktop\┼ŞUAN\KcetasProje\Models\entities\TuketimNoktasi.cs(66,22): warning CS8632: Bo┼ş de─şer atanabilir ba┼şvuru t├╝rleri i├ğin ek a├ğ─▒klama kodda yaln─▒zca bir '#nullable' ek a├ğ─▒klama ba─şlam─▒ i├ğinde kullan─▒lmal─▒d─▒r. [C:\Users\─░brahim\Desktop\┼ŞUAN\KcetasProje\ProjeStaj.csproj]
C:\Users\─░brahim\Desktop\┼ŞUAN\KcetasProje\ViewModels\TuketimNoktasiViewModels.cs(18,22): warning CS8632: Bo┼ş de─şer atanabilir ba┼şvuru t├╝rleri i├ğin ek a├ğ─▒klama kodda yaln─▒zca bir '#nullable' ek a├ğ─▒klama ba─şlam─▒ i├ğinde kullan─▒lmal─▒d─▒r. [C:\Users\─░brahim\Desktop\┼ŞUAN\KcetasProje\ProjeStaj.csproj]
C:\Users\─░brahim\Desktop\┼ŞUAN\KcetasProje\ViewModels\TutanakGirisViewModel.cs(28,22): warning CS8632: Bo┼ş de─şer atanabilir ba┼şvuru t├╝rleri i├ğin ek a├ğ─▒klama kodda yaln─▒zca bir '#nullable' ek a├ğ─▒klama ba─şlam─▒ i├ğinde kullan─▒lmal─▒d─▒r. [C:\Users\─░brahim\Desktop\┼ŞUAN\KcetasProje\ProjeStaj.csproj]
C:\Users\─░brahim\Desktop\┼ŞUAN\KcetasProje\ViewModels\TutanakGirisViewModel.cs(29,22): warning CS8632: Bo┼ş de─şer atanabilir ba┼şvuru t├╝rleri i├ğin ek a├ğ─▒klama kodda yaln─▒zca bir '#nullable' ek a├ğ─▒klama ba─şlam─▒ i├ğinde kullan─▒lmal─▒d─▒r. [C:\Users\─░brahim\Desktop\┼ŞUAN\KcetasProje\ProjeStaj.csproj]
C:\Users\─░brahim\Desktop\┼ŞUAN\KcetasProje\ViewModels\TutanakGirisViewModel.cs(30,22): warning CS8632: Bo┼ş de─şer atanabilir ba┼şvuru t├╝rleri i├ğin ek a├ğ─▒klama kodda yaln─▒zca bir '#nullable' ek a├ğ─▒klama ba─şlam─▒ i├ğinde kullan─▒lmal─▒d─▒r. [C:\Users\─░brahim\Desktop\┼ŞUAN\KcetasProje\ProjeStaj.csproj]
C:\Users\─░brahim\Desktop\┼ŞUAN\KcetasProje\ViewModels\TuketimNoktasiViewModels.cs(19,22): warning CS8632: Bo┼ş de─şer atanabilir ba┼şvuru t├╝rleri i├ğin ek a├ğ─▒klama kodda yaln─▒zca bir '#nullable' ek a├ğ─▒klama ba─şlam─▒ i├ğinde kullan─▒lmal─▒d─▒r. [C:\Users\─░brahim\Desktop\┼ŞUAN\KcetasProje\ProjeStaj.csproj]
C:\Users\─░brahim\Desktop\┼ŞUAN\KcetasProje\ViewModels\FaturaSimulasyonViewModel.cs(60,22): warning CS8632: Bo┼ş de─şer atanabilir ba┼şvuru t├╝rleri i├ğin ek a├ğ─▒klama kodda yaln─▒zca bir '#nullable' ek a├ğ─▒klama ba─şlam─▒ i├ğinde kullan─▒lmal─▒d─▒r. [C:\Users\─░brahim\Desktop\┼ŞUAN\KcetasProje\ProjeStaj.csproj]
C:\Users\─░brahim\Desktop\┼ŞUAN\KcetasProje\ViewModels\TutanakGirisViewModel.cs(31,22): warning CS8632: Bo┼ş de─şer atanabilir ba┼şvuru t├╝rleri i├ğin ek a├ğ─▒klama kodda yaln─▒zca bir '#nullable' ek a├ğ─▒klama ba─şlam─▒ i├ğinde kullan─▒lmal─▒d─▒r. [C:\Users\─░brahim\Desktop\┼ŞUAN\KcetasProje\ProjeStaj.csproj]
C:\Users\─░brahim\Desktop\┼ŞUAN\KcetasProje\ViewModels\FaturaSimulasyonViewModel.cs(61,22): warning CS8632: Bo┼ş de─şer atanabilir ba┼şvuru t├╝rleri i├ğin ek a├ğ─▒klama kodda yaln─▒zca bir '#nullable' ek a├ğ─▒klama ba─şlam─▒ i├ğinde kullan─▒lmal─▒d─▒r. [C:\Users\─░brahim\Desktop\┼ŞUAN\KcetasProje\ProjeStaj.csproj]
C:\Users\─░brahim\Desktop\┼ŞUAN\KcetasProje\ViewModels\TuketimNoktasiViewModels.cs(20,22): warning CS8632: Bo┼ş de─şer atanabilir ba┼şvuru t├╝rleri i├ğin ek a├ğ─▒klama kodda yaln─▒zca bir '#nullable' ek a├ğ─▒klama ba─şlam─▒ i├ğinde kullan─▒lmal─▒d─▒r. [C:\Users\─░brahim\Desktop\┼ŞUAN\KcetasProje\ProjeStaj.csproj]
C:\Users\─░brahim\Desktop\┼ŞUAN\KcetasProje\ViewModels\TuketimNoktasiViewModels.cs(24,22): warning CS8632: Bo┼ş de─şer atanabilir ba┼şvuru t├╝rleri i├ğin ek a├ğ─▒klama kodda yaln─▒zca bir '#nullable' ek a├ğ─▒klama ba─şlam─▒ i├ğinde kullan─▒lmal─▒d─▒r. [C:\Users\─░brahim\Desktop\┼ŞUAN\KcetasProje\ProjeStaj.csproj]
C:\Users\─░brahim\Desktop\┼ŞUAN\KcetasProje\ViewModels\TuketimNoktasiViewModels.cs(25,22): warning CS8632: Bo┼ş de─şer atanabilir ba┼şvuru t├╝rleri i├ğin ek a├ğ─▒klama kodda yaln─▒zca bir '#nullable' ek a├ğ─▒klama ba─şlam─▒ i├ğinde kullan─▒lmal─▒d─▒r. [C:\Users\─░brahim\Desktop\┼ŞUAN\KcetasProje\ProjeStaj.csproj]
C:\Users\─░brahim\Desktop\┼ŞUAN\KcetasProje\ViewModels\TuketimNoktasiViewModels.cs(26,22): warning CS8632: Bo┼ş de─şer atanabilir ba┼şvuru t├╝rleri i├ğin ek a├ğ─▒klama kodda yaln─▒zca bir '#nullable' ek a├ğ─▒klama ba─şlam─▒ i├ğinde kullan─▒lmal─▒d─▒r. [C:\Users\─░brahim\Desktop\┼ŞUAN\KcetasProje\ProjeStaj.csproj]
C:\Users\─░brahim\Desktop\┼ŞUAN\KcetasProje\ViewModels\TuketimNoktasiViewModels.cs(27,22): warning CS8632: Bo┼ş de─şer atanabilir ba┼şvuru t├╝rleri i├ğin ek a├ğ─▒klama kodda yaln─▒zca bir '#nullable' ek a├ğ─▒klama ba─şlam─▒ i├ğinde kullan─▒lmal─▒d─▒r. [C:\Users\─░brahim\Desktop\┼ŞUAN\KcetasProje\ProjeStaj.csproj]
C:\Users\─░brahim\Desktop\┼ŞUAN\KcetasProje\ViewModels\TuketimNoktasiViewModels.cs(31,22): warning CS8632: Bo┼ş de─şer atanabilir ba┼şvuru t├╝rleri i├ğin ek a├ğ─▒klama kodda yaln─▒zca bir '#nullable' ek a├ğ─▒klama ba─şlam─▒ i├ğinde kullan─▒lmal─▒d─▒r. [C:\Users\─░brahim\Desktop\┼ŞUAN\KcetasProje\ProjeStaj.csproj]
C:\Users\─░brahim\Desktop\┼ŞUAN\KcetasProje\ViewModels\TuketimNoktasiViewModels.cs(33,22): warning CS8632: Bo┼ş de─şer atanabilir ba┼şvuru t├╝rleri i├ğin ek a├ğ─▒klama kodda yaln─▒zca bir '#nullable' ek a├ğ─▒klama ba─şlam─▒ i├ğinde kullan─▒lmal─▒d─▒r. [C:\Users\─░brahim\Desktop\┼ŞUAN\KcetasProje\ProjeStaj.csproj]
C:\Users\─░brahim\Desktop\┼ŞUAN\KcetasProje\ViewModels\TuketimNoktasiViewModels.cs(38,22): warning CS8632: Bo┼ş de─şer atanabilir ba┼şvuru t├╝rleri i├ğin ek a├ğ─▒klama kodda yaln─▒zca bir '#nullable' ek a├ğ─▒klama ba─şlam─▒ i├ğinde kullan─▒lmal─▒d─▒r. [C:\Users\─░brahim\Desktop\┼ŞUAN\KcetasProje\ProjeStaj.csproj]
C:\Users\─░brahim\Desktop\┼ŞUAN\KcetasProje\Models\ErrorViewModel.cs(5,18): warning CS8632: Bo┼ş de─şer atanabilir ba┼şvuru t├╝rleri i├ğin ek a├ğ─▒klama kodda yaln─▒zca bir '#nullable' ek a├ğ─▒klama ba─şlam─▒ i├ğinde kullan─▒lmal─▒d─▒r. [C:\Users\─░brahim\Desktop\┼ŞUAN\KcetasProje\ProjeStaj.csproj]
C:\Users\─░brahim\Desktop\┼ŞUAN\KcetasProje\Models\entities\tarifeler.cs(3,14): warning CS8981: ÔÇ£tarifelerÔÇØ t├╝r ad─▒ yaln─▒zca k├╝├ğ├╝k harfli ascii karakterleri i├ğerir. Bu t├╝r adlar dil i├ğin ayr─▒lm─▒┼ş hale gelebilir. [C:\Users\─░brahim\Desktop\┼ŞUAN\KcetasProje\ProjeStaj.csproj]
C:\Users\─░brahim\Desktop\┼ŞUAN\KcetasProje\ViewModels\EndeksOkumaViewModels.cs(64,18): warning CS8632: Bo┼ş de─şer atanabilir ba┼şvuru t├╝rleri i├ğin ek a├ğ─▒klama kodda yaln─▒zca bir '#nullable' ek a├ğ─▒klama ba─şlam─▒ i├ğinde kullan─▒lmal─▒d─▒r. [C:\Users\─░brahim\Desktop\┼ŞUAN\KcetasProje\ProjeStaj.csproj]
C:\Users\─░brahim\Desktop\┼ŞUAN\KcetasProje\ViewModels\EndeksOkumaViewModels.cs(65,18): warning CS8632: Bo┼ş de─şer atanabilir ba┼şvuru t├╝rleri i├ğin ek a├ğ─▒klama kodda yaln─▒zca bir '#nullable' ek a├ğ─▒klama ba─şlam─▒ i├ğinde kullan─▒lmal─▒d─▒r. [C:\Users\─░brahim\Desktop\┼ŞUAN\KcetasProje\ProjeStaj.csproj]
C:\Users\─░brahim\Desktop\┼ŞUAN\KcetasProje\ViewModels\EndeksOkumaViewModels.cs(66,18): warning CS8632: Bo┼ş de─şer atanabilir ba┼şvuru t├╝rleri i├ğin ek a├ğ─▒klama kodda yaln─▒zca bir '#nullable' ek a├ğ─▒klama ba─şlam─▒ i├ğinde kullan─▒lmal─▒d─▒r. [C:\Users\─░brahim\Desktop\┼ŞUAN\KcetasProje\ProjeStaj.csproj]
C:\Users\─░brahim\Desktop\┼ŞUAN\KcetasProje\Services\Api\ApiOutboxService.cs(106,37): warning CS8632: Bo┼ş de─şer atanabilir ba┼şvuru t├╝rleri i├ğin ek a├ğ─▒klama kodda yaln─▒zca bir '#nullable' ek a├ğ─▒klama ba─şlam─▒ i├ğinde kullan─▒lmal─▒d─▒r. [C:\Users\─░brahim\Desktop\┼ŞUAN\KcetasProje\ProjeStaj.csproj]
C:\Users\─░brahim\Desktop\┼ŞUAN\KcetasProje\Controllers\SayacController.cs(116,53): warning MVC1004: Property on type 'Sayac' has the same name as parameter 'model'. This may result in incorrect model binding. Consider renaming the parameter or the property to avoid conflicts. If the type 'Sayac' has a custom type converter or custom model binder, you can suppress this message. (https://aka.ms/AA20pbc) [C:\Users\─░brahim\Desktop\┼ŞUAN\KcetasProje\ProjeStaj.csproj]
C:\Users\─░brahim\Desktop\┼ŞUAN\KcetasProje\Controllers\FaturaController.cs(44,45): error CS1061: 'IKullaniciDeposu' bir 'BulKullaniciAdiIle' tan─▒m─▒ i├ğermiyor ve 'IKullaniciDeposu' t├╝r├╝nde bir ilk ba─ş─▒ms─▒z de─şi┼şken kabul eden hi├ğbir eri┼şilebilir 'BulKullaniciAdiIle' geni┼şletme y├Ântemi bulunamad─▒ (bir kullanma y├Ânergeniz veya derleme ba┼şvurunuz eksik olabilir mi?) [C:\Users\─░brahim\Desktop\┼ŞUAN\KcetasProje\ProjeStaj.csproj]
C:\Users\─░brahim\Desktop\┼ŞUAN\KcetasProje\Controllers\SozlesmeController.cs(43,28): error CS4032: 'await' i┼şleci yaln─▒zca bir async metot i├ğerisinde kullan─▒labilir. Bu metodu 'async' de─şi┼ştiricisi ile i┼şaretlemeyi ve d├Ân├╝┼ş tipini 'Task<int>' olarak de─şi┼ştirmeyi d├╝┼ş├╝n├╝n. [C:\Users\─░brahim\Desktop\┼ŞUAN\KcetasProje\ProjeStaj.csproj]
C:\Users\─░brahim\Desktop\┼ŞUAN\KcetasProje\Controllers\FaturaController.cs(58,48): error CS1061: 'ISozlesmeService' bir 'GetAll' tan─▒m─▒ i├ğermiyor ve 'ISozlesmeService' t├╝r├╝nde bir ilk ba─ş─▒ms─▒z de─şi┼şken kabul eden hi├ğbir eri┼şilebilir 'GetAll' geni┼şletme y├Ântemi bulunamad─▒ (bir kullanma y├Ânergeniz veya derleme ba┼şvurunuz eksik olabilir mi?) [C:\Users\─░brahim\Desktop\┼ŞUAN\KcetasProje\ProjeStaj.csproj]
C:\Users\─░brahim\Desktop\┼ŞUAN\KcetasProje\Controllers\FaturaController.cs(59,59): error CS1061: 'ITuketimNoktasiService' bir 'GetAll' tan─▒m─▒ i├ğermiyor ve 'ITuketimNoktasiService' t├╝r├╝nde bir ilk ba─ş─▒ms─▒z de─şi┼şken kabul eden hi├ğbir eri┼şilebilir 'GetAll' geni┼şletme y├Ântemi bulunamad─▒ (bir kullanma y├Ânergeniz veya derleme ba┼şvurunuz eksik olabilir mi?) [C:\Users\─░brahim\Desktop\┼ŞUAN\KcetasProje\ProjeStaj.csproj]
C:\Users\─░brahim\Desktop\┼ŞUAN\KcetasProje\Controllers\FaturaController.cs(148,49): error CS1061: 'ISozlesmeService' bir 'GetAll' tan─▒m─▒ i├ğermiyor ve 'ISozlesmeService' t├╝r├╝nde bir ilk ba─ş─▒ms─▒z de─şi┼şken kabul eden hi├ğbir eri┼şilebilir 'GetAll' geni┼şletme y├Ântemi bulunamad─▒ (bir kullanma y├Ânergeniz veya derleme ba┼şvurunuz eksik olabilir mi?) [C:\Users\─░brahim\Desktop\┼ŞUAN\KcetasProje\ProjeStaj.csproj]
C:\Users\─░brahim\Desktop\┼ŞUAN\KcetasProje\Controllers\FaturaController.cs(151,53): error CS1061: 'ITuketimNoktasiService' bir 'GetAll' tan─▒m─▒ i├ğermiyor ve 'ITuketimNoktasiService' t├╝r├╝nde bir ilk ba─ş─▒ms─▒z de─şi┼şken kabul eden hi├ğbir eri┼şilebilir 'GetAll' geni┼şletme y├Ântemi bulunamad─▒ (bir kullanma y├Ânergeniz veya derleme ba┼şvurunuz eksik olabilir mi?) [C:\Users\─░brahim\Desktop\┼ŞUAN\KcetasProje\ProjeStaj.csproj]
C:\Users\─░brahim\Desktop\┼ŞUAN\KcetasProje\Controllers\FaturaController.cs(161,30): error CS1061: 'IAuditLogService' bir 'Ekle' tan─▒m─▒ i├ğermiyor ve 'IAuditLogService' t├╝r├╝nde bir ilk ba─ş─▒ms─▒z de─şi┼şken kabul eden hi├ğbir eri┼şilebilir 'Ekle' geni┼şletme y├Ântemi bulunamad─▒ (bir kullanma y├Ânergeniz veya derleme ba┼şvurunuz eksik olabilir mi?) [C:\Users\─░brahim\Desktop\┼ŞUAN\KcetasProje\ProjeStaj.csproj]
C:\Users\─░brahim\Desktop\┼ŞUAN\KcetasProje\Controllers\FaturaController.cs(178,45): error CS1061: 'ISozlesmeService' bir 'GetAll' tan─▒m─▒ i├ğermiyor ve 'ISozlesmeService' t├╝r├╝nde bir ilk ba─ş─▒ms─▒z de─şi┼şken kabul eden hi├ğbir eri┼şilebilir 'GetAll' geni┼şletme y├Ântemi bulunamad─▒ (bir kullanma y├Ânergeniz veya derleme ba┼şvurunuz eksik olabilir mi?) [C:\Users\─░brahim\Desktop\┼ŞUAN\KcetasProje\ProjeStaj.csproj]
C:\Users\─░brahim\Desktop\┼ŞUAN\KcetasProje\Controllers\FaturaController.cs(183,47): error CS1061: 'IAboneService' bir 'GetById' tan─▒m─▒ i├ğermiyor ve 'IAboneService' t├╝r├╝nde bir ilk ba─ş─▒ms─▒z de─şi┼şken kabul eden hi├ğbir eri┼şilebilir 'GetById' geni┼şletme y├Ântemi bulunamad─▒ (bir kullanma y├Ânergeniz veya derleme ba┼şvurunuz eksik olabilir mi?) [C:\Users\─░brahim\Desktop\┼ŞUAN\KcetasProje\ProjeStaj.csproj]
C:\Users\─░brahim\Desktop\┼ŞUAN\KcetasProje\Controllers\FaturaController.cs(194,53): error CS1061: 'ITuketimNoktasiService' bir 'GetAll' tan─▒m─▒ i├ğermiyor ve 'ITuketimNoktasiService' t├╝r├╝nde bir ilk ba─ş─▒ms─▒z de─şi┼şken kabul eden hi├ğbir eri┼şilebilir 'GetAll' geni┼şletme y├Ântemi bulunamad─▒ (bir kullanma y├Ânergeniz veya derleme ba┼şvurunuz eksik olabilir mi?) [C:\Users\─░brahim\Desktop\┼ŞUAN\KcetasProje\ProjeStaj.csproj]
C:\Users\─░brahim\Desktop\┼ŞUAN\KcetasProje\Controllers\FaturaController.cs(252,34): error CS1061: 'IAuditLogService' bir 'Ekle' tan─▒m─▒ i├ğermiyor ve 'IAuditLogService' t├╝r├╝nde bir ilk ba─ş─▒ms─▒z de─şi┼şken kabul eden hi├ğbir eri┼şilebilir 'Ekle' geni┼şletme y├Ântemi bulunamad─▒ (bir kullanma y├Ânergeniz veya derleme ba┼şvurunuz eksik olabilir mi?) [C:\Users\─░brahim\Desktop\┼ŞUAN\KcetasProje\ProjeStaj.csproj]
C:\Users\─░brahim\Desktop\┼ŞUAN\KcetasProje\Services\Background\IsEmriOlusturucuBackgroundService.cs(63,44): error CS1061: 'ISayacService' bir 'GetAll' tan─▒m─▒ i├ğermiyor ve 'ISayacService' t├╝r├╝nde bir ilk ba─ş─▒ms─▒z de─şi┼şken kabul eden hi├ğbir eri┼şilebilir 'GetAll' geni┼şletme y├Ântemi bulunamad─▒ (bir kullanma y├Ânergeniz veya derleme ba┼şvurunuz eksik olabilir mi?) [C:\Users\─░brahim\Desktop\┼ŞUAN\KcetasProje\ProjeStaj.csproj]
C:\Users\─░brahim\Desktop\┼ŞUAN\KcetasProje\Services\Background\IsEmriOlusturucuBackgroundService.cs(64,50): error CS1061: 'IEndeksOkumaService' bir 'GetAll' tan─▒m─▒ i├ğermiyor ve 'IEndeksOkumaService' t├╝r├╝nde bir ilk ba─ş─▒ms─▒z de─şi┼şken kabul eden hi├ğbir eri┼şilebilir 'GetAll' geni┼şletme y├Ântemi bulunamad─▒ (bir kullanma y├Ânergeniz veya derleme ba┼şvurunuz eksik olabilir mi?) [C:\Users\─░brahim\Desktop\┼ŞUAN\KcetasProje\ProjeStaj.csproj]
C:\Users\─░brahim\Desktop\┼ŞUAN\KcetasProje\Services\Background\IsEmriOlusturucuBackgroundService.cs(67,48): error CS1061: 'IIsEmriService' bir 'Filtrele' tan─▒m─▒ i├ğermiyor ve 'IIsEmriService' t├╝r├╝nde bir ilk ba─ş─▒ms─▒z de─şi┼şken kabul eden hi├ğbir eri┼şilebilir 'Filtrele' geni┼şletme y├Ântemi bulunamad─▒ (bir kullanma y├Ânergeniz veya derleme ba┼şvurunuz eksik olabilir mi?) [C:\Users\─░brahim\Desktop\┼ŞUAN\KcetasProje\ProjeStaj.csproj]
C:\Users\─░brahim\Desktop\┼ŞUAN\KcetasProje\Services\Background\IsEmriOlusturucuBackgroundService.cs(72,47): error CS1061: 'IKullaniciDeposu' bir 'Listele' tan─▒m─▒ i├ğermiyor ve 'IKullaniciDeposu' t├╝r├╝nde bir ilk ba─ş─▒ms─▒z de─şi┼şken kabul eden hi├ğbir eri┼şilebilir 'Listele' geni┼şletme y├Ântemi bulunamad─▒ (bir kullanma y├Ânergeniz veya derleme ba┼şvurunuz eksik olabilir mi?) [C:\Users\─░brahim\Desktop\┼ŞUAN\KcetasProje\ProjeStaj.csproj]
C:\Users\─░brahim\Desktop\┼ŞUAN\KcetasProje\Services\Background\IsEmriOlusturucuBackgroundService.cs(142,39): error CS1061: 'IIsEmriService' bir 'Ekle' tan─▒m─▒ i├ğermiyor ve 'IIsEmriService' t├╝r├╝nde bir ilk ba─ş─▒ms─▒z de─şi┼şken kabul eden hi├ğbir eri┼şilebilir 'Ekle' geni┼şletme y├Ântemi bulunamad─▒ (bir kullanma y├Ânergeniz veya derleme ba┼şvurunuz eksik olabilir mi?) [C:\Users\─░brahim\Desktop\┼ŞUAN\KcetasProje\ProjeStaj.csproj]
C:\Users\─░brahim\Desktop\┼ŞUAN\KcetasProje\Controllers\SozlesmeController.cs(134,18): error CS1061: 'Task<List<Sozlesme>>' bir 'Where' tan─▒m─▒ i├ğermiyor ve 'Task<List<Sozlesme>>' t├╝r├╝nde bir ilk ba─ş─▒ms─▒z de─şi┼şken kabul eden hi├ğbir eri┼şilebilir 'Where' geni┼şletme y├Ântemi bulunamad─▒ (bir kullanma y├Ânergeniz veya derleme ba┼şvurunuz eksik olabilir mi?) [C:\Users\─░brahim\Desktop\┼ŞUAN\KcetasProje\ProjeStaj.csproj]
C:\Users\─░brahim\Desktop\┼ŞUAN\KcetasProje\Controllers\SozlesmeController.cs(140,18): error CS1061: 'Task<List<TuketimNoktasi>>' bir 'Where' tan─▒m─▒ i├ğermiyor ve 'Task<List<TuketimNoktasi>>' t├╝r├╝nde bir ilk ba─ş─▒ms─▒z de─şi┼şken kabul eden hi├ğbir eri┼şilebilir 'Where' geni┼şletme y├Ântemi bulunamad─▒ (bir kullanma y├Ânergeniz veya derleme ba┼şvurunuz eksik olabilir mi?) [C:\Users\─░brahim\Desktop\┼ŞUAN\KcetasProje\ProjeStaj.csproj]
C:\Users\─░brahim\Desktop\┼ŞUAN\KcetasProje\Controllers\FaturaController.cs(279,30): error CS1061: 'IAuditLogService' bir 'Ekle' tan─▒m─▒ i├ğermiyor ve 'IAuditLogService' t├╝r├╝nde bir ilk ba─ş─▒ms─▒z de─şi┼şken kabul eden hi├ğbir eri┼şilebilir 'Ekle' geni┼şletme y├Ântemi bulunamad─▒ (bir kullanma y├Ânergeniz veya derleme ba┼şvurunuz eksik olabilir mi?) [C:\Users\─░brahim\Desktop\┼ŞUAN\KcetasProje\ProjeStaj.csproj]
C:\Users\─░brahim\Desktop\┼ŞUAN\KcetasProje\Controllers\SozlesmeController.cs(165,22): error CS1061: 'Task<List<TuketimNoktasi>>' bir 'Where' tan─▒m─▒ i├ğermiyor ve 'Task<List<TuketimNoktasi>>' t├╝r├╝nde bir ilk ba─ş─▒ms─▒z de─şi┼şken kabul eden hi├ğbir eri┼şilebilir 'Where' geni┼şletme y├Ântemi bulunamad─▒ (bir kullanma y├Ânergeniz veya derleme ba┼şvurunuz eksik olabilir mi?) [C:\Users\─░brahim\Desktop\┼ŞUAN\KcetasProje\ProjeStaj.csproj]
C:\Users\─░brahim\Desktop\┼ŞUAN\KcetasProje\Controllers\TuketimNoktasiController.cs(140,30): error CS1061: 'IAuditLogService' bir 'Ekle' tan─▒m─▒ i├ğermiyor ve 'IAuditLogService' t├╝r├╝nde bir ilk ba─ş─▒ms─▒z de─şi┼şken kabul eden hi├ğbir eri┼şilebilir 'Ekle' geni┼şletme y├Ântemi bulunamad─▒ (bir kullanma y├Ânergeniz veya derleme ba┼şvurunuz eksik olabilir mi?) [C:\Users\─░brahim\Desktop\┼ŞUAN\KcetasProje\ProjeStaj.csproj]
C:\Users\─░brahim\Desktop\┼ŞUAN\KcetasProje\Controllers\TuketimNoktasiController.cs(175,42): error CS1061: 'IAuditLogService' bir 'Ekle' tan─▒m─▒ i├ğermiyor ve 'IAuditLogService' t├╝r├╝nde bir ilk ba─ş─▒ms─▒z de─şi┼şken kabul eden hi├ğbir eri┼şilebilir 'Ekle' geni┼şletme y├Ântemi bulunamad─▒ (bir kullanma y├Ânergeniz veya derleme ba┼şvurunuz eksik olabilir mi?) [C:\Users\─░brahim\Desktop\┼ŞUAN\KcetasProje\ProjeStaj.csproj]
C:\Users\─░brahim\Desktop\┼ŞUAN\KcetasProje\Controllers\SozlesmeController.cs(226,18): error CS1061: 'Task<List<Sozlesme>>' bir 'Where' tan─▒m─▒ i├ğermiyor ve 'Task<List<Sozlesme>>' t├╝r├╝nde bir ilk ba─ş─▒ms─▒z de─şi┼şken kabul eden hi├ğbir eri┼şilebilir 'Where' geni┼şletme y├Ântemi bulunamad─▒ (bir kullanma y├Ânergeniz veya derleme ba┼şvurunuz eksik olabilir mi?) [C:\Users\─░brahim\Desktop\┼ŞUAN\KcetasProje\ProjeStaj.csproj]
C:\Users\─░brahim\Desktop\┼ŞUAN\KcetasProje\Controllers\IsEmriController.cs(274,50): error CS1061: 'IAuditLogService' bir 'GetirByVarlik' tan─▒m─▒ i├ğermiyor ve 'IAuditLogService' t├╝r├╝nde bir ilk ba─ş─▒ms─▒z de─şi┼şken kabul eden hi├ğbir eri┼şilebilir 'GetirByVarlik' geni┼şletme y├Ântemi bulunamad─▒ (bir kullanma y├Ânergeniz veya derleme ba┼şvurunuz eksik olabilir mi?) [C:\Users\─░brahim\Desktop\┼ŞUAN\KcetasProje\ProjeStaj.csproj]
C:\Users\─░brahim\Desktop\┼ŞUAN\KcetasProje\Controllers\IsEmriController.cs(303,26): error CS1061: 'IAuditLogService' bir 'Ekle' tan─▒m─▒ i├ğermiyor ve 'IAuditLogService' t├╝r├╝nde bir ilk ba─ş─▒ms─▒z de─şi┼şken kabul eden hi├ğbir eri┼şilebilir 'Ekle' geni┼şletme y├Ântemi bulunamad─▒ (bir kullanma y├Ânergeniz veya derleme ba┼şvurunuz eksik olabilir mi?) [C:\Users\─░brahim\Desktop\┼ŞUAN\KcetasProje\ProjeStaj.csproj]
C:\Users\─░brahim\Desktop\┼ŞUAN\KcetasProje\Controllers\AboneController.cs(78,45): error CS1061: 'IAboneService' bir 'GetAll' tan─▒m─▒ i├ğermiyor ve 'IAboneService' t├╝r├╝nde bir ilk ba─ş─▒ms─▒z de─şi┼şken kabul eden hi├ğbir eri┼şilebilir 'GetAll' geni┼şletme y├Ântemi bulunamad─▒ (bir kullanma y├Ânergeniz veya derleme ba┼şvurunuz eksik olabilir mi?) [C:\Users\─░brahim\Desktop\┼ŞUAN\KcetasProje\ProjeStaj.csproj]
C:\Users\─░brahim\Desktop\┼ŞUAN\KcetasProje\Controllers\AboneController.cs(126,17): error CS1929: 'IAboneService' bir 'Create' tan─▒m─▒ i├ğermiyor ve en iyi geni┼şletme y├Ântemi yeniden y├╝klemesi olan 'FileSystemAclExtensions.Create(DirectoryInfo, DirectorySecurity)', 'System.IO.DirectoryInfo' t├╝r├╝n├╝n bir al─▒c─▒s─▒n─▒ gerektiriyor [C:\Users\─░brahim\Desktop\┼ŞUAN\KcetasProje\ProjeStaj.csproj]
C:\Users\─░brahim\Desktop\┼ŞUAN\KcetasProje\Controllers\AboneController.cs(131,50): error CS1061: 'IAboneService' bir 'GetAll' tan─▒m─▒ i├ğermiyor ve 'IAboneService' t├╝r├╝nde bir ilk ba─ş─▒ms─▒z de─şi┼şken kabul eden hi├ğbir eri┼şilebilir 'GetAll' geni┼şletme y├Ântemi bulunamad─▒ (bir kullanma y├Ânergeniz veya derleme ba┼şvurunuz eksik olabilir mi?) [C:\Users\─░brahim\Desktop\┼ŞUAN\KcetasProje\ProjeStaj.csproj]
C:\Users\─░brahim\Desktop\┼ŞUAN\KcetasProje\Controllers\AboneController.cs(139,39): error CS1061: 'IAboneService' bir 'Update' tan─▒m─▒ i├ğermiyor ve 'IAboneService' t├╝r├╝nde bir ilk ba─ş─▒ms─▒z de─şi┼şken kabul eden hi├ğbir eri┼şilebilir 'Update' geni┼şletme y├Ântemi bulunamad─▒ (bir kullanma y├Ânergeniz veya derleme ba┼şvurunuz eksik olabilir mi?) [C:\Users\─░brahim\Desktop\┼ŞUAN\KcetasProje\ProjeStaj.csproj]
C:\Users\─░brahim\Desktop\┼ŞUAN\KcetasProje\Controllers\AboneController.cs(143,34): error CS1061: 'IAuditLogService' bir 'Ekle' tan─▒m─▒ i├ğermiyor ve 'IAuditLogService' t├╝r├╝nde bir ilk ba─ş─▒ms─▒z de─şi┼şken kabul eden hi├ğbir eri┼şilebilir 'Ekle' geni┼şletme y├Ântemi bulunamad─▒ (bir kullanma y├Ânergeniz veya derleme ba┼şvurunuz eksik olabilir mi?) [C:\Users\─░brahim\Desktop\┼ŞUAN\KcetasProje\ProjeStaj.csproj]
C:\Users\─░brahim\Desktop\┼ŞUAN\KcetasProje\Controllers\IsEmriController.cs(327,26): error CS1061: 'IAuditLogService' bir 'Ekle' tan─▒m─▒ i├ğermiyor ve 'IAuditLogService' t├╝r├╝nde bir ilk ba─ş─▒ms─▒z de─şi┼şken kabul eden hi├ğbir eri┼şilebilir 'Ekle' geni┼şletme y├Ântemi bulunamad─▒ (bir kullanma y├Ânergeniz veya derleme ba┼şvurunuz eksik olabilir mi?) [C:\Users\─░brahim\Desktop\┼ŞUAN\KcetasProje\ProjeStaj.csproj]
C:\Users\─░brahim\Desktop\┼ŞUAN\KcetasProje\Controllers\AboneController.cs(162,39): error CS1061: 'IAboneService' bir 'GetById' tan─▒m─▒ i├ğermiyor ve 'IAboneService' t├╝r├╝nde bir ilk ba─ş─▒ms─▒z de─şi┼şken kabul eden hi├ğbir eri┼şilebilir 'GetById' geni┼şletme y├Ântemi bulunamad─▒ (bir kullanma y├Ânergeniz veya derleme ba┼şvurunuz eksik olabilir mi?) [C:\Users\─░brahim\Desktop\┼ŞUAN\KcetasProje\ProjeStaj.csproj]
C:\Users\─░brahim\Desktop\┼ŞUAN\KcetasProje\Controllers\AboneController.cs(178,39): error CS1061: 'IAboneService' bir 'GetById' tan─▒m─▒ i├ğermiyor ve 'IAboneService' t├╝r├╝nde bir ilk ba─ş─▒ms─▒z de─şi┼şken kabul eden hi├ğbir eri┼şilebilir 'GetById' geni┼şletme y├Ântemi bulunamad─▒ (bir kullanma y├Ânergeniz veya derleme ba┼şvurunuz eksik olabilir mi?) [C:\Users\─░brahim\Desktop\┼ŞUAN\KcetasProje\ProjeStaj.csproj]
C:\Users\─░brahim\Desktop\┼ŞUAN\KcetasProje\Controllers\TuketimNoktasiController.cs(298,34): error CS1061: 'IAuditLogService' bir 'Ekle' tan─▒m─▒ i├ğermiyor ve 'IAuditLogService' t├╝r├╝nde bir ilk ba─ş─▒ms─▒z de─şi┼şken kabul eden hi├ğbir eri┼şilebilir 'Ekle' geni┼şletme y├Ântemi bulunamad─▒ (bir kullanma y├Ânergeniz veya derleme ba┼şvurunuz eksik olabilir mi?) [C:\Users\─░brahim\Desktop\┼ŞUAN\KcetasProje\ProjeStaj.csproj]
C:\Users\─░brahim\Desktop\┼ŞUAN\KcetasProje\Controllers\AboneController.cs(199,45): error CS1061: 'IAboneService' bir 'GetAll' tan─▒m─▒ i├ğermiyor ve 'IAboneService' t├╝r├╝nde bir ilk ba─ş─▒ms─▒z de─şi┼şken kabul eden hi├ğbir eri┼şilebilir 'GetAll' geni┼şletme y├Ântemi bulunamad─▒ (bir kullanma y├Ânergeniz veya derleme ba┼şvurunuz eksik olabilir mi?) [C:\Users\─░brahim\Desktop\┼ŞUAN\KcetasProje\ProjeStaj.csproj]
C:\Users\─░brahim\Desktop\┼ŞUAN\KcetasProje\Controllers\AboneController.cs(212,43): error CS1061: 'IAboneService' bir 'GetById' tan─▒m─▒ i├ğermiyor ve 'IAboneService' t├╝r├╝nde bir ilk ba─ş─▒ms─▒z de─şi┼şken kabul eden hi├ğbir eri┼şilebilir 'GetById' geni┼şletme y├Ântemi bulunamad─▒ (bir kullanma y├Ânergeniz veya derleme ba┼şvurunuz eksik olabilir mi?) [C:\Users\─░brahim\Desktop\┼ŞUAN\KcetasProje\ProjeStaj.csproj]
C:\Users\─░brahim\Desktop\┼ŞUAN\KcetasProje\Controllers\AboneController.cs(238,31): error CS1061: 'IAboneService' bir 'Update' tan─▒m─▒ i├ğermiyor ve 'IAboneService' t├╝r├╝nde bir ilk ba─ş─▒ms─▒z de─şi┼şken kabul eden hi├ğbir eri┼şilebilir 'Update' geni┼şletme y├Ântemi bulunamad─▒ (bir kullanma y├Ânergeniz veya derleme ba┼şvurunuz eksik olabilir mi?) [C:\Users\─░brahim\Desktop\┼ŞUAN\KcetasProje\ProjeStaj.csproj]
C:\Users\─░brahim\Desktop\┼ŞUAN\KcetasProje\Controllers\AboneController.cs(240,34): error CS1061: 'IAuditLogService' bir 'Ekle' tan─▒m─▒ i├ğermiyor ve 'IAuditLogService' t├╝r├╝nde bir ilk ba─ş─▒ms─▒z de─şi┼şken kabul eden hi├ğbir eri┼şilebilir 'Ekle' geni┼şletme y├Ântemi bulunamad─▒ (bir kullanma y├Ânergeniz veya derleme ba┼şvurunuz eksik olabilir mi?) [C:\Users\─░brahim\Desktop\┼ŞUAN\KcetasProje\ProjeStaj.csproj]
C:\Users\─░brahim\Desktop\┼ŞUAN\KcetasProje\Controllers\AboneController.cs(261,27): error CS1061: 'IAboneService' bir 'Delete' tan─▒m─▒ i├ğermiyor ve 'IAboneService' t├╝r├╝nde bir ilk ba─ş─▒ms─▒z de─şi┼şken kabul eden hi├ğbir eri┼şilebilir 'Delete' geni┼şletme y├Ântemi bulunamad─▒ (bir kullanma y├Ânergeniz veya derleme ba┼şvurunuz eksik olabilir mi?) [C:\Users\─░brahim\Desktop\┼ŞUAN\KcetasProje\ProjeStaj.csproj]
C:\Users\─░brahim\Desktop\┼ŞUAN\KcetasProje\Controllers\AboneController.cs(263,30): error CS1061: 'IAuditLogService' bir 'Ekle' tan─▒m─▒ i├ğermiyor ve 'IAuditLogService' t├╝r├╝nde bir ilk ba─ş─▒ms─▒z de─şi┼şken kabul eden hi├ğbir eri┼şilebilir 'Ekle' geni┼şletme y├Ântemi bulunamad─▒ (bir kullanma y├Ânergeniz veya derleme ba┼şvurunuz eksik olabilir mi?) [C:\Users\─░brahim\Desktop\┼ŞUAN\KcetasProje\ProjeStaj.csproj]
C:\Users\─░brahim\Desktop\┼ŞUAN\KcetasProje\Controllers\IsEmriController.cs(524,48): error CS1061: 'IFaturaService' bir 'SimulasyonHesapla' tan─▒m─▒ i├ğermiyor ve 'IFaturaService' t├╝r├╝nde bir ilk ba─ş─▒ms─▒z de─şi┼şken kabul eden hi├ğbir eri┼şilebilir 'SimulasyonHesapla' geni┼şletme y├Ântemi bulunamad─▒ (bir kullanma y├Ânergeniz veya derleme ba┼şvurunuz eksik olabilir mi?) [C:\Users\─░brahim\Desktop\┼ŞUAN\KcetasProje\ProjeStaj.csproj]
C:\Users\─░brahim\Desktop\┼ŞUAN\KcetasProje\Controllers\IsEmriController.cs(562,26): error CS1061: 'IAuditLogService' bir 'Ekle' tan─▒m─▒ i├ğermiyor ve 'IAuditLogService' t├╝r├╝nde bir ilk ba─ş─▒ms─▒z de─şi┼şken kabul eden hi├ğbir eri┼şilebilir 'Ekle' geni┼şletme y├Ântemi bulunamad─▒ (bir kullanma y├Ânergeniz veya derleme ba┼şvurunuz eksik olabilir mi?) [C:\Users\─░brahim\Desktop\┼ŞUAN\KcetasProje\ProjeStaj.csproj]
C:\Users\─░brahim\Desktop\┼ŞUAN\KcetasProje\Controllers\EndeksOkumaController.cs(218,44): error CS1061: 'IFaturaService' bir 'SimulasyonHesapla' tan─▒m─▒ i├ğermiyor ve 'IFaturaService' t├╝r├╝nde bir ilk ba─ş─▒ms─▒z de─şi┼şken kabul eden hi├ğbir eri┼şilebilir 'SimulasyonHesapla' geni┼şletme y├Ântemi bulunamad─▒ (bir kullanma y├Ânergeniz veya derleme ba┼şvurunuz eksik olabilir mi?) [C:\Users\─░brahim\Desktop\┼ŞUAN\KcetasProje\ProjeStaj.csproj]
C:\Users\─░brahim\Desktop\┼ŞUAN\KcetasProje\Controllers\EndeksOkumaController.cs(315,18): error CS1061: 'Task<List<EndeksOkuma>>' bir 'Where' tan─▒m─▒ i├ğermiyor ve 'Task<List<EndeksOkuma>>' t├╝r├╝nde bir ilk ba─ş─▒ms─▒z de─şi┼şken kabul eden hi├ğbir eri┼şilebilir 'Where' geni┼şletme y├Ântemi bulunamad─▒ (bir kullanma y├Ânergeniz veya derleme ba┼şvurunuz eksik olabilir mi?) [C:\Users\─░brahim\Desktop\┼ŞUAN\KcetasProje\ProjeStaj.csproj]
C:\Users\─░brahim\Desktop\┼ŞUAN\KcetasProje\Controllers\EndeksOkumaController.cs(352,44): error CS1061: 'IFaturaService' bir 'SimulasyonHesapla' tan─▒m─▒ i├ğermiyor ve 'IFaturaService' t├╝r├╝nde bir ilk ba─ş─▒ms─▒z de─şi┼şken kabul eden hi├ğbir eri┼şilebilir 'SimulasyonHesapla' geni┼şletme y├Ântemi bulunamad─▒ (bir kullanma y├Ânergeniz veya derleme ba┼şvurunuz eksik olabilir mi?) [C:\Users\─░brahim\Desktop\┼ŞUAN\KcetasProje\ProjeStaj.csproj]
    206 Uyar─▒
    45 Hata

Ge├ğen S├╝re 00:00:04.35
