C:\Users\İbrahim\Desktop\ŞUAN\KcetasProje\Controllers\TuketimNoktasiController.cs(44,34): error CS1061: 'TuketimNoktasi' bir 'ilce_adi' tanımı içermiyor ve 'TuketimNoktasi' türünde bir ilk bağımsız değişken kabul eden hiçbir erişilebilir 'ilce_adi' genişletme yöntemi bulunamadı (bir kullanma yönergeniz veya derleme başvurunuz eksik olabilir mi?) [C:\Users\İbrahim\Desktop\ŞUAN\KcetasProje\ProjeStaj.csproj]
C:\Users\İbrahim\Desktop\ŞUAN\KcetasProje\Controllers\TuketimNoktasiController.cs(45,34): error CS1061: 'TuketimNoktasi' bir 'ilce_adi' tanımı içermiyor ve 'TuketimNoktasi' türünde bir ilk bağımsız değişken kabul eden hiçbir erişilebilir 'ilce_adi' genişletme yöntemi bulunamadı (bir kullanma yönergeniz veya derleme başvurunuz eksik olabilir mi?) [C:\Users\İbrahim\Desktop\ŞUAN\KcetasProje\ProjeStaj.csproj]
C:\Users\İbrahim\Desktop\ŞUAN\KcetasProje\Controllers\TuketimNoktasiController.cs(46,34): error CS1061: 'TuketimNoktasi' bir 'ilce_adi' tanımı içermiyor ve 'TuketimNoktasi' türünde bir ilk bağımsız değişken kabul eden hiçbir erişilebilir 'ilce_adi' genişletme yöntemi bulunamadı (bir kullanma yönergeniz veya derleme başvurunuz eksik olabilir mi?) [C:\Users\İbrahim\Desktop\ŞUAN\KcetasProje\ProjeStaj.csproj]
C:\Users\İbrahim\Desktop\ŞUAN\KcetasProje\Controllers\TuketimNoktasiController.cs(47,34): error CS1061: 'TuketimNoktasi' bir 'ilce_adi' tanımı içermiyor ve 'TuketimNoktasi' türünde bir ilk bağımsız değişken kabul eden hiçbir erişilebilir 'ilce_adi' genişletme yöntemi bulunamadı (bir kullanma yönergeniz veya derleme başvurunuz eksik olabilir mi?) [C:\Users\İbrahim\Desktop\ŞUAN\KcetasProje\ProjeStaj.csproj]
C:\Users\İbrahim\Desktop\ŞUAN\KcetasProje\Controllers\TuketimNoktasiController.cs(48,34): error CS1061: 'TuketimNoktasi' bir 'ilce_adi' tanımı içermiyor ve 'TuketimNoktasi' türünde bir ilk bağımsız değişken kabul eden hiçbir erişilebilir 'ilce_adi' genişletme yöntemi bulunamadı (bir kullanma yönergeniz veya derleme başvurunuz eksik olabilir mi?) [C:\Users\İbrahim\Desktop\ŞUAN\KcetasProje\ProjeStaj.csproj]
C:\Users\İbrahim\Desktop\ŞUAN\KcetasProje\Controllers\TuketimNoktasiController.cs(49,34): error CS1061: 'TuketimNoktasi' bir 'ilce_adi' tanımı içermiyor ve 'TuketimNoktasi' türünde bir ilk bağımsız değişken kabul eden hiçbir erişilebilir 'ilce_adi' genişletme yöntemi bulunamadı (bir kullanma yönergeniz veya derleme başvurunuz eksik olabilir mi?) [C:\Users\İbrahim\Desktop\ŞUAN\KcetasProje\ProjeStaj.csproj]
C:\Users\İbrahim\Desktop\ŞUAN\KcetasProje\Controllers\TuketimNoktasiController.cs(50,34): error CS1061: 'TuketimNoktasi' bir 'ilce_adi' tanımı içermiyor ve 'TuketimNoktasi' türünde bir ilk bağımsız değişken kabul eden hiçbir erişilebilir 'ilce_adi' genişletme yöntemi bulunamadı (bir kullanma yönergeniz veya derleme başvurunuz eksik olabilir mi?) [C:\Users\İbrahim\Desktop\ŞUAN\KcetasProje\ProjeStaj.csproj]
C:\Users\İbrahim\Desktop\ŞUAN\KcetasProje\Controllers\TuketimNoktasiController.cs(51,34): error CS1061: 'TuketimNoktasi' bir 'ilce_adi' tanımı içermiyor ve 'TuketimNoktasi' türünde bir ilk bağımsız değişken kabul eden hiçbir erişilebilir 'ilce_adi' genişletme yöntemi bulunamadı (bir kullanma yönergeniz veya derleme başvurunuz eksik olabilir mi?) [C:\Users\İbrahim\Desktop\ŞUAN\KcetasProje\ProjeStaj.csproj]
C:\Users\İbrahim\Desktop\ŞUAN\KcetasProje\Controllers\TuketimNoktasiController.cs(52,34): error CS1061: 'TuketimNoktasi' bir 'ilce_adi' tanımı içermiyor ve 'TuketimNoktasi' türünde bir ilk bağımsız değişken kabul eden hiçbir erişilebilir 'ilce_adi' genişletme yöntemi bulunamadı (bir kullanma yönergeniz veya derleme başvurunuz eksik olabilir mi?) [C:\Users\İbrahim\Desktop\ŞUAN\KcetasProje\ProjeStaj.csproj]
C:\Users\İbrahim\Desktop\ŞUAN\KcetasProje\Controllers\TuketimNoktasiController.cs(53,35): error CS1061: 'TuketimNoktasi' bir 'ilce_adi' tanımı içermiyor ve 'TuketimNoktasi' türünde bir ilk bağımsız değişken kabul eden hiçbir erişilebilir 'ilce_adi' genişletme yöntemi bulunamadı (bir kullanma yönergeniz veya derleme başvurunuz eksik olabilir mi?) [C:\Users\İbrahim\Desktop\ŞUAN\KcetasProje\ProjeStaj.csproj]
C:\Users\İbrahim\Desktop\ŞUAN\KcetasProje\Controllers\TuketimNoktasiController.cs(54,35): error CS1061: 'TuketimNoktasi' bir 'ilce_adi' tanımı içermiyor ve 'TuketimNoktasi' türünde bir ilk bağımsız değişken kabul eden hiçbir erişilebilir 'ilce_adi' genişletme yöntemi bulunamadı (bir kullanma yönergeniz veya derleme başvurunuz eksik olabilir mi?) [C:\Users\İbrahim\Desktop\ŞUAN\KcetasProje\ProjeStaj.csproj]
C:\Users\İbrahim\Desktop\ŞUAN\KcetasProje\Controllers\TuketimNoktasiController.cs(55,35): error CS1061: 'TuketimNoktasi' bir 'ilce_adi' tanımı içermiyor ve 'TuketimNoktasi' türünde bir ilk bağımsız değişken kabul eden hiçbir erişilebilir 'ilce_adi' genişletme yöntemi bulunamadı (bir kullanma yönergeniz veya derleme başvurunuz eksik olabilir mi?) [C:\Users\İbrahim\Desktop\ŞUAN\KcetasProje\ProjeStaj.csproj]
C:\Users\İbrahim\Desktop\ŞUAN\KcetasProje\Controllers\TuketimNoktasiController.cs(56,35): error CS1061: 'TuketimNoktasi' bir 'ilce_adi' tanımı içermiyor ve 'TuketimNoktasi' türünde bir ilk bağımsız değişken kabul eden hiçbir erişilebilir 'ilce_adi' genişletme yöntemi bulunamadı (bir kullanma yönergeniz veya derleme başvurunuz eksik olabilir mi?) [C:\Users\İbrahim\Desktop\ŞUAN\KcetasProje\ProjeStaj.csproj]
C:\Users\İbrahim\Desktop\ŞUAN\KcetasProje\Controllers\TuketimNoktasiController.cs(57,35): error CS1061: 'TuketimNoktasi' bir 'ilce_adi' tanımı içermiyor ve 'TuketimNoktasi' türünde bir ilk bağımsız değişken kabul eden hiçbir erişilebilir 'ilce_adi' genişletme yöntemi bulunamadı (bir kullanma yönergeniz veya derleme başvurunuz eksik olabilir mi?) [C:\Users\İbrahim\Desktop\ŞUAN\KcetasProje\ProjeStaj.csproj]
C:\Users\İbrahim\Desktop\ŞUAN\KcetasProje\Controllers\TuketimNoktasiController.cs(58,35): error CS1061: 'TuketimNoktasi' bir 'ilce_adi' tanımı içermiyor ve 'TuketimNoktasi' türünde bir ilk bağımsız değişken kabul eden hiçbir erişilebilir 'ilce_adi' genişletme yöntemi bulunamadı (bir kullanma yönergeniz veya derleme başvurunuz eksik olabilir mi?) [C:\Users\İbrahim\Desktop\ŞUAN\KcetasProje\ProjeStaj.csproj]
C:\Users\İbrahim\Desktop\ŞUAN\KcetasProje\Controllers\TuketimNoktasiController.cs(59,35): error CS1061: 'TuketimNoktasi' bir 'ilce_adi' tanımı içermiyor ve 'TuketimNoktasi' türünde bir ilk bağımsız değişken kabul eden hiçbir erişilebilir 'ilce_adi' genişletme yöntemi bulunamadı (bir kullanma yönergeniz veya derleme başvurunuz eksik olabilir mi?) [C:\Users\İbrahim\Desktop\ŞUAN\KcetasProje\ProjeStaj.csproj]
C:\Users\İbrahim\Desktop\ŞUAN\KcetasProje\Controllers\TuketimNoktasiController.cs(60,35): error CS1061: 'TuketimNoktasi' bir 'ilce_adi' tanımı içermiyor ve 'TuketimNoktasi' türünde bir ilk bağımsız değişken kabul eden hiçbir erişilebilir 'ilce_adi' genişletme yöntemi bulunamadı (bir kullanma yönergeniz veya derleme başvurunuz eksik olabilir mi?) [C:\Users\İbrahim\Desktop\ŞUAN\KcetasProje\ProjeStaj.csproj]
C:\Users\İbrahim\Desktop\ŞUAN\KcetasProje\Controllers\TuketimNoktasiController.cs(61,35): error CS1061: 'TuketimNoktasi' bir 'ilce_adi' tanımı içermiyor ve 'TuketimNoktasi' türünde bir ilk bağımsız değişken kabul eden hiçbir erişilebilir 'ilce_adi' genişletme yöntemi bulunamadı (bir kullanma yönergeniz veya derleme başvurunuz eksik olabilir mi?) [C:\Users\İbrahim\Desktop\ŞUAN\KcetasProje\ProjeStaj.csproj]
C:\Users\İbrahim\Desktop\ŞUAN\KcetasProje\Views\EndeksOkuma\Detay.cshtml(52,115): error CS1061: 'EndeksOkuma' bir 'AnomaliAciklamasi' tanımı içermiyor ve 'EndeksOkuma' türünde bir ilk bağımsız değişken kabul eden hiçbir erişilebilir 'AnomaliAciklamasi' genişletme yöntemi bulunamadı (bir kullanma yönergeniz veya derleme başvurunuz eksik olabilir mi?) [C:\Users\İbrahim\Desktop\ŞUAN\KcetasProje\ProjeStaj.csproj]
C:\Users\İbrahim\Desktop\ŞUAN\KcetasProje\Views\EndeksOkuma\Detay.cshtml(126,40): error CS1061: 'EndeksOkuma' bir 'tutanak_aktarildi_mi' tanımı içermiyor ve 'EndeksOkuma' türünde bir ilk bağımsız değişken kabul eden hiçbir erişilebilir 'tutanak_aktarildi_mi' genişletme yöntemi bulunamadı (bir kullanma yönergeniz veya derleme başvurunuz eksik olabilir mi?) [C:\Users\İbrahim\Desktop\ŞUAN\KcetasProje\ProjeStaj.csproj]
C:\Users\İbrahim\Desktop\ŞUAN\KcetasProje\Services\Mock\MockTuketimNoktasiService.cs(12,34): error CS0117: 'TuketimNoktasi' bir 'TuketimNoktasiId' tanımı içermiyor [C:\Users\İbrahim\Desktop\ŞUAN\KcetasProje\ProjeStaj.csproj]
C:\Users\İbrahim\Desktop\ŞUAN\KcetasProje\Services\Mock\MockTuketimNoktasiService.cs(12,82): error CS0117: 'TuketimNoktasi' bir 'il_adi' tanımı içermiyor [C:\Users\İbrahim\Desktop\ŞUAN\KcetasProje\ProjeStaj.csproj]
C:\Users\İbrahim\Desktop\ŞUAN\KcetasProje\Services\Mock\MockTuketimNoktasiService.cs(12,102): error CS0117: 'TuketimNoktasi' bir 'ilce_adi' tanımı içermiyor [C:\Users\İbrahim\Desktop\ŞUAN\KcetasProje\ProjeStaj.csproj]
C:\Users\İbrahim\Desktop\ŞUAN\KcetasProje\Services\Mock\MockTuketimNoktasiService.cs(12,179): error CS0117: 'TuketimNoktasi' bir 'tckn' tanımı içermiyor [C:\Users\İbrahim\Desktop\ŞUAN\KcetasProje\ProjeStaj.csproj]
C:\Users\İbrahim\Desktop\ŞUAN\KcetasProje\Services\Mock\MockTuketimNoktasiService.cs(12,201): error CS0117: 'TuketimNoktasi' bir 'vkn' tanımı içermiyor [C:\Users\İbrahim\Desktop\ŞUAN\KcetasProje\ProjeStaj.csproj]
C:\Users\İbrahim\Desktop\ŞUAN\KcetasProje\Services\Mock\MockTuketimNoktasiService.cs(13,34): error CS0117: 'TuketimNoktasi' bir 'TuketimNoktasiId' tanımı içermiyor [C:\Users\İbrahim\Desktop\ŞUAN\KcetasProje\ProjeStaj.csproj]
C:\Users\İbrahim\Desktop\ŞUAN\KcetasProje\Services\Mock\MockTuketimNoktasiService.cs(13,82): error CS0117: 'TuketimNoktasi' bir 'il_adi' tanımı içermiyor [C:\Users\İbrahim\Desktop\ŞUAN\KcetasProje\ProjeStaj.csproj]
C:\Users\İbrahim\Desktop\ŞUAN\KcetasProje\Services\Mock\MockTuketimNoktasiService.cs(13,102): error CS0117: 'TuketimNoktasi' bir 'ilce_adi' tanımı içermiyor [C:\Users\İbrahim\Desktop\ŞUAN\KcetasProje\ProjeStaj.csproj]
C:\Users\İbrahim\Desktop\ŞUAN\KcetasProje\Services\Mock\MockTuketimNoktasiService.cs(13,184): error CS0117: 'TuketimNoktasi' bir 'tckn' tanımı içermiyor [C:\Users\İbrahim\Desktop\ŞUAN\KcetasProje\ProjeStaj.csproj]
C:\Users\İbrahim\Desktop\ŞUAN\KcetasProje\Services\Mock\MockTuketimNoktasiService.cs(13,195): error CS0117: 'TuketimNoktasi' bir 'vkn' tanımı içermiyor [C:\Users\İbrahim\Desktop\ŞUAN\KcetasProje\ProjeStaj.csproj]
C:\Users\İbrahim\Desktop\ŞUAN\KcetasProje\Services\Mock\MockTuketimNoktasiService.cs(14,34): error CS0117: 'TuketimNoktasi' bir 'TuketimNoktasiId' tanımı içermiyor [C:\Users\İbrahim\Desktop\ŞUAN\KcetasProje\ProjeStaj.csproj]
C:\Users\İbrahim\Desktop\ŞUAN\KcetasProje\Services\Mock\MockTuketimNoktasiService.cs(14,82): error CS0117: 'TuketimNoktasi' bir 'il_adi' tanımı içermiyor [C:\Users\İbrahim\Desktop\ŞUAN\KcetasProje\ProjeStaj.csproj]
C:\Users\İbrahim\Desktop\ŞUAN\KcetasProje\Services\Mock\MockTuketimNoktasiService.cs(14,102): error CS0117: 'TuketimNoktasi' bir 'ilce_adi' tanımı içermiyor [C:\Users\İbrahim\Desktop\ŞUAN\KcetasProje\ProjeStaj.csproj]
C:\Users\İbrahim\Desktop\ŞUAN\KcetasProje\Services\Mock\MockTuketimNoktasiService.cs(14,179): error CS0117: 'TuketimNoktasi' bir 'tckn' tanımı içermiyor [C:\Users\İbrahim\Desktop\ŞUAN\KcetasProje\ProjeStaj.csproj]
C:\Users\İbrahim\Desktop\ŞUAN\KcetasProje\Services\Mock\MockTuketimNoktasiService.cs(14,201): error CS0117: 'TuketimNoktasi' bir 'vkn' tanımı içermiyor [C:\Users\İbrahim\Desktop\ŞUAN\KcetasProje\ProjeStaj.csproj]
C:\Users\İbrahim\Desktop\ŞUAN\KcetasProje\Services\Mock\MockTuketimNoktasiService.cs(15,34): error CS0117: 'TuketimNoktasi' bir 'TuketimNoktasiId' tanımı içermiyor [C:\Users\İbrahim\Desktop\ŞUAN\KcetasProje\ProjeStaj.csproj]
C:\Users\İbrahim\Desktop\ŞUAN\KcetasProje\Services\Mock\MockTuketimNoktasiService.cs(15,82): error CS0117: 'TuketimNoktasi' bir 'il_adi' tanımı içermiyor [C:\Users\İbrahim\Desktop\ŞUAN\KcetasProje\ProjeStaj.csproj]
C:\Users\İbrahim\Desktop\ŞUAN\KcetasProje\Services\Mock\MockTuketimNoktasiService.cs(15,102): error CS0117: 'TuketimNoktasi' bir 'ilce_adi' tanımı içermiyor [C:\Users\İbrahim\Desktop\ŞUAN\KcetasProje\ProjeStaj.csproj]
C:\Users\İbrahim\Desktop\ŞUAN\KcetasProje\Services\Mock\MockTuketimNoktasiService.cs(15,174): error CS0117: 'TuketimNoktasi' bir 'tckn' tanımı içermiyor [C:\Users\İbrahim\Desktop\ŞUAN\KcetasProje\ProjeStaj.csproj]
C:\Users\İbrahim\Desktop\ŞUAN\KcetasProje\Services\Mock\MockTuketimNoktasiService.cs(15,196): error CS0117: 'TuketimNoktasi' bir 'vkn' tanımı içermiyor [C:\Users\İbrahim\Desktop\ŞUAN\KcetasProje\ProjeStaj.csproj]
C:\Users\İbrahim\Desktop\ŞUAN\KcetasProje\Services\Mock\MockTuketimNoktasiService.cs(16,34): error CS0117: 'TuketimNoktasi' bir 'TuketimNoktasiId' tanımı içermiyor [C:\Users\İbrahim\Desktop\ŞUAN\KcetasProje\ProjeStaj.csproj]
C:\Users\İbrahim\Desktop\ŞUAN\KcetasProje\Services\Mock\MockTuketimNoktasiService.cs(16,82): error CS0117: 'TuketimNoktasi' bir 'il_adi' tanımı içermiyor [C:\Users\İbrahim\Desktop\ŞUAN\KcetasProje\ProjeStaj.csproj]
C:\Users\İbrahim\Desktop\ŞUAN\KcetasProje\Services\Mock\MockTuketimNoktasiService.cs(16,102): error CS0117: 'TuketimNoktasi' bir 'ilce_adi' tanımı içermiyor [C:\Users\İbrahim\Desktop\ŞUAN\KcetasProje\ProjeStaj.csproj]
C:\Users\İbrahim\Desktop\ŞUAN\KcetasProje\Services\Mock\MockTuketimNoktasiService.cs(16,189): error CS0117: 'TuketimNoktasi' bir 'tckn' tanımı içermiyor [C:\Users\İbrahim\Desktop\ŞUAN\KcetasProje\ProjeStaj.csproj]
C:\Users\İbrahim\Desktop\ŞUAN\KcetasProje\Services\Mock\MockTuketimNoktasiService.cs(16,200): error CS0117: 'TuketimNoktasi' bir 'vkn' tanımı içermiyor [C:\Users\İbrahim\Desktop\ŞUAN\KcetasProje\ProjeStaj.csproj]
C:\Users\İbrahim\Desktop\ŞUAN\KcetasProje\Views\EndeksOkuma\TutanakYazdir.cshtml(217,40): error CS1061: 'EndeksOkuma' bir 'AnomaliAciklamasi' tanımı içermiyor ve 'EndeksOkuma' türünde bir ilk bağımsız değişken kabul eden hiçbir erişilebilir 'AnomaliAciklamasi' genişletme yöntemi bulunamadı (bir kullanma yönergeniz veya derleme başvurunuz eksik olabilir mi?) [C:\Users\İbrahim\Desktop\ŞUAN\KcetasProje\ProjeStaj.csproj]
C:\Users\İbrahim\Desktop\ŞUAN\KcetasProje\Services\Api\ApiAuditLogService.cs(29,29): error CS0266: 'long' türü örtülü olarak 'int' türüne dönüştürülemez. Açık bir dönüştürme var (eksik atamanız mı var?) [C:\Users\İbrahim\Desktop\ŞUAN\KcetasProje\ProjeStaj.csproj]
C:\Users\İbrahim\Desktop\ŞUAN\KcetasProje\Services\Api\ApiAuditLogService.cs(34,35): error CS0029: 'long?' türü örtülü olarak 'string' türüne dönüştürülemez [C:\Users\İbrahim\Desktop\ŞUAN\KcetasProje\ProjeStaj.csproj]
C:\Users\İbrahim\Desktop\ŞUAN\KcetasProje\Services\Mock\MockTuketimNoktasiService.cs(19,127): error CS1061: 'TuketimNoktasi' bir 'TuketimNoktasiId' tanımı içermiyor ve 'TuketimNoktasi' türünde bir ilk bağımsız değişken kabul eden hiçbir erişilebilir 'TuketimNoktasiId' genişletme yöntemi bulunamadı (bir kullanma yönergeniz veya derleme başvurunuz eksik olabilir mi?) [C:\Users\İbrahim\Desktop\ŞUAN\KcetasProje\ProjeStaj.csproj]
C:\Users\İbrahim\Desktop\ŞUAN\KcetasProje\Views\TuketimNoktasi\Index.cshtml(44,43): error CS1061: 'TuketimNoktasi' bir 'ilce_adi' tanımı içermiyor ve 'TuketimNoktasi' türünde bir ilk bağımsız değişken kabul eden hiçbir erişilebilir 'ilce_adi' genişletme yöntemi bulunamadı (bir kullanma yönergeniz veya derleme başvurunuz eksik olabilir mi?) [C:\Users\İbrahim\Desktop\ŞUAN\KcetasProje\ProjeStaj.csproj]
C:\Users\İbrahim\Desktop\ŞUAN\KcetasProje\Views\EndeksOkuma\Yeni.cshtml(32,98): error CS1061: 'TuketimNoktasi' bir 'il_adi' tanımı içermiyor ve 'TuketimNoktasi' türünde bir ilk bağımsız değişken kabul eden hiçbir erişilebilir 'il_adi' genişletme yöntemi bulunamadı (bir kullanma yönergeniz veya derleme başvurunuz eksik olabilir mi?) [C:\Users\İbrahim\Desktop\ŞUAN\KcetasProje\ProjeStaj.csproj]
C:\Users\İbrahim\Desktop\ŞUAN\KcetasProje\Views\EndeksOkuma\Yeni.cshtml(32,60): error CS1061: 'TuketimNoktasi' bir 'TuketimNoktasiId' tanımı içermiyor ve 'TuketimNoktasi' türünde bir ilk bağımsız değişken kabul eden hiçbir erişilebilir 'TuketimNoktasiId' genişletme yöntemi bulunamadı (bir kullanma yönergeniz veya derleme başvurunuz eksik olabilir mi?) [C:\Users\İbrahim\Desktop\ŞUAN\KcetasProje\ProjeStaj.csproj]
C:\Users\İbrahim\Desktop\ŞUAN\KcetasProje\Services\Api\ApiTuketimNoktasiService.cs(61,34): error CS0019: '??' işleci 'decimal' ve 'decimal' türündeki işlenenlere uygulanamaz [C:\Users\İbrahim\Desktop\ŞUAN\KcetasProje\ProjeStaj.csproj]
C:\Users\İbrahim\Desktop\ŞUAN\KcetasProje\Services\Api\ApiTuketimNoktasiService.cs(63,49): error CS1061: 'TuketimNoktasi' bir 'baglanti_grubu' tanımı içermiyor ve 'TuketimNoktasi' türünde bir ilk bağımsız değişken kabul eden hiçbir erişilebilir 'baglanti_grubu' genişletme yöntemi bulunamadı (bir kullanma yönergeniz veya derleme başvurunuz eksik olabilir mi?) [C:\Users\İbrahim\Desktop\ŞUAN\KcetasProje\ProjeStaj.csproj]
C:\Users\İbrahim\Desktop\ŞUAN\KcetasProje\Services\Mock\MockTuketimNoktasiService.cs(20,76): error CS1061: 'TuketimNoktasi' bir 'TuketimNoktasiId' tanımı içermiyor ve 'TuketimNoktasi' türünde bir ilk bağımsız değişken kabul eden hiçbir erişilebilir 'TuketimNoktasiId' genişletme yöntemi bulunamadı (bir kullanma yönergeniz veya derleme başvurunuz eksik olabilir mi?) [C:\Users\İbrahim\Desktop\ŞUAN\KcetasProje\ProjeStaj.csproj]
C:\Users\İbrahim\Desktop\ŞUAN\KcetasProje\Services\Mock\MockTuketimNoktasiService.cs(20,122): error CS1061: 'TuketimNoktasi' bir 'TuketimNoktasiId' tanımı içermiyor ve 'TuketimNoktasi' türünde bir ilk bağımsız değişken kabul eden hiçbir erişilebilir 'TuketimNoktasiId' genişletme yöntemi bulunamadı (bir kullanma yönergeniz veya derleme başvurunuz eksik olabilir mi?) [C:\Users\İbrahim\Desktop\ŞUAN\KcetasProje\ProjeStaj.csproj]
C:\Users\İbrahim\Desktop\ŞUAN\KcetasProje\Views\TuketimNoktasi\Duzenle.cshtml(72,70): error CS1061: 'TuketimNoktasi' bir 'baglanti_grubu' tanımı içermiyor ve 'TuketimNoktasi' türünde bir ilk bağımsız değişken kabul eden hiçbir erişilebilir 'baglanti_grubu' genişletme yöntemi bulunamadı (bir kullanma yönergeniz veya derleme başvurunuz eksik olabilir mi?) [C:\Users\İbrahim\Desktop\ŞUAN\KcetasProje\ProjeStaj.csproj]
C:\Users\İbrahim\Desktop\ŞUAN\KcetasProje\Views\TuketimNoktasi\Duzenle.cshtml(73,70): error CS1061: 'TuketimNoktasi' bir 'baglanti_grubu' tanımı içermiyor ve 'TuketimNoktasi' türünde bir ilk bağımsız değişken kabul eden hiçbir erişilebilir 'baglanti_grubu' genişletme yöntemi bulunamadı (bir kullanma yönergeniz veya derleme başvurunuz eksik olabilir mi?) [C:\Users\İbrahim\Desktop\ŞUAN\KcetasProje\ProjeStaj.csproj]
C:\Users\İbrahim\Desktop\ŞUAN\KcetasProje\Services\Mock\MockSozlesmeService.cs(12,105): error CS0117: 'Sozlesme' bir 'ad' tanımı içermiyor [C:\Users\İbrahim\Desktop\ŞUAN\KcetasProje\ProjeStaj.csproj]
C:\Users\İbrahim\Desktop\ŞUAN\KcetasProje\Services\Mock\MockSozlesmeService.cs(12,117): error CS0117: 'Sozlesme' bir 'soyad' tanımı içermiyor [C:\Users\İbrahim\Desktop\ŞUAN\KcetasProje\ProjeStaj.csproj]
C:\Users\İbrahim\Desktop\ŞUAN\KcetasProje\Services\Mock\MockSozlesmeService.cs(12,135): error CS0117: 'Sozlesme' bir 'unvan' tanımı içermiyor [C:\Users\İbrahim\Desktop\ŞUAN\KcetasProje\ProjeStaj.csproj]
C:\Users\İbrahim\Desktop\ŞUAN\KcetasProje\Services\Mock\MockSozlesmeService.cs(12,147): error CS0117: 'Sozlesme' bir 'tckn' tanımı içermiyor [C:\Users\İbrahim\Desktop\ŞUAN\KcetasProje\ProjeStaj.csproj]
C:\Users\İbrahim\Desktop\ŞUAN\KcetasProje\Services\Mock\MockSozlesmeService.cs(12,169): error CS0117: 'Sozlesme' bir 'tarife_grubu' tanımı içermiyor [C:\Users\İbrahim\Desktop\ŞUAN\KcetasProje\ProjeStaj.csproj]
C:\Users\İbrahim\Desktop\ŞUAN\KcetasProje\Services\Mock\MockSozlesmeService.cs(12,194): error CS0117: 'Sozlesme' bir 'statu' tanımı içermiyor [C:\Users\İbrahim\Desktop\ŞUAN\KcetasProje\ProjeStaj.csproj]
C:\Users\İbrahim\Desktop\ŞUAN\KcetasProje\Services\Mock\MockSozlesmeService.cs(13,105): error CS0117: 'Sozlesme' bir 'ad' tanımı içermiyor [C:\Users\İbrahim\Desktop\ŞUAN\KcetasProje\ProjeStaj.csproj]
C:\Users\İbrahim\Desktop\ŞUAN\KcetasProje\Services\Mock\MockSozlesmeService.cs(13,114): error CS0117: 'Sozlesme' bir 'soyad' tanımı içermiyor [C:\Users\İbrahim\Desktop\ŞUAN\KcetasProje\ProjeStaj.csproj]
C:\Users\İbrahim\Desktop\ŞUAN\KcetasProje\Services\Mock\MockSozlesmeService.cs(13,126): error CS0117: 'Sozlesme' bir 'unvan' tanımı içermiyor [C:\Users\İbrahim\Desktop\ŞUAN\KcetasProje\ProjeStaj.csproj]
C:\Users\İbrahim\Desktop\ŞUAN\KcetasProje\Services\Mock\MockSozlesmeService.cs(13,159): error CS0117: 'Sozlesme' bir 'vkn' tanımı içermiyor [C:\Users\İbrahim\Desktop\ŞUAN\KcetasProje\ProjeStaj.csproj]
C:\Users\İbrahim\Desktop\ŞUAN\KcetasProje\Services\Mock\MockSozlesmeService.cs(13,179): error CS0117: 'Sozlesme' bir 'tarife_grubu' tanımı içermiyor [C:\Users\İbrahim\Desktop\ŞUAN\KcetasProje\ProjeStaj.csproj]
C:\Users\İbrahim\Desktop\ŞUAN\KcetasProje\Services\Mock\MockSozlesmeService.cs(13,209): error CS0117: 'Sozlesme' bir 'statu' tanımı içermiyor [C:\Users\İbrahim\Desktop\ŞUAN\KcetasProje\ProjeStaj.csproj]
C:\Users\İbrahim\Desktop\ŞUAN\KcetasProje\Services\Mock\MockSozlesmeService.cs(14,105): error CS0117: 'Sozlesme' bir 'ad' tanımı içermiyor [C:\Users\İbrahim\Desktop\ŞUAN\KcetasProje\ProjeStaj.csproj]
C:\Users\İbrahim\Desktop\ŞUAN\KcetasProje\Services\Mock\MockSozlesmeService.cs(14,118): error CS0117: 'Sozlesme' bir 'soyad' tanımı içermiyor [C:\Users\İbrahim\Desktop\ŞUAN\KcetasProje\ProjeStaj.csproj]
C:\Users\İbrahim\Desktop\ŞUAN\KcetasProje\Services\Mock\MockSozlesmeService.cs(14,134): error CS0117: 'Sozlesme' bir 'unvan' tanımı içermiyor [C:\Users\İbrahim\Desktop\ŞUAN\KcetasProje\ProjeStaj.csproj]
C:\Users\İbrahim\Desktop\ŞUAN\KcetasProje\Services\Mock\MockSozlesmeService.cs(14,146): error CS0117: 'Sozlesme' bir 'tckn' tanımı içermiyor [C:\Users\İbrahim\Desktop\ŞUAN\KcetasProje\ProjeStaj.csproj]
C:\Users\İbrahim\Desktop\ŞUAN\KcetasProje\Services\Mock\MockSozlesmeService.cs(14,168): error CS0117: 'Sozlesme' bir 'tarife_grubu' tanımı içermiyor [C:\Users\İbrahim\Desktop\ŞUAN\KcetasProje\ProjeStaj.csproj]
C:\Users\İbrahim\Desktop\ŞUAN\KcetasProje\Services\Mock\MockSozlesmeService.cs(14,193): error CS0117: 'Sozlesme' bir 'statu' tanımı içermiyor [C:\Users\İbrahim\Desktop\ŞUAN\KcetasProje\ProjeStaj.csproj]
C:\Users\İbrahim\Desktop\ŞUAN\KcetasProje\Services\Mock\MockSozlesmeService.cs(15,105): error CS0117: 'Sozlesme' bir 'ad' tanımı içermiyor [C:\Users\İbrahim\Desktop\ŞUAN\KcetasProje\ProjeStaj.csproj]
C:\Users\İbrahim\Desktop\ŞUAN\KcetasProje\Services\Mock\MockSozlesmeService.cs(15,120): error CS0117: 'Sozlesme' bir 'soyad' tanımı içermiyor [C:\Users\İbrahim\Desktop\ŞUAN\KcetasProje\ProjeStaj.csproj]
C:\Users\İbrahim\Desktop\ŞUAN\KcetasProje\Services\Mock\MockSozlesmeService.cs(15,137): error CS0117: 'Sozlesme' bir 'unvan' tanımı içermiyor [C:\Users\İbrahim\Desktop\ŞUAN\KcetasProje\ProjeStaj.csproj]
C:\Users\İbrahim\Desktop\ŞUAN\KcetasProje\Services\Mock\MockSozlesmeService.cs(15,149): error CS0117: 'Sozlesme' bir 'tckn' tanımı içermiyor [C:\Users\İbrahim\Desktop\ŞUAN\KcetasProje\ProjeStaj.csproj]
C:\Users\İbrahim\Desktop\ŞUAN\KcetasProje\Services\Mock\MockSozlesmeService.cs(15,171): error CS0117: 'Sozlesme' bir 'tarife_grubu' tanımı içermiyor [C:\Users\İbrahim\Desktop\ŞUAN\KcetasProje\ProjeStaj.csproj]
C:\Users\İbrahim\Desktop\ŞUAN\KcetasProje\Services\Mock\MockSozlesmeService.cs(15,205): error CS0117: 'Sozlesme' bir 'statu' tanımı içermiyor [C:\Users\İbrahim\Desktop\ŞUAN\KcetasProje\ProjeStaj.csproj]
C:\Users\İbrahim\Desktop\ŞUAN\KcetasProje\Services\Api\ApiIsEmriService.cs(86,20): error CS1061: 'IsEmri' bir 'kesme_endeksi' tanımı içermiyor ve 'IsEmri' türünde bir ilk bağımsız değişken kabul eden hiçbir erişilebilir 'kesme_endeksi' genişletme yöntemi bulunamadı (bir kullanma yönergeniz veya derleme başvurunuz eksik olabilir mi?) [C:\Users\İbrahim\Desktop\ŞUAN\KcetasProje\ProjeStaj.csproj]
C:\Users\İbrahim\Desktop\ŞUAN\KcetasProje\Services\Api\ApiIsEmriService.cs(87,20): error CS1061: 'IsEmri' bir 'acma_endeksi' tanımı içermiyor ve 'IsEmri' türünde bir ilk bağımsız değişken kabul eden hiçbir erişilebilir 'acma_endeksi' genişletme yöntemi bulunamadı (bir kullanma yönergeniz veya derleme başvurunuz eksik olabilir mi?) [C:\Users\İbrahim\Desktop\ŞUAN\KcetasProje\ProjeStaj.csproj]
C:\Users\İbrahim\Desktop\ŞUAN\KcetasProje\Services\Api\ApiIsEmriService.cs(88,20): error CS1061: 'IsEmri' bir 'eski_sayac_no' tanımı içermiyor ve 'IsEmri' türünde bir ilk bağımsız değişken kabul eden hiçbir erişilebilir 'eski_sayac_no' genişletme yöntemi bulunamadı (bir kullanma yönergeniz veya derleme başvurunuz eksik olabilir mi?) [C:\Users\İbrahim\Desktop\ŞUAN\KcetasProje\ProjeStaj.csproj]
C:\Users\İbrahim\Desktop\ŞUAN\KcetasProje\Services\Api\ApiIsEmriService.cs(89,20): error CS1061: 'IsEmri' bir 'yeni_sayac_no' tanımı içermiyor ve 'IsEmri' türünde bir ilk bağımsız değişken kabul eden hiçbir erişilebilir 'yeni_sayac_no' genişletme yöntemi bulunamadı (bir kullanma yönergeniz veya derleme başvurunuz eksik olabilir mi?) [C:\Users\İbrahim\Desktop\ŞUAN\KcetasProje\ProjeStaj.csproj]
C:\Users\İbrahim\Desktop\ŞUAN\KcetasProje\Services\Api\ApiIsEmriService.cs(90,20): error CS1061: 'IsEmri' bir 'eski_son_endeksi' tanımı içermiyor ve 'IsEmri' türünde bir ilk bağımsız değişken kabul eden hiçbir erişilebilir 'eski_son_endeksi' genişletme yöntemi bulunamadı (bir kullanma yönergeniz veya derleme başvurunuz eksik olabilir mi?) [C:\Users\İbrahim\Desktop\ŞUAN\KcetasProje\ProjeStaj.csproj]
C:\Users\İbrahim\Desktop\ŞUAN\KcetasProje\Services\Api\ApiIsEmriService.cs(91,20): error CS1061: 'IsEmri' bir 'yeni_ilk_endeksi' tanımı içermiyor ve 'IsEmri' türünde bir ilk bağımsız değişken kabul eden hiçbir erişilebilir 'yeni_ilk_endeksi' genişletme yöntemi bulunamadı (bir kullanma yönergeniz veya derleme başvurunuz eksik olabilir mi?) [C:\Users\İbrahim\Desktop\ŞUAN\KcetasProje\ProjeStaj.csproj]
C:\Users\İbrahim\Desktop\ŞUAN\KcetasProje\Services\Api\ApiIsEmriService.cs(93,20): error CS1061: 'IsEmri' bir 'UpdatedAt' tanımı içermiyor ve 'IsEmri' türünde bir ilk bağımsız değişken kabul eden hiçbir erişilebilir 'UpdatedAt' genişletme yöntemi bulunamadı (bir kullanma yönergeniz veya derleme başvurunuz eksik olabilir mi?) [C:\Users\İbrahim\Desktop\ŞUAN\KcetasProje\ProjeStaj.csproj]
C:\Users\İbrahim\Desktop\ŞUAN\KcetasProje\Views\Sayac\Bagla.cshtml(37,47): error CS1061: 'TuketimNoktasi' bir 'TuketimNoktasiId' tanımı içermiyor ve 'TuketimNoktasi' türünde bir ilk bağımsız değişken kabul eden hiçbir erişilebilir 'TuketimNoktasiId' genişletme yöntemi bulunamadı (bir kullanma yönergeniz veya derleme başvurunuz eksik olabilir mi?) [C:\Users\İbrahim\Desktop\ŞUAN\KcetasProje\ProjeStaj.csproj]
C:\Users\İbrahim\Desktop\ŞUAN\KcetasProje\Views\Sayac\Bagla.cshtml(39,63): error CS1061: 'TuketimNoktasi' bir 'TuketimNoktasiId' tanımı içermiyor ve 'TuketimNoktasi' türünde bir ilk bağımsız değişken kabul eden hiçbir erişilebilir 'TuketimNoktasiId' genişletme yöntemi bulunamadı (bir kullanma yönergeniz veya derleme başvurunuz eksik olabilir mi?) [C:\Users\İbrahim\Desktop\ŞUAN\KcetasProje\ProjeStaj.csproj]
C:\Users\İbrahim\Desktop\ŞUAN\KcetasProje\Views\Sayac\Bagla.cshtml(43,63): error CS1061: 'TuketimNoktasi' bir 'TuketimNoktasiId' tanımı içermiyor ve 'TuketimNoktasi' türünde bir ilk bağımsız değişken kabul eden hiçbir erişilebilir 'TuketimNoktasiId' genişletme yöntemi bulunamadı (bir kullanma yönergeniz veya derleme başvurunuz eksik olabilir mi?) [C:\Users\İbrahim\Desktop\ŞUAN\KcetasProje\ProjeStaj.csproj]
C:\Users\İbrahim\Desktop\ŞUAN\KcetasProje\Services\Api\ApiIsEmriService.cs(114,20): error CS1061: 'IsEmri' bir 'UpdatedAt' tanımı içermiyor ve 'IsEmri' türünde bir ilk bağımsız değişken kabul eden hiçbir erişilebilir 'UpdatedAt' genişletme yöntemi bulunamadı (bir kullanma yönergeniz veya derleme başvurunuz eksik olabilir mi?) [C:\Users\İbrahim\Desktop\ŞUAN\KcetasProje\ProjeStaj.csproj]
C:\Users\İbrahim\Desktop\ŞUAN\KcetasProje\Views\Sayac\Index.cshtml(44,86): error CS1061: 'TuketimNoktasi' bir 'TuketimNoktasiId' tanımı içermiyor ve 'TuketimNoktasi' türünde bir ilk bağımsız değişken kabul eden hiçbir erişilebilir 'TuketimNoktasiId' genişletme yöntemi bulunamadı (bir kullanma yönergeniz veya derleme başvurunuz eksik olabilir mi?) [C:\Users\İbrahim\Desktop\ŞUAN\KcetasProje\ProjeStaj.csproj]
C:\Users\İbrahim\Desktop\ŞUAN\KcetasProje\Services\Mock\MockAuditLogService.cs(19,29): error CS0266: 'long' türü örtülü olarak 'int' türüne dönüştürülemez. Açık bir dönüştürme var (eksik atamanız mı var?) [C:\Users\İbrahim\Desktop\ŞUAN\KcetasProje\ProjeStaj.csproj]
C:\Users\İbrahim\Desktop\ŞUAN\KcetasProje\Services\Mock\MockAuditLogService.cs(24,35): error CS0029: 'long?' türü örtülü olarak 'string' türüne dönüştürülemez [C:\Users\İbrahim\Desktop\ŞUAN\KcetasProje\ProjeStaj.csproj]
C:\Users\İbrahim\Desktop\ŞUAN\KcetasProje\Views\Sayac\Detay.cshtml(7,62): error CS1061: 'TuketimNoktasi' bir 'TuketimNoktasiId' tanımı içermiyor ve 'TuketimNoktasi' türünde bir ilk bağımsız değişken kabul eden hiçbir erişilebilir 'TuketimNoktasiId' genişletme yöntemi bulunamadı (bir kullanma yönergeniz veya derleme başvurunuz eksik olabilir mi?) [C:\Users\İbrahim\Desktop\ŞUAN\KcetasProje\ProjeStaj.csproj]
C:\Users\İbrahim\Desktop\ŞUAN\KcetasProje\Views\Sayac\Detay.cshtml(37,84): error CS1061: 'Sayac' bir 'CreatedAt' tanımı içermiyor ve 'Sayac' türünde bir ilk bağımsız değişken kabul eden hiçbir erişilebilir 'CreatedAt' genişletme yöntemi bulunamadı (bir kullanma yönergeniz veya derleme başvurunuz eksik olabilir mi?) [C:\Users\İbrahim\Desktop\ŞUAN\KcetasProje\ProjeStaj.csproj]
C:\Users\İbrahim\Desktop\ŞUAN\KcetasProje\Views\Sayac\Detay.cshtml(114,49): error CS1061: 'Sayac' bir 'UpdatedAt' tanımı içermiyor ve 'Sayac' türünde bir ilk bağımsız değişken kabul eden hiçbir erişilebilir 'UpdatedAt' genişletme yöntemi bulunamadı (bir kullanma yönergeniz veya derleme başvurunuz eksik olabilir mi?) [C:\Users\İbrahim\Desktop\ŞUAN\KcetasProje\ProjeStaj.csproj]
C:\Users\İbrahim\Desktop\ŞUAN\KcetasProje\Views\Sayac\Detay.cshtml(114,98): error CS1061: 'Sayac' bir 'CreatedAt' tanımı içermiyor ve 'Sayac' türünde bir ilk bağımsız değişken kabul eden hiçbir erişilebilir 'CreatedAt' genişletme yöntemi bulunamadı (bir kullanma yönergeniz veya derleme başvurunuz eksik olabilir mi?) [C:\Users\İbrahim\Desktop\ŞUAN\KcetasProje\ProjeStaj.csproj]
C:\Users\İbrahim\Desktop\ŞUAN\KcetasProje\Controllers\TuketimNoktasiController.cs(76,65): error CS1061: 'TuketimNoktasi' bir 'TuketimNoktasiId' tanımı içermiyor ve 'TuketimNoktasi' türünde bir ilk bağımsız değişken kabul eden hiçbir erişilebilir 'TuketimNoktasiId' genişletme yöntemi bulunamadı (bir kullanma yönergeniz veya derleme başvurunuz eksik olabilir mi?) [C:\Users\İbrahim\Desktop\ŞUAN\KcetasProje\ProjeStaj.csproj]
C:\Users\İbrahim\Desktop\ŞUAN\KcetasProje\Controllers\TuketimNoktasiController.cs(77,19): error CS1061: 'TuketimNoktasi' bir 'TuketimNoktasiId' tanımı içermiyor ve 'TuketimNoktasi' türünde bir ilk bağımsız değişken kabul eden hiçbir erişilebilir 'TuketimNoktasiId' genişletme yöntemi bulunamadı (bir kullanma yönergeniz veya derleme başvurunuz eksik olabilir mi?) [C:\Users\İbrahim\Desktop\ŞUAN\KcetasProje\ProjeStaj.csproj]
C:\Users\İbrahim\Desktop\ŞUAN\KcetasProje\Controllers\TuketimNoktasiController.cs(80,19): error CS1061: 'TuketimNoktasi' bir 'CreatedAt' tanımı içermiyor ve 'TuketimNoktasi' türünde bir ilk bağımsız değişken kabul eden hiçbir erişilebilir 'CreatedAt' genişletme yöntemi bulunamadı (bir kullanma yönergeniz veya derleme başvurunuz eksik olabilir mi?) [C:\Users\İbrahim\Desktop\ŞUAN\KcetasProje\ProjeStaj.csproj]
C:\Users\İbrahim\Desktop\ŞUAN\KcetasProje\Controllers\TuketimNoktasiController.cs(84,31): error CS1061: 'TuketimNoktasi' bir 'ilce_adi' tanımı içermiyor ve 'TuketimNoktasi' türünde bir ilk bağımsız değişken kabul eden hiçbir erişilebilir 'ilce_adi' genişletme yöntemi bulunamadı (bir kullanma yönergeniz veya derleme başvurunuz eksik olabilir mi?) [C:\Users\İbrahim\Desktop\ŞUAN\KcetasProje\ProjeStaj.csproj]
C:\Users\İbrahim\Desktop\ŞUAN\KcetasProje\Controllers\TuketimNoktasiController.cs(85,31): error CS1061: 'TuketimNoktasi' bir 'ilce_adi' tanımı içermiyor ve 'TuketimNoktasi' türünde bir ilk bağımsız değişken kabul eden hiçbir erişilebilir 'ilce_adi' genişletme yöntemi bulunamadı (bir kullanma yönergeniz veya derleme başvurunuz eksik olabilir mi?) [C:\Users\İbrahim\Desktop\ŞUAN\KcetasProje\ProjeStaj.csproj]
C:\Users\İbrahim\Desktop\ŞUAN\KcetasProje\Controllers\TuketimNoktasiController.cs(86,31): error CS1061: 'TuketimNoktasi' bir 'ilce_adi' tanımı içermiyor ve 'TuketimNoktasi' türünde bir ilk bağımsız değişken kabul eden hiçbir erişilebilir 'ilce_adi' genişletme yöntemi bulunamadı (bir kullanma yönergeniz veya derleme başvurunuz eksik olabilir mi?) [C:\Users\İbrahim\Desktop\ŞUAN\KcetasProje\ProjeStaj.csproj]
C:\Users\İbrahim\Desktop\ŞUAN\KcetasProje\Controllers\TuketimNoktasiController.cs(87,31): error CS1061: 'TuketimNoktasi' bir 'ilce_adi' tanımı içermiyor ve 'TuketimNoktasi' türünde bir ilk bağımsız değişken kabul eden hiçbir erişilebilir 'ilce_adi' genişletme yöntemi bulunamadı (bir kullanma yönergeniz veya derleme başvurunuz eksik olabilir mi?) [C:\Users\İbrahim\Desktop\ŞUAN\KcetasProje\ProjeStaj.csproj]
C:\Users\İbrahim\Desktop\ŞUAN\KcetasProje\Controllers\TuketimNoktasiController.cs(88,31): error CS1061: 'TuketimNoktasi' bir 'ilce_adi' tanımı içermiyor ve 'TuketimNoktasi' türünde bir ilk bağımsız değişken kabul eden hiçbir erişilebilir 'ilce_adi' genişletme yöntemi bulunamadı (bir kullanma yönergeniz veya derleme başvurunuz eksik olabilir mi?) [C:\Users\İbrahim\Desktop\ŞUAN\KcetasProje\ProjeStaj.csproj]
C:\Users\İbrahim\Desktop\ŞUAN\KcetasProje\Controllers\TuketimNoktasiController.cs(89,31): error CS1061: 'TuketimNoktasi' bir 'ilce_adi' tanımı içermiyor ve 'TuketimNoktasi' türünde bir ilk bağımsız değişken kabul eden hiçbir erişilebilir 'ilce_adi' genişletme yöntemi bulunamadı (bir kullanma yönergeniz veya derleme başvurunuz eksik olabilir mi?) [C:\Users\İbrahim\Desktop\ŞUAN\KcetasProje\ProjeStaj.csproj]
C:\Users\İbrahim\Desktop\ŞUAN\KcetasProje\Controllers\TuketimNoktasiController.cs(90,31): error CS1061: 'TuketimNoktasi' bir 'ilce_adi' tanımı içermiyor ve 'TuketimNoktasi' türünde bir ilk bağımsız değişken kabul eden hiçbir erişilebilir 'ilce_adi' genişletme yöntemi bulunamadı (bir kullanma yönergeniz veya derleme başvurunuz eksik olabilir mi?) [C:\Users\İbrahim\Desktop\ŞUAN\KcetasProje\ProjeStaj.csproj]
C:\Users\İbrahim\Desktop\ŞUAN\KcetasProje\Controllers\TuketimNoktasiController.cs(91,31): error CS1061: 'TuketimNoktasi' bir 'ilce_adi' tanımı içermiyor ve 'TuketimNoktasi' türünde bir ilk bağımsız değişken kabul eden hiçbir erişilebilir 'ilce_adi' genişletme yöntemi bulunamadı (bir kullanma yönergeniz veya derleme başvurunuz eksik olabilir mi?) [C:\Users\İbrahim\Desktop\ŞUAN\KcetasProje\ProjeStaj.csproj]
C:\Users\İbrahim\Desktop\ŞUAN\KcetasProje\Controllers\TuketimNoktasiController.cs(92,31): error CS1061: 'TuketimNoktasi' bir 'ilce_adi' tanımı içermiyor ve 'TuketimNoktasi' türünde bir ilk bağımsız değişken kabul eden hiçbir erişilebilir 'ilce_adi' genişletme yöntemi bulunamadı (bir kullanma yönergeniz veya derleme başvurunuz eksik olabilir mi?) [C:\Users\İbrahim\Desktop\ŞUAN\KcetasProje\ProjeStaj.csproj]
C:\Users\İbrahim\Desktop\ŞUAN\KcetasProje\Controllers\TuketimNoktasiController.cs(93,32): error CS1061: 'TuketimNoktasi' bir 'ilce_adi' tanımı içermiyor ve 'TuketimNoktasi' türünde bir ilk bağımsız değişken kabul eden hiçbir erişilebilir 'ilce_adi' genişletme yöntemi bulunamadı (bir kullanma yönergeniz veya derleme başvurunuz eksik olabilir mi?) [C:\Users\İbrahim\Desktop\ŞUAN\KcetasProje\ProjeStaj.csproj]
C:\Users\İbrahim\Desktop\ŞUAN\KcetasProje\Controllers\TuketimNoktasiController.cs(94,32): error CS1061: 'TuketimNoktasi' bir 'ilce_adi' tanımı içermiyor ve 'TuketimNoktasi' türünde bir ilk bağımsız değişken kabul eden hiçbir erişilebilir 'ilce_adi' genişletme yöntemi bulunamadı (bir kullanma yönergeniz veya derleme başvurunuz eksik olabilir mi?) [C:\Users\İbrahim\Desktop\ŞUAN\KcetasProje\ProjeStaj.csproj]
C:\Users\İbrahim\Desktop\ŞUAN\KcetasProje\Controllers\TuketimNoktasiController.cs(95,32): error CS1061: 'TuketimNoktasi' bir 'ilce_adi' tanımı içermiyor ve 'TuketimNoktasi' türünde bir ilk bağımsız değişken kabul eden hiçbir erişilebilir 'ilce_adi' genişletme yöntemi bulunamadı (bir kullanma yönergeniz veya derleme başvurunuz eksik olabilir mi?) [C:\Users\İbrahim\Desktop\ŞUAN\KcetasProje\ProjeStaj.csproj]
C:\Users\İbrahim\Desktop\ŞUAN\KcetasProje\Controllers\TuketimNoktasiController.cs(96,32): error CS1061: 'TuketimNoktasi' bir 'ilce_adi' tanımı içermiyor ve 'TuketimNoktasi' türünde bir ilk bağımsız değişken kabul eden hiçbir erişilebilir 'ilce_adi' genişletme yöntemi bulunamadı (bir kullanma yönergeniz veya derleme başvurunuz eksik olabilir mi?) [C:\Users\İbrahim\Desktop\ŞUAN\KcetasProje\ProjeStaj.csproj]
C:\Users\İbrahim\Desktop\ŞUAN\KcetasProje\Controllers\TuketimNoktasiController.cs(97,32): error CS1061: 'TuketimNoktasi' bir 'ilce_adi' tanımı içermiyor ve 'TuketimNoktasi' türünde bir ilk bağımsız değişken kabul eden hiçbir erişilebilir 'ilce_adi' genişletme yöntemi bulunamadı (bir kullanma yönergeniz veya derleme başvurunuz eksik olabilir mi?) [C:\Users\İbrahim\Desktop\ŞUAN\KcetasProje\ProjeStaj.csproj]
C:\Users\İbrahim\Desktop\ŞUAN\KcetasProje\Controllers\TuketimNoktasiController.cs(98,32): error CS1061: 'TuketimNoktasi' bir 'ilce_adi' tanımı içermiyor ve 'TuketimNoktasi' türünde bir ilk bağımsız değişken kabul eden hiçbir erişilebilir 'ilce_adi' genişletme yöntemi bulunamadı (bir kullanma yönergeniz veya derleme başvurunuz eksik olabilir mi?) [C:\Users\İbrahim\Desktop\ŞUAN\KcetasProje\ProjeStaj.csproj]
C:\Users\İbrahim\Desktop\ŞUAN\KcetasProje\Controllers\TuketimNoktasiController.cs(99,32): error CS1061: 'TuketimNoktasi' bir 'ilce_adi' tanımı içermiyor ve 'TuketimNoktasi' türünde bir ilk bağımsız değişken kabul eden hiçbir erişilebilir 'ilce_adi' genişletme yöntemi bulunamadı (bir kullanma yönergeniz veya derleme başvurunuz eksik olabilir mi?) [C:\Users\İbrahim\Desktop\ŞUAN\KcetasProje\ProjeStaj.csproj]
C:\Users\İbrahim\Desktop\ŞUAN\KcetasProje\Controllers\TuketimNoktasiController.cs(100,32): error CS1061: 'TuketimNoktasi' bir 'ilce_adi' tanımı içermiyor ve 'TuketimNoktasi' türünde bir ilk bağımsız değişken kabul eden hiçbir erişilebilir 'ilce_adi' genişletme yöntemi bulunamadı (bir kullanma yönergeniz veya derleme başvurunuz eksik olabilir mi?) [C:\Users\İbrahim\Desktop\ŞUAN\KcetasProje\ProjeStaj.csproj]
C:\Users\İbrahim\Desktop\ŞUAN\KcetasProje\Controllers\TuketimNoktasiController.cs(101,32): error CS1061: 'TuketimNoktasi' bir 'ilce_adi' tanımı içermiyor ve 'TuketimNoktasi' türünde bir ilk bağımsız değişken kabul eden hiçbir erişilebilir 'ilce_adi' genişletme yöntemi bulunamadı (bir kullanma yönergeniz veya derleme başvurunuz eksik olabilir mi?) [C:\Users\İbrahim\Desktop\ŞUAN\KcetasProje\ProjeStaj.csproj]
C:\Users\İbrahim\Desktop\ŞUAN\KcetasProje\Controllers\TuketimNoktasiController.cs(107,45): error CS1061: 'TuketimNoktasi' bir 'tckn' tanımı içermiyor ve 'TuketimNoktasi' türünde bir ilk bağımsız değişken kabul eden hiçbir erişilebilir 'tckn' genişletme yöntemi bulunamadı (bir kullanma yönergeniz veya derleme başvurunuz eksik olabilir mi?) [C:\Users\İbrahim\Desktop\ŞUAN\KcetasProje\ProjeStaj.csproj]
C:\Users\İbrahim\Desktop\ŞUAN\KcetasProje\Controllers\TuketimNoktasiController.cs(107,82): error CS1061: 'TuketimNoktasi' bir 'vkn' tanımı içermiyor ve 'TuketimNoktasi' türünde bir ilk bağımsız değişken kabul eden hiçbir erişilebilir 'vkn' genişletme yöntemi bulunamadı (bir kullanma yönergeniz veya derleme başvurunuz eksik olabilir mi?) [C:\Users\İbrahim\Desktop\ŞUAN\KcetasProje\ProjeStaj.csproj]
C:\Users\İbrahim\Desktop\ŞUAN\KcetasProje\Controllers\TuketimNoktasiController.cs(111,34): error CS1061: 'TuketimNoktasi' bir 'tckn' tanımı içermiyor ve 'TuketimNoktasi' türünde bir ilk bağımsız değişken kabul eden hiçbir erişilebilir 'tckn' genişletme yöntemi bulunamadı (bir kullanma yönergeniz veya derleme başvurunuz eksik olabilir mi?) [C:\Users\İbrahim\Desktop\ŞUAN\KcetasProje\ProjeStaj.csproj]
C:\Users\İbrahim\Desktop\ŞUAN\KcetasProje\Controllers\TuketimNoktasiController.cs(112,33): error CS1061: 'TuketimNoktasi' bir 'vkn' tanımı içermiyor ve 'TuketimNoktasi' türünde bir ilk bağımsız değişken kabul eden hiçbir erişilebilir 'vkn' genişletme yöntemi bulunamadı (bir kullanma yönergeniz veya derleme başvurunuz eksik olabilir mi?) [C:\Users\İbrahim\Desktop\ŞUAN\KcetasProje\ProjeStaj.csproj]
C:\Users\İbrahim\Desktop\ŞUAN\KcetasProje\Controllers\TuketimNoktasiController.cs(113,37): error CS1061: 'TuketimNoktasi' bir 'telefon' tanımı içermiyor ve 'TuketimNoktasi' türünde bir ilk bağımsız değişken kabul eden hiçbir erişilebilir 'telefon' genişletme yöntemi bulunamadı (bir kullanma yönergeniz veya derleme başvurunuz eksik olabilir mi?) [C:\Users\İbrahim\Desktop\ŞUAN\KcetasProje\ProjeStaj.csproj]
C:\Users\İbrahim\Desktop\ŞUAN\KcetasProje\Controllers\TuketimNoktasiController.cs(114,37): error CS1061: 'TuketimNoktasi' bir 'e_posta' tanımı içermiyor ve 'TuketimNoktasi' türünde bir ilk bağımsız değişken kabul eden hiçbir erişilebilir 'e_posta' genişletme yöntemi bulunamadı (bir kullanma yönergeniz veya derleme başvurunuz eksik olabilir mi?) [C:\Users\İbrahim\Desktop\ŞUAN\KcetasProje\ProjeStaj.csproj]
C:\Users\İbrahim\Desktop\ŞUAN\KcetasProje\Controllers\TuketimNoktasiController.cs(115,62): error CS1061: 'TuketimNoktasi' bir 'vkn' tanımı içermiyor ve 'TuketimNoktasi' türünde bir ilk bağımsız değişken kabul eden hiçbir erişilebilir 'vkn' genişletme yöntemi bulunamadı (bir kullanma yönergeniz veya derleme başvurunuz eksik olabilir mi?) [C:\Users\İbrahim\Desktop\ŞUAN\KcetasProje\ProjeStaj.csproj]
C:\Users\İbrahim\Desktop\ŞUAN\KcetasProje\Controllers\TuketimNoktasiController.cs(116,32): error CS1061: 'TuketimNoktasi' bir 'musteri_ad' tanımı içermiyor ve 'TuketimNoktasi' türünde bir ilk bağımsız değişken kabul eden hiçbir erişilebilir 'musteri_ad' genişletme yöntemi bulunamadı (bir kullanma yönergeniz veya derleme başvurunuz eksik olabilir mi?) [C:\Users\İbrahim\Desktop\ŞUAN\KcetasProje\ProjeStaj.csproj]
C:\Users\İbrahim\Desktop\ŞUAN\KcetasProje\Controllers\TuketimNoktasiController.cs(117,35): error CS1061: 'TuketimNoktasi' bir 'musteri_soyad' tanımı içermiyor ve 'TuketimNoktasi' türünde bir ilk bağımsız değişken kabul eden hiçbir erişilebilir 'musteri_soyad' genişletme yöntemi bulunamadı (bir kullanma yönergeniz veya derleme başvurunuz eksik olabilir mi?) [C:\Users\İbrahim\Desktop\ŞUAN\KcetasProje\ProjeStaj.csproj]
C:\Users\İbrahim\Desktop\ŞUAN\KcetasProje\Controllers\TuketimNoktasiController.cs(118,35): error CS1061: 'TuketimNoktasi' bir 'musteri_unvan' tanımı içermiyor ve 'TuketimNoktasi' türünde bir ilk bağımsız değişken kabul eden hiçbir erişilebilir 'musteri_unvan' genişletme yöntemi bulunamadı (bir kullanma yönergeniz veya derleme başvurunuz eksik olabilir mi?) [C:\Users\İbrahim\Desktop\ŞUAN\KcetasProje\ProjeStaj.csproj]
C:\Users\İbrahim\Desktop\ŞUAN\KcetasProje\Controllers\TuketimNoktasiController.cs(127,121): error CS1061: 'TuketimNoktasi' bir 'tckn' tanımı içermiyor ve 'TuketimNoktasi' türünde bir ilk bağımsız değişken kabul eden hiçbir erişilebilir 'tckn' genişletme yöntemi bulunamadı (bir kullanma yönergeniz veya derleme başvurunuz eksik olabilir mi?) [C:\Users\İbrahim\Desktop\ŞUAN\KcetasProje\ProjeStaj.csproj]
C:\Users\İbrahim\Desktop\ŞUAN\KcetasProje\Controllers\TuketimNoktasiController.cs(127,157): error CS1061: 'TuketimNoktasi' bir 'tckn' tanımı içermiyor ve 'TuketimNoktasi' türünde bir ilk bağımsız değişken kabul eden hiçbir erişilebilir 'tckn' genişletme yöntemi bulunamadı (bir kullanma yönergeniz veya derleme başvurunuz eksik olabilir mi?) [C:\Users\İbrahim\Desktop\ŞUAN\KcetasProje\ProjeStaj.csproj]
C:\Users\İbrahim\Desktop\ŞUAN\KcetasProje\Controllers\TuketimNoktasiController.cs(127,183): error CS1061: 'TuketimNoktasi' bir 'vkn' tanımı içermiyor ve 'TuketimNoktasi' türünde bir ilk bağımsız değişken kabul eden hiçbir erişilebilir 'vkn' genişletme yöntemi bulunamadı (bir kullanma yönergeniz veya derleme başvurunuz eksik olabilir mi?) [C:\Users\İbrahim\Desktop\ŞUAN\KcetasProje\ProjeStaj.csproj]
C:\Users\İbrahim\Desktop\ŞUAN\KcetasProje\Controllers\TuketimNoktasiController.cs(127,218): error CS1061: 'TuketimNoktasi' bir 'vkn' tanımı içermiyor ve 'TuketimNoktasi' türünde bir ilk bağımsız değişken kabul eden hiçbir erişilebilir 'vkn' genişletme yöntemi bulunamadı (bir kullanma yönergeniz veya derleme başvurunuz eksik olabilir mi?) [C:\Users\İbrahim\Desktop\ŞUAN\KcetasProje\ProjeStaj.csproj]
C:\Users\İbrahim\Desktop\ŞUAN\KcetasProje\Controllers\TuketimNoktasiController.cs(138,56): error CS1061: 'TuketimNoktasi' bir 'TuketimNoktasiId' tanımı içermiyor ve 'TuketimNoktasi' türünde bir ilk bağımsız değişken kabul eden hiçbir erişilebilir 'TuketimNoktasiId' genişletme yöntemi bulunamadı (bir kullanma yönergeniz veya derleme başvurunuz eksik olabilir mi?) [C:\Users\İbrahim\Desktop\ŞUAN\KcetasProje\ProjeStaj.csproj]
C:\Users\İbrahim\Desktop\ŞUAN\KcetasProje\Controllers\TuketimNoktasiController.cs(144,29): error CS0117: 'Sozlesme' bir 'status' tanımı içermiyor [C:\Users\İbrahim\Desktop\ŞUAN\KcetasProje\ProjeStaj.csproj]
C:\Users\İbrahim\Desktop\ŞUAN\KcetasProje\Services\Mock\MockIsEmriService.cs(28,13): error CS0117: 'IsEmri' bir 'eski_sayac_no' tanımı içermiyor [C:\Users\İbrahim\Desktop\ŞUAN\KcetasProje\ProjeStaj.csproj]
C:\Users\İbrahim\Desktop\ŞUAN\KcetasProje\Services\Mock\MockIsEmriService.cs(29,13): error CS0117: 'IsEmri' bir 'eski_son_endeksi' tanımı içermiyor [C:\Users\İbrahim\Desktop\ŞUAN\KcetasProje\ProjeStaj.csproj]
C:\Users\İbrahim\Desktop\ŞUAN\KcetasProje\Services\Mock\MockIsEmriService.cs(30,13): error CS0117: 'IsEmri' bir 'CreatedAt' tanımı içermiyor [C:\Users\İbrahim\Desktop\ŞUAN\KcetasProje\ProjeStaj.csproj]
C:\Users\İbrahim\Desktop\ŞUAN\KcetasProje\Services\Mock\MockIsEmriService.cs(44,13): error CS0117: 'IsEmri' bir 'CreatedAt' tanımı içermiyor [C:\Users\İbrahim\Desktop\ŞUAN\KcetasProje\ProjeStaj.csproj]
C:\Users\İbrahim\Desktop\ŞUAN\KcetasProje\Services\Mock\MockIsEmriService.cs(58,13): error CS0117: 'IsEmri' bir 'CreatedAt' tanımı içermiyor [C:\Users\İbrahim\Desktop\ŞUAN\KcetasProje\ProjeStaj.csproj]
C:\Users\İbrahim\Desktop\ŞUAN\KcetasProje\Services\Mock\MockIsEmriService.cs(72,13): error CS0117: 'IsEmri' bir 'CreatedAt' tanımı içermiyor [C:\Users\İbrahim\Desktop\ŞUAN\KcetasProje\ProjeStaj.csproj]
C:\Users\İbrahim\Desktop\ŞUAN\KcetasProje\Services\Mock\MockIsEmriService.cs(86,13): error CS0117: 'IsEmri' bir 'CreatedAt' tanımı içermiyor [C:\Users\İbrahim\Desktop\ŞUAN\KcetasProje\ProjeStaj.csproj]
C:\Users\İbrahim\Desktop\ŞUAN\KcetasProje\Services\Mock\MockIsEmriService.cs(92,53): error CS1061: 'IsEmri' bir 'CreatedAt' tanımı içermiyor ve 'IsEmri' türünde bir ilk bağımsız değişken kabul eden hiçbir erişilebilir 'CreatedAt' genişletme yöntemi bulunamadı (bir kullanma yönergeniz veya derleme başvurunuz eksik olabilir mi?) [C:\Users\İbrahim\Desktop\ŞUAN\KcetasProje\ProjeStaj.csproj]
C:\Users\İbrahim\Desktop\ŞUAN\KcetasProje\Services\Mock\MockIsEmriService.cs(118,47): error CS1061: 'IsEmri' bir 'CreatedAt' tanımı içermiyor ve 'IsEmri' türünde bir ilk bağımsız değişken kabul eden hiçbir erişilebilir 'CreatedAt' genişletme yöntemi bulunamadı (bir kullanma yönergeniz veya derleme başvurunuz eksik olabilir mi?) [C:\Users\İbrahim\Desktop\ŞUAN\KcetasProje\ProjeStaj.csproj]
C:\Users\İbrahim\Desktop\ŞUAN\KcetasProje\Views\Sayac\Yeni.cshtml(131,49): error CS1061: 'Sayac' bir 'son_endeks' tanımı içermiyor ve 'Sayac' türünde bir ilk bağımsız değişken kabul eden hiçbir erişilebilir 'son_endeks' genişletme yöntemi bulunamadı (bir kullanma yönergeniz veya derleme başvurunuz eksik olabilir mi?) [C:\Users\İbrahim\Desktop\ŞUAN\KcetasProje\ProjeStaj.csproj]
C:\Users\İbrahim\Desktop\ŞUAN\KcetasProje\Views\Sayac\Yeni.cshtml(140,53): error CS1061: 'Sayac' bir 'son_endeks' tanımı içermiyor ve 'Sayac' türünde bir ilk bağımsız değişken kabul eden hiçbir erişilebilir 'son_endeks' genişletme yöntemi bulunamadı (bir kullanma yönergeniz veya derleme başvurunuz eksik olabilir mi?) [C:\Users\İbrahim\Desktop\ŞUAN\KcetasProje\ProjeStaj.csproj]
C:\Users\İbrahim\Desktop\ŞUAN\KcetasProje\Services\Mock\MockIsEmriService.cs(131,20): error CS1061: 'IsEmri' bir 'kesme_endeksi' tanımı içermiyor ve 'IsEmri' türünde bir ilk bağımsız değişken kabul eden hiçbir erişilebilir 'kesme_endeksi' genişletme yöntemi bulunamadı (bir kullanma yönergeniz veya derleme başvurunuz eksik olabilir mi?) [C:\Users\İbrahim\Desktop\ŞUAN\KcetasProje\ProjeStaj.csproj]
C:\Users\İbrahim\Desktop\ŞUAN\KcetasProje\Services\Mock\MockIsEmriService.cs(132,20): error CS1061: 'IsEmri' bir 'acma_endeksi' tanımı içermiyor ve 'IsEmri' türünde bir ilk bağımsız değişken kabul eden hiçbir erişilebilir 'acma_endeksi' genişletme yöntemi bulunamadı (bir kullanma yönergeniz veya derleme başvurunuz eksik olabilir mi?) [C:\Users\İbrahim\Desktop\ŞUAN\KcetasProje\ProjeStaj.csproj]
C:\Users\İbrahim\Desktop\ŞUAN\KcetasProje\Services\Mock\MockIsEmriService.cs(133,20): error CS1061: 'IsEmri' bir 'eski_sayac_no' tanımı içermiyor ve 'IsEmri' türünde bir ilk bağımsız değişken kabul eden hiçbir erişilebilir 'eski_sayac_no' genişletme yöntemi bulunamadı (bir kullanma yönergeniz veya derleme başvurunuz eksik olabilir mi?) [C:\Users\İbrahim\Desktop\ŞUAN\KcetasProje\ProjeStaj.csproj]
C:\Users\İbrahim\Desktop\ŞUAN\KcetasProje\Services\Mock\MockIsEmriService.cs(134,20): error CS1061: 'IsEmri' bir 'yeni_sayac_no' tanımı içermiyor ve 'IsEmri' türünde bir ilk bağımsız değişken kabul eden hiçbir erişilebilir 'yeni_sayac_no' genişletme yöntemi bulunamadı (bir kullanma yönergeniz veya derleme başvurunuz eksik olabilir mi?) [C:\Users\İbrahim\Desktop\ŞUAN\KcetasProje\ProjeStaj.csproj]
C:\Users\İbrahim\Desktop\ŞUAN\KcetasProje\Services\Mock\MockIsEmriService.cs(135,20): error CS1061: 'IsEmri' bir 'eski_son_endeksi' tanımı içermiyor ve 'IsEmri' türünde bir ilk bağımsız değişken kabul eden hiçbir erişilebilir 'eski_son_endeksi' genişletme yöntemi bulunamadı (bir kullanma yönergeniz veya derleme başvurunuz eksik olabilir mi?) [C:\Users\İbrahim\Desktop\ŞUAN\KcetasProje\ProjeStaj.csproj]
C:\Users\İbrahim\Desktop\ŞUAN\KcetasProje\Services\Mock\MockIsEmriService.cs(136,20): error CS1061: 'IsEmri' bir 'yeni_ilk_endeksi' tanımı içermiyor ve 'IsEmri' türünde bir ilk bağımsız değişken kabul eden hiçbir erişilebilir 'yeni_ilk_endeksi' genişletme yöntemi bulunamadı (bir kullanma yönergeniz veya derleme başvurunuz eksik olabilir mi?) [C:\Users\İbrahim\Desktop\ŞUAN\KcetasProje\ProjeStaj.csproj]
C:\Users\İbrahim\Desktop\ŞUAN\KcetasProje\Services\Mock\MockIsEmriService.cs(139,20): error CS1061: 'IsEmri' bir 'UpdatedAt' tanımı içermiyor ve 'IsEmri' türünde bir ilk bağımsız değişken kabul eden hiçbir erişilebilir 'UpdatedAt' genişletme yöntemi bulunamadı (bir kullanma yönergeniz veya derleme başvurunuz eksik olabilir mi?) [C:\Users\İbrahim\Desktop\ŞUAN\KcetasProje\ProjeStaj.csproj]
C:\Users\İbrahim\Desktop\ŞUAN\KcetasProje\Services\Mock\MockIsEmriService.cs(146,29): error CS0266: 'long' türü örtülü olarak 'int' türüne dönüştürülemez. Açık bir dönüştürme var (eksik atamanız mı var?) [C:\Users\İbrahim\Desktop\ŞUAN\KcetasProje\ProjeStaj.csproj]
C:\Users\İbrahim\Desktop\ŞUAN\KcetasProje\Services\Mock\MockIsEmriService.cs(148,16): error CS1061: 'IsEmri' bir 'CreatedAt' tanımı içermiyor ve 'IsEmri' türünde bir ilk bağımsız değişken kabul eden hiçbir erişilebilir 'CreatedAt' genişletme yöntemi bulunamadı (bir kullanma yönergeniz veya derleme başvurunuz eksik olabilir mi?) [C:\Users\İbrahim\Desktop\ŞUAN\KcetasProje\ProjeStaj.csproj]
C:\Users\İbrahim\Desktop\ŞUAN\KcetasProje\Services\Mock\MockIsEmriService.cs(161,20): error CS1061: 'IsEmri' bir 'UpdatedAt' tanımı içermiyor ve 'IsEmri' türünde bir ilk bağımsız değişken kabul eden hiçbir erişilebilir 'UpdatedAt' genişletme yöntemi bulunamadı (bir kullanma yönergeniz veya derleme başvurunuz eksik olabilir mi?) [C:\Users\İbrahim\Desktop\ŞUAN\KcetasProje\ProjeStaj.csproj]
C:\Users\İbrahim\Desktop\ŞUAN\KcetasProje\Controllers\TuketimNoktasiController.cs(171,41): error CS1061: 'TuketimNoktasi' bir 'TuketimNoktasiId' tanımı içermiyor ve 'TuketimNoktasi' türünde bir ilk bağımsız değişken kabul eden hiçbir erişilebilir 'TuketimNoktasiId' genişletme yöntemi bulunamadı (bir kullanma yönergeniz veya derleme başvurunuz eksik olabilir mi?) [C:\Users\İbrahim\Desktop\ŞUAN\KcetasProje\ProjeStaj.csproj]
C:\Users\İbrahim\Desktop\ŞUAN\KcetasProje\Controllers\TuketimNoktasiController.cs(173,35): error CS1061: 'TuketimNoktasi' bir 'musteri_ad' tanımı içermiyor ve 'TuketimNoktasi' türünde bir ilk bağımsız değişken kabul eden hiçbir erişilebilir 'musteri_ad' genişletme yöntemi bulunamadı (bir kullanma yönergeniz veya derleme başvurunuz eksik olabilir mi?) [C:\Users\İbrahim\Desktop\ŞUAN\KcetasProje\ProjeStaj.csproj]
C:\Users\İbrahim\Desktop\ŞUAN\KcetasProje\Controllers\TuketimNoktasiController.cs(174,38): error CS1061: 'TuketimNoktasi' bir 'musteri_soyad' tanımı içermiyor ve 'TuketimNoktasi' türünde bir ilk bağımsız değişken kabul eden hiçbir erişilebilir 'musteri_soyad' genişletme yöntemi bulunamadı (bir kullanma yönergeniz veya derleme başvurunuz eksik olabilir mi?) [C:\Users\İbrahim\Desktop\ŞUAN\KcetasProje\ProjeStaj.csproj]
C:\Users\İbrahim\Desktop\ŞUAN\KcetasProje\Controllers\TuketimNoktasiController.cs(175,38): error CS1061: 'TuketimNoktasi' bir 'musteri_unvan' tanımı içermiyor ve 'TuketimNoktasi' türünde bir ilk bağımsız değişken kabul eden hiçbir erişilebilir 'musteri_unvan' genişletme yöntemi bulunamadı (bir kullanma yönergeniz veya derleme başvurunuz eksik olabilir mi?) [C:\Users\İbrahim\Desktop\ŞUAN\KcetasProje\ProjeStaj.csproj]
C:\Users\İbrahim\Desktop\ŞUAN\KcetasProje\Controllers\TuketimNoktasiController.cs(176,29): error CS1061: 'TuketimNoktasi' bir 'tckn' tanımı içermiyor ve 'TuketimNoktasi' türünde bir ilk bağımsız değişken kabul eden hiçbir erişilebilir 'tckn' genişletme yöntemi bulunamadı (bir kullanma yönergeniz veya derleme başvurunuz eksik olabilir mi?) [C:\Users\İbrahim\Desktop\ŞUAN\KcetasProje\ProjeStaj.csproj]
C:\Users\İbrahim\Desktop\ŞUAN\KcetasProje\Controllers\TuketimNoktasiController.cs(177,28): error CS1061: 'TuketimNoktasi' bir 'vkn' tanımı içermiyor ve 'TuketimNoktasi' türünde bir ilk bağımsız değişken kabul eden hiçbir erişilebilir 'vkn' genişletme yöntemi bulunamadı (bir kullanma yönergeniz veya derleme başvurunuz eksik olabilir mi?) [C:\Users\İbrahim\Desktop\ŞUAN\KcetasProje\ProjeStaj.csproj]
C:\Users\İbrahim\Desktop\ŞUAN\KcetasProje\Controllers\TuketimNoktasiController.cs(178,32): error CS1061: 'TuketimNoktasi' bir 'telefon' tanımı içermiyor ve 'TuketimNoktasi' türünde bir ilk bağımsız değişken kabul eden hiçbir erişilebilir 'telefon' genişletme yöntemi bulunamadı (bir kullanma yönergeniz veya derleme başvurunuz eksik olabilir mi?) [C:\Users\İbrahim\Desktop\ŞUAN\KcetasProje\ProjeStaj.csproj]
C:\Users\İbrahim\Desktop\ŞUAN\KcetasProje\Controllers\TuketimNoktasiController.cs(179,32): error CS1061: 'TuketimNoktasi' bir 'e_posta' tanımı içermiyor ve 'TuketimNoktasi' türünde bir ilk bağımsız değişken kabul eden hiçbir erişilebilir 'e_posta' genişletme yöntemi bulunamadı (bir kullanma yönergeniz veya derleme başvurunuz eksik olabilir mi?) [C:\Users\İbrahim\Desktop\ŞUAN\KcetasProje\ProjeStaj.csproj]
C:\Users\İbrahim\Desktop\ŞUAN\KcetasProje\Controllers\TuketimNoktasiController.cs(180,41): error CS1061: 'TuketimNoktasi' bir 'iletisim_tercihi' tanımı içermiyor ve 'TuketimNoktasi' türünde bir ilk bağımsız değişken kabul eden hiçbir erişilebilir 'iletisim_tercihi' genişletme yöntemi bulunamadı (bir kullanma yönergeniz veya derleme başvurunuz eksik olabilir mi?) [C:\Users\İbrahim\Desktop\ŞUAN\KcetasProje\ProjeStaj.csproj]
C:\Users\İbrahim\Desktop\ŞUAN\KcetasProje\Controllers\TuketimNoktasiController.cs(182,31): error CS1061: 'TuketimNoktasi' bir 'il_adi' tanımı içermiyor ve 'TuketimNoktasi' türünde bir ilk bağımsız değişken kabul eden hiçbir erişilebilir 'il_adi' genişletme yöntemi bulunamadı (bir kullanma yönergeniz veya derleme başvurunuz eksik olabilir mi?) [C:\Users\İbrahim\Desktop\ŞUAN\KcetasProje\ProjeStaj.csproj]
C:\Users\İbrahim\Desktop\ŞUAN\KcetasProje\Controllers\TuketimNoktasiController.cs(183,33): error CS1061: 'TuketimNoktasi' bir 'ilce_adi' tanımı içermiyor ve 'TuketimNoktasi' türünde bir ilk bağımsız değişken kabul eden hiçbir erişilebilir 'ilce_adi' genişletme yöntemi bulunamadı (bir kullanma yönergeniz veya derleme başvurunuz eksik olabilir mi?) [C:\Users\İbrahim\Desktop\ŞUAN\KcetasProje\ProjeStaj.csproj]
C:\Users\İbrahim\Desktop\ŞUAN\KcetasProje\Controllers\TuketimNoktasiController.cs(189,33): error CS0266: 'decimal' türü örtülü olarak 'double?' türüne dönüştürülemez. Açık bir dönüştürme var (eksik atamanız mı var?) [C:\Users\İbrahim\Desktop\ŞUAN\KcetasProje\ProjeStaj.csproj]
C:\Users\İbrahim\Desktop\ŞUAN\KcetasProje\Controllers\TuketimNoktasiController.cs(190,33): error CS0266: 'decimal' türü örtülü olarak 'double?' türüne dönüştürülemez. Açık bir dönüştürme var (eksik atamanız mı var?) [C:\Users\İbrahim\Desktop\ŞUAN\KcetasProje\ProjeStaj.csproj]
C:\Users\İbrahim\Desktop\ŞUAN\KcetasProje\Controllers\TuketimNoktasiController.cs(192,39): error CS1061: 'TuketimNoktasi' bir 'baglanti_grubu' tanımı içermiyor ve 'TuketimNoktasi' türünde bir ilk bağımsız değişken kabul eden hiçbir erişilebilir 'baglanti_grubu' genişletme yöntemi bulunamadı (bir kullanma yönergeniz veya derleme başvurunuz eksik olabilir mi?) [C:\Users\İbrahim\Desktop\ŞUAN\KcetasProje\ProjeStaj.csproj]
C:\Users\İbrahim\Desktop\ŞUAN\KcetasProje\Controllers\TuketimNoktasiController.cs(194,47): error CS1061: 'TuketimNoktasi' bir 'sayac_id' tanımı içermiyor ve 'TuketimNoktasi' türünde bir ilk bağımsız değişken kabul eden hiçbir erişilebilir 'sayac_id' genişletme yöntemi bulunamadı (bir kullanma yönergeniz veya derleme başvurunuz eksik olabilir mi?) [C:\Users\İbrahim\Desktop\ŞUAN\KcetasProje\ProjeStaj.csproj]
C:\Users\İbrahim\Desktop\ŞUAN\KcetasProje\Controllers\TuketimNoktasiController.cs(195,50): error CS1061: 'TuketimNoktasi' bir 'sozlesme_id' tanımı içermiyor ve 'TuketimNoktasi' türünde bir ilk bağımsız değişken kabul eden hiçbir erişilebilir 'sozlesme_id' genişletme yöntemi bulunamadı (bir kullanma yönergeniz veya derleme başvurunuz eksik olabilir mi?) [C:\Users\İbrahim\Desktop\ŞUAN\KcetasProje\ProjeStaj.csproj]
C:\Users\İbrahim\Desktop\ŞUAN\KcetasProje\Controllers\TuketimNoktasiController.cs(196,35): error CS1061: 'TuketimNoktasi' bir 'is_emri_no' tanımı içermiyor ve 'TuketimNoktasi' türünde bir ilk bağımsız değişken kabul eden hiçbir erişilebilir 'is_emri_no' genişletme yöntemi bulunamadı (bir kullanma yönergeniz veya derleme başvurunuz eksik olabilir mi?) [C:\Users\İbrahim\Desktop\ŞUAN\KcetasProje\ProjeStaj.csproj]
C:\Users\İbrahim\Desktop\ŞUAN\KcetasProje\Controllers\TuketimNoktasiController.cs(197,47): error CS1061: 'TuketimNoktasi' bir 'okuma_id' tanımı içermiyor ve 'TuketimNoktasi' türünde bir ilk bağımsız değişken kabul eden hiçbir erişilebilir 'okuma_id' genişletme yöntemi bulunamadı (bir kullanma yönergeniz veya derleme başvurunuz eksik olabilir mi?) [C:\Users\İbrahim\Desktop\ŞUAN\KcetasProje\ProjeStaj.csproj]
C:\Users\İbrahim\Desktop\ŞUAN\KcetasProje\Controllers\TuketimNoktasiController.cs(198,27): error CS1061: 'TuketimNoktasi' bir 'musteri_ad' tanımı içermiyor ve 'TuketimNoktasi' türünde bir ilk bağımsız değişken kabul eden hiçbir erişilebilir 'musteri_ad' genişletme yöntemi bulunamadı (bir kullanma yönergeniz veya derleme başvurunuz eksik olabilir mi?) [C:\Users\İbrahim\Desktop\ŞUAN\KcetasProje\ProjeStaj.csproj]
C:\Users\İbrahim\Desktop\ŞUAN\KcetasProje\Controllers\TuketimNoktasiController.cs(199,30): error CS1061: 'TuketimNoktasi' bir 'musteri_soyad' tanımı içermiyor ve 'TuketimNoktasi' türünde bir ilk bağımsız değişken kabul eden hiçbir erişilebilir 'musteri_soyad' genişletme yöntemi bulunamadı (bir kullanma yönergeniz veya derleme başvurunuz eksik olabilir mi?) [C:\Users\İbrahim\Desktop\ŞUAN\KcetasProje\ProjeStaj.csproj]
C:\Users\İbrahim\Desktop\ŞUAN\KcetasProje\Controllers\TuketimNoktasiController.cs(200,30): error CS1061: 'TuketimNoktasi' bir 'musteri_unvan' tanımı içermiyor ve 'TuketimNoktasi' türünde bir ilk bağımsız değişken kabul eden hiçbir erişilebilir 'musteri_unvan' genişletme yöntemi bulunamadı (bir kullanma yönergeniz veya derleme başvurunuz eksik olabilir mi?) [C:\Users\İbrahim\Desktop\ŞUAN\KcetasProje\ProjeStaj.csproj]
C:\Users\İbrahim\Desktop\ŞUAN\KcetasProje\Controllers\TuketimNoktasiController.cs(204,91): error CS1061: 'TuketimNoktasi' bir 'TuketimNoktasiId' tanımı içermiyor ve 'TuketimNoktasi' türünde bir ilk bağımsız değişken kabul eden hiçbir erişilebilir 'TuketimNoktasiId' genişletme yöntemi bulunamadı (bir kullanma yönergeniz veya derleme başvurunuz eksik olabilir mi?) [C:\Users\İbrahim\Desktop\ŞUAN\KcetasProje\ProjeStaj.csproj]
C:\Users\İbrahim\Desktop\ŞUAN\KcetasProje\Controllers\TuketimNoktasiController.cs(206,97): error CS1061: 'TuketimNoktasi' bir 'TuketimNoktasiId' tanımı içermiyor ve 'TuketimNoktasi' türünde bir ilk bağımsız değişken kabul eden hiçbir erişilebilir 'TuketimNoktasiId' genişletme yöntemi bulunamadı (bir kullanma yönergeniz veya derleme başvurunuz eksik olabilir mi?) [C:\Users\İbrahim\Desktop\ŞUAN\KcetasProje\ProjeStaj.csproj]
C:\Users\İbrahim\Desktop\ŞUAN\KcetasProje\Controllers\TuketimNoktasiController.cs(208,98): error CS1061: 'TuketimNoktasi' bir 'TuketimNoktasiId' tanımı içermiyor ve 'TuketimNoktasi' türünde bir ilk bağımsız değişken kabul eden hiçbir erişilebilir 'TuketimNoktasiId' genişletme yöntemi bulunamadı (bir kullanma yönergeniz veya derleme başvurunuz eksik olabilir mi?) [C:\Users\İbrahim\Desktop\ŞUAN\KcetasProje\ProjeStaj.csproj]
C:\Users\İbrahim\Desktop\ŞUAN\KcetasProje\Views\Sozlesme\Detay.cshtml(28,32): error CS1061: 'Sozlesme' bir 'statu' tanımı içermiyor ve 'Sozlesme' türünde bir ilk bağımsız değişken kabul eden hiçbir erişilebilir 'statu' genişletme yöntemi bulunamadı (bir kullanma yönergeniz veya derleme başvurunuz eksik olabilir mi?) [C:\Users\İbrahim\Desktop\ŞUAN\KcetasProje\ProjeStaj.csproj]
C:\Users\İbrahim\Desktop\ŞUAN\KcetasProje\Views\Sozlesme\Detay.cshtml(32,36): error CS1061: 'Sozlesme' bir 'statu' tanımı içermiyor ve 'Sozlesme' türünde bir ilk bağımsız değişken kabul eden hiçbir erişilebilir 'statu' genişletme yöntemi bulunamadı (bir kullanma yönergeniz veya derleme başvurunuz eksik olabilir mi?) [C:\Users\İbrahim\Desktop\ŞUAN\KcetasProje\ProjeStaj.csproj]
C:\Users\İbrahim\Desktop\ŞUAN\KcetasProje\Views\Sozlesme\Detay.cshtml(38,152): error CS1061: 'Sozlesme' bir 'statu' tanımı içermiyor ve 'Sozlesme' türünde bir ilk bağımsız değişken kabul eden hiçbir erişilebilir 'statu' genişletme yöntemi bulunamadı (bir kullanma yönergeniz veya derleme başvurunuz eksik olabilir mi?) [C:\Users\İbrahim\Desktop\ŞUAN\KcetasProje\ProjeStaj.csproj]
C:\Users\İbrahim\Desktop\ŞUAN\KcetasProje\Views\Sozlesme\Detay.cshtml(50,72): error CS1061: 'Sozlesme' bir 'ad' tanımı içermiyor ve 'Sozlesme' türünde bir ilk bağımsız değişken kabul eden hiçbir erişilebilir 'ad' genişletme yöntemi bulunamadı (bir kullanma yönergeniz veya derleme başvurunuz eksik olabilir mi?) [C:\Users\İbrahim\Desktop\ŞUAN\KcetasProje\ProjeStaj.csproj]
C:\Users\İbrahim\Desktop\ŞUAN\KcetasProje\Views\Sozlesme\Detay.cshtml(50,84): error CS1061: 'Sozlesme' bir 'soyad' tanımı içermiyor ve 'Sozlesme' türünde bir ilk bağımsız değişken kabul eden hiçbir erişilebilir 'soyad' genişletme yöntemi bulunamadı (bir kullanma yönergeniz veya derleme başvurunuz eksik olabilir mi?) [C:\Users\İbrahim\Desktop\ŞUAN\KcetasProje\ProjeStaj.csproj]
C:\Users\İbrahim\Desktop\ŞUAN\KcetasProje\Views\Sozlesme\Detay.cshtml(50,99): error CS1061: 'Sozlesme' bir 'unvan' tanımı içermiyor ve 'Sozlesme' türünde bir ilk bağımsız değişken kabul eden hiçbir erişilebilir 'unvan' genişletme yöntemi bulunamadı (bir kullanma yönergeniz veya derleme başvurunuz eksik olabilir mi?) [C:\Users\İbrahim\Desktop\ŞUAN\KcetasProje\ProjeStaj.csproj]
C:\Users\İbrahim\Desktop\ŞUAN\KcetasProje\Views\Sozlesme\Detay.cshtml(55,50): error CS1061: 'Sozlesme' bir 'tckn' tanımı içermiyor ve 'Sozlesme' türünde bir ilk bağımsız değişken kabul eden hiçbir erişilebilir 'tckn' genişletme yöntemi bulunamadı (bir kullanma yönergeniz veya derleme başvurunuz eksik olabilir mi?) [C:\Users\İbrahim\Desktop\ŞUAN\KcetasProje\ProjeStaj.csproj]
C:\Users\İbrahim\Desktop\ŞUAN\KcetasProje\Views\Sozlesme\Detay.cshtml(58,69): error CS1061: 'Sozlesme' bir 'vkn' tanımı içermiyor ve 'Sozlesme' türünde bir ilk bağımsız değişken kabul eden hiçbir erişilebilir 'vkn' genişletme yöntemi bulunamadı (bir kullanma yönergeniz veya derleme başvurunuz eksik olabilir mi?) [C:\Users\İbrahim\Desktop\ŞUAN\KcetasProje\ProjeStaj.csproj]
C:\Users\İbrahim\Desktop\ŞUAN\KcetasProje\Views\Sozlesme\Detay.cshtml(58,95): error CS1061: 'Sozlesme' bir 'vkn' tanımı içermiyor ve 'Sozlesme' türünde bir ilk bağımsız değişken kabul eden hiçbir erişilebilir 'vkn' genişletme yöntemi bulunamadı (bir kullanma yönergeniz veya derleme başvurunuz eksik olabilir mi?) [C:\Users\İbrahim\Desktop\ŞUAN\KcetasProje\ProjeStaj.csproj]
C:\Users\İbrahim\Desktop\ŞUAN\KcetasProje\Views\Sozlesme\Detay.cshtml(64,49): error CS1061: 'Sozlesme' bir 'telefon' tanımı içermiyor ve 'Sozlesme' türünde bir ilk bağımsız değişken kabul eden hiçbir erişilebilir 'telefon' genişletme yöntemi bulunamadı (bir kullanma yönergeniz veya derleme başvurunuz eksik olabilir mi?) [C:\Users\İbrahim\Desktop\ŞUAN\KcetasProje\ProjeStaj.csproj]
C:\Users\İbrahim\Desktop\ŞUAN\KcetasProje\Views\Sozlesme\Detay.cshtml(67,50): error CS1061: 'Sozlesme' bir 'e_posta' tanımı içermiyor ve 'Sozlesme' türünde bir ilk bağımsız değişken kabul eden hiçbir erişilebilir 'e_posta' genişletme yöntemi bulunamadı (bir kullanma yönergeniz veya derleme başvurunuz eksik olabilir mi?) [C:\Users\İbrahim\Desktop\ŞUAN\KcetasProje\ProjeStaj.csproj]
C:\Users\İbrahim\Desktop\ŞUAN\KcetasProje\Views\Sozlesme\Detay.cshtml(77,94): error CS1061: 'Sozlesme' bir 'tarife_grubu' tanımı içermiyor ve 'Sozlesme' türünde bir ilk bağımsız değişken kabul eden hiçbir erişilebilir 'tarife_grubu' genişletme yöntemi bulunamadı (bir kullanma yönergeniz veya derleme başvurunuz eksik olabilir mi?) [C:\Users\İbrahim\Desktop\ŞUAN\KcetasProje\ProjeStaj.csproj]
C:\Users\İbrahim\Desktop\ŞUAN\KcetasProje\Views\Sozlesme\Detay.cshtml(85,50): error CS1061: 'DateTime' bir 'HasValue' tanımı içermiyor ve 'DateTime' türünde bir ilk bağımsız değişken kabul eden hiçbir erişilebilir 'HasValue' genişletme yöntemi bulunamadı (bir kullanma yönergeniz veya derleme başvurunuz eksik olabilir mi?) [C:\Users\İbrahim\Desktop\ŞUAN\KcetasProje\ProjeStaj.csproj]
C:\Users\İbrahim\Desktop\ŞUAN\KcetasProje\Views\Sozlesme\Detay.cshtml(85,80): error CS1061: 'DateTime' bir 'Value' tanımı içermiyor ve 'DateTime' türünde bir ilk bağımsız değişken kabul eden hiçbir erişilebilir 'Value' genişletme yöntemi bulunamadı (bir kullanma yönergeniz veya derleme başvurunuz eksik olabilir mi?) [C:\Users\İbrahim\Desktop\ŞUAN\KcetasProje\ProjeStaj.csproj]
C:\Users\İbrahim\Desktop\ŞUAN\KcetasProje\Views\Sozlesme\Detay.cshtml(90,58): error CS1061: 'Sozlesme' bir 'sayac' tanımı içermiyor ve 'Sozlesme' türünde bir ilk bağımsız değişken kabul eden hiçbir erişilebilir 'sayac' genişletme yöntemi bulunamadı (bir kullanma yönergeniz veya derleme başvurunuz eksik olabilir mi?) [C:\Users\İbrahim\Desktop\ŞUAN\KcetasProje\ProjeStaj.csproj]
C:\Users\İbrahim\Desktop\ŞUAN\KcetasProje\Views\Sozlesme\Detay.cshtml(90,79): error CS1061: 'Sozlesme' bir 'sayac' tanımı içermiyor ve 'Sozlesme' türünde bir ilk bağımsız değişken kabul eden hiçbir erişilebilir 'sayac' genişletme yöntemi bulunamadı (bir kullanma yönergeniz veya derleme başvurunuz eksik olabilir mi?) [C:\Users\İbrahim\Desktop\ŞUAN\KcetasProje\ProjeStaj.csproj]
C:\Users\İbrahim\Desktop\ŞUAN\KcetasProje\Views\Sozlesme\Detay.cshtml(91,94): error CS1061: 'Sozlesme' bir 'baslangic_endeksi' tanımı içermiyor ve 'Sozlesme' türünde bir ilk bağımsız değişken kabul eden hiçbir erişilebilir 'baslangic_endeksi' genişletme yöntemi bulunamadı (bir kullanma yönergeniz veya derleme başvurunuz eksik olabilir mi?) [C:\Users\İbrahim\Desktop\ŞUAN\KcetasProje\ProjeStaj.csproj]
C:\Users\İbrahim\Desktop\ŞUAN\KcetasProje\Views\Sozlesme\Detay.cshtml(92,111): error CS1061: 'Sozlesme' bir 'odeme_sekli' tanımı içermiyor ve 'Sozlesme' türünde bir ilk bağımsız değişken kabul eden hiçbir erişilebilir 'odeme_sekli' genişletme yöntemi bulunamadı (bir kullanma yönergeniz veya derleme başvurunuz eksik olabilir mi?) [C:\Users\İbrahim\Desktop\ŞUAN\KcetasProje\ProjeStaj.csproj]
C:\Users\İbrahim\Desktop\ŞUAN\KcetasProje\Views\Sozlesme\Detay.cshtml(92,138): error CS1061: 'Sozlesme' bir 'odeme_sekli' tanımı içermiyor ve 'Sozlesme' türünde bir ilk bağımsız değişken kabul eden hiçbir erişilebilir 'odeme_sekli' genişletme yöntemi bulunamadı (bir kullanma yönergeniz veya derleme başvurunuz eksik olabilir mi?) [C:\Users\İbrahim\Desktop\ŞUAN\KcetasProje\ProjeStaj.csproj]
C:\Users\İbrahim\Desktop\ŞUAN\KcetasProje\Views\Sozlesme\Detay.cshtml(122,117): error CS1061: 'DateTime' bir 'HasValue' tanımı içermiyor ve 'DateTime' türünde bir ilk bağımsız değişken kabul eden hiçbir erişilebilir 'HasValue' genişletme yöntemi bulunamadı (bir kullanma yönergeniz veya derleme başvurunuz eksik olabilir mi?) [C:\Users\İbrahim\Desktop\ŞUAN\KcetasProje\ProjeStaj.csproj]
C:\Users\İbrahim\Desktop\ŞUAN\KcetasProje\Views\Sozlesme\Detay.cshtml(122,148): error CS1061: 'DateTime' bir 'Value' tanımı içermiyor ve 'DateTime' türünde bir ilk bağımsız değişken kabul eden hiçbir erişilebilir 'Value' genişletme yöntemi bulunamadı (bir kullanma yönergeniz veya derleme başvurunuz eksik olabilir mi?) [C:\Users\İbrahim\Desktop\ŞUAN\KcetasProje\ProjeStaj.csproj]
C:\Users\İbrahim\Desktop\ŞUAN\KcetasProje\Views\Sozlesme\Detay.cshtml(124,76): error CS1061: 'Sozlesme' bir 'statu' tanımı içermiyor ve 'Sozlesme' türünde bir ilk bağımsız değişken kabul eden hiçbir erişilebilir 'statu' genişletme yöntemi bulunamadı (bir kullanma yönergeniz veya derleme başvurunuz eksik olabilir mi?) [C:\Users\İbrahim\Desktop\ŞUAN\KcetasProje\ProjeStaj.csproj]
C:\Users\İbrahim\Desktop\ŞUAN\KcetasProje\Views\Sozlesme\Detay.cshtml(124,133): error CS1061: 'Sozlesme' bir 'statu' tanımı içermiyor ve 'Sozlesme' türünde bir ilk bağımsız değişken kabul eden hiçbir erişilebilir 'statu' genişletme yöntemi bulunamadı (bir kullanma yönergeniz veya derleme başvurunuz eksik olabilir mi?) [C:\Users\İbrahim\Desktop\ŞUAN\KcetasProje\ProjeStaj.csproj]
C:\Users\İbrahim\Desktop\ŞUAN\KcetasProje\Views\Sozlesme\Detay.cshtml(126,53): error CS1061: 'Sozlesme' bir 'tarife_grubu' tanımı içermiyor ve 'Sozlesme' türünde bir ilk bağımsız değişken kabul eden hiçbir erişilebilir 'tarife_grubu' genişletme yöntemi bulunamadı (bir kullanma yönergeniz veya derleme başvurunuz eksik olabilir mi?) [C:\Users\İbrahim\Desktop\ŞUAN\KcetasProje\ProjeStaj.csproj]
C:\Users\İbrahim\Desktop\ŞUAN\KcetasProje\Views\Sozlesme\Detay.cshtml(141,28): error CS1061: 'Sozlesme' bir 'statu' tanımı içermiyor ve 'Sozlesme' türünde bir ilk bağımsız değişken kabul eden hiçbir erişilebilir 'statu' genişletme yöntemi bulunamadı (bir kullanma yönergeniz veya derleme başvurunuz eksik olabilir mi?) [C:\Users\İbrahim\Desktop\ŞUAN\KcetasProje\ProjeStaj.csproj]
C:\Users\İbrahim\Desktop\ŞUAN\KcetasProje\Services\Mock\MockEndeksOkumaService.cs(13,187): error CS0117: 'EndeksOkuma' bir 'CreatedAt' tanımı içermiyor [C:\Users\İbrahim\Desktop\ŞUAN\KcetasProje\ProjeStaj.csproj]
C:\Users\İbrahim\Desktop\ŞUAN\KcetasProje\Services\Mock\MockEndeksOkumaService.cs(14,187): error CS0117: 'EndeksOkuma' bir 'CreatedAt' tanımı içermiyor [C:\Users\İbrahim\Desktop\ŞUAN\KcetasProje\ProjeStaj.csproj]
C:\Users\İbrahim\Desktop\ŞUAN\KcetasProje\Services\Mock\MockEndeksOkumaService.cs(15,187): error CS0117: 'EndeksOkuma' bir 'CreatedAt' tanımı içermiyor [C:\Users\İbrahim\Desktop\ŞUAN\KcetasProje\ProjeStaj.csproj]
C:\Users\İbrahim\Desktop\ŞUAN\KcetasProje\Services\Mock\MockEndeksOkumaService.cs(16,192): error CS0117: 'EndeksOkuma' bir 'okunamam_nedeni' tanımı içermiyor [C:\Users\İbrahim\Desktop\ŞUAN\KcetasProje\ProjeStaj.csproj]
C:\Users\İbrahim\Desktop\ŞUAN\KcetasProje\Services\Mock\MockEndeksOkumaService.cs(16,215): error CS0117: 'EndeksOkuma' bir 'CreatedAt' tanımı içermiyor [C:\Users\İbrahim\Desktop\ŞUAN\KcetasProje\ProjeStaj.csproj]
C:\Users\İbrahim\Desktop\ŞUAN\KcetasProje\Services\Mock\MockEndeksOkumaService.cs(17,188): error CS0117: 'EndeksOkuma' bir 'CreatedAt' tanımı içermiyor [C:\Users\İbrahim\Desktop\ŞUAN\KcetasProje\ProjeStaj.csproj]
C:\Users\İbrahim\Desktop\ŞUAN\KcetasProje\Services\Mock\MockEndeksOkumaService.cs(18,206): error CS0117: 'EndeksOkuma' bir 'AnomaliAciklamasi' tanımı içermiyor [C:\Users\İbrahim\Desktop\ŞUAN\KcetasProje\ProjeStaj.csproj]
C:\Users\İbrahim\Desktop\ŞUAN\KcetasProje\Services\Mock\MockEndeksOkumaService.cs(18,250): error CS0117: 'EndeksOkuma' bir 'CreatedAt' tanımı içermiyor [C:\Users\İbrahim\Desktop\ŞUAN\KcetasProje\ProjeStaj.csproj]
C:\Users\İbrahim\Desktop\ŞUAN\KcetasProje\Services\Mock\MockEndeksOkumaService.cs(19,186): error CS0117: 'EndeksOkuma' bir 'CreatedAt' tanımı içermiyor [C:\Users\İbrahim\Desktop\ŞUAN\KcetasProje\ProjeStaj.csproj]
C:\Users\İbrahim\Desktop\ŞUAN\KcetasProje\Services\Mock\MockEndeksOkumaService.cs(20,186): error CS0117: 'EndeksOkuma' bir 'CreatedAt' tanımı içermiyor [C:\Users\İbrahim\Desktop\ŞUAN\KcetasProje\ProjeStaj.csproj]
C:\Users\İbrahim\Desktop\ŞUAN\KcetasProje\Services\Mock\MockEndeksOkumaService.cs(21,186): error CS0117: 'EndeksOkuma' bir 'CreatedAt' tanımı içermiyor [C:\Users\İbrahim\Desktop\ŞUAN\KcetasProje\ProjeStaj.csproj]
C:\Users\İbrahim\Desktop\ŞUAN\KcetasProje\Controllers\TuketimNoktasiController.cs(252,22): error CS1061: 'TuketimNoktasi' bir 'il_adi' tanımı içermiyor ve 'TuketimNoktasi' türünde bir ilk bağımsız değişken kabul eden hiçbir erişilebilir 'il_adi' genişletme yöntemi bulunamadı (bir kullanma yönergeniz veya derleme başvurunuz eksik olabilir mi?) [C:\Users\İbrahim\Desktop\ŞUAN\KcetasProje\ProjeStaj.csproj]
C:\Users\İbrahim\Desktop\ŞUAN\KcetasProje\Controllers\TuketimNoktasiController.cs(252,37): error CS1061: 'TuketimNoktasi' bir 'il_adi' tanımı içermiyor ve 'TuketimNoktasi' türünde bir ilk bağımsız değişken kabul eden hiçbir erişilebilir 'il_adi' genişletme yöntemi bulunamadı (bir kullanma yönergeniz veya derleme başvurunuz eksik olabilir mi?) [C:\Users\İbrahim\Desktop\ŞUAN\KcetasProje\ProjeStaj.csproj]
C:\Users\İbrahim\Desktop\ŞUAN\KcetasProje\Controllers\TuketimNoktasiController.cs(257,34): error CS1061: 'TuketimNoktasi' bir 'ilce_adi' tanımı içermiyor ve 'TuketimNoktasi' türünde bir ilk bağımsız değişken kabul eden hiçbir erişilebilir 'ilce_adi' genişletme yöntemi bulunamadı (bir kullanma yönergeniz veya derleme başvurunuz eksik olabilir mi?) [C:\Users\İbrahim\Desktop\ŞUAN\KcetasProje\ProjeStaj.csproj]
C:\Users\İbrahim\Desktop\ŞUAN\KcetasProje\Controllers\TuketimNoktasiController.cs(258,34): error CS1061: 'TuketimNoktasi' bir 'ilce_adi' tanımı içermiyor ve 'TuketimNoktasi' türünde bir ilk bağımsız değişken kabul eden hiçbir erişilebilir 'ilce_adi' genişletme yöntemi bulunamadı (bir kullanma yönergeniz veya derleme başvurunuz eksik olabilir mi?) [C:\Users\İbrahim\Desktop\ŞUAN\KcetasProje\ProjeStaj.csproj]
C:\Users\İbrahim\Desktop\ŞUAN\KcetasProje\Controllers\TuketimNoktasiController.cs(259,34): error CS1061: 'TuketimNoktasi' bir 'ilce_adi' tanımı içermiyor ve 'TuketimNoktasi' türünde bir ilk bağımsız değişken kabul eden hiçbir erişilebilir 'ilce_adi' genişletme yöntemi bulunamadı (bir kullanma yönergeniz veya derleme başvurunuz eksik olabilir mi?) [C:\Users\İbrahim\Desktop\ŞUAN\KcetasProje\ProjeStaj.csproj]
C:\Users\İbrahim\Desktop\ŞUAN\KcetasProje\Controllers\TuketimNoktasiController.cs(260,34): error CS1061: 'TuketimNoktasi' bir 'ilce_adi' tanımı içermiyor ve 'TuketimNoktasi' türünde bir ilk bağımsız değişken kabul eden hiçbir erişilebilir 'ilce_adi' genişletme yöntemi bulunamadı (bir kullanma yönergeniz veya derleme başvurunuz eksik olabilir mi?) [C:\Users\İbrahim\Desktop\ŞUAN\KcetasProje\ProjeStaj.csproj]
C:\Users\İbrahim\Desktop\ŞUAN\KcetasProje\Controllers\TuketimNoktasiController.cs(261,34): error CS1061: 'TuketimNoktasi' bir 'ilce_adi' tanımı içermiyor ve 'TuketimNoktasi' türünde bir ilk bağımsız değişken kabul eden hiçbir erişilebilir 'ilce_adi' genişletme yöntemi bulunamadı (bir kullanma yönergeniz veya derleme başvurunuz eksik olabilir mi?) [C:\Users\İbrahim\Desktop\ŞUAN\KcetasProje\ProjeStaj.csproj]
C:\Users\İbrahim\Desktop\ŞUAN\KcetasProje\Controllers\TuketimNoktasiController.cs(262,34): error CS1061: 'TuketimNoktasi' bir 'ilce_adi' tanımı içermiyor ve 'TuketimNoktasi' türünde bir ilk bağımsız değişken kabul eden hiçbir erişilebilir 'ilce_adi' genişletme yöntemi bulunamadı (bir kullanma yönergeniz veya derleme başvurunuz eksik olabilir mi?) [C:\Users\İbrahim\Desktop\ŞUAN\KcetasProje\ProjeStaj.csproj]
C:\Users\İbrahim\Desktop\ŞUAN\KcetasProje\Controllers\TuketimNoktasiController.cs(263,34): error CS1061: 'TuketimNoktasi' bir 'ilce_adi' tanımı içermiyor ve 'TuketimNoktasi' türünde bir ilk bağımsız değişken kabul eden hiçbir erişilebilir 'ilce_adi' genişletme yöntemi bulunamadı (bir kullanma yönergeniz veya derleme başvurunuz eksik olabilir mi?) [C:\Users\İbrahim\Desktop\ŞUAN\KcetasProje\ProjeStaj.csproj]
C:\Users\İbrahim\Desktop\ŞUAN\KcetasProje\Controllers\TuketimNoktasiController.cs(264,34): error CS1061: 'TuketimNoktasi' bir 'ilce_adi' tanımı içermiyor ve 'TuketimNoktasi' türünde bir ilk bağımsız değişken kabul eden hiçbir erişilebilir 'ilce_adi' genişletme yöntemi bulunamadı (bir kullanma yönergeniz veya derleme başvurunuz eksik olabilir mi?) [C:\Users\İbrahim\Desktop\ŞUAN\KcetasProje\ProjeStaj.csproj]
C:\Users\İbrahim\Desktop\ŞUAN\KcetasProje\Controllers\TuketimNoktasiController.cs(265,34): error CS1061: 'TuketimNoktasi' bir 'ilce_adi' tanımı içermiyor ve 'TuketimNoktasi' türünde bir ilk bağımsız değişken kabul eden hiçbir erişilebilir 'ilce_adi' genişletme yöntemi bulunamadı (bir kullanma yönergeniz veya derleme başvurunuz eksik olabilir mi?) [C:\Users\İbrahim\Desktop\ŞUAN\KcetasProje\ProjeStaj.csproj]
C:\Users\İbrahim\Desktop\ŞUAN\KcetasProje\Controllers\TuketimNoktasiController.cs(266,35): error CS1061: 'TuketimNoktasi' bir 'ilce_adi' tanımı içermiyor ve 'TuketimNoktasi' türünde bir ilk bağımsız değişken kabul eden hiçbir erişilebilir 'ilce_adi' genişletme yöntemi bulunamadı (bir kullanma yönergeniz veya derleme başvurunuz eksik olabilir mi?) [C:\Users\İbrahim\Desktop\ŞUAN\KcetasProje\ProjeStaj.csproj]
C:\Users\İbrahim\Desktop\ŞUAN\KcetasProje\Controllers\TuketimNoktasiController.cs(267,35): error CS1061: 'TuketimNoktasi' bir 'ilce_adi' tanımı içermiyor ve 'TuketimNoktasi' türünde bir ilk bağımsız değişken kabul eden hiçbir erişilebilir 'ilce_adi' genişletme yöntemi bulunamadı (bir kullanma yönergeniz veya derleme başvurunuz eksik olabilir mi?) [C:\Users\İbrahim\Desktop\ŞUAN\KcetasProje\ProjeStaj.csproj]
C:\Users\İbrahim\Desktop\ŞUAN\KcetasProje\Controllers\TuketimNoktasiController.cs(268,35): error CS1061: 'TuketimNoktasi' bir 'ilce_adi' tanımı içermiyor ve 'TuketimNoktasi' türünde bir ilk bağımsız değişken kabul eden hiçbir erişilebilir 'ilce_adi' genişletme yöntemi bulunamadı (bir kullanma yönergeniz veya derleme başvurunuz eksik olabilir mi?) [C:\Users\İbrahim\Desktop\ŞUAN\KcetasProje\ProjeStaj.csproj]
C:\Users\İbrahim\Desktop\ŞUAN\KcetasProje\Controllers\TuketimNoktasiController.cs(269,35): error CS1061: 'TuketimNoktasi' bir 'ilce_adi' tanımı içermiyor ve 'TuketimNoktasi' türünde bir ilk bağımsız değişken kabul eden hiçbir erişilebilir 'ilce_adi' genişletme yöntemi bulunamadı (bir kullanma yönergeniz veya derleme başvurunuz eksik olabilir mi?) [C:\Users\İbrahim\Desktop\ŞUAN\KcetasProje\ProjeStaj.csproj]
C:\Users\İbrahim\Desktop\ŞUAN\KcetasProje\Controllers\TuketimNoktasiController.cs(270,35): error CS1061: 'TuketimNoktasi' bir 'ilce_adi' tanımı içermiyor ve 'TuketimNoktasi' türünde bir ilk bağımsız değişken kabul eden hiçbir erişilebilir 'ilce_adi' genişletme yöntemi bulunamadı (bir kullanma yönergeniz veya derleme başvurunuz eksik olabilir mi?) [C:\Users\İbrahim\Desktop\ŞUAN\KcetasProje\ProjeStaj.csproj]
C:\Users\İbrahim\Desktop\ŞUAN\KcetasProje\Controllers\TuketimNoktasiController.cs(271,35): error CS1061: 'TuketimNoktasi' bir 'ilce_adi' tanımı içermiyor ve 'TuketimNoktasi' türünde bir ilk bağımsız değişken kabul eden hiçbir erişilebilir 'ilce_adi' genişletme yöntemi bulunamadı (bir kullanma yönergeniz veya derleme başvurunuz eksik olabilir mi?) [C:\Users\İbrahim\Desktop\ŞUAN\KcetasProje\ProjeStaj.csproj]
C:\Users\İbrahim\Desktop\ŞUAN\KcetasProje\Controllers\TuketimNoktasiController.cs(272,35): error CS1061: 'TuketimNoktasi' bir 'ilce_adi' tanımı içermiyor ve 'TuketimNoktasi' türünde bir ilk bağımsız değişken kabul eden hiçbir erişilebilir 'ilce_adi' genişletme yöntemi bulunamadı (bir kullanma yönergeniz veya derleme başvurunuz eksik olabilir mi?) [C:\Users\İbrahim\Desktop\ŞUAN\KcetasProje\ProjeStaj.csproj]
C:\Users\İbrahim\Desktop\ŞUAN\KcetasProje\Controllers\TuketimNoktasiController.cs(273,35): error CS1061: 'TuketimNoktasi' bir 'ilce_adi' tanımı içermiyor ve 'TuketimNoktasi' türünde bir ilk bağımsız değişken kabul eden hiçbir erişilebilir 'ilce_adi' genişletme yöntemi bulunamadı (bir kullanma yönergeniz veya derleme başvurunuz eksik olabilir mi?) [C:\Users\İbrahim\Desktop\ŞUAN\KcetasProje\ProjeStaj.csproj]
C:\Users\İbrahim\Desktop\ŞUAN\KcetasProje\Controllers\TuketimNoktasiController.cs(274,35): error CS1061: 'TuketimNoktasi' bir 'ilce_adi' tanımı içermiyor ve 'TuketimNoktasi' türünde bir ilk bağımsız değişken kabul eden hiçbir erişilebilir 'ilce_adi' genişletme yöntemi bulunamadı (bir kullanma yönergeniz veya derleme başvurunuz eksik olabilir mi?) [C:\Users\İbrahim\Desktop\ŞUAN\KcetasProje\ProjeStaj.csproj]
C:\Users\İbrahim\Desktop\ŞUAN\KcetasProje\Controllers\TuketimNoktasiController.cs(285,22): error CS1061: 'TuketimNoktasi' bir 'baglanti_grubu' tanımı içermiyor ve 'TuketimNoktasi' türünde bir ilk bağımsız değişken kabul eden hiçbir erişilebilir 'baglanti_grubu' genişletme yöntemi bulunamadı (bir kullanma yönergeniz veya derleme başvurunuz eksik olabilir mi?) [C:\Users\İbrahim\Desktop\ŞUAN\KcetasProje\ProjeStaj.csproj]
C:\Users\İbrahim\Desktop\ŞUAN\KcetasProje\Controllers\TuketimNoktasiController.cs(285,45): error CS1061: 'TuketimNoktasi' bir 'baglanti_grubu' tanımı içermiyor ve 'TuketimNoktasi' türünde bir ilk bağımsız değişken kabul eden hiçbir erişilebilir 'baglanti_grubu' genişletme yöntemi bulunamadı (bir kullanma yönergeniz veya derleme başvurunuz eksik olabilir mi?) [C:\Users\İbrahim\Desktop\ŞUAN\KcetasProje\ProjeStaj.csproj]
C:\Users\İbrahim\Desktop\ŞUAN\KcetasProje\Controllers\TuketimNoktasiController.cs(287,22): error CS1061: 'TuketimNoktasi' bir 'UpdatedAt' tanımı içermiyor ve 'TuketimNoktasi' türünde bir ilk bağımsız değişken kabul eden hiçbir erişilebilir 'UpdatedAt' genişletme yöntemi bulunamadı (bir kullanma yönergeniz veya derleme başvurunuz eksik olabilir mi?) [C:\Users\İbrahim\Desktop\ŞUAN\KcetasProje\ProjeStaj.csproj]
C:\Users\İbrahim\Desktop\ŞUAN\KcetasProje\Controllers\EndeksOkumaController.cs(60,69): error CS1061: 'TuketimNoktasi' bir 'sayac_id' tanımı içermiyor ve 'TuketimNoktasi' türünde bir ilk bağımsız değişken kabul eden hiçbir erişilebilir 'sayac_id' genişletme yöntemi bulunamadı (bir kullanma yönergeniz veya derleme başvurunuz eksik olabilir mi?) [C:\Users\İbrahim\Desktop\ŞUAN\KcetasProje\ProjeStaj.csproj]
C:\Users\İbrahim\Desktop\ŞUAN\KcetasProje\Controllers\EndeksOkumaController.cs(88,41): error CS1061: 'EndeksOkuma' bir 'okunamam_nedeni' tanımı içermiyor ve 'EndeksOkuma' türünde bir ilk bağımsız değişken kabul eden hiçbir erişilebilir 'okunamam_nedeni' genişletme yöntemi bulunamadı (bir kullanma yönergeniz veya derleme başvurunuz eksik olabilir mi?) [C:\Users\İbrahim\Desktop\ŞUAN\KcetasProje\ProjeStaj.csproj]
C:\Users\İbrahim\Desktop\ŞUAN\KcetasProje\Controllers\EndeksOkumaController.cs(92,43): error CS1061: 'EndeksOkuma' bir 'AnomaliAciklamasi' tanımı içermiyor ve 'EndeksOkuma' türünde bir ilk bağımsız değişken kabul eden hiçbir erişilebilir 'AnomaliAciklamasi' genişletme yöntemi bulunamadı (bir kullanma yönergeniz veya derleme başvurunuz eksik olabilir mi?) [C:\Users\İbrahim\Desktop\ŞUAN\KcetasProje\ProjeStaj.csproj]
C:\Users\İbrahim\Desktop\ŞUAN\KcetasProje\Controllers\EndeksOkumaController.cs(93,38): error CS1061: 'EndeksOkuma' bir 'sökme_nedeni' tanımı içermiyor ve 'EndeksOkuma' türünde bir ilk bağımsız değişken kabul eden hiçbir erişilebilir 'sökme_nedeni' genişletme yöntemi bulunamadı (bir kullanma yönergeniz veya derleme başvurunuz eksik olabilir mi?) [C:\Users\İbrahim\Desktop\ŞUAN\KcetasProje\ProjeStaj.csproj]
C:\Users\İbrahim\Desktop\ŞUAN\KcetasProje\Controllers\EndeksOkumaController.cs(94,34): error CS1061: 'EndeksOkuma' bir 'aciklama' tanımı içermiyor ve 'EndeksOkuma' türünde bir ilk bağımsız değişken kabul eden hiçbir erişilebilir 'aciklama' genişletme yöntemi bulunamadı (bir kullanma yönergeniz veya derleme başvurunuz eksik olabilir mi?) [C:\Users\İbrahim\Desktop\ŞUAN\KcetasProje\ProjeStaj.csproj]
C:\Users\İbrahim\Desktop\ŞUAN\KcetasProje\Controllers\EndeksOkumaController.cs(95,36): error CS1061: 'EndeksOkuma' bir 'son_endeks' tanımı içermiyor ve 'EndeksOkuma' türünde bir ilk bağımsız değişken kabul eden hiçbir erişilebilir 'son_endeks' genişletme yöntemi bulunamadı (bir kullanma yönergeniz veya derleme başvurunuz eksik olabilir mi?) [C:\Users\İbrahim\Desktop\ŞUAN\KcetasProje\ProjeStaj.csproj]
C:\Users\İbrahim\Desktop\ŞUAN\KcetasProje\Controllers\EndeksOkumaController.cs(96,35): error CS1061: 'EndeksOkuma' bir 'CreatedAt' tanımı içermiyor ve 'EndeksOkuma' türünde bir ilk bağımsız değişken kabul eden hiçbir erişilebilir 'CreatedAt' genişletme yöntemi bulunamadı (bir kullanma yönergeniz veya derleme başvurunuz eksik olabilir mi?) [C:\Users\İbrahim\Desktop\ŞUAN\KcetasProje\ProjeStaj.csproj]
C:\Users\İbrahim\Desktop\ŞUAN\KcetasProje\Views\Sozlesme\Duzenle.cshtml(43,96): error CS1061: 'Sozlesme' bir 'sayac' tanımı içermiyor ve 'Sozlesme' türünde bir ilk bağımsız değişken kabul eden hiçbir erişilebilir 'sayac' genişletme yöntemi bulunamadı (bir kullanma yönergeniz veya derleme başvurunuz eksik olabilir mi?) [C:\Users\İbrahim\Desktop\ŞUAN\KcetasProje\ProjeStaj.csproj]
C:\Users\İbrahim\Desktop\ŞUAN\KcetasProje\Views\Sozlesme\Duzenle.cshtml(47,122): error CS1061: 'Sozlesme' bir 'baslangic_endeksi' tanımı içermiyor ve 'Sozlesme' türünde bir ilk bağımsız değişken kabul eden hiçbir erişilebilir 'baslangic_endeksi' genişletme yöntemi bulunamadı (bir kullanma yönergeniz veya derleme başvurunuz eksik olabilir mi?) [C:\Users\İbrahim\Desktop\ŞUAN\KcetasProje\ProjeStaj.csproj]
C:\Users\İbrahim\Desktop\ŞUAN\KcetasProje\Views\Sozlesme\Duzenle.cshtml(56,73): error CS1061: 'Sozlesme' bir 'odeme_sekli' tanımı içermiyor ve 'Sozlesme' türünde bir ilk bağımsız değişken kabul eden hiçbir erişilebilir 'odeme_sekli' genişletme yöntemi bulunamadı (bir kullanma yönergeniz veya derleme başvurunuz eksik olabilir mi?) [C:\Users\İbrahim\Desktop\ŞUAN\KcetasProje\ProjeStaj.csproj]
C:\Users\İbrahim\Desktop\ŞUAN\KcetasProje\Views\Sozlesme\Duzenle.cshtml(57,79): error CS1061: 'Sozlesme' bir 'odeme_sekli' tanımı içermiyor ve 'Sozlesme' türünde bir ilk bağımsız değişken kabul eden hiçbir erişilebilir 'odeme_sekli' genişletme yöntemi bulunamadı (bir kullanma yönergeniz veya derleme başvurunuz eksik olabilir mi?) [C:\Users\İbrahim\Desktop\ŞUAN\KcetasProje\ProjeStaj.csproj]
C:\Users\İbrahim\Desktop\ŞUAN\KcetasProje\Views\Sozlesme\Duzenle.cshtml(58,78): error CS1061: 'Sozlesme' bir 'odeme_sekli' tanımı içermiyor ve 'Sozlesme' türünde bir ilk bağımsız değişken kabul eden hiçbir erişilebilir 'odeme_sekli' genişletme yöntemi bulunamadı (bir kullanma yönergeniz veya derleme başvurunuz eksik olabilir mi?) [C:\Users\İbrahim\Desktop\ŞUAN\KcetasProje\ProjeStaj.csproj]
C:\Users\İbrahim\Desktop\ŞUAN\KcetasProje\Views\Sozlesme\Duzenle.cshtml(64,73): error CS1061: 'Sozlesme' bir 'statu' tanımı içermiyor ve 'Sozlesme' türünde bir ilk bağımsız değişken kabul eden hiçbir erişilebilir 'statu' genişletme yöntemi bulunamadı (bir kullanma yönergeniz veya derleme başvurunuz eksik olabilir mi?) [C:\Users\İbrahim\Desktop\ŞUAN\KcetasProje\ProjeStaj.csproj]
C:\Users\İbrahim\Desktop\ŞUAN\KcetasProje\Views\Sozlesme\Duzenle.cshtml(65,84): error CS1061: 'Sozlesme' bir 'statu' tanımı içermiyor ve 'Sozlesme' türünde bir ilk bağımsız değişken kabul eden hiçbir erişilebilir 'statu' genişletme yöntemi bulunamadı (bir kullanma yönergeniz veya derleme başvurunuz eksik olabilir mi?) [C:\Users\İbrahim\Desktop\ŞUAN\KcetasProje\ProjeStaj.csproj]
C:\Users\İbrahim\Desktop\ŞUAN\KcetasProje\Views\Sozlesme\Duzenle.cshtml(66,78): error CS1061: 'Sozlesme' bir 'statu' tanımı içermiyor ve 'Sozlesme' türünde bir ilk bağımsız değişken kabul eden hiçbir erişilebilir 'statu' genişletme yöntemi bulunamadı (bir kullanma yönergeniz veya derleme başvurunuz eksik olabilir mi?) [C:\Users\İbrahim\Desktop\ŞUAN\KcetasProje\ProjeStaj.csproj]
C:\Users\İbrahim\Desktop\ŞUAN\KcetasProje\Views\Sozlesme\Duzenle.cshtml(75,93): error CS1061: 'Sozlesme' bir 'ad' tanımı içermiyor ve 'Sozlesme' türünde bir ilk bağımsız değişken kabul eden hiçbir erişilebilir 'ad' genişletme yöntemi bulunamadı (bir kullanma yönergeniz veya derleme başvurunuz eksik olabilir mi?) [C:\Users\İbrahim\Desktop\ŞUAN\KcetasProje\ProjeStaj.csproj]
C:\Users\İbrahim\Desktop\ŞUAN\KcetasProje\Views\Sozlesme\Duzenle.cshtml(79,96): error CS1061: 'Sozlesme' bir 'soyad' tanımı içermiyor ve 'Sozlesme' türünde bir ilk bağımsız değişken kabul eden hiçbir erişilebilir 'soyad' genişletme yöntemi bulunamadı (bir kullanma yönergeniz veya derleme başvurunuz eksik olabilir mi?) [C:\Users\İbrahim\Desktop\ŞUAN\KcetasProje\ProjeStaj.csproj]
C:\Users\İbrahim\Desktop\ŞUAN\KcetasProje\Views\Sozlesme\Duzenle.cshtml(83,96): error CS1061: 'Sozlesme' bir 'unvan' tanımı içermiyor ve 'Sozlesme' türünde bir ilk bağımsız değişken kabul eden hiçbir erişilebilir 'unvan' genişletme yöntemi bulunamadı (bir kullanma yönergeniz veya derleme başvurunuz eksik olabilir mi?) [C:\Users\İbrahim\Desktop\ŞUAN\KcetasProje\ProjeStaj.csproj]
C:\Users\İbrahim\Desktop\ŞUAN\KcetasProje\Views\Sozlesme\Duzenle.cshtml(88,95): error CS1061: 'Sozlesme' bir 'tckn' tanımı içermiyor ve 'Sozlesme' türünde bir ilk bağımsız değişken kabul eden hiçbir erişilebilir 'tckn' genişletme yöntemi bulunamadı (bir kullanma yönergeniz veya derleme başvurunuz eksik olabilir mi?) [C:\Users\İbrahim\Desktop\ŞUAN\KcetasProje\ProjeStaj.csproj]
C:\Users\İbrahim\Desktop\ŞUAN\KcetasProje\Views\Sozlesme\Duzenle.cshtml(92,94): error CS1061: 'Sozlesme' bir 'vkn' tanımı içermiyor ve 'Sozlesme' türünde bir ilk bağımsız değişken kabul eden hiçbir erişilebilir 'vkn' genişletme yöntemi bulunamadı (bir kullanma yönergeniz veya derleme başvurunuz eksik olabilir mi?) [C:\Users\İbrahim\Desktop\ŞUAN\KcetasProje\ProjeStaj.csproj]
C:\Users\İbrahim\Desktop\ŞUAN\KcetasProje\Views\Sozlesme\Duzenle.cshtml(97,98): error CS1061: 'Sozlesme' bir 'telefon' tanımı içermiyor ve 'Sozlesme' türünde bir ilk bağımsız değişken kabul eden hiçbir erişilebilir 'telefon' genişletme yöntemi bulunamadı (bir kullanma yönergeniz veya derleme başvurunuz eksik olabilir mi?) [C:\Users\İbrahim\Desktop\ŞUAN\KcetasProje\ProjeStaj.csproj]
C:\Users\İbrahim\Desktop\ŞUAN\KcetasProje\Views\Sozlesme\Duzenle.cshtml(101,99): error CS1061: 'Sozlesme' bir 'e_posta' tanımı içermiyor ve 'Sozlesme' türünde bir ilk bağımsız değişken kabul eden hiçbir erişilebilir 'e_posta' genişletme yöntemi bulunamadı (bir kullanma yönergeniz veya derleme başvurunuz eksik olabilir mi?) [C:\Users\İbrahim\Desktop\ŞUAN\KcetasProje\ProjeStaj.csproj]
C:\Users\İbrahim\Desktop\ŞUAN\KcetasProje\Views\Sozlesme\Duzenle.cshtml(106,71): error CS1061: 'Sozlesme' bir 'iletisim_tercihi' tanımı içermiyor ve 'Sozlesme' türünde bir ilk bağımsız değişken kabul eden hiçbir erişilebilir 'iletisim_tercihi' genişletme yöntemi bulunamadı (bir kullanma yönergeniz veya derleme başvurunuz eksik olabilir mi?) [C:\Users\İbrahim\Desktop\ŞUAN\KcetasProje\ProjeStaj.csproj]
C:\Users\İbrahim\Desktop\ŞUAN\KcetasProje\Views\Sozlesme\Duzenle.cshtml(107,73): error CS1061: 'Sozlesme' bir 'iletisim_tercihi' tanımı içermiyor ve 'Sozlesme' türünde bir ilk bağımsız değişken kabul eden hiçbir erişilebilir 'iletisim_tercihi' genişletme yöntemi bulunamadı (bir kullanma yönergeniz veya derleme başvurunuz eksik olabilir mi?) [C:\Users\İbrahim\Desktop\ŞUAN\KcetasProje\ProjeStaj.csproj]
C:\Users\İbrahim\Desktop\ŞUAN\KcetasProje\Services\Mock\MockEndeksOkumaService.cs(68,15): error CS1061: 'EndeksOkuma' bir 'CreatedAt' tanımı içermiyor ve 'EndeksOkuma' türünde bir ilk bağımsız değişken kabul eden hiçbir erişilebilir 'CreatedAt' genişletme yöntemi bulunamadı (bir kullanma yönergeniz veya derleme başvurunuz eksik olabilir mi?) [C:\Users\İbrahim\Desktop\ŞUAN\KcetasProje\ProjeStaj.csproj]
C:\Users\İbrahim\Desktop\ŞUAN\KcetasProje\Controllers\SozlesmeController.cs(39,77): error CS1061: 'TuketimNoktasi' bir 'TuketimNoktasiId' tanımı içermiyor ve 'TuketimNoktasi' türünde bir ilk bağımsız değişken kabul eden hiçbir erişilebilir 'TuketimNoktasiId' genişletme yöntemi bulunamadı (bir kullanma yönergeniz veya derleme başvurunuz eksik olabilir mi?) [C:\Users\İbrahim\Desktop\ŞUAN\KcetasProje\ProjeStaj.csproj]
C:\Users\İbrahim\Desktop\ŞUAN\KcetasProje\Controllers\SozlesmeController.cs(54,42): error CS1061: 'Sozlesme' bir 'iletisim_tercihi' tanımı içermiyor ve 'Sozlesme' türünde bir ilk bağımsız değişken kabul eden hiçbir erişilebilir 'iletisim_tercihi' genişletme yöntemi bulunamadı (bir kullanma yönergeniz veya derleme başvurunuz eksik olabilir mi?) [C:\Users\İbrahim\Desktop\ŞUAN\KcetasProje\ProjeStaj.csproj]
C:\Users\İbrahim\Desktop\ŞUAN\KcetasProje\Controllers\SozlesmeController.cs(58,31): error CS1061: 'Sozlesme' bir 'statu' tanımı içermiyor ve 'Sozlesme' türünde bir ilk bağımsız değişken kabul eden hiçbir erişilebilir 'statu' genişletme yöntemi bulunamadı (bir kullanma yönergeniz veya derleme başvurunuz eksik olabilir mi?) [C:\Users\İbrahim\Desktop\ŞUAN\KcetasProje\ProjeStaj.csproj]
C:\Users\İbrahim\Desktop\ŞUAN\KcetasProje\Controllers\SozlesmeController.cs(67,32): error CS1061: 'Sozlesme' bir 'tarife_grubu' tanımı içermiyor ve 'Sozlesme' türünde bir ilk bağımsız değişken kabul eden hiçbir erişilebilir 'tarife_grubu' genişletme yöntemi bulunamadı (bir kullanma yönergeniz veya derleme başvurunuz eksik olabilir mi?) [C:\Users\İbrahim\Desktop\ŞUAN\KcetasProje\ProjeStaj.csproj]
C:\Users\İbrahim\Desktop\ŞUAN\KcetasProje\Controllers\SozlesmeController.cs(70,32): error CS1061: 'Sozlesme' bir 'status' tanımı içermiyor ve 'Sozlesme' türünde bir ilk bağımsız değişken kabul eden hiçbir erişilebilir 'status' genişletme yöntemi bulunamadı (bir kullanma yönergeniz veya derleme başvurunuz eksik olabilir mi?) [C:\Users\İbrahim\Desktop\ŞUAN\KcetasProje\ProjeStaj.csproj]
C:\Users\İbrahim\Desktop\ŞUAN\KcetasProje\Controllers\SozlesmeController.cs(71,36): error CS1061: 'Sozlesme' bir 'created_by' tanımı içermiyor ve 'Sozlesme' türünde bir ilk bağımsız değişken kabul eden hiçbir erişilebilir 'created_by' genişletme yöntemi bulunamadı (bir kullanma yönergeniz veya derleme başvurunuz eksik olabilir mi?) [C:\Users\İbrahim\Desktop\ŞUAN\KcetasProje\ProjeStaj.csproj]
C:\Users\İbrahim\Desktop\ŞUAN\KcetasProje\Controllers\SozlesmeController.cs(72,36): error CS1061: 'Sozlesme' bir 'updated_by' tanımı içermiyor ve 'Sozlesme' türünde bir ilk bağımsız değişken kabul eden hiçbir erişilebilir 'updated_by' genişletme yöntemi bulunamadı (bir kullanma yönergeniz veya derleme başvurunuz eksik olabilir mi?) [C:\Users\İbrahim\Desktop\ŞUAN\KcetasProje\ProjeStaj.csproj]
C:\Users\İbrahim\Desktop\ŞUAN\KcetasProje\Controllers\SozlesmeController.cs(95,19): error CS1061: 'Sozlesme' bir 'statu' tanımı içermiyor ve 'Sozlesme' türünde bir ilk bağımsız değişken kabul eden hiçbir erişilebilir 'statu' genişletme yöntemi bulunamadı (bir kullanma yönergeniz veya derleme başvurunuz eksik olabilir mi?) [C:\Users\İbrahim\Desktop\ŞUAN\KcetasProje\ProjeStaj.csproj]
C:\Users\İbrahim\Desktop\ŞUAN\KcetasProje\Controllers\SozlesmeController.cs(96,19): error CS1061: 'Sozlesme' bir 'status' tanımı içermiyor ve 'Sozlesme' türünde bir ilk bağımsız değişken kabul eden hiçbir erişilebilir 'status' genişletme yöntemi bulunamadı (bir kullanma yönergeniz veya derleme başvurunuz eksik olabilir mi?) [C:\Users\İbrahim\Desktop\ŞUAN\KcetasProje\ProjeStaj.csproj]
C:\Users\İbrahim\Desktop\ŞUAN\KcetasProje\Controllers\SozlesmeController.cs(111,17): error CS0117: 'IsEmri' bir 'CreatedAt' tanımı içermiyor [C:\Users\İbrahim\Desktop\ŞUAN\KcetasProje\ProjeStaj.csproj]
C:\Users\İbrahim\Desktop\ŞUAN\KcetasProje\Controllers\SozlesmeController.cs(123,48): error CS1061: 'Sozlesme' bir 'ad' tanımı içermiyor ve 'Sozlesme' türünde bir ilk bağımsız değişken kabul eden hiçbir erişilebilir 'ad' genişletme yöntemi bulunamadı (bir kullanma yönergeniz veya derleme başvurunuz eksik olabilir mi?) [C:\Users\İbrahim\Desktop\ŞUAN\KcetasProje\ProjeStaj.csproj]
C:\Users\İbrahim\Desktop\ŞUAN\KcetasProje\Controllers\SozlesmeController.cs(123,65): error CS1061: 'Sozlesme' bir 'unvan' tanımı içermiyor ve 'Sozlesme' türünde bir ilk bağımsız değişken kabul eden hiçbir erişilebilir 'unvan' genişletme yöntemi bulunamadı (bir kullanma yönergeniz veya derleme başvurunuz eksik olabilir mi?) [C:\Users\İbrahim\Desktop\ŞUAN\KcetasProje\ProjeStaj.csproj]
C:\Users\İbrahim\Desktop\ŞUAN\KcetasProje\Controllers\EndeksOkumaController.cs(136,67): error CS1061: 'Sozlesme' bir 'statu' tanımı içermiyor ve 'Sozlesme' türünde bir ilk bağımsız değişken kabul eden hiçbir erişilebilir 'statu' genişletme yöntemi bulunamadı (bir kullanma yönergeniz veya derleme başvurunuz eksik olabilir mi?) [C:\Users\İbrahim\Desktop\ŞUAN\KcetasProje\ProjeStaj.csproj]
C:\Users\İbrahim\Desktop\ŞUAN\KcetasProje\Controllers\EndeksOkumaController.cs(136,94): error CS1061: 'Sozlesme' bir 'statu' tanımı içermiyor ve 'Sozlesme' türünde bir ilk bağımsız değişken kabul eden hiçbir erişilebilir 'statu' genişletme yöntemi bulunamadı (bir kullanma yönergeniz veya derleme başvurunuz eksik olabilir mi?) [C:\Users\İbrahim\Desktop\ŞUAN\KcetasProje\ProjeStaj.csproj]
C:\Users\İbrahim\Desktop\ŞUAN\KcetasProje\Controllers\EndeksOkumaController.cs(158,17): error CS0117: 'Fatura' bir 'vergi_fon_toplama' tanımı içermiyor [C:\Users\İbrahim\Desktop\ŞUAN\KcetasProje\ProjeStaj.csproj]
C:\Users\İbrahim\Desktop\ŞUAN\KcetasProje\Controllers\EndeksOkumaController.cs(181,17): error CS0117: 'EndeksOkuma' bir 'AnomaliAciklamasi' tanımı içermiyor [C:\Users\İbrahim\Desktop\ŞUAN\KcetasProje\ProjeStaj.csproj]
C:\Users\İbrahim\Desktop\ŞUAN\KcetasProje\Controllers\EndeksOkumaController.cs(182,17): error CS0117: 'EndeksOkuma' bir 'aciklama' tanımı içermiyor [C:\Users\İbrahim\Desktop\ŞUAN\KcetasProje\ProjeStaj.csproj]
C:\Users\İbrahim\Desktop\ŞUAN\KcetasProje\Controllers\EndeksOkumaController.cs(183,17): error CS0117: 'EndeksOkuma' bir 'sökme_nedeni' tanımı içermiyor [C:\Users\İbrahim\Desktop\ŞUAN\KcetasProje\ProjeStaj.csproj]
C:\Users\İbrahim\Desktop\ŞUAN\KcetasProje\Controllers\EndeksOkumaController.cs(184,17): error CS0117: 'EndeksOkuma' bir 'okunamam_nedeni' tanımı içermiyor [C:\Users\İbrahim\Desktop\ŞUAN\KcetasProje\ProjeStaj.csproj]
C:\Users\İbrahim\Desktop\ŞUAN\KcetasProje\Controllers\EndeksOkumaController.cs(185,17): error CS0117: 'EndeksOkuma' bir 'son_endeks' tanımı içermiyor [C:\Users\İbrahim\Desktop\ŞUAN\KcetasProje\ProjeStaj.csproj]
C:\Users\İbrahim\Desktop\ŞUAN\KcetasProje\Controllers\EndeksOkumaController.cs(186,17): error CS0117: 'EndeksOkuma' bir 'CreatedAt' tanımı içermiyor [C:\Users\İbrahim\Desktop\ŞUAN\KcetasProje\ProjeStaj.csproj]
C:\Users\İbrahim\Desktop\ŞUAN\KcetasProje\Controllers\SozlesmeController.cs(159,22): error CS1061: 'Sozlesme' bir 'ad' tanımı içermiyor ve 'Sozlesme' türünde bir ilk bağımsız değişken kabul eden hiçbir erişilebilir 'ad' genişletme yöntemi bulunamadı (bir kullanma yönergeniz veya derleme başvurunuz eksik olabilir mi?) [C:\Users\İbrahim\Desktop\ŞUAN\KcetasProje\ProjeStaj.csproj]
C:\Users\İbrahim\Desktop\ŞUAN\KcetasProje\Controllers\SozlesmeController.cs(159,33): error CS1061: 'Sozlesme' bir 'ad' tanımı içermiyor ve 'Sozlesme' türünde bir ilk bağımsız değişken kabul eden hiçbir erişilebilir 'ad' genişletme yöntemi bulunamadı (bir kullanma yönergeniz veya derleme başvurunuz eksik olabilir mi?) [C:\Users\İbrahim\Desktop\ŞUAN\KcetasProje\ProjeStaj.csproj]
C:\Users\İbrahim\Desktop\ŞUAN\KcetasProje\Controllers\SozlesmeController.cs(160,22): error CS1061: 'Sozlesme' bir 'soyad' tanımı içermiyor ve 'Sozlesme' türünde bir ilk bağımsız değişken kabul eden hiçbir erişilebilir 'soyad' genişletme yöntemi bulunamadı (bir kullanma yönergeniz veya derleme başvurunuz eksik olabilir mi?) [C:\Users\İbrahim\Desktop\ŞUAN\KcetasProje\ProjeStaj.csproj]
C:\Users\İbrahim\Desktop\ŞUAN\KcetasProje\Controllers\SozlesmeController.cs(160,36): error CS1061: 'Sozlesme' bir 'soyad' tanımı içermiyor ve 'Sozlesme' türünde bir ilk bağımsız değişken kabul eden hiçbir erişilebilir 'soyad' genişletme yöntemi bulunamadı (bir kullanma yönergeniz veya derleme başvurunuz eksik olabilir mi?) [C:\Users\İbrahim\Desktop\ŞUAN\KcetasProje\ProjeStaj.csproj]
C:\Users\İbrahim\Desktop\ŞUAN\KcetasProje\Controllers\SozlesmeController.cs(161,22): error CS1061: 'Sozlesme' bir 'unvan' tanımı içermiyor ve 'Sozlesme' türünde bir ilk bağımsız değişken kabul eden hiçbir erişilebilir 'unvan' genişletme yöntemi bulunamadı (bir kullanma yönergeniz veya derleme başvurunuz eksik olabilir mi?) [C:\Users\İbrahim\Desktop\ŞUAN\KcetasProje\ProjeStaj.csproj]
C:\Users\İbrahim\Desktop\ŞUAN\KcetasProje\Controllers\SozlesmeController.cs(161,36): error CS1061: 'Sozlesme' bir 'unvan' tanımı içermiyor ve 'Sozlesme' türünde bir ilk bağımsız değişken kabul eden hiçbir erişilebilir 'unvan' genişletme yöntemi bulunamadı (bir kullanma yönergeniz veya derleme başvurunuz eksik olabilir mi?) [C:\Users\İbrahim\Desktop\ŞUAN\KcetasProje\ProjeStaj.csproj]
C:\Users\İbrahim\Desktop\ŞUAN\KcetasProje\Controllers\SozlesmeController.cs(162,22): error CS1061: 'Sozlesme' bir 'tckn' tanımı içermiyor ve 'Sozlesme' türünde bir ilk bağımsız değişken kabul eden hiçbir erişilebilir 'tckn' genişletme yöntemi bulunamadı (bir kullanma yönergeniz veya derleme başvurunuz eksik olabilir mi?) [C:\Users\İbrahim\Desktop\ŞUAN\KcetasProje\ProjeStaj.csproj]
C:\Users\İbrahim\Desktop\ŞUAN\KcetasProje\Controllers\SozlesmeController.cs(162,35): error CS1061: 'Sozlesme' bir 'tckn' tanımı içermiyor ve 'Sozlesme' türünde bir ilk bağımsız değişken kabul eden hiçbir erişilebilir 'tckn' genişletme yöntemi bulunamadı (bir kullanma yönergeniz veya derleme başvurunuz eksik olabilir mi?) [C:\Users\İbrahim\Desktop\ŞUAN\KcetasProje\ProjeStaj.csproj]
C:\Users\İbrahim\Desktop\ŞUAN\KcetasProje\Controllers\SozlesmeController.cs(163,22): error CS1061: 'Sozlesme' bir 'vkn' tanımı içermiyor ve 'Sozlesme' türünde bir ilk bağımsız değişken kabul eden hiçbir erişilebilir 'vkn' genişletme yöntemi bulunamadı (bir kullanma yönergeniz veya derleme başvurunuz eksik olabilir mi?) [C:\Users\İbrahim\Desktop\ŞUAN\KcetasProje\ProjeStaj.csproj]
C:\Users\İbrahim\Desktop\ŞUAN\KcetasProje\Controllers\SozlesmeController.cs(163,34): error CS1061: 'Sozlesme' bir 'vkn' tanımı içermiyor ve 'Sozlesme' türünde bir ilk bağımsız değişken kabul eden hiçbir erişilebilir 'vkn' genişletme yöntemi bulunamadı (bir kullanma yönergeniz veya derleme başvurunuz eksik olabilir mi?) [C:\Users\İbrahim\Desktop\ŞUAN\KcetasProje\ProjeStaj.csproj]
C:\Users\İbrahim\Desktop\ŞUAN\KcetasProje\Controllers\SozlesmeController.cs(164,22): error CS1061: 'Sozlesme' bir 'telefon' tanımı içermiyor ve 'Sozlesme' türünde bir ilk bağımsız değişken kabul eden hiçbir erişilebilir 'telefon' genişletme yöntemi bulunamadı (bir kullanma yönergeniz veya derleme başvurunuz eksik olabilir mi?) [C:\Users\İbrahim\Desktop\ŞUAN\KcetasProje\ProjeStaj.csproj]
C:\Users\İbrahim\Desktop\ŞUAN\KcetasProje\Controllers\SozlesmeController.cs(164,38): error CS1061: 'Sozlesme' bir 'telefon' tanımı içermiyor ve 'Sozlesme' türünde bir ilk bağımsız değişken kabul eden hiçbir erişilebilir 'telefon' genişletme yöntemi bulunamadı (bir kullanma yönergeniz veya derleme başvurunuz eksik olabilir mi?) [C:\Users\İbrahim\Desktop\ŞUAN\KcetasProje\ProjeStaj.csproj]
C:\Users\İbrahim\Desktop\ŞUAN\KcetasProje\Controllers\SozlesmeController.cs(165,22): error CS1061: 'Sozlesme' bir 'e_posta' tanımı içermiyor ve 'Sozlesme' türünde bir ilk bağımsız değişken kabul eden hiçbir erişilebilir 'e_posta' genişletme yöntemi bulunamadı (bir kullanma yönergeniz veya derleme başvurunuz eksik olabilir mi?) [C:\Users\İbrahim\Desktop\ŞUAN\KcetasProje\ProjeStaj.csproj]
C:\Users\İbrahim\Desktop\ŞUAN\KcetasProje\Controllers\SozlesmeController.cs(165,38): error CS1061: 'Sozlesme' bir 'e_posta' tanımı içermiyor ve 'Sozlesme' türünde bir ilk bağımsız değişken kabul eden hiçbir erişilebilir 'e_posta' genişletme yöntemi bulunamadı (bir kullanma yönergeniz veya derleme başvurunuz eksik olabilir mi?) [C:\Users\İbrahim\Desktop\ŞUAN\KcetasProje\ProjeStaj.csproj]
C:\Users\İbrahim\Desktop\ŞUAN\KcetasProje\Controllers\SozlesmeController.cs(166,22): error CS1061: 'Sozlesme' bir 'iletisim_tercihi' tanımı içermiyor ve 'Sozlesme' türünde bir ilk bağımsız değişken kabul eden hiçbir erişilebilir 'iletisim_tercihi' genişletme yöntemi bulunamadı (bir kullanma yönergeniz veya derleme başvurunuz eksik olabilir mi?) [C:\Users\İbrahim\Desktop\ŞUAN\KcetasProje\ProjeStaj.csproj]
C:\Users\İbrahim\Desktop\ŞUAN\KcetasProje\Controllers\SozlesmeController.cs(166,47): error CS1061: 'Sozlesme' bir 'iletisim_tercihi' tanımı içermiyor ve 'Sozlesme' türünde bir ilk bağımsız değişken kabul eden hiçbir erişilebilir 'iletisim_tercihi' genişletme yöntemi bulunamadı (bir kullanma yönergeniz veya derleme başvurunuz eksik olabilir mi?) [C:\Users\İbrahim\Desktop\ŞUAN\KcetasProje\ProjeStaj.csproj]
C:\Users\İbrahim\Desktop\ŞUAN\KcetasProje\Controllers\SozlesmeController.cs(168,22): error CS1061: 'Sozlesme' bir 'tarife_grubu' tanımı içermiyor ve 'Sozlesme' türünde bir ilk bağımsız değişken kabul eden hiçbir erişilebilir 'tarife_grubu' genişletme yöntemi bulunamadı (bir kullanma yönergeniz veya derleme başvurunuz eksik olabilir mi?) [C:\Users\İbrahim\Desktop\ŞUAN\KcetasProje\ProjeStaj.csproj]
C:\Users\İbrahim\Desktop\ŞUAN\KcetasProje\Controllers\SozlesmeController.cs(168,43): error CS1061: 'Sozlesme' bir 'tarife_grubu' tanımı içermiyor ve 'Sozlesme' türünde bir ilk bağımsız değişken kabul eden hiçbir erişilebilir 'tarife_grubu' genişletme yöntemi bulunamadı (bir kullanma yönergeniz veya derleme başvurunuz eksik olabilir mi?) [C:\Users\İbrahim\Desktop\ŞUAN\KcetasProje\ProjeStaj.csproj]
C:\Users\İbrahim\Desktop\ŞUAN\KcetasProje\Controllers\SozlesmeController.cs(171,22): error CS1061: 'Sozlesme' bir 'sayac' tanımı içermiyor ve 'Sozlesme' türünde bir ilk bağımsız değişken kabul eden hiçbir erişilebilir 'sayac' genişletme yöntemi bulunamadı (bir kullanma yönergeniz veya derleme başvurunuz eksik olabilir mi?) [C:\Users\İbrahim\Desktop\ŞUAN\KcetasProje\ProjeStaj.csproj]
C:\Users\İbrahim\Desktop\ŞUAN\KcetasProje\Controllers\SozlesmeController.cs(171,36): error CS1061: 'Sozlesme' bir 'sayac' tanımı içermiyor ve 'Sozlesme' türünde bir ilk bağımsız değişken kabul eden hiçbir erişilebilir 'sayac' genişletme yöntemi bulunamadı (bir kullanma yönergeniz veya derleme başvurunuz eksik olabilir mi?) [C:\Users\İbrahim\Desktop\ŞUAN\KcetasProje\ProjeStaj.csproj]
C:\Users\İbrahim\Desktop\ŞUAN\KcetasProje\Controllers\SozlesmeController.cs(172,22): error CS1061: 'Sozlesme' bir 'baslangic_endeksi' tanımı içermiyor ve 'Sozlesme' türünde bir ilk bağımsız değişken kabul eden hiçbir erişilebilir 'baslangic_endeksi' genişletme yöntemi bulunamadı (bir kullanma yönergeniz veya derleme başvurunuz eksik olabilir mi?) [C:\Users\İbrahim\Desktop\ŞUAN\KcetasProje\ProjeStaj.csproj]
C:\Users\İbrahim\Desktop\ŞUAN\KcetasProje\Controllers\SozlesmeController.cs(172,48): error CS1061: 'Sozlesme' bir 'baslangic_endeksi' tanımı içermiyor ve 'Sozlesme' türünde bir ilk bağımsız değişken kabul eden hiçbir erişilebilir 'baslangic_endeksi' genişletme yöntemi bulunamadı (bir kullanma yönergeniz veya derleme başvurunuz eksik olabilir mi?) [C:\Users\İbrahim\Desktop\ŞUAN\KcetasProje\ProjeStaj.csproj]
C:\Users\İbrahim\Desktop\ŞUAN\KcetasProje\Controllers\SozlesmeController.cs(173,22): error CS1061: 'Sozlesme' bir 'odeme_sekli' tanımı içermiyor ve 'Sozlesme' türünde bir ilk bağımsız değişken kabul eden hiçbir erişilebilir 'odeme_sekli' genişletme yöntemi bulunamadı (bir kullanma yönergeniz veya derleme başvurunuz eksik olabilir mi?) [C:\Users\İbrahim\Desktop\ŞUAN\KcetasProje\ProjeStaj.csproj]
C:\Users\İbrahim\Desktop\ŞUAN\KcetasProje\Controllers\SozlesmeController.cs(173,42): error CS1061: 'Sozlesme' bir 'odeme_sekli' tanımı içermiyor ve 'Sozlesme' türünde bir ilk bağımsız değişken kabul eden hiçbir erişilebilir 'odeme_sekli' genişletme yöntemi bulunamadı (bir kullanma yönergeniz veya derleme başvurunuz eksik olabilir mi?) [C:\Users\İbrahim\Desktop\ŞUAN\KcetasProje\ProjeStaj.csproj]
C:\Users\İbrahim\Desktop\ŞUAN\KcetasProje\Controllers\SozlesmeController.cs(174,22): error CS1061: 'Sozlesme' bir 'statu' tanımı içermiyor ve 'Sozlesme' türünde bir ilk bağımsız değişken kabul eden hiçbir erişilebilir 'statu' genişletme yöntemi bulunamadı (bir kullanma yönergeniz veya derleme başvurunuz eksik olabilir mi?) [C:\Users\İbrahim\Desktop\ŞUAN\KcetasProje\ProjeStaj.csproj]
C:\Users\İbrahim\Desktop\ŞUAN\KcetasProje\Controllers\SozlesmeController.cs(174,36): error CS1061: 'Sozlesme' bir 'statu' tanımı içermiyor ve 'Sozlesme' türünde bir ilk bağımsız değişken kabul eden hiçbir erişilebilir 'statu' genişletme yöntemi bulunamadı (bir kullanma yönergeniz veya derleme başvurunuz eksik olabilir mi?) [C:\Users\İbrahim\Desktop\ŞUAN\KcetasProje\ProjeStaj.csproj]
C:\Users\İbrahim\Desktop\ŞUAN\KcetasProje\Controllers\SozlesmeController.cs(175,22): error CS1061: 'Sozlesme' bir 'status' tanımı içermiyor ve 'Sozlesme' türünde bir ilk bağımsız değişken kabul eden hiçbir erişilebilir 'status' genişletme yöntemi bulunamadı (bir kullanma yönergeniz veya derleme başvurunuz eksik olabilir mi?) [C:\Users\İbrahim\Desktop\ŞUAN\KcetasProje\ProjeStaj.csproj]
C:\Users\İbrahim\Desktop\ŞUAN\KcetasProje\Controllers\SozlesmeController.cs(175,37): error CS1061: 'Sozlesme' bir 'statu' tanımı içermiyor ve 'Sozlesme' türünde bir ilk bağımsız değişken kabul eden hiçbir erişilebilir 'statu' genişletme yöntemi bulunamadı (bir kullanma yönergeniz veya derleme başvurunuz eksik olabilir mi?) [C:\Users\İbrahim\Desktop\ŞUAN\KcetasProje\ProjeStaj.csproj]
C:\Users\İbrahim\Desktop\ŞUAN\KcetasProje\Controllers\SozlesmeController.cs(189,22): error CS1061: 'Sozlesme' bir 'statu' tanımı içermiyor ve 'Sozlesme' türünde bir ilk bağımsız değişken kabul eden hiçbir erişilebilir 'statu' genişletme yöntemi bulunamadı (bir kullanma yönergeniz veya derleme başvurunuz eksik olabilir mi?) [C:\Users\İbrahim\Desktop\ŞUAN\KcetasProje\ProjeStaj.csproj]
C:\Users\İbrahim\Desktop\ŞUAN\KcetasProje\Controllers\SozlesmeController.cs(190,22): error CS1061: 'Sozlesme' bir 'status' tanımı içermiyor ve 'Sozlesme' türünde bir ilk bağımsız değişken kabul eden hiçbir erişilebilir 'status' genişletme yöntemi bulunamadı (bir kullanma yönergeniz veya derleme başvurunuz eksik olabilir mi?) [C:\Users\İbrahim\Desktop\ŞUAN\KcetasProje\ProjeStaj.csproj]
C:\Users\İbrahim\Desktop\ŞUAN\KcetasProje\Controllers\SayacController.cs(59,23): error CS1061: 'Sayac' bir 'UpdatedAt' tanımı içermiyor ve 'Sayac' türünde bir ilk bağımsız değişken kabul eden hiçbir erişilebilir 'UpdatedAt' genişletme yöntemi bulunamadı (bir kullanma yönergeniz veya derleme başvurunuz eksik olabilir mi?) [C:\Users\İbrahim\Desktop\ŞUAN\KcetasProje\ProjeStaj.csproj]
C:\Users\İbrahim\Desktop\ŞUAN\KcetasProje\Controllers\FaturaController.cs(48,39): error CS1061: 'Fatura' bir 'vergi_fon_toplama' tanımı içermiyor ve 'Fatura' türünde bir ilk bağımsız değişken kabul eden hiçbir erişilebilir 'vergi_fon_toplama' genişletme yöntemi bulunamadı (bir kullanma yönergeniz veya derleme başvurunuz eksik olabilir mi?) [C:\Users\İbrahim\Desktop\ŞUAN\KcetasProje\ProjeStaj.csproj]
C:\Users\İbrahim\Desktop\ŞUAN\KcetasProje\Controllers\SayacController.cs(94,23): error CS1061: 'Sayac' bir 'CreatedAt' tanımı içermiyor ve 'Sayac' türünde bir ilk bağımsız değişken kabul eden hiçbir erişilebilir 'CreatedAt' genişletme yöntemi bulunamadı (bir kullanma yönergeniz veya derleme başvurunuz eksik olabilir mi?) [C:\Users\İbrahim\Desktop\ŞUAN\KcetasProje\ProjeStaj.csproj]
C:\Users\İbrahim\Desktop\ŞUAN\KcetasProje\Controllers\SayacController.cs(100,25): error CS1061: 'Sayac' bir 'son_endeks' tanımı içermiyor ve 'Sayac' türünde bir ilk bağımsız değişken kabul eden hiçbir erişilebilir 'son_endeks' genişletme yöntemi bulunamadı (bir kullanma yönergeniz veya derleme başvurunuz eksik olabilir mi?) [C:\Users\İbrahim\Desktop\ŞUAN\KcetasProje\ProjeStaj.csproj]
C:\Users\İbrahim\Desktop\ŞUAN\KcetasProje\Controllers\FaturaController.cs(113,78): error CS1061: 'TuketimNoktasi' bir 'musteri_ad' tanımı içermiyor ve 'TuketimNoktasi' türünde bir ilk bağımsız değişken kabul eden hiçbir erişilebilir 'musteri_ad' genişletme yöntemi bulunamadı (bir kullanma yönergeniz veya derleme başvurunuz eksik olabilir mi?) [C:\Users\İbrahim\Desktop\ŞUAN\KcetasProje\ProjeStaj.csproj]
C:\Users\İbrahim\Desktop\ŞUAN\KcetasProje\Controllers\FaturaController.cs(113,106): error CS1061: 'TuketimNoktasi' bir 'musteri_soyad' tanımı içermiyor ve 'TuketimNoktasi' türünde bir ilk bağımsız değişken kabul eden hiçbir erişilebilir 'musteri_soyad' genişletme yöntemi bulunamadı (bir kullanma yönergeniz veya derleme başvurunuz eksik olabilir mi?) [C:\Users\İbrahim\Desktop\ŞUAN\KcetasProje\ProjeStaj.csproj]
C:\Users\İbrahim\Desktop\ŞUAN\KcetasProje\Controllers\FaturaController.cs(113,137): error CS1061: 'TuketimNoktasi' bir 'musteri_unvan' tanımı içermiyor ve 'TuketimNoktasi' türünde bir ilk bağımsız değişken kabul eden hiçbir erişilebilir 'musteri_unvan' genişletme yöntemi bulunamadı (bir kullanma yönergeniz veya derleme başvurunuz eksik olabilir mi?) [C:\Users\İbrahim\Desktop\ŞUAN\KcetasProje\ProjeStaj.csproj]
C:\Users\İbrahim\Desktop\ŞUAN\KcetasProje\Controllers\FaturaController.cs(133,44): error CS1061: 'Fatura' bir 'vergi_fon_toplama' tanımı içermiyor ve 'Fatura' türünde bir ilk bağımsız değişken kabul eden hiçbir erişilebilir 'vergi_fon_toplama' genişletme yöntemi bulunamadı (bir kullanma yönergeniz veya derleme başvurunuz eksik olabilir mi?) [C:\Users\İbrahim\Desktop\ŞUAN\KcetasProje\ProjeStaj.csproj]
C:\Users\İbrahim\Desktop\ŞUAN\KcetasProje\Controllers\FaturaController.cs(144,161): error CS1061: 'Fatura' bir 'vergi_fon_toplama' tanımı içermiyor ve 'Fatura' türünde bir ilk bağımsız değişken kabul eden hiçbir erişilebilir 'vergi_fon_toplama' genişletme yöntemi bulunamadı (bir kullanma yönergeniz veya derleme başvurunuz eksik olabilir mi?) [C:\Users\İbrahim\Desktop\ŞUAN\KcetasProje\ProjeStaj.csproj]
C:\Users\İbrahim\Desktop\ŞUAN\KcetasProje\Controllers\FaturaController.cs(144,200): error CS1061: 'Fatura' bir 'vergi_fon_toplama' tanımı içermiyor ve 'Fatura' türünde bir ilk bağımsız değişken kabul eden hiçbir erişilebilir 'vergi_fon_toplama' genişletme yöntemi bulunamadı (bir kullanma yönergeniz veya derleme başvurunuz eksik olabilir mi?) [C:\Users\İbrahim\Desktop\ŞUAN\KcetasProje\ProjeStaj.csproj]
C:\Users\İbrahim\Desktop\ŞUAN\KcetasProje\Controllers\IsEmriController.cs(45,76): error CS1061: 'TuketimNoktasi' bir 'TuketimNoktasiId' tanımı içermiyor ve 'TuketimNoktasi' türünde bir ilk bağımsız değişken kabul eden hiçbir erişilebilir 'TuketimNoktasiId' genişletme yöntemi bulunamadı (bir kullanma yönergeniz veya derleme başvurunuz eksik olabilir mi?) [C:\Users\İbrahim\Desktop\ŞUAN\KcetasProje\ProjeStaj.csproj]
C:\Users\İbrahim\Desktop\ŞUAN\KcetasProje\Controllers\IsEmriController.cs(68,59): error CS1061: 'IsEmri' bir 'CreatedAt' tanımı içermiyor ve 'IsEmri' türünde bir ilk bağımsız değişken kabul eden hiçbir erişilebilir 'CreatedAt' genişletme yöntemi bulunamadı (bir kullanma yönergeniz veya derleme başvurunuz eksik olabilir mi?) [C:\Users\İbrahim\Desktop\ŞUAN\KcetasProje\ProjeStaj.csproj]
C:\Users\İbrahim\Desktop\ŞUAN\KcetasProje\Controllers\IsEmriController.cs(69,41): error CS1061: 'IsEmri' bir 'CreatedAt' tanımı içermiyor ve 'IsEmri' türünde bir ilk bağımsız değişken kabul eden hiçbir erişilebilir 'CreatedAt' genişletme yöntemi bulunamadı (bir kullanma yönergeniz veya derleme başvurunuz eksik olabilir mi?) [C:\Users\İbrahim\Desktop\ŞUAN\KcetasProje\ProjeStaj.csproj]
C:\Users\İbrahim\Desktop\ŞUAN\KcetasProje\Controllers\IsEmriController.cs(103,92): error CS1061: 'TuketimNoktasi' bir 'TuketimNoktasiId' tanımı içermiyor ve 'TuketimNoktasi' türünde bir ilk bağımsız değişken kabul eden hiçbir erişilebilir 'TuketimNoktasiId' genişletme yöntemi bulunamadı (bir kullanma yönergeniz veya derleme başvurunuz eksik olabilir mi?) [C:\Users\İbrahim\Desktop\ŞUAN\KcetasProje\ProjeStaj.csproj]
C:\Users\İbrahim\Desktop\ŞUAN\KcetasProje\Controllers\IsEmriController.cs(103,149): error CS1061: 'TuketimNoktasi' bir 'musteri_ad' tanımı içermiyor ve 'TuketimNoktasi' türünde bir ilk bağımsız değişken kabul eden hiçbir erişilebilir 'musteri_ad' genişletme yöntemi bulunamadı (bir kullanma yönergeniz veya derleme başvurunuz eksik olabilir mi?) [C:\Users\İbrahim\Desktop\ŞUAN\KcetasProje\ProjeStaj.csproj]
C:\Users\İbrahim\Desktop\ŞUAN\KcetasProje\Controllers\IsEmriController.cs(103,164): error CS1061: 'TuketimNoktasi' bir 'musteri_soyad' tanımı içermiyor ve 'TuketimNoktasi' türünde bir ilk bağımsız değişken kabul eden hiçbir erişilebilir 'musteri_soyad' genişletme yöntemi bulunamadı (bir kullanma yönergeniz veya derleme başvurunuz eksik olabilir mi?) [C:\Users\İbrahim\Desktop\ŞUAN\KcetasProje\ProjeStaj.csproj]
C:\Users\İbrahim\Desktop\ŞUAN\KcetasProje\Controllers\IsEmriController.cs(103,182): error CS1061: 'TuketimNoktasi' bir 'musteri_unvan' tanımı içermiyor ve 'TuketimNoktasi' türünde bir ilk bağımsız değişken kabul eden hiçbir erişilebilir 'musteri_unvan' genişletme yöntemi bulunamadı (bir kullanma yönergeniz veya derleme başvurunuz eksik olabilir mi?) [C:\Users\İbrahim\Desktop\ŞUAN\KcetasProje\ProjeStaj.csproj]
C:\Users\İbrahim\Desktop\ŞUAN\KcetasProje\Controllers\IsEmriController.cs(111,146): error CS1061: 'Sozlesme' bir 'ad' tanımı içermiyor ve 'Sozlesme' türünde bir ilk bağımsız değişken kabul eden hiçbir erişilebilir 'ad' genişletme yöntemi bulunamadı (bir kullanma yönergeniz veya derleme başvurunuz eksik olabilir mi?) [C:\Users\İbrahim\Desktop\ŞUAN\KcetasProje\ProjeStaj.csproj]
C:\Users\İbrahim\Desktop\ŞUAN\KcetasProje\Controllers\IsEmriController.cs(141,38): error CS0266: 'long' türü örtülü olarak 'int' türüne dönüştürülemez. Açık bir dönüştürme var (eksik atamanız mı var?) [C:\Users\İbrahim\Desktop\ŞUAN\KcetasProje\ProjeStaj.csproj]
C:\Users\İbrahim\Desktop\ŞUAN\KcetasProje\Controllers\IsEmriController.cs(153,28): error CS0266: 'long?' türü örtülü olarak 'int' türüne dönüştürülemez. Açık bir dönüştürme var (eksik atamanız mı var?) [C:\Users\İbrahim\Desktop\ŞUAN\KcetasProje\ProjeStaj.csproj]
C:\Users\İbrahim\Desktop\ŞUAN\KcetasProje\Controllers\IsEmriController.cs(160,17): error CS0117: 'IsEmri' bir 'CreatedAt' tanımı içermiyor [C:\Users\İbrahim\Desktop\ŞUAN\KcetasProje\ProjeStaj.csproj]
C:\Users\İbrahim\Desktop\ŞUAN\KcetasProje\Controllers\IsEmriController.cs(174,92): error CS1061: 'TuketimNoktasi' bir 'TuketimNoktasiId' tanımı içermiyor ve 'TuketimNoktasi' türünde bir ilk bağımsız değişken kabul eden hiçbir erişilebilir 'TuketimNoktasiId' genişletme yöntemi bulunamadı (bir kullanma yönergeniz veya derleme başvurunuz eksik olabilir mi?) [C:\Users\İbrahim\Desktop\ŞUAN\KcetasProje\ProjeStaj.csproj]
C:\Users\İbrahim\Desktop\ŞUAN\KcetasProje\Controllers\IsEmriController.cs(174,149): error CS1061: 'TuketimNoktasi' bir 'musteri_ad' tanımı içermiyor ve 'TuketimNoktasi' türünde bir ilk bağımsız değişken kabul eden hiçbir erişilebilir 'musteri_ad' genişletme yöntemi bulunamadı (bir kullanma yönergeniz veya derleme başvurunuz eksik olabilir mi?) [C:\Users\İbrahim\Desktop\ŞUAN\KcetasProje\ProjeStaj.csproj]
C:\Users\İbrahim\Desktop\ŞUAN\KcetasProje\Controllers\IsEmriController.cs(174,164): error CS1061: 'TuketimNoktasi' bir 'musteri_soyad' tanımı içermiyor ve 'TuketimNoktasi' türünde bir ilk bağımsız değişken kabul eden hiçbir erişilebilir 'musteri_soyad' genişletme yöntemi bulunamadı (bir kullanma yönergeniz veya derleme başvurunuz eksik olabilir mi?) [C:\Users\İbrahim\Desktop\ŞUAN\KcetasProje\ProjeStaj.csproj]
C:\Users\İbrahim\Desktop\ŞUAN\KcetasProje\Controllers\IsEmriController.cs(174,182): error CS1061: 'TuketimNoktasi' bir 'musteri_unvan' tanımı içermiyor ve 'TuketimNoktasi' türünde bir ilk bağımsız değişken kabul eden hiçbir erişilebilir 'musteri_unvan' genişletme yöntemi bulunamadı (bir kullanma yönergeniz veya derleme başvurunuz eksik olabilir mi?) [C:\Users\İbrahim\Desktop\ŞUAN\KcetasProje\ProjeStaj.csproj]
C:\Users\İbrahim\Desktop\ŞUAN\KcetasProje\Controllers\IsEmriController.cs(182,146): error CS1061: 'Sozlesme' bir 'ad' tanımı içermiyor ve 'Sozlesme' türünde bir ilk bağımsız değişken kabul eden hiçbir erişilebilir 'ad' genişletme yöntemi bulunamadı (bir kullanma yönergeniz veya derleme başvurunuz eksik olabilir mi?) [C:\Users\İbrahim\Desktop\ŞUAN\KcetasProje\ProjeStaj.csproj]
C:\Users\İbrahim\Desktop\ŞUAN\KcetasProje\Controllers\IsEmriController.cs(211,76): error CS1061: 'TuketimNoktasi' bir 'TuketimNoktasiId' tanımı içermiyor ve 'TuketimNoktasi' türünde bir ilk bağımsız değişken kabul eden hiçbir erişilebilir 'TuketimNoktasiId' genişletme yöntemi bulunamadı (bir kullanma yönergeniz veya derleme başvurunuz eksik olabilir mi?) [C:\Users\İbrahim\Desktop\ŞUAN\KcetasProje\ProjeStaj.csproj]
C:\Users\İbrahim\Desktop\ŞUAN\KcetasProje\Controllers\IsEmriController.cs(236,36): error CS1061: 'IsEmri' bir 'CreatedAt' tanımı içermiyor ve 'IsEmri' türünde bir ilk bağımsız değişken kabul eden hiçbir erişilebilir 'CreatedAt' genişletme yöntemi bulunamadı (bir kullanma yönergeniz veya derleme başvurunuz eksik olabilir mi?) [C:\Users\İbrahim\Desktop\ŞUAN\KcetasProje\ProjeStaj.csproj]
C:\Users\İbrahim\Desktop\ŞUAN\KcetasProje\Controllers\IsEmriController.cs(237,36): error CS1061: 'IsEmri' bir 'UpdatedAt' tanımı içermiyor ve 'IsEmri' türünde bir ilk bağımsız değişken kabul eden hiçbir erişilebilir 'UpdatedAt' genişletme yöntemi bulunamadı (bir kullanma yönergeniz veya derleme başvurunuz eksik olabilir mi?) [C:\Users\İbrahim\Desktop\ŞUAN\KcetasProje\ProjeStaj.csproj]
C:\Users\İbrahim\Desktop\ŞUAN\KcetasProje\Controllers\IsEmriController.cs(383,72): error CS1061: 'TuketimNoktasi' bir 'TuketimNoktasiId' tanımı içermiyor ve 'TuketimNoktasi' türünde bir ilk bağımsız değişken kabul eden hiçbir erişilebilir 'TuketimNoktasiId' genişletme yöntemi bulunamadı (bir kullanma yönergeniz veya derleme başvurunuz eksik olabilir mi?) [C:\Users\İbrahim\Desktop\ŞUAN\KcetasProje\ProjeStaj.csproj]
C:\Users\İbrahim\Desktop\ŞUAN\KcetasProje\Controllers\IsEmriController.cs(400,32): error CS1061: 'IsEmri' bir 'UpdatedAt' tanımı içermiyor ve 'IsEmri' türünde bir ilk bağımsız değişken kabul eden hiçbir erişilebilir 'UpdatedAt' genişletme yöntemi bulunamadı (bir kullanma yönergeniz veya derleme başvurunuz eksik olabilir mi?) [C:\Users\İbrahim\Desktop\ŞUAN\KcetasProje\ProjeStaj.csproj]
C:\Users\İbrahim\Desktop\ŞUAN\KcetasProje\Controllers\IsEmriController.cs(401,34): error CS1061: 'IsEmri' bir 'eski_sayac_no' tanımı içermiyor ve 'IsEmri' türünde bir ilk bağımsız değişken kabul eden hiçbir erişilebilir 'eski_sayac_no' genişletme yöntemi bulunamadı (bir kullanma yönergeniz veya derleme başvurunuz eksik olabilir mi?) [C:\Users\İbrahim\Desktop\ŞUAN\KcetasProje\ProjeStaj.csproj]
C:\Users\İbrahim\Desktop\ŞUAN\KcetasProje\Controllers\IsEmriController.cs(402,34): error CS1061: 'IsEmri' bir 'yeni_sayac_no' tanımı içermiyor ve 'IsEmri' türünde bir ilk bağımsız değişken kabul eden hiçbir erişilebilir 'yeni_sayac_no' genişletme yöntemi bulunamadı (bir kullanma yönergeniz veya derleme başvurunuz eksik olabilir mi?) [C:\Users\İbrahim\Desktop\ŞUAN\KcetasProje\ProjeStaj.csproj]
C:\Users\İbrahim\Desktop\ŞUAN\KcetasProje\Controllers\IsEmriController.cs(403,37): error CS1061: 'IsEmri' bir 'eski_son_endeksi' tanımı içermiyor ve 'IsEmri' türünde bir ilk bağımsız değişken kabul eden hiçbir erişilebilir 'eski_son_endeksi' genişletme yöntemi bulunamadı (bir kullanma yönergeniz veya derleme başvurunuz eksik olabilir mi?) [C:\Users\İbrahim\Desktop\ŞUAN\KcetasProje\ProjeStaj.csproj]
C:\Users\İbrahim\Desktop\ŞUAN\KcetasProje\Controllers\IsEmriController.cs(404,37): error CS1061: 'IsEmri' bir 'yeni_ilk_endeksi' tanımı içermiyor ve 'IsEmri' türünde bir ilk bağımsız değişken kabul eden hiçbir erişilebilir 'yeni_ilk_endeksi' genişletme yöntemi bulunamadı (bir kullanma yönergeniz veya derleme başvurunuz eksik olabilir mi?) [C:\Users\İbrahim\Desktop\ŞUAN\KcetasProje\ProjeStaj.csproj]
C:\Users\İbrahim\Desktop\ŞUAN\KcetasProje\Controllers\IsEmriController.cs(405,35): error CS1061: 'IsEmri' bir 'kesme_endeksi' tanımı içermiyor ve 'IsEmri' türünde bir ilk bağımsız değişken kabul eden hiçbir erişilebilir 'kesme_endeksi' genişletme yöntemi bulunamadı (bir kullanma yönergeniz veya derleme başvurunuz eksik olabilir mi?) [C:\Users\İbrahim\Desktop\ŞUAN\KcetasProje\ProjeStaj.csproj]
C:\Users\İbrahim\Desktop\ŞUAN\KcetasProje\Controllers\IsEmriController.cs(406,34): error CS1061: 'IsEmri' bir 'acma_endeksi' tanımı içermiyor ve 'IsEmri' türünde bir ilk bağımsız değişken kabul eden hiçbir erişilebilir 'acma_endeksi' genişletme yöntemi bulunamadı (bir kullanma yönergeniz veya derleme başvurunuz eksik olabilir mi?) [C:\Users\İbrahim\Desktop\ŞUAN\KcetasProje\ProjeStaj.csproj]
C:\Users\İbrahim\Desktop\ŞUAN\KcetasProje\Controllers\IsEmriController.cs(418,72): error CS1061: 'TuketimNoktasi' bir 'TuketimNoktasiId' tanımı içermiyor ve 'TuketimNoktasi' türünde bir ilk bağımsız değişken kabul eden hiçbir erişilebilir 'TuketimNoktasiId' genişletme yöntemi bulunamadı (bir kullanma yönergeniz veya derleme başvurunuz eksik olabilir mi?) [C:\Users\İbrahim\Desktop\ŞUAN\KcetasProje\ProjeStaj.csproj]
C:\Users\İbrahim\Desktop\ŞUAN\KcetasProje\Controllers\IsEmriController.cs(435,32): error CS1061: 'IsEmri' bir 'UpdatedAt' tanımı içermiyor ve 'IsEmri' türünde bir ilk bağımsız değişken kabul eden hiçbir erişilebilir 'UpdatedAt' genişletme yöntemi bulunamadı (bir kullanma yönergeniz veya derleme başvurunuz eksik olabilir mi?) [C:\Users\İbrahim\Desktop\ŞUAN\KcetasProje\ProjeStaj.csproj]
C:\Users\İbrahim\Desktop\ŞUAN\KcetasProje\Controllers\IsEmriController.cs(436,34): error CS1061: 'IsEmri' bir 'eski_sayac_no' tanımı içermiyor ve 'IsEmri' türünde bir ilk bağımsız değişken kabul eden hiçbir erişilebilir 'eski_sayac_no' genişletme yöntemi bulunamadı (bir kullanma yönergeniz veya derleme başvurunuz eksik olabilir mi?) [C:\Users\İbrahim\Desktop\ŞUAN\KcetasProje\ProjeStaj.csproj]
C:\Users\İbrahim\Desktop\ŞUAN\KcetasProje\Controllers\IsEmriController.cs(437,34): error CS1061: 'IsEmri' bir 'yeni_sayac_no' tanımı içermiyor ve 'IsEmri' türünde bir ilk bağımsız değişken kabul eden hiçbir erişilebilir 'yeni_sayac_no' genişletme yöntemi bulunamadı (bir kullanma yönergeniz veya derleme başvurunuz eksik olabilir mi?) [C:\Users\İbrahim\Desktop\ŞUAN\KcetasProje\ProjeStaj.csproj]
C:\Users\İbrahim\Desktop\ŞUAN\KcetasProje\Controllers\IsEmriController.cs(438,37): error CS1061: 'IsEmri' bir 'eski_son_endeksi' tanımı içermiyor ve 'IsEmri' türünde bir ilk bağımsız değişken kabul eden hiçbir erişilebilir 'eski_son_endeksi' genişletme yöntemi bulunamadı (bir kullanma yönergeniz veya derleme başvurunuz eksik olabilir mi?) [C:\Users\İbrahim\Desktop\ŞUAN\KcetasProje\ProjeStaj.csproj]
C:\Users\İbrahim\Desktop\ŞUAN\KcetasProje\Controllers\IsEmriController.cs(439,37): error CS1061: 'IsEmri' bir 'yeni_ilk_endeksi' tanımı içermiyor ve 'IsEmri' türünde bir ilk bağımsız değişken kabul eden hiçbir erişilebilir 'yeni_ilk_endeksi' genişletme yöntemi bulunamadı (bir kullanma yönergeniz veya derleme başvurunuz eksik olabilir mi?) [C:\Users\İbrahim\Desktop\ŞUAN\KcetasProje\ProjeStaj.csproj]
C:\Users\İbrahim\Desktop\ŞUAN\KcetasProje\Controllers\IsEmriController.cs(440,35): error CS1061: 'IsEmri' bir 'kesme_endeksi' tanımı içermiyor ve 'IsEmri' türünde bir ilk bağımsız değişken kabul eden hiçbir erişilebilir 'kesme_endeksi' genişletme yöntemi bulunamadı (bir kullanma yönergeniz veya derleme başvurunuz eksik olabilir mi?) [C:\Users\İbrahim\Desktop\ŞUAN\KcetasProje\ProjeStaj.csproj]
C:\Users\İbrahim\Desktop\ŞUAN\KcetasProje\Controllers\IsEmriController.cs(441,34): error CS1061: 'IsEmri' bir 'acma_endeksi' tanımı içermiyor ve 'IsEmri' türünde bir ilk bağımsız değişken kabul eden hiçbir erişilebilir 'acma_endeksi' genişletme yöntemi bulunamadı (bir kullanma yönergeniz veya derleme başvurunuz eksik olabilir mi?) [C:\Users\İbrahim\Desktop\ŞUAN\KcetasProje\ProjeStaj.csproj]
C:\Users\İbrahim\Desktop\ŞUAN\KcetasProje\Controllers\IsEmriController.cs(442,33): error CS1061: 'IsEmri' bir 'eski_son_endeksi' tanımı içermiyor ve 'IsEmri' türünde bir ilk bağımsız değişken kabul eden hiçbir erişilebilir 'eski_son_endeksi' genişletme yöntemi bulunamadı (bir kullanma yönergeniz veya derleme başvurunuz eksik olabilir mi?) [C:\Users\İbrahim\Desktop\ŞUAN\KcetasProje\ProjeStaj.csproj]
C:\Users\İbrahim\Desktop\ŞUAN\KcetasProje\Controllers\IsEmriController.cs(445,32): error CS1061: 'IsEmri' bir 'CreatedAt' tanımı içermiyor ve 'IsEmri' türünde bir ilk bağımsız değişken kabul eden hiçbir erişilebilir 'CreatedAt' genişletme yöntemi bulunamadı (bir kullanma yönergeniz veya derleme başvurunuz eksik olabilir mi?) [C:\Users\İbrahim\Desktop\ŞUAN\KcetasProje\ProjeStaj.csproj]
C:\Users\İbrahim\Desktop\ŞUAN\KcetasProje\Controllers\TuketimNoktasiController.cs(44,34): error CS1061: 'TuketimNoktasi' bir 'ilce_adi' tanımı içermiyor ve 'TuketimNoktasi' türünde bir ilk bağımsız değişken kabul eden hiçbir erişilebilir 'ilce_adi' genişletme yöntemi bulunamadı (bir kullanma yönergeniz veya derleme başvurunuz eksik olabilir mi?) [C:\Users\İbrahim\Desktop\ŞUAN\KcetasProje\ProjeStaj.csproj]
C:\Users\İbrahim\Desktop\ŞUAN\KcetasProje\Controllers\TuketimNoktasiController.cs(45,34): error CS1061: 'TuketimNoktasi' bir 'ilce_adi' tanımı içermiyor ve 'TuketimNoktasi' türünde bir ilk bağımsız değişken kabul eden hiçbir erişilebilir 'ilce_adi' genişletme yöntemi bulunamadı (bir kullanma yönergeniz veya derleme başvurunuz eksik olabilir mi?) [C:\Users\İbrahim\Desktop\ŞUAN\KcetasProje\ProjeStaj.csproj]
C:\Users\İbrahim\Desktop\ŞUAN\KcetasProje\Controllers\TuketimNoktasiController.cs(46,34): error CS1061: 'TuketimNoktasi' bir 'ilce_adi' tanımı içermiyor ve 'TuketimNoktasi' türünde bir ilk bağımsız değişken kabul eden hiçbir erişilebilir 'ilce_adi' genişletme yöntemi bulunamadı (bir kullanma yönergeniz veya derleme başvurunuz eksik olabilir mi?) [C:\Users\İbrahim\Desktop\ŞUAN\KcetasProje\ProjeStaj.csproj]
C:\Users\İbrahim\Desktop\ŞUAN\KcetasProje\Controllers\TuketimNoktasiController.cs(47,34): error CS1061: 'TuketimNoktasi' bir 'ilce_adi' tanımı içermiyor ve 'TuketimNoktasi' türünde bir ilk bağımsız değişken kabul eden hiçbir erişilebilir 'ilce_adi' genişletme yöntemi bulunamadı (bir kullanma yönergeniz veya derleme başvurunuz eksik olabilir mi?) [C:\Users\İbrahim\Desktop\ŞUAN\KcetasProje\ProjeStaj.csproj]
C:\Users\İbrahim\Desktop\ŞUAN\KcetasProje\Controllers\TuketimNoktasiController.cs(48,34): error CS1061: 'TuketimNoktasi' bir 'ilce_adi' tanımı içermiyor ve 'TuketimNoktasi' türünde bir ilk bağımsız değişken kabul eden hiçbir erişilebilir 'ilce_adi' genişletme yöntemi bulunamadı (bir kullanma yönergeniz veya derleme başvurunuz eksik olabilir mi?) [C:\Users\İbrahim\Desktop\ŞUAN\KcetasProje\ProjeStaj.csproj]
C:\Users\İbrahim\Desktop\ŞUAN\KcetasProje\Controllers\TuketimNoktasiController.cs(49,34): error CS1061: 'TuketimNoktasi' bir 'ilce_adi' tanımı içermiyor ve 'TuketimNoktasi' türünde bir ilk bağımsız değişken kabul eden hiçbir erişilebilir 'ilce_adi' genişletme yöntemi bulunamadı (bir kullanma yönergeniz veya derleme başvurunuz eksik olabilir mi?) [C:\Users\İbrahim\Desktop\ŞUAN\KcetasProje\ProjeStaj.csproj]
C:\Users\İbrahim\Desktop\ŞUAN\KcetasProje\Controllers\TuketimNoktasiController.cs(50,34): error CS1061: 'TuketimNoktasi' bir 'ilce_adi' tanımı içermiyor ve 'TuketimNoktasi' türünde bir ilk bağımsız değişken kabul eden hiçbir erişilebilir 'ilce_adi' genişletme yöntemi bulunamadı (bir kullanma yönergeniz veya derleme başvurunuz eksik olabilir mi?) [C:\Users\İbrahim\Desktop\ŞUAN\KcetasProje\ProjeStaj.csproj]
C:\Users\İbrahim\Desktop\ŞUAN\KcetasProje\Controllers\TuketimNoktasiController.cs(51,34): error CS1061: 'TuketimNoktasi' bir 'ilce_adi' tanımı içermiyor ve 'TuketimNoktasi' türünde bir ilk bağımsız değişken kabul eden hiçbir erişilebilir 'ilce_adi' genişletme yöntemi bulunamadı (bir kullanma yönergeniz veya derleme başvurunuz eksik olabilir mi?) [C:\Users\İbrahim\Desktop\ŞUAN\KcetasProje\ProjeStaj.csproj]
C:\Users\İbrahim\Desktop\ŞUAN\KcetasProje\Controllers\TuketimNoktasiController.cs(52,34): error CS1061: 'TuketimNoktasi' bir 'ilce_adi' tanımı içermiyor ve 'TuketimNoktasi' türünde bir ilk bağımsız değişken kabul eden hiçbir erişilebilir 'ilce_adi' genişletme yöntemi bulunamadı (bir kullanma yönergeniz veya derleme başvurunuz eksik olabilir mi?) [C:\Users\İbrahim\Desktop\ŞUAN\KcetasProje\ProjeStaj.csproj]
C:\Users\İbrahim\Desktop\ŞUAN\KcetasProje\Controllers\TuketimNoktasiController.cs(53,35): error CS1061: 'TuketimNoktasi' bir 'ilce_adi' tanımı içermiyor ve 'TuketimNoktasi' türünde bir ilk bağımsız değişken kabul eden hiçbir erişilebilir 'ilce_adi' genişletme yöntemi bulunamadı (bir kullanma yönergeniz veya derleme başvurunuz eksik olabilir mi?) [C:\Users\İbrahim\Desktop\ŞUAN\KcetasProje\ProjeStaj.csproj]
C:\Users\İbrahim\Desktop\ŞUAN\KcetasProje\Controllers\TuketimNoktasiController.cs(54,35): error CS1061: 'TuketimNoktasi' bir 'ilce_adi' tanımı içermiyor ve 'TuketimNoktasi' türünde bir ilk bağımsız değişken kabul eden hiçbir erişilebilir 'ilce_adi' genişletme yöntemi bulunamadı (bir kullanma yönergeniz veya derleme başvurunuz eksik olabilir mi?) [C:\Users\İbrahim\Desktop\ŞUAN\KcetasProje\ProjeStaj.csproj]
C:\Users\İbrahim\Desktop\ŞUAN\KcetasProje\Controllers\TuketimNoktasiController.cs(55,35): error CS1061: 'TuketimNoktasi' bir 'ilce_adi' tanımı içermiyor ve 'TuketimNoktasi' türünde bir ilk bağımsız değişken kabul eden hiçbir erişilebilir 'ilce_adi' genişletme yöntemi bulunamadı (bir kullanma yönergeniz veya derleme başvurunuz eksik olabilir mi?) [C:\Users\İbrahim\Desktop\ŞUAN\KcetasProje\ProjeStaj.csproj]
C:\Users\İbrahim\Desktop\ŞUAN\KcetasProje\Controllers\TuketimNoktasiController.cs(56,35): error CS1061: 'TuketimNoktasi' bir 'ilce_adi' tanımı içermiyor ve 'TuketimNoktasi' türünde bir ilk bağımsız değişken kabul eden hiçbir erişilebilir 'ilce_adi' genişletme yöntemi bulunamadı (bir kullanma yönergeniz veya derleme başvurunuz eksik olabilir mi?) [C:\Users\İbrahim\Desktop\ŞUAN\KcetasProje\ProjeStaj.csproj]
C:\Users\İbrahim\Desktop\ŞUAN\KcetasProje\Controllers\TuketimNoktasiController.cs(57,35): error CS1061: 'TuketimNoktasi' bir 'ilce_adi' tanımı içermiyor ve 'TuketimNoktasi' türünde bir ilk bağımsız değişken kabul eden hiçbir erişilebilir 'ilce_adi' genişletme yöntemi bulunamadı (bir kullanma yönergeniz veya derleme başvurunuz eksik olabilir mi?) [C:\Users\İbrahim\Desktop\ŞUAN\KcetasProje\ProjeStaj.csproj]
C:\Users\İbrahim\Desktop\ŞUAN\KcetasProje\Controllers\TuketimNoktasiController.cs(58,35): error CS1061: 'TuketimNoktasi' bir 'ilce_adi' tanımı içermiyor ve 'TuketimNoktasi' türünde bir ilk bağımsız değişken kabul eden hiçbir erişilebilir 'ilce_adi' genişletme yöntemi bulunamadı (bir kullanma yönergeniz veya derleme başvurunuz eksik olabilir mi?) [C:\Users\İbrahim\Desktop\ŞUAN\KcetasProje\ProjeStaj.csproj]
C:\Users\İbrahim\Desktop\ŞUAN\KcetasProje\Controllers\TuketimNoktasiController.cs(59,35): error CS1061: 'TuketimNoktasi' bir 'ilce_adi' tanımı içermiyor ve 'TuketimNoktasi' türünde bir ilk bağımsız değişken kabul eden hiçbir erişilebilir 'ilce_adi' genişletme yöntemi bulunamadı (bir kullanma yönergeniz veya derleme başvurunuz eksik olabilir mi?) [C:\Users\İbrahim\Desktop\ŞUAN\KcetasProje\ProjeStaj.csproj]
C:\Users\İbrahim\Desktop\ŞUAN\KcetasProje\Controllers\TuketimNoktasiController.cs(60,35): error CS1061: 'TuketimNoktasi' bir 'ilce_adi' tanımı içermiyor ve 'TuketimNoktasi' türünde bir ilk bağımsız değişken kabul eden hiçbir erişilebilir 'ilce_adi' genişletme yöntemi bulunamadı (bir kullanma yönergeniz veya derleme başvurunuz eksik olabilir mi?) [C:\Users\İbrahim\Desktop\ŞUAN\KcetasProje\ProjeStaj.csproj]
C:\Users\İbrahim\Desktop\ŞUAN\KcetasProje\Controllers\TuketimNoktasiController.cs(61,35): error CS1061: 'TuketimNoktasi' bir 'ilce_adi' tanımı içermiyor ve 'TuketimNoktasi' türünde bir ilk bağımsız değişken kabul eden hiçbir erişilebilir 'ilce_adi' genişletme yöntemi bulunamadı (bir kullanma yönergeniz veya derleme başvurunuz eksik olabilir mi?) [C:\Users\İbrahim\Desktop\ŞUAN\KcetasProje\ProjeStaj.csproj]
C:\Users\İbrahim\Desktop\ŞUAN\KcetasProje\Views\EndeksOkuma\Detay.cshtml(52,115): error CS1061: 'EndeksOkuma' bir 'AnomaliAciklamasi' tanımı içermiyor ve 'EndeksOkuma' türünde bir ilk bağımsız değişken kabul eden hiçbir erişilebilir 'AnomaliAciklamasi' genişletme yöntemi bulunamadı (bir kullanma yönergeniz veya derleme başvurunuz eksik olabilir mi?) [C:\Users\İbrahim\Desktop\ŞUAN\KcetasProje\ProjeStaj.csproj]
C:\Users\İbrahim\Desktop\ŞUAN\KcetasProje\Views\EndeksOkuma\Detay.cshtml(126,40): error CS1061: 'EndeksOkuma' bir 'tutanak_aktarildi_mi' tanımı içermiyor ve 'EndeksOkuma' türünde bir ilk bağımsız değişken kabul eden hiçbir erişilebilir 'tutanak_aktarildi_mi' genişletme yöntemi bulunamadı (bir kullanma yönergeniz veya derleme başvurunuz eksik olabilir mi?) [C:\Users\İbrahim\Desktop\ŞUAN\KcetasProje\ProjeStaj.csproj]
C:\Users\İbrahim\Desktop\ŞUAN\KcetasProje\Services\Mock\MockTuketimNoktasiService.cs(12,34): error CS0117: 'TuketimNoktasi' bir 'TuketimNoktasiId' tanımı içermiyor [C:\Users\İbrahim\Desktop\ŞUAN\KcetasProje\ProjeStaj.csproj]
C:\Users\İbrahim\Desktop\ŞUAN\KcetasProje\Services\Mock\MockTuketimNoktasiService.cs(12,82): error CS0117: 'TuketimNoktasi' bir 'il_adi' tanımı içermiyor [C:\Users\İbrahim\Desktop\ŞUAN\KcetasProje\ProjeStaj.csproj]
C:\Users\İbrahim\Desktop\ŞUAN\KcetasProje\Services\Mock\MockTuketimNoktasiService.cs(12,102): error CS0117: 'TuketimNoktasi' bir 'ilce_adi' tanımı içermiyor [C:\Users\İbrahim\Desktop\ŞUAN\KcetasProje\ProjeStaj.csproj]
C:\Users\İbrahim\Desktop\ŞUAN\KcetasProje\Services\Mock\MockTuketimNoktasiService.cs(12,179): error CS0117: 'TuketimNoktasi' bir 'tckn' tanımı içermiyor [C:\Users\İbrahim\Desktop\ŞUAN\KcetasProje\ProjeStaj.csproj]
C:\Users\İbrahim\Desktop\ŞUAN\KcetasProje\Services\Mock\MockTuketimNoktasiService.cs(12,201): error CS0117: 'TuketimNoktasi' bir 'vkn' tanımı içermiyor [C:\Users\İbrahim\Desktop\ŞUAN\KcetasProje\ProjeStaj.csproj]
C:\Users\İbrahim\Desktop\ŞUAN\KcetasProje\Services\Mock\MockTuketimNoktasiService.cs(13,34): error CS0117: 'TuketimNoktasi' bir 'TuketimNoktasiId' tanımı içermiyor [C:\Users\İbrahim\Desktop\ŞUAN\KcetasProje\ProjeStaj.csproj]
C:\Users\İbrahim\Desktop\ŞUAN\KcetasProje\Services\Mock\MockTuketimNoktasiService.cs(13,82): error CS0117: 'TuketimNoktasi' bir 'il_adi' tanımı içermiyor [C:\Users\İbrahim\Desktop\ŞUAN\KcetasProje\ProjeStaj.csproj]
C:\Users\İbrahim\Desktop\ŞUAN\KcetasProje\Services\Mock\MockTuketimNoktasiService.cs(13,102): error CS0117: 'TuketimNoktasi' bir 'ilce_adi' tanımı içermiyor [C:\Users\İbrahim\Desktop\ŞUAN\KcetasProje\ProjeStaj.csproj]
C:\Users\İbrahim\Desktop\ŞUAN\KcetasProje\Services\Mock\MockTuketimNoktasiService.cs(13,184): error CS0117: 'TuketimNoktasi' bir 'tckn' tanımı içermiyor [C:\Users\İbrahim\Desktop\ŞUAN\KcetasProje\ProjeStaj.csproj]
C:\Users\İbrahim\Desktop\ŞUAN\KcetasProje\Services\Mock\MockTuketimNoktasiService.cs(13,195): error CS0117: 'TuketimNoktasi' bir 'vkn' tanımı içermiyor [C:\Users\İbrahim\Desktop\ŞUAN\KcetasProje\ProjeStaj.csproj]
C:\Users\İbrahim\Desktop\ŞUAN\KcetasProje\Services\Mock\MockTuketimNoktasiService.cs(14,34): error CS0117: 'TuketimNoktasi' bir 'TuketimNoktasiId' tanımı içermiyor [C:\Users\İbrahim\Desktop\ŞUAN\KcetasProje\ProjeStaj.csproj]
C:\Users\İbrahim\Desktop\ŞUAN\KcetasProje\Services\Mock\MockTuketimNoktasiService.cs(14,82): error CS0117: 'TuketimNoktasi' bir 'il_adi' tanımı içermiyor [C:\Users\İbrahim\Desktop\ŞUAN\KcetasProje\ProjeStaj.csproj]
C:\Users\İbrahim\Desktop\ŞUAN\KcetasProje\Services\Mock\MockTuketimNoktasiService.cs(14,102): error CS0117: 'TuketimNoktasi' bir 'ilce_adi' tanımı içermiyor [C:\Users\İbrahim\Desktop\ŞUAN\KcetasProje\ProjeStaj.csproj]
C:\Users\İbrahim\Desktop\ŞUAN\KcetasProje\Services\Mock\MockTuketimNoktasiService.cs(14,179): error CS0117: 'TuketimNoktasi' bir 'tckn' tanımı içermiyor [C:\Users\İbrahim\Desktop\ŞUAN\KcetasProje\ProjeStaj.csproj]
C:\Users\İbrahim\Desktop\ŞUAN\KcetasProje\Services\Mock\MockTuketimNoktasiService.cs(14,201): error CS0117: 'TuketimNoktasi' bir 'vkn' tanımı içermiyor [C:\Users\İbrahim\Desktop\ŞUAN\KcetasProje\ProjeStaj.csproj]
C:\Users\İbrahim\Desktop\ŞUAN\KcetasProje\Services\Mock\MockTuketimNoktasiService.cs(15,34): error CS0117: 'TuketimNoktasi' bir 'TuketimNoktasiId' tanımı içermiyor [C:\Users\İbrahim\Desktop\ŞUAN\KcetasProje\ProjeStaj.csproj]
C:\Users\İbrahim\Desktop\ŞUAN\KcetasProje\Services\Mock\MockTuketimNoktasiService.cs(15,82): error CS0117: 'TuketimNoktasi' bir 'il_adi' tanımı içermiyor [C:\Users\İbrahim\Desktop\ŞUAN\KcetasProje\ProjeStaj.csproj]
C:\Users\İbrahim\Desktop\ŞUAN\KcetasProje\Services\Mock\MockTuketimNoktasiService.cs(15,102): error CS0117: 'TuketimNoktasi' bir 'ilce_adi' tanımı içermiyor [C:\Users\İbrahim\Desktop\ŞUAN\KcetasProje\ProjeStaj.csproj]
C:\Users\İbrahim\Desktop\ŞUAN\KcetasProje\Services\Mock\MockTuketimNoktasiService.cs(15,174): error CS0117: 'TuketimNoktasi' bir 'tckn' tanımı içermiyor [C:\Users\İbrahim\Desktop\ŞUAN\KcetasProje\ProjeStaj.csproj]
C:\Users\İbrahim\Desktop\ŞUAN\KcetasProje\Services\Mock\MockTuketimNoktasiService.cs(15,196): error CS0117: 'TuketimNoktasi' bir 'vkn' tanımı içermiyor [C:\Users\İbrahim\Desktop\ŞUAN\KcetasProje\ProjeStaj.csproj]
C:\Users\İbrahim\Desktop\ŞUAN\KcetasProje\Services\Mock\MockTuketimNoktasiService.cs(16,34): error CS0117: 'TuketimNoktasi' bir 'TuketimNoktasiId' tanımı içermiyor [C:\Users\İbrahim\Desktop\ŞUAN\KcetasProje\ProjeStaj.csproj]
C:\Users\İbrahim\Desktop\ŞUAN\KcetasProje\Services\Mock\MockTuketimNoktasiService.cs(16,82): error CS0117: 'TuketimNoktasi' bir 'il_adi' tanımı içermiyor [C:\Users\İbrahim\Desktop\ŞUAN\KcetasProje\ProjeStaj.csproj]
C:\Users\İbrahim\Desktop\ŞUAN\KcetasProje\Services\Mock\MockTuketimNoktasiService.cs(16,102): error CS0117: 'TuketimNoktasi' bir 'ilce_adi' tanımı içermiyor [C:\Users\İbrahim\Desktop\ŞUAN\KcetasProje\ProjeStaj.csproj]
C:\Users\İbrahim\Desktop\ŞUAN\KcetasProje\Services\Mock\MockTuketimNoktasiService.cs(16,189): error CS0117: 'TuketimNoktasi' bir 'tckn' tanımı içermiyor [C:\Users\İbrahim\Desktop\ŞUAN\KcetasProje\ProjeStaj.csproj]
C:\Users\İbrahim\Desktop\ŞUAN\KcetasProje\Services\Mock\MockTuketimNoktasiService.cs(16,200): error CS0117: 'TuketimNoktasi' bir 'vkn' tanımı içermiyor [C:\Users\İbrahim\Desktop\ŞUAN\KcetasProje\ProjeStaj.csproj]
C:\Users\İbrahim\Desktop\ŞUAN\KcetasProje\Views\EndeksOkuma\TutanakYazdir.cshtml(217,40): error CS1061: 'EndeksOkuma' bir 'AnomaliAciklamasi' tanımı içermiyor ve 'EndeksOkuma' türünde bir ilk bağımsız değişken kabul eden hiçbir erişilebilir 'AnomaliAciklamasi' genişletme yöntemi bulunamadı (bir kullanma yönergeniz veya derleme başvurunuz eksik olabilir mi?) [C:\Users\İbrahim\Desktop\ŞUAN\KcetasProje\ProjeStaj.csproj]
C:\Users\İbrahim\Desktop\ŞUAN\KcetasProje\Services\Api\ApiAuditLogService.cs(29,29): error CS0266: 'long' türü örtülü olarak 'int' türüne dönüştürülemez. Açık bir dönüştürme var (eksik atamanız mı var?) [C:\Users\İbrahim\Desktop\ŞUAN\KcetasProje\ProjeStaj.csproj]
C:\Users\İbrahim\Desktop\ŞUAN\KcetasProje\Services\Api\ApiAuditLogService.cs(34,35): error CS0029: 'long?' türü örtülü olarak 'string' türüne dönüştürülemez [C:\Users\İbrahim\Desktop\ŞUAN\KcetasProje\ProjeStaj.csproj]
C:\Users\İbrahim\Desktop\ŞUAN\KcetasProje\Services\Mock\MockTuketimNoktasiService.cs(19,127): error CS1061: 'TuketimNoktasi' bir 'TuketimNoktasiId' tanımı içermiyor ve 'TuketimNoktasi' türünde bir ilk bağımsız değişken kabul eden hiçbir erişilebilir 'TuketimNoktasiId' genişletme yöntemi bulunamadı (bir kullanma yönergeniz veya derleme başvurunuz eksik olabilir mi?) [C:\Users\İbrahim\Desktop\ŞUAN\KcetasProje\ProjeStaj.csproj]
C:\Users\İbrahim\Desktop\ŞUAN\KcetasProje\Views\TuketimNoktasi\Index.cshtml(44,43): error CS1061: 'TuketimNoktasi' bir 'ilce_adi' tanımı içermiyor ve 'TuketimNoktasi' türünde bir ilk bağımsız değişken kabul eden hiçbir erişilebilir 'ilce_adi' genişletme yöntemi bulunamadı (bir kullanma yönergeniz veya derleme başvurunuz eksik olabilir mi?) [C:\Users\İbrahim\Desktop\ŞUAN\KcetasProje\ProjeStaj.csproj]
C:\Users\İbrahim\Desktop\ŞUAN\KcetasProje\Views\EndeksOkuma\Yeni.cshtml(32,98): error CS1061: 'TuketimNoktasi' bir 'il_adi' tanımı içermiyor ve 'TuketimNoktasi' türünde bir ilk bağımsız değişken kabul eden hiçbir erişilebilir 'il_adi' genişletme yöntemi bulunamadı (bir kullanma yönergeniz veya derleme başvurunuz eksik olabilir mi?) [C:\Users\İbrahim\Desktop\ŞUAN\KcetasProje\ProjeStaj.csproj]
C:\Users\İbrahim\Desktop\ŞUAN\KcetasProje\Views\EndeksOkuma\Yeni.cshtml(32,60): error CS1061: 'TuketimNoktasi' bir 'TuketimNoktasiId' tanımı içermiyor ve 'TuketimNoktasi' türünde bir ilk bağımsız değişken kabul eden hiçbir erişilebilir 'TuketimNoktasiId' genişletme yöntemi bulunamadı (bir kullanma yönergeniz veya derleme başvurunuz eksik olabilir mi?) [C:\Users\İbrahim\Desktop\ŞUAN\KcetasProje\ProjeStaj.csproj]
C:\Users\İbrahim\Desktop\ŞUAN\KcetasProje\Services\Api\ApiTuketimNoktasiService.cs(61,34): error CS0019: '??' işleci 'decimal' ve 'decimal' türündeki işlenenlere uygulanamaz [C:\Users\İbrahim\Desktop\ŞUAN\KcetasProje\ProjeStaj.csproj]
C:\Users\İbrahim\Desktop\ŞUAN\KcetasProje\Services\Api\ApiTuketimNoktasiService.cs(63,49): error CS1061: 'TuketimNoktasi' bir 'baglanti_grubu' tanımı içermiyor ve 'TuketimNoktasi' türünde bir ilk bağımsız değişken kabul eden hiçbir erişilebilir 'baglanti_grubu' genişletme yöntemi bulunamadı (bir kullanma yönergeniz veya derleme başvurunuz eksik olabilir mi?) [C:\Users\İbrahim\Desktop\ŞUAN\KcetasProje\ProjeStaj.csproj]
C:\Users\İbrahim\Desktop\ŞUAN\KcetasProje\Services\Mock\MockTuketimNoktasiService.cs(20,76): error CS1061: 'TuketimNoktasi' bir 'TuketimNoktasiId' tanımı içermiyor ve 'TuketimNoktasi' türünde bir ilk bağımsız değişken kabul eden hiçbir erişilebilir 'TuketimNoktasiId' genişletme yöntemi bulunamadı (bir kullanma yönergeniz veya derleme başvurunuz eksik olabilir mi?) [C:\Users\İbrahim\Desktop\ŞUAN\KcetasProje\ProjeStaj.csproj]
C:\Users\İbrahim\Desktop\ŞUAN\KcetasProje\Services\Mock\MockTuketimNoktasiService.cs(20,122): error CS1061: 'TuketimNoktasi' bir 'TuketimNoktasiId' tanımı içermiyor ve 'TuketimNoktasi' türünde bir ilk bağımsız değişken kabul eden hiçbir erişilebilir 'TuketimNoktasiId' genişletme yöntemi bulunamadı (bir kullanma yönergeniz veya derleme başvurunuz eksik olabilir mi?) [C:\Users\İbrahim\Desktop\ŞUAN\KcetasProje\ProjeStaj.csproj]
C:\Users\İbrahim\Desktop\ŞUAN\KcetasProje\Views\TuketimNoktasi\Duzenle.cshtml(72,70): error CS1061: 'TuketimNoktasi' bir 'baglanti_grubu' tanımı içermiyor ve 'TuketimNoktasi' türünde bir ilk bağımsız değişken kabul eden hiçbir erişilebilir 'baglanti_grubu' genişletme yöntemi bulunamadı (bir kullanma yönergeniz veya derleme başvurunuz eksik olabilir mi?) [C:\Users\İbrahim\Desktop\ŞUAN\KcetasProje\ProjeStaj.csproj]
C:\Users\İbrahim\Desktop\ŞUAN\KcetasProje\Views\TuketimNoktasi\Duzenle.cshtml(73,70): error CS1061: 'TuketimNoktasi' bir 'baglanti_grubu' tanımı içermiyor ve 'TuketimNoktasi' türünde bir ilk bağımsız değişken kabul eden hiçbir erişilebilir 'baglanti_grubu' genişletme yöntemi bulunamadı (bir kullanma yönergeniz veya derleme başvurunuz eksik olabilir mi?) [C:\Users\İbrahim\Desktop\ŞUAN\KcetasProje\ProjeStaj.csproj]
C:\Users\İbrahim\Desktop\ŞUAN\KcetasProje\Services\Mock\MockSozlesmeService.cs(12,105): error CS0117: 'Sozlesme' bir 'ad' tanımı içermiyor [C:\Users\İbrahim\Desktop\ŞUAN\KcetasProje\ProjeStaj.csproj]
C:\Users\İbrahim\Desktop\ŞUAN\KcetasProje\Services\Mock\MockSozlesmeService.cs(12,117): error CS0117: 'Sozlesme' bir 'soyad' tanımı içermiyor [C:\Users\İbrahim\Desktop\ŞUAN\KcetasProje\ProjeStaj.csproj]
C:\Users\İbrahim\Desktop\ŞUAN\KcetasProje\Services\Mock\MockSozlesmeService.cs(12,135): error CS0117: 'Sozlesme' bir 'unvan' tanımı içermiyor [C:\Users\İbrahim\Desktop\ŞUAN\KcetasProje\ProjeStaj.csproj]
C:\Users\İbrahim\Desktop\ŞUAN\KcetasProje\Services\Mock\MockSozlesmeService.cs(12,147): error CS0117: 'Sozlesme' bir 'tckn' tanımı içermiyor [C:\Users\İbrahim\Desktop\ŞUAN\KcetasProje\ProjeStaj.csproj]
C:\Users\İbrahim\Desktop\ŞUAN\KcetasProje\Services\Mock\MockSozlesmeService.cs(12,169): error CS0117: 'Sozlesme' bir 'tarife_grubu' tanımı içermiyor [C:\Users\İbrahim\Desktop\ŞUAN\KcetasProje\ProjeStaj.csproj]
C:\Users\İbrahim\Desktop\ŞUAN\KcetasProje\Services\Mock\MockSozlesmeService.cs(12,194): error CS0117: 'Sozlesme' bir 'statu' tanımı içermiyor [C:\Users\İbrahim\Desktop\ŞUAN\KcetasProje\ProjeStaj.csproj]
C:\Users\İbrahim\Desktop\ŞUAN\KcetasProje\Services\Mock\MockSozlesmeService.cs(13,105): error CS0117: 'Sozlesme' bir 'ad' tanımı içermiyor [C:\Users\İbrahim\Desktop\ŞUAN\KcetasProje\ProjeStaj.csproj]
C:\Users\İbrahim\Desktop\ŞUAN\KcetasProje\Services\Mock\MockSozlesmeService.cs(13,114): error CS0117: 'Sozlesme' bir 'soyad' tanımı içermiyor [C:\Users\İbrahim\Desktop\ŞUAN\KcetasProje\ProjeStaj.csproj]
C:\Users\İbrahim\Desktop\ŞUAN\KcetasProje\Services\Mock\MockSozlesmeService.cs(13,126): error CS0117: 'Sozlesme' bir 'unvan' tanımı içermiyor [C:\Users\İbrahim\Desktop\ŞUAN\KcetasProje\ProjeStaj.csproj]
C:\Users\İbrahim\Desktop\ŞUAN\KcetasProje\Services\Mock\MockSozlesmeService.cs(13,159): error CS0117: 'Sozlesme' bir 'vkn' tanımı içermiyor [C:\Users\İbrahim\Desktop\ŞUAN\KcetasProje\ProjeStaj.csproj]
C:\Users\İbrahim\Desktop\ŞUAN\KcetasProje\Services\Mock\MockSozlesmeService.cs(13,179): error CS0117: 'Sozlesme' bir 'tarife_grubu' tanımı içermiyor [C:\Users\İbrahim\Desktop\ŞUAN\KcetasProje\ProjeStaj.csproj]
C:\Users\İbrahim\Desktop\ŞUAN\KcetasProje\Services\Mock\MockSozlesmeService.cs(13,209): error CS0117: 'Sozlesme' bir 'statu' tanımı içermiyor [C:\Users\İbrahim\Desktop\ŞUAN\KcetasProje\ProjeStaj.csproj]
C:\Users\İbrahim\Desktop\ŞUAN\KcetasProje\Services\Mock\MockSozlesmeService.cs(14,105): error CS0117: 'Sozlesme' bir 'ad' tanımı içermiyor [C:\Users\İbrahim\Desktop\ŞUAN\KcetasProje\ProjeStaj.csproj]
C:\Users\İbrahim\Desktop\ŞUAN\KcetasProje\Services\Mock\MockSozlesmeService.cs(14,118): error CS0117: 'Sozlesme' bir 'soyad' tanımı içermiyor [C:\Users\İbrahim\Desktop\ŞUAN\KcetasProje\ProjeStaj.csproj]
C:\Users\İbrahim\Desktop\ŞUAN\KcetasProje\Services\Mock\MockSozlesmeService.cs(14,134): error CS0117: 'Sozlesme' bir 'unvan' tanımı içermiyor [C:\Users\İbrahim\Desktop\ŞUAN\KcetasProje\ProjeStaj.csproj]
C:\Users\İbrahim\Desktop\ŞUAN\KcetasProje\Services\Mock\MockSozlesmeService.cs(14,146): error CS0117: 'Sozlesme' bir 'tckn' tanımı içermiyor [C:\Users\İbrahim\Desktop\ŞUAN\KcetasProje\ProjeStaj.csproj]
C:\Users\İbrahim\Desktop\ŞUAN\KcetasProje\Services\Mock\MockSozlesmeService.cs(14,168): error CS0117: 'Sozlesme' bir 'tarife_grubu' tanımı içermiyor [C:\Users\İbrahim\Desktop\ŞUAN\KcetasProje\ProjeStaj.csproj]
C:\Users\İbrahim\Desktop\ŞUAN\KcetasProje\Services\Mock\MockSozlesmeService.cs(14,193): error CS0117: 'Sozlesme' bir 'statu' tanımı içermiyor [C:\Users\İbrahim\Desktop\ŞUAN\KcetasProje\ProjeStaj.csproj]
C:\Users\İbrahim\Desktop\ŞUAN\KcetasProje\Services\Mock\MockSozlesmeService.cs(15,105): error CS0117: 'Sozlesme' bir 'ad' tanımı içermiyor [C:\Users\İbrahim\Desktop\ŞUAN\KcetasProje\ProjeStaj.csproj]
C:\Users\İbrahim\Desktop\ŞUAN\KcetasProje\Services\Mock\MockSozlesmeService.cs(15,120): error CS0117: 'Sozlesme' bir 'soyad' tanımı içermiyor [C:\Users\İbrahim\Desktop\ŞUAN\KcetasProje\ProjeStaj.csproj]
C:\Users\İbrahim\Desktop\ŞUAN\KcetasProje\Services\Mock\MockSozlesmeService.cs(15,137): error CS0117: 'Sozlesme' bir 'unvan' tanımı içermiyor [C:\Users\İbrahim\Desktop\ŞUAN\KcetasProje\ProjeStaj.csproj]
C:\Users\İbrahim\Desktop\ŞUAN\KcetasProje\Services\Mock\MockSozlesmeService.cs(15,149): error CS0117: 'Sozlesme' bir 'tckn' tanımı içermiyor [C:\Users\İbrahim\Desktop\ŞUAN\KcetasProje\ProjeStaj.csproj]
C:\Users\İbrahim\Desktop\ŞUAN\KcetasProje\Services\Mock\MockSozlesmeService.cs(15,171): error CS0117: 'Sozlesme' bir 'tarife_grubu' tanımı içermiyor [C:\Users\İbrahim\Desktop\ŞUAN\KcetasProje\ProjeStaj.csproj]
C:\Users\İbrahim\Desktop\ŞUAN\KcetasProje\Services\Mock\MockSozlesmeService.cs(15,205): error CS0117: 'Sozlesme' bir 'statu' tanımı içermiyor [C:\Users\İbrahim\Desktop\ŞUAN\KcetasProje\ProjeStaj.csproj]
C:\Users\İbrahim\Desktop\ŞUAN\KcetasProje\Services\Api\ApiIsEmriService.cs(86,20): error CS1061: 'IsEmri' bir 'kesme_endeksi' tanımı içermiyor ve 'IsEmri' türünde bir ilk bağımsız değişken kabul eden hiçbir erişilebilir 'kesme_endeksi' genişletme yöntemi bulunamadı (bir kullanma yönergeniz veya derleme başvurunuz eksik olabilir mi?) [C:\Users\İbrahim\Desktop\ŞUAN\KcetasProje\ProjeStaj.csproj]
C:\Users\İbrahim\Desktop\ŞUAN\KcetasProje\Services\Api\ApiIsEmriService.cs(87,20): error CS1061: 'IsEmri' bir 'acma_endeksi' tanımı içermiyor ve 'IsEmri' türünde bir ilk bağımsız değişken kabul eden hiçbir erişilebilir 'acma_endeksi' genişletme yöntemi bulunamadı (bir kullanma yönergeniz veya derleme başvurunuz eksik olabilir mi?) [C:\Users\İbrahim\Desktop\ŞUAN\KcetasProje\ProjeStaj.csproj]
C:\Users\İbrahim\Desktop\ŞUAN\KcetasProje\Services\Api\ApiIsEmriService.cs(88,20): error CS1061: 'IsEmri' bir 'eski_sayac_no' tanımı içermiyor ve 'IsEmri' türünde bir ilk bağımsız değişken kabul eden hiçbir erişilebilir 'eski_sayac_no' genişletme yöntemi bulunamadı (bir kullanma yönergeniz veya derleme başvurunuz eksik olabilir mi?) [C:\Users\İbrahim\Desktop\ŞUAN\KcetasProje\ProjeStaj.csproj]
C:\Users\İbrahim\Desktop\ŞUAN\KcetasProje\Services\Api\ApiIsEmriService.cs(89,20): error CS1061: 'IsEmri' bir 'yeni_sayac_no' tanımı içermiyor ve 'IsEmri' türünde bir ilk bağımsız değişken kabul eden hiçbir erişilebilir 'yeni_sayac_no' genişletme yöntemi bulunamadı (bir kullanma yönergeniz veya derleme başvurunuz eksik olabilir mi?) [C:\Users\İbrahim\Desktop\ŞUAN\KcetasProje\ProjeStaj.csproj]
C:\Users\İbrahim\Desktop\ŞUAN\KcetasProje\Services\Api\ApiIsEmriService.cs(90,20): error CS1061: 'IsEmri' bir 'eski_son_endeksi' tanımı içermiyor ve 'IsEmri' türünde bir ilk bağımsız değişken kabul eden hiçbir erişilebilir 'eski_son_endeksi' genişletme yöntemi bulunamadı (bir kullanma yönergeniz veya derleme başvurunuz eksik olabilir mi?) [C:\Users\İbrahim\Desktop\ŞUAN\KcetasProje\ProjeStaj.csproj]
C:\Users\İbrahim\Desktop\ŞUAN\KcetasProje\Services\Api\ApiIsEmriService.cs(91,20): error CS1061: 'IsEmri' bir 'yeni_ilk_endeksi' tanımı içermiyor ve 'IsEmri' türünde bir ilk bağımsız değişken kabul eden hiçbir erişilebilir 'yeni_ilk_endeksi' genişletme yöntemi bulunamadı (bir kullanma yönergeniz veya derleme başvurunuz eksik olabilir mi?) [C:\Users\İbrahim\Desktop\ŞUAN\KcetasProje\ProjeStaj.csproj]
C:\Users\İbrahim\Desktop\ŞUAN\KcetasProje\Services\Api\ApiIsEmriService.cs(93,20): error CS1061: 'IsEmri' bir 'UpdatedAt' tanımı içermiyor ve 'IsEmri' türünde bir ilk bağımsız değişken kabul eden hiçbir erişilebilir 'UpdatedAt' genişletme yöntemi bulunamadı (bir kullanma yönergeniz veya derleme başvurunuz eksik olabilir mi?) [C:\Users\İbrahim\Desktop\ŞUAN\KcetasProje\ProjeStaj.csproj]
C:\Users\İbrahim\Desktop\ŞUAN\KcetasProje\Views\Sayac\Bagla.cshtml(37,47): error CS1061: 'TuketimNoktasi' bir 'TuketimNoktasiId' tanımı içermiyor ve 'TuketimNoktasi' türünde bir ilk bağımsız değişken kabul eden hiçbir erişilebilir 'TuketimNoktasiId' genişletme yöntemi bulunamadı (bir kullanma yönergeniz veya derleme başvurunuz eksik olabilir mi?) [C:\Users\İbrahim\Desktop\ŞUAN\KcetasProje\ProjeStaj.csproj]
C:\Users\İbrahim\Desktop\ŞUAN\KcetasProje\Views\Sayac\Bagla.cshtml(39,63): error CS1061: 'TuketimNoktasi' bir 'TuketimNoktasiId' tanımı içermiyor ve 'TuketimNoktasi' türünde bir ilk bağımsız değişken kabul eden hiçbir erişilebilir 'TuketimNoktasiId' genişletme yöntemi bulunamadı (bir kullanma yönergeniz veya derleme başvurunuz eksik olabilir mi?) [C:\Users\İbrahim\Desktop\ŞUAN\KcetasProje\ProjeStaj.csproj]
C:\Users\İbrahim\Desktop\ŞUAN\KcetasProje\Views\Sayac\Bagla.cshtml(43,63): error CS1061: 'TuketimNoktasi' bir 'TuketimNoktasiId' tanımı içermiyor ve 'TuketimNoktasi' türünde bir ilk bağımsız değişken kabul eden hiçbir erişilebilir 'TuketimNoktasiId' genişletme yöntemi bulunamadı (bir kullanma yönergeniz veya derleme başvurunuz eksik olabilir mi?) [C:\Users\İbrahim\Desktop\ŞUAN\KcetasProje\ProjeStaj.csproj]
C:\Users\İbrahim\Desktop\ŞUAN\KcetasProje\Services\Api\ApiIsEmriService.cs(114,20): error CS1061: 'IsEmri' bir 'UpdatedAt' tanımı içermiyor ve 'IsEmri' türünde bir ilk bağımsız değişken kabul eden hiçbir erişilebilir 'UpdatedAt' genişletme yöntemi bulunamadı (bir kullanma yönergeniz veya derleme başvurunuz eksik olabilir mi?) [C:\Users\İbrahim\Desktop\ŞUAN\KcetasProje\ProjeStaj.csproj]
C:\Users\İbrahim\Desktop\ŞUAN\KcetasProje\Views\Sayac\Index.cshtml(44,86): error CS1061: 'TuketimNoktasi' bir 'TuketimNoktasiId' tanımı içermiyor ve 'TuketimNoktasi' türünde bir ilk bağımsız değişken kabul eden hiçbir erişilebilir 'TuketimNoktasiId' genişletme yöntemi bulunamadı (bir kullanma yönergeniz veya derleme başvurunuz eksik olabilir mi?) [C:\Users\İbrahim\Desktop\ŞUAN\KcetasProje\ProjeStaj.csproj]
C:\Users\İbrahim\Desktop\ŞUAN\KcetasProje\Services\Mock\MockAuditLogService.cs(19,29): error CS0266: 'long' türü örtülü olarak 'int' türüne dönüştürülemez. Açık bir dönüştürme var (eksik atamanız mı var?) [C:\Users\İbrahim\Desktop\ŞUAN\KcetasProje\ProjeStaj.csproj]
C:\Users\İbrahim\Desktop\ŞUAN\KcetasProje\Services\Mock\MockAuditLogService.cs(24,35): error CS0029: 'long?' türü örtülü olarak 'string' türüne dönüştürülemez [C:\Users\İbrahim\Desktop\ŞUAN\KcetasProje\ProjeStaj.csproj]
C:\Users\İbrahim\Desktop\ŞUAN\KcetasProje\Views\Sayac\Detay.cshtml(7,62): error CS1061: 'TuketimNoktasi' bir 'TuketimNoktasiId' tanımı içermiyor ve 'TuketimNoktasi' türünde bir ilk bağımsız değişken kabul eden hiçbir erişilebilir 'TuketimNoktasiId' genişletme yöntemi bulunamadı (bir kullanma yönergeniz veya derleme başvurunuz eksik olabilir mi?) [C:\Users\İbrahim\Desktop\ŞUAN\KcetasProje\ProjeStaj.csproj]
C:\Users\İbrahim\Desktop\ŞUAN\KcetasProje\Views\Sayac\Detay.cshtml(37,84): error CS1061: 'Sayac' bir 'CreatedAt' tanımı içermiyor ve 'Sayac' türünde bir ilk bağımsız değişken kabul eden hiçbir erişilebilir 'CreatedAt' genişletme yöntemi bulunamadı (bir kullanma yönergeniz veya derleme başvurunuz eksik olabilir mi?) [C:\Users\İbrahim\Desktop\ŞUAN\KcetasProje\ProjeStaj.csproj]
C:\Users\İbrahim\Desktop\ŞUAN\KcetasProje\Views\Sayac\Detay.cshtml(114,49): error CS1061: 'Sayac' bir 'UpdatedAt' tanımı içermiyor ve 'Sayac' türünde bir ilk bağımsız değişken kabul eden hiçbir erişilebilir 'UpdatedAt' genişletme yöntemi bulunamadı (bir kullanma yönergeniz veya derleme başvurunuz eksik olabilir mi?) [C:\Users\İbrahim\Desktop\ŞUAN\KcetasProje\ProjeStaj.csproj]
C:\Users\İbrahim\Desktop\ŞUAN\KcetasProje\Views\Sayac\Detay.cshtml(114,98): error CS1061: 'Sayac' bir 'CreatedAt' tanımı içermiyor ve 'Sayac' türünde bir ilk bağımsız değişken kabul eden hiçbir erişilebilir 'CreatedAt' genişletme yöntemi bulunamadı (bir kullanma yönergeniz veya derleme başvurunuz eksik olabilir mi?) [C:\Users\İbrahim\Desktop\ŞUAN\KcetasProje\ProjeStaj.csproj]
C:\Users\İbrahim\Desktop\ŞUAN\KcetasProje\Controllers\TuketimNoktasiController.cs(76,65): error CS1061: 'TuketimNoktasi' bir 'TuketimNoktasiId' tanımı içermiyor ve 'TuketimNoktasi' türünde bir ilk bağımsız değişken kabul eden hiçbir erişilebilir 'TuketimNoktasiId' genişletme yöntemi bulunamadı (bir kullanma yönergeniz veya derleme başvurunuz eksik olabilir mi?) [C:\Users\İbrahim\Desktop\ŞUAN\KcetasProje\ProjeStaj.csproj]
C:\Users\İbrahim\Desktop\ŞUAN\KcetasProje\Controllers\TuketimNoktasiController.cs(77,19): error CS1061: 'TuketimNoktasi' bir 'TuketimNoktasiId' tanımı içermiyor ve 'TuketimNoktasi' türünde bir ilk bağımsız değişken kabul eden hiçbir erişilebilir 'TuketimNoktasiId' genişletme yöntemi bulunamadı (bir kullanma yönergeniz veya derleme başvurunuz eksik olabilir mi?) [C:\Users\İbrahim\Desktop\ŞUAN\KcetasProje\ProjeStaj.csproj]
C:\Users\İbrahim\Desktop\ŞUAN\KcetasProje\Controllers\TuketimNoktasiController.cs(80,19): error CS1061: 'TuketimNoktasi' bir 'CreatedAt' tanımı içermiyor ve 'TuketimNoktasi' türünde bir ilk bağımsız değişken kabul eden hiçbir erişilebilir 'CreatedAt' genişletme yöntemi bulunamadı (bir kullanma yönergeniz veya derleme başvurunuz eksik olabilir mi?) [C:\Users\İbrahim\Desktop\ŞUAN\KcetasProje\ProjeStaj.csproj]
C:\Users\İbrahim\Desktop\ŞUAN\KcetasProje\Controllers\TuketimNoktasiController.cs(84,31): error CS1061: 'TuketimNoktasi' bir 'ilce_adi' tanımı içermiyor ve 'TuketimNoktasi' türünde bir ilk bağımsız değişken kabul eden hiçbir erişilebilir 'ilce_adi' genişletme yöntemi bulunamadı (bir kullanma yönergeniz veya derleme başvurunuz eksik olabilir mi?) [C:\Users\İbrahim\Desktop\ŞUAN\KcetasProje\ProjeStaj.csproj]
C:\Users\İbrahim\Desktop\ŞUAN\KcetasProje\Controllers\TuketimNoktasiController.cs(85,31): error CS1061: 'TuketimNoktasi' bir 'ilce_adi' tanımı içermiyor ve 'TuketimNoktasi' türünde bir ilk bağımsız değişken kabul eden hiçbir erişilebilir 'ilce_adi' genişletme yöntemi bulunamadı (bir kullanma yönergeniz veya derleme başvurunuz eksik olabilir mi?) [C:\Users\İbrahim\Desktop\ŞUAN\KcetasProje\ProjeStaj.csproj]
C:\Users\İbrahim\Desktop\ŞUAN\KcetasProje\Controllers\TuketimNoktasiController.cs(86,31): error CS1061: 'TuketimNoktasi' bir 'ilce_adi' tanımı içermiyor ve 'TuketimNoktasi' türünde bir ilk bağımsız değişken kabul eden hiçbir erişilebilir 'ilce_adi' genişletme yöntemi bulunamadı (bir kullanma yönergeniz veya derleme başvurunuz eksik olabilir mi?) [C:\Users\İbrahim\Desktop\ŞUAN\KcetasProje\ProjeStaj.csproj]
C:\Users\İbrahim\Desktop\ŞUAN\KcetasProje\Controllers\TuketimNoktasiController.cs(87,31): error CS1061: 'TuketimNoktasi' bir 'ilce_adi' tanımı içermiyor ve 'TuketimNoktasi' türünde bir ilk bağımsız değişken kabul eden hiçbir erişilebilir 'ilce_adi' genişletme yöntemi bulunamadı (bir kullanma yönergeniz veya derleme başvurunuz eksik olabilir mi?) [C:\Users\İbrahim\Desktop\ŞUAN\KcetasProje\ProjeStaj.csproj]
C:\Users\İbrahim\Desktop\ŞUAN\KcetasProje\Controllers\TuketimNoktasiController.cs(88,31): error CS1061: 'TuketimNoktasi' bir 'ilce_adi' tanımı içermiyor ve 'TuketimNoktasi' türünde bir ilk bağımsız değişken kabul eden hiçbir erişilebilir 'ilce_adi' genişletme yöntemi bulunamadı (bir kullanma yönergeniz veya derleme başvurunuz eksik olabilir mi?) [C:\Users\İbrahim\Desktop\ŞUAN\KcetasProje\ProjeStaj.csproj]
C:\Users\İbrahim\Desktop\ŞUAN\KcetasProje\Controllers\TuketimNoktasiController.cs(89,31): error CS1061: 'TuketimNoktasi' bir 'ilce_adi' tanımı içermiyor ve 'TuketimNoktasi' türünde bir ilk bağımsız değişken kabul eden hiçbir erişilebilir 'ilce_adi' genişletme yöntemi bulunamadı (bir kullanma yönergeniz veya derleme başvurunuz eksik olabilir mi?) [C:\Users\İbrahim\Desktop\ŞUAN\KcetasProje\ProjeStaj.csproj]
C:\Users\İbrahim\Desktop\ŞUAN\KcetasProje\Controllers\TuketimNoktasiController.cs(90,31): error CS1061: 'TuketimNoktasi' bir 'ilce_adi' tanımı içermiyor ve 'TuketimNoktasi' türünde bir ilk bağımsız değişken kabul eden hiçbir erişilebilir 'ilce_adi' genişletme yöntemi bulunamadı (bir kullanma yönergeniz veya derleme başvurunuz eksik olabilir mi?) [C:\Users\İbrahim\Desktop\ŞUAN\KcetasProje\ProjeStaj.csproj]
C:\Users\İbrahim\Desktop\ŞUAN\KcetasProje\Controllers\TuketimNoktasiController.cs(91,31): error CS1061: 'TuketimNoktasi' bir 'ilce_adi' tanımı içermiyor ve 'TuketimNoktasi' türünde bir ilk bağımsız değişken kabul eden hiçbir erişilebilir 'ilce_adi' genişletme yöntemi bulunamadı (bir kullanma yönergeniz veya derleme başvurunuz eksik olabilir mi?) [C:\Users\İbrahim\Desktop\ŞUAN\KcetasProje\ProjeStaj.csproj]
C:\Users\İbrahim\Desktop\ŞUAN\KcetasProje\Controllers\TuketimNoktasiController.cs(92,31): error CS1061: 'TuketimNoktasi' bir 'ilce_adi' tanımı içermiyor ve 'TuketimNoktasi' türünde bir ilk bağımsız değişken kabul eden hiçbir erişilebilir 'ilce_adi' genişletme yöntemi bulunamadı (bir kullanma yönergeniz veya derleme başvurunuz eksik olabilir mi?) [C:\Users\İbrahim\Desktop\ŞUAN\KcetasProje\ProjeStaj.csproj]
C:\Users\İbrahim\Desktop\ŞUAN\KcetasProje\Controllers\TuketimNoktasiController.cs(93,32): error CS1061: 'TuketimNoktasi' bir 'ilce_adi' tanımı içermiyor ve 'TuketimNoktasi' türünde bir ilk bağımsız değişken kabul eden hiçbir erişilebilir 'ilce_adi' genişletme yöntemi bulunamadı (bir kullanma yönergeniz veya derleme başvurunuz eksik olabilir mi?) [C:\Users\İbrahim\Desktop\ŞUAN\KcetasProje\ProjeStaj.csproj]
C:\Users\İbrahim\Desktop\ŞUAN\KcetasProje\Controllers\TuketimNoktasiController.cs(94,32): error CS1061: 'TuketimNoktasi' bir 'ilce_adi' tanımı içermiyor ve 'TuketimNoktasi' türünde bir ilk bağımsız değişken kabul eden hiçbir erişilebilir 'ilce_adi' genişletme yöntemi bulunamadı (bir kullanma yönergeniz veya derleme başvurunuz eksik olabilir mi?) [C:\Users\İbrahim\Desktop\ŞUAN\KcetasProje\ProjeStaj.csproj]
C:\Users\İbrahim\Desktop\ŞUAN\KcetasProje\Controllers\TuketimNoktasiController.cs(95,32): error CS1061: 'TuketimNoktasi' bir 'ilce_adi' tanımı içermiyor ve 'TuketimNoktasi' türünde bir ilk bağımsız değişken kabul eden hiçbir erişilebilir 'ilce_adi' genişletme yöntemi bulunamadı (bir kullanma yönergeniz veya derleme başvurunuz eksik olabilir mi?) [C:\Users\İbrahim\Desktop\ŞUAN\KcetasProje\ProjeStaj.csproj]
C:\Users\İbrahim\Desktop\ŞUAN\KcetasProje\Controllers\TuketimNoktasiController.cs(96,32): error CS1061: 'TuketimNoktasi' bir 'ilce_adi' tanımı içermiyor ve 'TuketimNoktasi' türünde bir ilk bağımsız değişken kabul eden hiçbir erişilebilir 'ilce_adi' genişletme yöntemi bulunamadı (bir kullanma yönergeniz veya derleme başvurunuz eksik olabilir mi?) [C:\Users\İbrahim\Desktop\ŞUAN\KcetasProje\ProjeStaj.csproj]
C:\Users\İbrahim\Desktop\ŞUAN\KcetasProje\Controllers\TuketimNoktasiController.cs(97,32): error CS1061: 'TuketimNoktasi' bir 'ilce_adi' tanımı içermiyor ve 'TuketimNoktasi' türünde bir ilk bağımsız değişken kabul eden hiçbir erişilebilir 'ilce_adi' genişletme yöntemi bulunamadı (bir kullanma yönergeniz veya derleme başvurunuz eksik olabilir mi?) [C:\Users\İbrahim\Desktop\ŞUAN\KcetasProje\ProjeStaj.csproj]
C:\Users\İbrahim\Desktop\ŞUAN\KcetasProje\Controllers\TuketimNoktasiController.cs(98,32): error CS1061: 'TuketimNoktasi' bir 'ilce_adi' tanımı içermiyor ve 'TuketimNoktasi' türünde bir ilk bağımsız değişken kabul eden hiçbir erişilebilir 'ilce_adi' genişletme yöntemi bulunamadı (bir kullanma yönergeniz veya derleme başvurunuz eksik olabilir mi?) [C:\Users\İbrahim\Desktop\ŞUAN\KcetasProje\ProjeStaj.csproj]
C:\Users\İbrahim\Desktop\ŞUAN\KcetasProje\Controllers\TuketimNoktasiController.cs(99,32): error CS1061: 'TuketimNoktasi' bir 'ilce_adi' tanımı içermiyor ve 'TuketimNoktasi' türünde bir ilk bağımsız değişken kabul eden hiçbir erişilebilir 'ilce_adi' genişletme yöntemi bulunamadı (bir kullanma yönergeniz veya derleme başvurunuz eksik olabilir mi?) [C:\Users\İbrahim\Desktop\ŞUAN\KcetasProje\ProjeStaj.csproj]
C:\Users\İbrahim\Desktop\ŞUAN\KcetasProje\Controllers\TuketimNoktasiController.cs(100,32): error CS1061: 'TuketimNoktasi' bir 'ilce_adi' tanımı içermiyor ve 'TuketimNoktasi' türünde bir ilk bağımsız değişken kabul eden hiçbir erişilebilir 'ilce_adi' genişletme yöntemi bulunamadı (bir kullanma yönergeniz veya derleme başvurunuz eksik olabilir mi?) [C:\Users\İbrahim\Desktop\ŞUAN\KcetasProje\ProjeStaj.csproj]
C:\Users\İbrahim\Desktop\ŞUAN\KcetasProje\Controllers\TuketimNoktasiController.cs(101,32): error CS1061: 'TuketimNoktasi' bir 'ilce_adi' tanımı içermiyor ve 'TuketimNoktasi' türünde bir ilk bağımsız değişken kabul eden hiçbir erişilebilir 'ilce_adi' genişletme yöntemi bulunamadı (bir kullanma yönergeniz veya derleme başvurunuz eksik olabilir mi?) [C:\Users\İbrahim\Desktop\ŞUAN\KcetasProje\ProjeStaj.csproj]
C:\Users\İbrahim\Desktop\ŞUAN\KcetasProje\Controllers\TuketimNoktasiController.cs(107,45): error CS1061: 'TuketimNoktasi' bir 'tckn' tanımı içermiyor ve 'TuketimNoktasi' türünde bir ilk bağımsız değişken kabul eden hiçbir erişilebilir 'tckn' genişletme yöntemi bulunamadı (bir kullanma yönergeniz veya derleme başvurunuz eksik olabilir mi?) [C:\Users\İbrahim\Desktop\ŞUAN\KcetasProje\ProjeStaj.csproj]
C:\Users\İbrahim\Desktop\ŞUAN\KcetasProje\Controllers\TuketimNoktasiController.cs(107,82): error CS1061: 'TuketimNoktasi' bir 'vkn' tanımı içermiyor ve 'TuketimNoktasi' türünde bir ilk bağımsız değişken kabul eden hiçbir erişilebilir 'vkn' genişletme yöntemi bulunamadı (bir kullanma yönergeniz veya derleme başvurunuz eksik olabilir mi?) [C:\Users\İbrahim\Desktop\ŞUAN\KcetasProje\ProjeStaj.csproj]
C:\Users\İbrahim\Desktop\ŞUAN\KcetasProje\Controllers\TuketimNoktasiController.cs(111,34): error CS1061: 'TuketimNoktasi' bir 'tckn' tanımı içermiyor ve 'TuketimNoktasi' türünde bir ilk bağımsız değişken kabul eden hiçbir erişilebilir 'tckn' genişletme yöntemi bulunamadı (bir kullanma yönergeniz veya derleme başvurunuz eksik olabilir mi?) [C:\Users\İbrahim\Desktop\ŞUAN\KcetasProje\ProjeStaj.csproj]
C:\Users\İbrahim\Desktop\ŞUAN\KcetasProje\Controllers\TuketimNoktasiController.cs(112,33): error CS1061: 'TuketimNoktasi' bir 'vkn' tanımı içermiyor ve 'TuketimNoktasi' türünde bir ilk bağımsız değişken kabul eden hiçbir erişilebilir 'vkn' genişletme yöntemi bulunamadı (bir kullanma yönergeniz veya derleme başvurunuz eksik olabilir mi?) [C:\Users\İbrahim\Desktop\ŞUAN\KcetasProje\ProjeStaj.csproj]
C:\Users\İbrahim\Desktop\ŞUAN\KcetasProje\Controllers\TuketimNoktasiController.cs(113,37): error CS1061: 'TuketimNoktasi' bir 'telefon' tanımı içermiyor ve 'TuketimNoktasi' türünde bir ilk bağımsız değişken kabul eden hiçbir erişilebilir 'telefon' genişletme yöntemi bulunamadı (bir kullanma yönergeniz veya derleme başvurunuz eksik olabilir mi?) [C:\Users\İbrahim\Desktop\ŞUAN\KcetasProje\ProjeStaj.csproj]
C:\Users\İbrahim\Desktop\ŞUAN\KcetasProje\Controllers\TuketimNoktasiController.cs(114,37): error CS1061: 'TuketimNoktasi' bir 'e_posta' tanımı içermiyor ve 'TuketimNoktasi' türünde bir ilk bağımsız değişken kabul eden hiçbir erişilebilir 'e_posta' genişletme yöntemi bulunamadı (bir kullanma yönergeniz veya derleme başvurunuz eksik olabilir mi?) [C:\Users\İbrahim\Desktop\ŞUAN\KcetasProje\ProjeStaj.csproj]
C:\Users\İbrahim\Desktop\ŞUAN\KcetasProje\Controllers\TuketimNoktasiController.cs(115,62): error CS1061: 'TuketimNoktasi' bir 'vkn' tanımı içermiyor ve 'TuketimNoktasi' türünde bir ilk bağımsız değişken kabul eden hiçbir erişilebilir 'vkn' genişletme yöntemi bulunamadı (bir kullanma yönergeniz veya derleme başvurunuz eksik olabilir mi?) [C:\Users\İbrahim\Desktop\ŞUAN\KcetasProje\ProjeStaj.csproj]
C:\Users\İbrahim\Desktop\ŞUAN\KcetasProje\Controllers\TuketimNoktasiController.cs(116,32): error CS1061: 'TuketimNoktasi' bir 'musteri_ad' tanımı içermiyor ve 'TuketimNoktasi' türünde bir ilk bağımsız değişken kabul eden hiçbir erişilebilir 'musteri_ad' genişletme yöntemi bulunamadı (bir kullanma yönergeniz veya derleme başvurunuz eksik olabilir mi?) [C:\Users\İbrahim\Desktop\ŞUAN\KcetasProje\ProjeStaj.csproj]
C:\Users\İbrahim\Desktop\ŞUAN\KcetasProje\Controllers\TuketimNoktasiController.cs(117,35): error CS1061: 'TuketimNoktasi' bir 'musteri_soyad' tanımı içermiyor ve 'TuketimNoktasi' türünde bir ilk bağımsız değişken kabul eden hiçbir erişilebilir 'musteri_soyad' genişletme yöntemi bulunamadı (bir kullanma yönergeniz veya derleme başvurunuz eksik olabilir mi?) [C:\Users\İbrahim\Desktop\ŞUAN\KcetasProje\ProjeStaj.csproj]
C:\Users\İbrahim\Desktop\ŞUAN\KcetasProje\Controllers\TuketimNoktasiController.cs(118,35): error CS1061: 'TuketimNoktasi' bir 'musteri_unvan' tanımı içermiyor ve 'TuketimNoktasi' türünde bir ilk bağımsız değişken kabul eden hiçbir erişilebilir 'musteri_unvan' genişletme yöntemi bulunamadı (bir kullanma yönergeniz veya derleme başvurunuz eksik olabilir mi?) [C:\Users\İbrahim\Desktop\ŞUAN\KcetasProje\ProjeStaj.csproj]
C:\Users\İbrahim\Desktop\ŞUAN\KcetasProje\Controllers\TuketimNoktasiController.cs(127,121): error CS1061: 'TuketimNoktasi' bir 'tckn' tanımı içermiyor ve 'TuketimNoktasi' türünde bir ilk bağımsız değişken kabul eden hiçbir erişilebilir 'tckn' genişletme yöntemi bulunamadı (bir kullanma yönergeniz veya derleme başvurunuz eksik olabilir mi?) [C:\Users\İbrahim\Desktop\ŞUAN\KcetasProje\ProjeStaj.csproj]
C:\Users\İbrahim\Desktop\ŞUAN\KcetasProje\Controllers\TuketimNoktasiController.cs(127,157): error CS1061: 'TuketimNoktasi' bir 'tckn' tanımı içermiyor ve 'TuketimNoktasi' türünde bir ilk bağımsız değişken kabul eden hiçbir erişilebilir 'tckn' genişletme yöntemi bulunamadı (bir kullanma yönergeniz veya derleme başvurunuz eksik olabilir mi?) [C:\Users\İbrahim\Desktop\ŞUAN\KcetasProje\ProjeStaj.csproj]
C:\Users\İbrahim\Desktop\ŞUAN\KcetasProje\Controllers\TuketimNoktasiController.cs(127,183): error CS1061: 'TuketimNoktasi' bir 'vkn' tanımı içermiyor ve 'TuketimNoktasi' türünde bir ilk bağımsız değişken kabul eden hiçbir erişilebilir 'vkn' genişletme yöntemi bulunamadı (bir kullanma yönergeniz veya derleme başvurunuz eksik olabilir mi?) [C:\Users\İbrahim\Desktop\ŞUAN\KcetasProje\ProjeStaj.csproj]
C:\Users\İbrahim\Desktop\ŞUAN\KcetasProje\Controllers\TuketimNoktasiController.cs(127,218): error CS1061: 'TuketimNoktasi' bir 'vkn' tanımı içermiyor ve 'TuketimNoktasi' türünde bir ilk bağımsız değişken kabul eden hiçbir erişilebilir 'vkn' genişletme yöntemi bulunamadı (bir kullanma yönergeniz veya derleme başvurunuz eksik olabilir mi?) [C:\Users\İbrahim\Desktop\ŞUAN\KcetasProje\ProjeStaj.csproj]
C:\Users\İbrahim\Desktop\ŞUAN\KcetasProje\Controllers\TuketimNoktasiController.cs(138,56): error CS1061: 'TuketimNoktasi' bir 'TuketimNoktasiId' tanımı içermiyor ve 'TuketimNoktasi' türünde bir ilk bağımsız değişken kabul eden hiçbir erişilebilir 'TuketimNoktasiId' genişletme yöntemi bulunamadı (bir kullanma yönergeniz veya derleme başvurunuz eksik olabilir mi?) [C:\Users\İbrahim\Desktop\ŞUAN\KcetasProje\ProjeStaj.csproj]
C:\Users\İbrahim\Desktop\ŞUAN\KcetasProje\Controllers\TuketimNoktasiController.cs(144,29): error CS0117: 'Sozlesme' bir 'status' tanımı içermiyor [C:\Users\İbrahim\Desktop\ŞUAN\KcetasProje\ProjeStaj.csproj]
C:\Users\İbrahim\Desktop\ŞUAN\KcetasProje\Services\Mock\MockIsEmriService.cs(28,13): error CS0117: 'IsEmri' bir 'eski_sayac_no' tanımı içermiyor [C:\Users\İbrahim\Desktop\ŞUAN\KcetasProje\ProjeStaj.csproj]
C:\Users\İbrahim\Desktop\ŞUAN\KcetasProje\Services\Mock\MockIsEmriService.cs(29,13): error CS0117: 'IsEmri' bir 'eski_son_endeksi' tanımı içermiyor [C:\Users\İbrahim\Desktop\ŞUAN\KcetasProje\ProjeStaj.csproj]
C:\Users\İbrahim\Desktop\ŞUAN\KcetasProje\Services\Mock\MockIsEmriService.cs(30,13): error CS0117: 'IsEmri' bir 'CreatedAt' tanımı içermiyor [C:\Users\İbrahim\Desktop\ŞUAN\KcetasProje\ProjeStaj.csproj]
C:\Users\İbrahim\Desktop\ŞUAN\KcetasProje\Services\Mock\MockIsEmriService.cs(44,13): error CS0117: 'IsEmri' bir 'CreatedAt' tanımı içermiyor [C:\Users\İbrahim\Desktop\ŞUAN\KcetasProje\ProjeStaj.csproj]
C:\Users\İbrahim\Desktop\ŞUAN\KcetasProje\Services\Mock\MockIsEmriService.cs(58,13): error CS0117: 'IsEmri' bir 'CreatedAt' tanımı içermiyor [C:\Users\İbrahim\Desktop\ŞUAN\KcetasProje\ProjeStaj.csproj]
C:\Users\İbrahim\Desktop\ŞUAN\KcetasProje\Services\Mock\MockIsEmriService.cs(72,13): error CS0117: 'IsEmri' bir 'CreatedAt' tanımı içermiyor [C:\Users\İbrahim\Desktop\ŞUAN\KcetasProje\ProjeStaj.csproj]
C:\Users\İbrahim\Desktop\ŞUAN\KcetasProje\Services\Mock\MockIsEmriService.cs(86,13): error CS0117: 'IsEmri' bir 'CreatedAt' tanımı içermiyor [C:\Users\İbrahim\Desktop\ŞUAN\KcetasProje\ProjeStaj.csproj]
C:\Users\İbrahim\Desktop\ŞUAN\KcetasProje\Services\Mock\MockIsEmriService.cs(92,53): error CS1061: 'IsEmri' bir 'CreatedAt' tanımı içermiyor ve 'IsEmri' türünde bir ilk bağımsız değişken kabul eden hiçbir erişilebilir 'CreatedAt' genişletme yöntemi bulunamadı (bir kullanma yönergeniz veya derleme başvurunuz eksik olabilir mi?) [C:\Users\İbrahim\Desktop\ŞUAN\KcetasProje\ProjeStaj.csproj]
C:\Users\İbrahim\Desktop\ŞUAN\KcetasProje\Services\Mock\MockIsEmriService.cs(118,47): error CS1061: 'IsEmri' bir 'CreatedAt' tanımı içermiyor ve 'IsEmri' türünde bir ilk bağımsız değişken kabul eden hiçbir erişilebilir 'CreatedAt' genişletme yöntemi bulunamadı (bir kullanma yönergeniz veya derleme başvurunuz eksik olabilir mi?) [C:\Users\İbrahim\Desktop\ŞUAN\KcetasProje\ProjeStaj.csproj]
C:\Users\İbrahim\Desktop\ŞUAN\KcetasProje\Views\Sayac\Yeni.cshtml(131,49): error CS1061: 'Sayac' bir 'son_endeks' tanımı içermiyor ve 'Sayac' türünde bir ilk bağımsız değişken kabul eden hiçbir erişilebilir 'son_endeks' genişletme yöntemi bulunamadı (bir kullanma yönergeniz veya derleme başvurunuz eksik olabilir mi?) [C:\Users\İbrahim\Desktop\ŞUAN\KcetasProje\ProjeStaj.csproj]
C:\Users\İbrahim\Desktop\ŞUAN\KcetasProje\Views\Sayac\Yeni.cshtml(140,53): error CS1061: 'Sayac' bir 'son_endeks' tanımı içermiyor ve 'Sayac' türünde bir ilk bağımsız değişken kabul eden hiçbir erişilebilir 'son_endeks' genişletme yöntemi bulunamadı (bir kullanma yönergeniz veya derleme başvurunuz eksik olabilir mi?) [C:\Users\İbrahim\Desktop\ŞUAN\KcetasProje\ProjeStaj.csproj]
C:\Users\İbrahim\Desktop\ŞUAN\KcetasProje\Services\Mock\MockIsEmriService.cs(131,20): error CS1061: 'IsEmri' bir 'kesme_endeksi' tanımı içermiyor ve 'IsEmri' türünde bir ilk bağımsız değişken kabul eden hiçbir erişilebilir 'kesme_endeksi' genişletme yöntemi bulunamadı (bir kullanma yönergeniz veya derleme başvurunuz eksik olabilir mi?) [C:\Users\İbrahim\Desktop\ŞUAN\KcetasProje\ProjeStaj.csproj]
C:\Users\İbrahim\Desktop\ŞUAN\KcetasProje\Services\Mock\MockIsEmriService.cs(132,20): error CS1061: 'IsEmri' bir 'acma_endeksi' tanımı içermiyor ve 'IsEmri' türünde bir ilk bağımsız değişken kabul eden hiçbir erişilebilir 'acma_endeksi' genişletme yöntemi bulunamadı (bir kullanma yönergeniz veya derleme başvurunuz eksik olabilir mi?) [C:\Users\İbrahim\Desktop\ŞUAN\KcetasProje\ProjeStaj.csproj]
C:\Users\İbrahim\Desktop\ŞUAN\KcetasProje\Services\Mock\MockIsEmriService.cs(133,20): error CS1061: 'IsEmri' bir 'eski_sayac_no' tanımı içermiyor ve 'IsEmri' türünde bir ilk bağımsız değişken kabul eden hiçbir erişilebilir 'eski_sayac_no' genişletme yöntemi bulunamadı (bir kullanma yönergeniz veya derleme başvurunuz eksik olabilir mi?) [C:\Users\İbrahim\Desktop\ŞUAN\KcetasProje\ProjeStaj.csproj]
C:\Users\İbrahim\Desktop\ŞUAN\KcetasProje\Services\Mock\MockIsEmriService.cs(134,20): error CS1061: 'IsEmri' bir 'yeni_sayac_no' tanımı içermiyor ve 'IsEmri' türünde bir ilk bağımsız değişken kabul eden hiçbir erişilebilir 'yeni_sayac_no' genişletme yöntemi bulunamadı (bir kullanma yönergeniz veya derleme başvurunuz eksik olabilir mi?) [C:\Users\İbrahim\Desktop\ŞUAN\KcetasProje\ProjeStaj.csproj]
C:\Users\İbrahim\Desktop\ŞUAN\KcetasProje\Services\Mock\MockIsEmriService.cs(135,20): error CS1061: 'IsEmri' bir 'eski_son_endeksi' tanımı içermiyor ve 'IsEmri' türünde bir ilk bağımsız değişken kabul eden hiçbir erişilebilir 'eski_son_endeksi' genişletme yöntemi bulunamadı (bir kullanma yönergeniz veya derleme başvurunuz eksik olabilir mi?) [C:\Users\İbrahim\Desktop\ŞUAN\KcetasProje\ProjeStaj.csproj]
C:\Users\İbrahim\Desktop\ŞUAN\KcetasProje\Services\Mock\MockIsEmriService.cs(136,20): error CS1061: 'IsEmri' bir 'yeni_ilk_endeksi' tanımı içermiyor ve 'IsEmri' türünde bir ilk bağımsız değişken kabul eden hiçbir erişilebilir 'yeni_ilk_endeksi' genişletme yöntemi bulunamadı (bir kullanma yönergeniz veya derleme başvurunuz eksik olabilir mi?) [C:\Users\İbrahim\Desktop\ŞUAN\KcetasProje\ProjeStaj.csproj]
C:\Users\İbrahim\Desktop\ŞUAN\KcetasProje\Services\Mock\MockIsEmriService.cs(139,20): error CS1061: 'IsEmri' bir 'UpdatedAt' tanımı içermiyor ve 'IsEmri' türünde bir ilk bağımsız değişken kabul eden hiçbir erişilebilir 'UpdatedAt' genişletme yöntemi bulunamadı (bir kullanma yönergeniz veya derleme başvurunuz eksik olabilir mi?) [C:\Users\İbrahim\Desktop\ŞUAN\KcetasProje\ProjeStaj.csproj]
C:\Users\İbrahim\Desktop\ŞUAN\KcetasProje\Services\Mock\MockIsEmriService.cs(146,29): error CS0266: 'long' türü örtülü olarak 'int' türüne dönüştürülemez. Açık bir dönüştürme var (eksik atamanız mı var?) [C:\Users\İbrahim\Desktop\ŞUAN\KcetasProje\ProjeStaj.csproj]
C:\Users\İbrahim\Desktop\ŞUAN\KcetasProje\Services\Mock\MockIsEmriService.cs(148,16): error CS1061: 'IsEmri' bir 'CreatedAt' tanımı içermiyor ve 'IsEmri' türünde bir ilk bağımsız değişken kabul eden hiçbir erişilebilir 'CreatedAt' genişletme yöntemi bulunamadı (bir kullanma yönergeniz veya derleme başvurunuz eksik olabilir mi?) [C:\Users\İbrahim\Desktop\ŞUAN\KcetasProje\ProjeStaj.csproj]
C:\Users\İbrahim\Desktop\ŞUAN\KcetasProje\Services\Mock\MockIsEmriService.cs(161,20): error CS1061: 'IsEmri' bir 'UpdatedAt' tanımı içermiyor ve 'IsEmri' türünde bir ilk bağımsız değişken kabul eden hiçbir erişilebilir 'UpdatedAt' genişletme yöntemi bulunamadı (bir kullanma yönergeniz veya derleme başvurunuz eksik olabilir mi?) [C:\Users\İbrahim\Desktop\ŞUAN\KcetasProje\ProjeStaj.csproj]
C:\Users\İbrahim\Desktop\ŞUAN\KcetasProje\Controllers\TuketimNoktasiController.cs(171,41): error CS1061: 'TuketimNoktasi' bir 'TuketimNoktasiId' tanımı içermiyor ve 'TuketimNoktasi' türünde bir ilk bağımsız değişken kabul eden hiçbir erişilebilir 'TuketimNoktasiId' genişletme yöntemi bulunamadı (bir kullanma yönergeniz veya derleme başvurunuz eksik olabilir mi?) [C:\Users\İbrahim\Desktop\ŞUAN\KcetasProje\ProjeStaj.csproj]
C:\Users\İbrahim\Desktop\ŞUAN\KcetasProje\Controllers\TuketimNoktasiController.cs(173,35): error CS1061: 'TuketimNoktasi' bir 'musteri_ad' tanımı içermiyor ve 'TuketimNoktasi' türünde bir ilk bağımsız değişken kabul eden hiçbir erişilebilir 'musteri_ad' genişletme yöntemi bulunamadı (bir kullanma yönergeniz veya derleme başvurunuz eksik olabilir mi?) [C:\Users\İbrahim\Desktop\ŞUAN\KcetasProje\ProjeStaj.csproj]
C:\Users\İbrahim\Desktop\ŞUAN\KcetasProje\Controllers\TuketimNoktasiController.cs(174,38): error CS1061: 'TuketimNoktasi' bir 'musteri_soyad' tanımı içermiyor ve 'TuketimNoktasi' türünde bir ilk bağımsız değişken kabul eden hiçbir erişilebilir 'musteri_soyad' genişletme yöntemi bulunamadı (bir kullanma yönergeniz veya derleme başvurunuz eksik olabilir mi?) [C:\Users\İbrahim\Desktop\ŞUAN\KcetasProje\ProjeStaj.csproj]
C:\Users\İbrahim\Desktop\ŞUAN\KcetasProje\Controllers\TuketimNoktasiController.cs(175,38): error CS1061: 'TuketimNoktasi' bir 'musteri_unvan' tanımı içermiyor ve 'TuketimNoktasi' türünde bir ilk bağımsız değişken kabul eden hiçbir erişilebilir 'musteri_unvan' genişletme yöntemi bulunamadı (bir kullanma yönergeniz veya derleme başvurunuz eksik olabilir mi?) [C:\Users\İbrahim\Desktop\ŞUAN\KcetasProje\ProjeStaj.csproj]
C:\Users\İbrahim\Desktop\ŞUAN\KcetasProje\Controllers\TuketimNoktasiController.cs(176,29): error CS1061: 'TuketimNoktasi' bir 'tckn' tanımı içermiyor ve 'TuketimNoktasi' türünde bir ilk bağımsız değişken kabul eden hiçbir erişilebilir 'tckn' genişletme yöntemi bulunamadı (bir kullanma yönergeniz veya derleme başvurunuz eksik olabilir mi?) [C:\Users\İbrahim\Desktop\ŞUAN\KcetasProje\ProjeStaj.csproj]
C:\Users\İbrahim\Desktop\ŞUAN\KcetasProje\Controllers\TuketimNoktasiController.cs(177,28): error CS1061: 'TuketimNoktasi' bir 'vkn' tanımı içermiyor ve 'TuketimNoktasi' türünde bir ilk bağımsız değişken kabul eden hiçbir erişilebilir 'vkn' genişletme yöntemi bulunamadı (bir kullanma yönergeniz veya derleme başvurunuz eksik olabilir mi?) [C:\Users\İbrahim\Desktop\ŞUAN\KcetasProje\ProjeStaj.csproj]
C:\Users\İbrahim\Desktop\ŞUAN\KcetasProje\Controllers\TuketimNoktasiController.cs(178,32): error CS1061: 'TuketimNoktasi' bir 'telefon' tanımı içermiyor ve 'TuketimNoktasi' türünde bir ilk bağımsız değişken kabul eden hiçbir erişilebilir 'telefon' genişletme yöntemi bulunamadı (bir kullanma yönergeniz veya derleme başvurunuz eksik olabilir mi?) [C:\Users\İbrahim\Desktop\ŞUAN\KcetasProje\ProjeStaj.csproj]
C:\Users\İbrahim\Desktop\ŞUAN\KcetasProje\Controllers\TuketimNoktasiController.cs(179,32): error CS1061: 'TuketimNoktasi' bir 'e_posta' tanımı içermiyor ve 'TuketimNoktasi' türünde bir ilk bağımsız değişken kabul eden hiçbir erişilebilir 'e_posta' genişletme yöntemi bulunamadı (bir kullanma yönergeniz veya derleme başvurunuz eksik olabilir mi?) [C:\Users\İbrahim\Desktop\ŞUAN\KcetasProje\ProjeStaj.csproj]
C:\Users\İbrahim\Desktop\ŞUAN\KcetasProje\Controllers\TuketimNoktasiController.cs(180,41): error CS1061: 'TuketimNoktasi' bir 'iletisim_tercihi' tanımı içermiyor ve 'TuketimNoktasi' türünde bir ilk bağımsız değişken kabul eden hiçbir erişilebilir 'iletisim_tercihi' genişletme yöntemi bulunamadı (bir kullanma yönergeniz veya derleme başvurunuz eksik olabilir mi?) [C:\Users\İbrahim\Desktop\ŞUAN\KcetasProje\ProjeStaj.csproj]
C:\Users\İbrahim\Desktop\ŞUAN\KcetasProje\Controllers\TuketimNoktasiController.cs(182,31): error CS1061: 'TuketimNoktasi' bir 'il_adi' tanımı içermiyor ve 'TuketimNoktasi' türünde bir ilk bağımsız değişken kabul eden hiçbir erişilebilir 'il_adi' genişletme yöntemi bulunamadı (bir kullanma yönergeniz veya derleme başvurunuz eksik olabilir mi?) [C:\Users\İbrahim\Desktop\ŞUAN\KcetasProje\ProjeStaj.csproj]
C:\Users\İbrahim\Desktop\ŞUAN\KcetasProje\Controllers\TuketimNoktasiController.cs(183,33): error CS1061: 'TuketimNoktasi' bir 'ilce_adi' tanımı içermiyor ve 'TuketimNoktasi' türünde bir ilk bağımsız değişken kabul eden hiçbir erişilebilir 'ilce_adi' genişletme yöntemi bulunamadı (bir kullanma yönergeniz veya derleme başvurunuz eksik olabilir mi?) [C:\Users\İbrahim\Desktop\ŞUAN\KcetasProje\ProjeStaj.csproj]
C:\Users\İbrahim\Desktop\ŞUAN\KcetasProje\Controllers\TuketimNoktasiController.cs(189,33): error CS0266: 'decimal' türü örtülü olarak 'double?' türüne dönüştürülemez. Açık bir dönüştürme var (eksik atamanız mı var?) [C:\Users\İbrahim\Desktop\ŞUAN\KcetasProje\ProjeStaj.csproj]
C:\Users\İbrahim\Desktop\ŞUAN\KcetasProje\Controllers\TuketimNoktasiController.cs(190,33): error CS0266: 'decimal' türü örtülü olarak 'double?' türüne dönüştürülemez. Açık bir dönüştürme var (eksik atamanız mı var?) [C:\Users\İbrahim\Desktop\ŞUAN\KcetasProje\ProjeStaj.csproj]
C:\Users\İbrahim\Desktop\ŞUAN\KcetasProje\Controllers\TuketimNoktasiController.cs(192,39): error CS1061: 'TuketimNoktasi' bir 'baglanti_grubu' tanımı içermiyor ve 'TuketimNoktasi' türünde bir ilk bağımsız değişken kabul eden hiçbir erişilebilir 'baglanti_grubu' genişletme yöntemi bulunamadı (bir kullanma yönergeniz veya derleme başvurunuz eksik olabilir mi?) [C:\Users\İbrahim\Desktop\ŞUAN\KcetasProje\ProjeStaj.csproj]
C:\Users\İbrahim\Desktop\ŞUAN\KcetasProje\Controllers\TuketimNoktasiController.cs(194,47): error CS1061: 'TuketimNoktasi' bir 'sayac_id' tanımı içermiyor ve 'TuketimNoktasi' türünde bir ilk bağımsız değişken kabul eden hiçbir erişilebilir 'sayac_id' genişletme yöntemi bulunamadı (bir kullanma yönergeniz veya derleme başvurunuz eksik olabilir mi?) [C:\Users\İbrahim\Desktop\ŞUAN\KcetasProje\ProjeStaj.csproj]
C:\Users\İbrahim\Desktop\ŞUAN\KcetasProje\Controllers\TuketimNoktasiController.cs(195,50): error CS1061: 'TuketimNoktasi' bir 'sozlesme_id' tanımı içermiyor ve 'TuketimNoktasi' türünde bir ilk bağımsız değişken kabul eden hiçbir erişilebilir 'sozlesme_id' genişletme yöntemi bulunamadı (bir kullanma yönergeniz veya derleme başvurunuz eksik olabilir mi?) [C:\Users\İbrahim\Desktop\ŞUAN\KcetasProje\ProjeStaj.csproj]
C:\Users\İbrahim\Desktop\ŞUAN\KcetasProje\Controllers\TuketimNoktasiController.cs(196,35): error CS1061: 'TuketimNoktasi' bir 'is_emri_no' tanımı içermiyor ve 'TuketimNoktasi' türünde bir ilk bağımsız değişken kabul eden hiçbir erişilebilir 'is_emri_no' genişletme yöntemi bulunamadı (bir kullanma yönergeniz veya derleme başvurunuz eksik olabilir mi?) [C:\Users\İbrahim\Desktop\ŞUAN\KcetasProje\ProjeStaj.csproj]
C:\Users\İbrahim\Desktop\ŞUAN\KcetasProje\Controllers\TuketimNoktasiController.cs(197,47): error CS1061: 'TuketimNoktasi' bir 'okuma_id' tanımı içermiyor ve 'TuketimNoktasi' türünde bir ilk bağımsız değişken kabul eden hiçbir erişilebilir 'okuma_id' genişletme yöntemi bulunamadı (bir kullanma yönergeniz veya derleme başvurunuz eksik olabilir mi?) [C:\Users\İbrahim\Desktop\ŞUAN\KcetasProje\ProjeStaj.csproj]
C:\Users\İbrahim\Desktop\ŞUAN\KcetasProje\Controllers\TuketimNoktasiController.cs(198,27): error CS1061: 'TuketimNoktasi' bir 'musteri_ad' tanımı içermiyor ve 'TuketimNoktasi' türünde bir ilk bağımsız değişken kabul eden hiçbir erişilebilir 'musteri_ad' genişletme yöntemi bulunamadı (bir kullanma yönergeniz veya derleme başvurunuz eksik olabilir mi?) [C:\Users\İbrahim\Desktop\ŞUAN\KcetasProje\ProjeStaj.csproj]
C:\Users\İbrahim\Desktop\ŞUAN\KcetasProje\Controllers\TuketimNoktasiController.cs(199,30): error CS1061: 'TuketimNoktasi' bir 'musteri_soyad' tanımı içermiyor ve 'TuketimNoktasi' türünde bir ilk bağımsız değişken kabul eden hiçbir erişilebilir 'musteri_soyad' genişletme yöntemi bulunamadı (bir kullanma yönergeniz veya derleme başvurunuz eksik olabilir mi?) [C:\Users\İbrahim\Desktop\ŞUAN\KcetasProje\ProjeStaj.csproj]
C:\Users\İbrahim\Desktop\ŞUAN\KcetasProje\Controllers\TuketimNoktasiController.cs(200,30): error CS1061: 'TuketimNoktasi' bir 'musteri_unvan' tanımı içermiyor ve 'TuketimNoktasi' türünde bir ilk bağımsız değişken kabul eden hiçbir erişilebilir 'musteri_unvan' genişletme yöntemi bulunamadı (bir kullanma yönergeniz veya derleme başvurunuz eksik olabilir mi?) [C:\Users\İbrahim\Desktop\ŞUAN\KcetasProje\ProjeStaj.csproj]
C:\Users\İbrahim\Desktop\ŞUAN\KcetasProje\Controllers\TuketimNoktasiController.cs(204,91): error CS1061: 'TuketimNoktasi' bir 'TuketimNoktasiId' tanımı içermiyor ve 'TuketimNoktasi' türünde bir ilk bağımsız değişken kabul eden hiçbir erişilebilir 'TuketimNoktasiId' genişletme yöntemi bulunamadı (bir kullanma yönergeniz veya derleme başvurunuz eksik olabilir mi?) [C:\Users\İbrahim\Desktop\ŞUAN\KcetasProje\ProjeStaj.csproj]
C:\Users\İbrahim\Desktop\ŞUAN\KcetasProje\Controllers\TuketimNoktasiController.cs(206,97): error CS1061: 'TuketimNoktasi' bir 'TuketimNoktasiId' tanımı içermiyor ve 'TuketimNoktasi' türünde bir ilk bağımsız değişken kabul eden hiçbir erişilebilir 'TuketimNoktasiId' genişletme yöntemi bulunamadı (bir kullanma yönergeniz veya derleme başvurunuz eksik olabilir mi?) [C:\Users\İbrahim\Desktop\ŞUAN\KcetasProje\ProjeStaj.csproj]
C:\Users\İbrahim\Desktop\ŞUAN\KcetasProje\Controllers\TuketimNoktasiController.cs(208,98): error CS1061: 'TuketimNoktasi' bir 'TuketimNoktasiId' tanımı içermiyor ve 'TuketimNoktasi' türünde bir ilk bağımsız değişken kabul eden hiçbir erişilebilir 'TuketimNoktasiId' genişletme yöntemi bulunamadı (bir kullanma yönergeniz veya derleme başvurunuz eksik olabilir mi?) [C:\Users\İbrahim\Desktop\ŞUAN\KcetasProje\ProjeStaj.csproj]
C:\Users\İbrahim\Desktop\ŞUAN\KcetasProje\Views\Sozlesme\Detay.cshtml(28,32): error CS1061: 'Sozlesme' bir 'statu' tanımı içermiyor ve 'Sozlesme' türünde bir ilk bağımsız değişken kabul eden hiçbir erişilebilir 'statu' genişletme yöntemi bulunamadı (bir kullanma yönergeniz veya derleme başvurunuz eksik olabilir mi?) [C:\Users\İbrahim\Desktop\ŞUAN\KcetasProje\ProjeStaj.csproj]
C:\Users\İbrahim\Desktop\ŞUAN\KcetasProje\Views\Sozlesme\Detay.cshtml(32,36): error CS1061: 'Sozlesme' bir 'statu' tanımı içermiyor ve 'Sozlesme' türünde bir ilk bağımsız değişken kabul eden hiçbir erişilebilir 'statu' genişletme yöntemi bulunamadı (bir kullanma yönergeniz veya derleme başvurunuz eksik olabilir mi?) [C:\Users\İbrahim\Desktop\ŞUAN\KcetasProje\ProjeStaj.csproj]
C:\Users\İbrahim\Desktop\ŞUAN\KcetasProje\Views\Sozlesme\Detay.cshtml(38,152): error CS1061: 'Sozlesme' bir 'statu' tanımı içermiyor ve 'Sozlesme' türünde bir ilk bağımsız değişken kabul eden hiçbir erişilebilir 'statu' genişletme yöntemi bulunamadı (bir kullanma yönergeniz veya derleme başvurunuz eksik olabilir mi?) [C:\Users\İbrahim\Desktop\ŞUAN\KcetasProje\ProjeStaj.csproj]
C:\Users\İbrahim\Desktop\ŞUAN\KcetasProje\Views\Sozlesme\Detay.cshtml(50,72): error CS1061: 'Sozlesme' bir 'ad' tanımı içermiyor ve 'Sozlesme' türünde bir ilk bağımsız değişken kabul eden hiçbir erişilebilir 'ad' genişletme yöntemi bulunamadı (bir kullanma yönergeniz veya derleme başvurunuz eksik olabilir mi?) [C:\Users\İbrahim\Desktop\ŞUAN\KcetasProje\ProjeStaj.csproj]
C:\Users\İbrahim\Desktop\ŞUAN\KcetasProje\Views\Sozlesme\Detay.cshtml(50,84): error CS1061: 'Sozlesme' bir 'soyad' tanımı içermiyor ve 'Sozlesme' türünde bir ilk bağımsız değişken kabul eden hiçbir erişilebilir 'soyad' genişletme yöntemi bulunamadı (bir kullanma yönergeniz veya derleme başvurunuz eksik olabilir mi?) [C:\Users\İbrahim\Desktop\ŞUAN\KcetasProje\ProjeStaj.csproj]
C:\Users\İbrahim\Desktop\ŞUAN\KcetasProje\Views\Sozlesme\Detay.cshtml(50,99): error CS1061: 'Sozlesme' bir 'unvan' tanımı içermiyor ve 'Sozlesme' türünde bir ilk bağımsız değişken kabul eden hiçbir erişilebilir 'unvan' genişletme yöntemi bulunamadı (bir kullanma yönergeniz veya derleme başvurunuz eksik olabilir mi?) [C:\Users\İbrahim\Desktop\ŞUAN\KcetasProje\ProjeStaj.csproj]
C:\Users\İbrahim\Desktop\ŞUAN\KcetasProje\Views\Sozlesme\Detay.cshtml(55,50): error CS1061: 'Sozlesme' bir 'tckn' tanımı içermiyor ve 'Sozlesme' türünde bir ilk bağımsız değişken kabul eden hiçbir erişilebilir 'tckn' genişletme yöntemi bulunamadı (bir kullanma yönergeniz veya derleme başvurunuz eksik olabilir mi?) [C:\Users\İbrahim\Desktop\ŞUAN\KcetasProje\ProjeStaj.csproj]
C:\Users\İbrahim\Desktop\ŞUAN\KcetasProje\Views\Sozlesme\Detay.cshtml(58,69): error CS1061: 'Sozlesme' bir 'vkn' tanımı içermiyor ve 'Sozlesme' türünde bir ilk bağımsız değişken kabul eden hiçbir erişilebilir 'vkn' genişletme yöntemi bulunamadı (bir kullanma yönergeniz veya derleme başvurunuz eksik olabilir mi?) [C:\Users\İbrahim\Desktop\ŞUAN\KcetasProje\ProjeStaj.csproj]
C:\Users\İbrahim\Desktop\ŞUAN\KcetasProje\Views\Sozlesme\Detay.cshtml(58,95): error CS1061: 'Sozlesme' bir 'vkn' tanımı içermiyor ve 'Sozlesme' türünde bir ilk bağımsız değişken kabul eden hiçbir erişilebilir 'vkn' genişletme yöntemi bulunamadı (bir kullanma yönergeniz veya derleme başvurunuz eksik olabilir mi?) [C:\Users\İbrahim\Desktop\ŞUAN\KcetasProje\ProjeStaj.csproj]
C:\Users\İbrahim\Desktop\ŞUAN\KcetasProje\Views\Sozlesme\Detay.cshtml(64,49): error CS1061: 'Sozlesme' bir 'telefon' tanımı içermiyor ve 'Sozlesme' türünde bir ilk bağımsız değişken kabul eden hiçbir erişilebilir 'telefon' genişletme yöntemi bulunamadı (bir kullanma yönergeniz veya derleme başvurunuz eksik olabilir mi?) [C:\Users\İbrahim\Desktop\ŞUAN\KcetasProje\ProjeStaj.csproj]
C:\Users\İbrahim\Desktop\ŞUAN\KcetasProje\Views\Sozlesme\Detay.cshtml(67,50): error CS1061: 'Sozlesme' bir 'e_posta' tanımı içermiyor ve 'Sozlesme' türünde bir ilk bağımsız değişken kabul eden hiçbir erişilebilir 'e_posta' genişletme yöntemi bulunamadı (bir kullanma yönergeniz veya derleme başvurunuz eksik olabilir mi?) [C:\Users\İbrahim\Desktop\ŞUAN\KcetasProje\ProjeStaj.csproj]
C:\Users\İbrahim\Desktop\ŞUAN\KcetasProje\Views\Sozlesme\Detay.cshtml(77,94): error CS1061: 'Sozlesme' bir 'tarife_grubu' tanımı içermiyor ve 'Sozlesme' türünde bir ilk bağımsız değişken kabul eden hiçbir erişilebilir 'tarife_grubu' genişletme yöntemi bulunamadı (bir kullanma yönergeniz veya derleme başvurunuz eksik olabilir mi?) [C:\Users\İbrahim\Desktop\ŞUAN\KcetasProje\ProjeStaj.csproj]
C:\Users\İbrahim\Desktop\ŞUAN\KcetasProje\Views\Sozlesme\Detay.cshtml(85,50): error CS1061: 'DateTime' bir 'HasValue' tanımı içermiyor ve 'DateTime' türünde bir ilk bağımsız değişken kabul eden hiçbir erişilebilir 'HasValue' genişletme yöntemi bulunamadı (bir kullanma yönergeniz veya derleme başvurunuz eksik olabilir mi?) [C:\Users\İbrahim\Desktop\ŞUAN\KcetasProje\ProjeStaj.csproj]
C:\Users\İbrahim\Desktop\ŞUAN\KcetasProje\Views\Sozlesme\Detay.cshtml(85,80): error CS1061: 'DateTime' bir 'Value' tanımı içermiyor ve 'DateTime' türünde bir ilk bağımsız değişken kabul eden hiçbir erişilebilir 'Value' genişletme yöntemi bulunamadı (bir kullanma yönergeniz veya derleme başvurunuz eksik olabilir mi?) [C:\Users\İbrahim\Desktop\ŞUAN\KcetasProje\ProjeStaj.csproj]
C:\Users\İbrahim\Desktop\ŞUAN\KcetasProje\Views\Sozlesme\Detay.cshtml(90,58): error CS1061: 'Sozlesme' bir 'sayac' tanımı içermiyor ve 'Sozlesme' türünde bir ilk bağımsız değişken kabul eden hiçbir erişilebilir 'sayac' genişletme yöntemi bulunamadı (bir kullanma yönergeniz veya derleme başvurunuz eksik olabilir mi?) [C:\Users\İbrahim\Desktop\ŞUAN\KcetasProje\ProjeStaj.csproj]
C:\Users\İbrahim\Desktop\ŞUAN\KcetasProje\Views\Sozlesme\Detay.cshtml(90,79): error CS1061: 'Sozlesme' bir 'sayac' tanımı içermiyor ve 'Sozlesme' türünde bir ilk bağımsız değişken kabul eden hiçbir erişilebilir 'sayac' genişletme yöntemi bulunamadı (bir kullanma yönergeniz veya derleme başvurunuz eksik olabilir mi?) [C:\Users\İbrahim\Desktop\ŞUAN\KcetasProje\ProjeStaj.csproj]
C:\Users\İbrahim\Desktop\ŞUAN\KcetasProje\Views\Sozlesme\Detay.cshtml(91,94): error CS1061: 'Sozlesme' bir 'baslangic_endeksi' tanımı içermiyor ve 'Sozlesme' türünde bir ilk bağımsız değişken kabul eden hiçbir erişilebilir 'baslangic_endeksi' genişletme yöntemi bulunamadı (bir kullanma yönergeniz veya derleme başvurunuz eksik olabilir mi?) [C:\Users\İbrahim\Desktop\ŞUAN\KcetasProje\ProjeStaj.csproj]
C:\Users\İbrahim\Desktop\ŞUAN\KcetasProje\Views\Sozlesme\Detay.cshtml(92,111): error CS1061: 'Sozlesme' bir 'odeme_sekli' tanımı içermiyor ve 'Sozlesme' türünde bir ilk bağımsız değişken kabul eden hiçbir erişilebilir 'odeme_sekli' genişletme yöntemi bulunamadı (bir kullanma yönergeniz veya derleme başvurunuz eksik olabilir mi?) [C:\Users\İbrahim\Desktop\ŞUAN\KcetasProje\ProjeStaj.csproj]
C:\Users\İbrahim\Desktop\ŞUAN\KcetasProje\Views\Sozlesme\Detay.cshtml(92,138): error CS1061: 'Sozlesme' bir 'odeme_sekli' tanımı içermiyor ve 'Sozlesme' türünde bir ilk bağımsız değişken kabul eden hiçbir erişilebilir 'odeme_sekli' genişletme yöntemi bulunamadı (bir kullanma yönergeniz veya derleme başvurunuz eksik olabilir mi?) [C:\Users\İbrahim\Desktop\ŞUAN\KcetasProje\ProjeStaj.csproj]
C:\Users\İbrahim\Desktop\ŞUAN\KcetasProje\Views\Sozlesme\Detay.cshtml(122,117): error CS1061: 'DateTime' bir 'HasValue' tanımı içermiyor ve 'DateTime' türünde bir ilk bağımsız değişken kabul eden hiçbir erişilebilir 'HasValue' genişletme yöntemi bulunamadı (bir kullanma yönergeniz veya derleme başvurunuz eksik olabilir mi?) [C:\Users\İbrahim\Desktop\ŞUAN\KcetasProje\ProjeStaj.csproj]
C:\Users\İbrahim\Desktop\ŞUAN\KcetasProje\Views\Sozlesme\Detay.cshtml(122,148): error CS1061: 'DateTime' bir 'Value' tanımı içermiyor ve 'DateTime' türünde bir ilk bağımsız değişken kabul eden hiçbir erişilebilir 'Value' genişletme yöntemi bulunamadı (bir kullanma yönergeniz veya derleme başvurunuz eksik olabilir mi?) [C:\Users\İbrahim\Desktop\ŞUAN\KcetasProje\ProjeStaj.csproj]
C:\Users\İbrahim\Desktop\ŞUAN\KcetasProje\Views\Sozlesme\Detay.cshtml(124,76): error CS1061: 'Sozlesme' bir 'statu' tanımı içermiyor ve 'Sozlesme' türünde bir ilk bağımsız değişken kabul eden hiçbir erişilebilir 'statu' genişletme yöntemi bulunamadı (bir kullanma yönergeniz veya derleme başvurunuz eksik olabilir mi?) [C:\Users\İbrahim\Desktop\ŞUAN\KcetasProje\ProjeStaj.csproj]
C:\Users\İbrahim\Desktop\ŞUAN\KcetasProje\Views\Sozlesme\Detay.cshtml(124,133): error CS1061: 'Sozlesme' bir 'statu' tanımı içermiyor ve 'Sozlesme' türünde bir ilk bağımsız değişken kabul eden hiçbir erişilebilir 'statu' genişletme yöntemi bulunamadı (bir kullanma yönergeniz veya derleme başvurunuz eksik olabilir mi?) [C:\Users\İbrahim\Desktop\ŞUAN\KcetasProje\ProjeStaj.csproj]
C:\Users\İbrahim\Desktop\ŞUAN\KcetasProje\Views\Sozlesme\Detay.cshtml(126,53): error CS1061: 'Sozlesme' bir 'tarife_grubu' tanımı içermiyor ve 'Sozlesme' türünde bir ilk bağımsız değişken kabul eden hiçbir erişilebilir 'tarife_grubu' genişletme yöntemi bulunamadı (bir kullanma yönergeniz veya derleme başvurunuz eksik olabilir mi?) [C:\Users\İbrahim\Desktop\ŞUAN\KcetasProje\ProjeStaj.csproj]
C:\Users\İbrahim\Desktop\ŞUAN\KcetasProje\Views\Sozlesme\Detay.cshtml(141,28): error CS1061: 'Sozlesme' bir 'statu' tanımı içermiyor ve 'Sozlesme' türünde bir ilk bağımsız değişken kabul eden hiçbir erişilebilir 'statu' genişletme yöntemi bulunamadı (bir kullanma yönergeniz veya derleme başvurunuz eksik olabilir mi?) [C:\Users\İbrahim\Desktop\ŞUAN\KcetasProje\ProjeStaj.csproj]
C:\Users\İbrahim\Desktop\ŞUAN\KcetasProje\Services\Mock\MockEndeksOkumaService.cs(13,187): error CS0117: 'EndeksOkuma' bir 'CreatedAt' tanımı içermiyor [C:\Users\İbrahim\Desktop\ŞUAN\KcetasProje\ProjeStaj.csproj]
C:\Users\İbrahim\Desktop\ŞUAN\KcetasProje\Services\Mock\MockEndeksOkumaService.cs(14,187): error CS0117: 'EndeksOkuma' bir 'CreatedAt' tanımı içermiyor [C:\Users\İbrahim\Desktop\ŞUAN\KcetasProje\ProjeStaj.csproj]
C:\Users\İbrahim\Desktop\ŞUAN\KcetasProje\Services\Mock\MockEndeksOkumaService.cs(15,187): error CS0117: 'EndeksOkuma' bir 'CreatedAt' tanımı içermiyor [C:\Users\İbrahim\Desktop\ŞUAN\KcetasProje\ProjeStaj.csproj]
C:\Users\İbrahim\Desktop\ŞUAN\KcetasProje\Services\Mock\MockEndeksOkumaService.cs(16,192): error CS0117: 'EndeksOkuma' bir 'okunamam_nedeni' tanımı içermiyor [C:\Users\İbrahim\Desktop\ŞUAN\KcetasProje\ProjeStaj.csproj]
C:\Users\İbrahim\Desktop\ŞUAN\KcetasProje\Services\Mock\MockEndeksOkumaService.cs(16,215): error CS0117: 'EndeksOkuma' bir 'CreatedAt' tanımı içermiyor [C:\Users\İbrahim\Desktop\ŞUAN\KcetasProje\ProjeStaj.csproj]
C:\Users\İbrahim\Desktop\ŞUAN\KcetasProje\Services\Mock\MockEndeksOkumaService.cs(17,188): error CS0117: 'EndeksOkuma' bir 'CreatedAt' tanımı içermiyor [C:\Users\İbrahim\Desktop\ŞUAN\KcetasProje\ProjeStaj.csproj]
C:\Users\İbrahim\Desktop\ŞUAN\KcetasProje\Services\Mock\MockEndeksOkumaService.cs(18,206): error CS0117: 'EndeksOkuma' bir 'AnomaliAciklamasi' tanımı içermiyor [C:\Users\İbrahim\Desktop\ŞUAN\KcetasProje\ProjeStaj.csproj]
C:\Users\İbrahim\Desktop\ŞUAN\KcetasProje\Services\Mock\MockEndeksOkumaService.cs(18,250): error CS0117: 'EndeksOkuma' bir 'CreatedAt' tanımı içermiyor [C:\Users\İbrahim\Desktop\ŞUAN\KcetasProje\ProjeStaj.csproj]
C:\Users\İbrahim\Desktop\ŞUAN\KcetasProje\Services\Mock\MockEndeksOkumaService.cs(19,186): error CS0117: 'EndeksOkuma' bir 'CreatedAt' tanımı içermiyor [C:\Users\İbrahim\Desktop\ŞUAN\KcetasProje\ProjeStaj.csproj]
C:\Users\İbrahim\Desktop\ŞUAN\KcetasProje\Services\Mock\MockEndeksOkumaService.cs(20,186): error CS0117: 'EndeksOkuma' bir 'CreatedAt' tanımı içermiyor [C:\Users\İbrahim\Desktop\ŞUAN\KcetasProje\ProjeStaj.csproj]
C:\Users\İbrahim\Desktop\ŞUAN\KcetasProje\Services\Mock\MockEndeksOkumaService.cs(21,186): error CS0117: 'EndeksOkuma' bir 'CreatedAt' tanımı içermiyor [C:\Users\İbrahim\Desktop\ŞUAN\KcetasProje\ProjeStaj.csproj]
C:\Users\İbrahim\Desktop\ŞUAN\KcetasProje\Controllers\TuketimNoktasiController.cs(252,22): error CS1061: 'TuketimNoktasi' bir 'il_adi' tanımı içermiyor ve 'TuketimNoktasi' türünde bir ilk bağımsız değişken kabul eden hiçbir erişilebilir 'il_adi' genişletme yöntemi bulunamadı (bir kullanma yönergeniz veya derleme başvurunuz eksik olabilir mi?) [C:\Users\İbrahim\Desktop\ŞUAN\KcetasProje\ProjeStaj.csproj]
C:\Users\İbrahim\Desktop\ŞUAN\KcetasProje\Controllers\TuketimNoktasiController.cs(252,37): error CS1061: 'TuketimNoktasi' bir 'il_adi' tanımı içermiyor ve 'TuketimNoktasi' türünde bir ilk bağımsız değişken kabul eden hiçbir erişilebilir 'il_adi' genişletme yöntemi bulunamadı (bir kullanma yönergeniz veya derleme başvurunuz eksik olabilir mi?) [C:\Users\İbrahim\Desktop\ŞUAN\KcetasProje\ProjeStaj.csproj]
C:\Users\İbrahim\Desktop\ŞUAN\KcetasProje\Controllers\TuketimNoktasiController.cs(257,34): error CS1061: 'TuketimNoktasi' bir 'ilce_adi' tanımı içermiyor ve 'TuketimNoktasi' türünde bir ilk bağımsız değişken kabul eden hiçbir erişilebilir 'ilce_adi' genişletme yöntemi bulunamadı (bir kullanma yönergeniz veya derleme başvurunuz eksik olabilir mi?) [C:\Users\İbrahim\Desktop\ŞUAN\KcetasProje\ProjeStaj.csproj]
C:\Users\İbrahim\Desktop\ŞUAN\KcetasProje\Controllers\TuketimNoktasiController.cs(258,34): error CS1061: 'TuketimNoktasi' bir 'ilce_adi' tanımı içermiyor ve 'TuketimNoktasi' türünde bir ilk bağımsız değişken kabul eden hiçbir erişilebilir 'ilce_adi' genişletme yöntemi bulunamadı (bir kullanma yönergeniz veya derleme başvurunuz eksik olabilir mi?) [C:\Users\İbrahim\Desktop\ŞUAN\KcetasProje\ProjeStaj.csproj]
C:\Users\İbrahim\Desktop\ŞUAN\KcetasProje\Controllers\TuketimNoktasiController.cs(259,34): error CS1061: 'TuketimNoktasi' bir 'ilce_adi' tanımı içermiyor ve 'TuketimNoktasi' türünde bir ilk bağımsız değişken kabul eden hiçbir erişilebilir 'ilce_adi' genişletme yöntemi bulunamadı (bir kullanma yönergeniz veya derleme başvurunuz eksik olabilir mi?) [C:\Users\İbrahim\Desktop\ŞUAN\KcetasProje\ProjeStaj.csproj]
C:\Users\İbrahim\Desktop\ŞUAN\KcetasProje\Controllers\TuketimNoktasiController.cs(260,34): error CS1061: 'TuketimNoktasi' bir 'ilce_adi' tanımı içermiyor ve 'TuketimNoktasi' türünde bir ilk bağımsız değişken kabul eden hiçbir erişilebilir 'ilce_adi' genişletme yöntemi bulunamadı (bir kullanma yönergeniz veya derleme başvurunuz eksik olabilir mi?) [C:\Users\İbrahim\Desktop\ŞUAN\KcetasProje\ProjeStaj.csproj]
C:\Users\İbrahim\Desktop\ŞUAN\KcetasProje\Controllers\TuketimNoktasiController.cs(261,34): error CS1061: 'TuketimNoktasi' bir 'ilce_adi' tanımı içermiyor ve 'TuketimNoktasi' türünde bir ilk bağımsız değişken kabul eden hiçbir erişilebilir 'ilce_adi' genişletme yöntemi bulunamadı (bir kullanma yönergeniz veya derleme başvurunuz eksik olabilir mi?) [C:\Users\İbrahim\Desktop\ŞUAN\KcetasProje\ProjeStaj.csproj]
C:\Users\İbrahim\Desktop\ŞUAN\KcetasProje\Controllers\TuketimNoktasiController.cs(262,34): error CS1061: 'TuketimNoktasi' bir 'ilce_adi' tanımı içermiyor ve 'TuketimNoktasi' türünde bir ilk bağımsız değişken kabul eden hiçbir erişilebilir 'ilce_adi' genişletme yöntemi bulunamadı (bir kullanma yönergeniz veya derleme başvurunuz eksik olabilir mi?) [C:\Users\İbrahim\Desktop\ŞUAN\KcetasProje\ProjeStaj.csproj]
C:\Users\İbrahim\Desktop\ŞUAN\KcetasProje\Controllers\TuketimNoktasiController.cs(263,34): error CS1061: 'TuketimNoktasi' bir 'ilce_adi' tanımı içermiyor ve 'TuketimNoktasi' türünde bir ilk bağımsız değişken kabul eden hiçbir erişilebilir 'ilce_adi' genişletme yöntemi bulunamadı (bir kullanma yönergeniz veya derleme başvurunuz eksik olabilir mi?) [C:\Users\İbrahim\Desktop\ŞUAN\KcetasProje\ProjeStaj.csproj]
C:\Users\İbrahim\Desktop\ŞUAN\KcetasProje\Controllers\TuketimNoktasiController.cs(264,34): error CS1061: 'TuketimNoktasi' bir 'ilce_adi' tanımı içermiyor ve 'TuketimNoktasi' türünde bir ilk bağımsız değişken kabul eden hiçbir erişilebilir 'ilce_adi' genişletme yöntemi bulunamadı (bir kullanma yönergeniz veya derleme başvurunuz eksik olabilir mi?) [C:\Users\İbrahim\Desktop\ŞUAN\KcetasProje\ProjeStaj.csproj]
C:\Users\İbrahim\Desktop\ŞUAN\KcetasProje\Controllers\TuketimNoktasiController.cs(265,34): error CS1061: 'TuketimNoktasi' bir 'ilce_adi' tanımı içermiyor ve 'TuketimNoktasi' türünde bir ilk bağımsız değişken kabul eden hiçbir erişilebilir 'ilce_adi' genişletme yöntemi bulunamadı (bir kullanma yönergeniz veya derleme başvurunuz eksik olabilir mi?) [C:\Users\İbrahim\Desktop\ŞUAN\KcetasProje\ProjeStaj.csproj]
C:\Users\İbrahim\Desktop\ŞUAN\KcetasProje\Controllers\TuketimNoktasiController.cs(266,35): error CS1061: 'TuketimNoktasi' bir 'ilce_adi' tanımı içermiyor ve 'TuketimNoktasi' türünde bir ilk bağımsız değişken kabul eden hiçbir erişilebilir 'ilce_adi' genişletme yöntemi bulunamadı (bir kullanma yönergeniz veya derleme başvurunuz eksik olabilir mi?) [C:\Users\İbrahim\Desktop\ŞUAN\KcetasProje\ProjeStaj.csproj]
C:\Users\İbrahim\Desktop\ŞUAN\KcetasProje\Controllers\TuketimNoktasiController.cs(267,35): error CS1061: 'TuketimNoktasi' bir 'ilce_adi' tanımı içermiyor ve 'TuketimNoktasi' türünde bir ilk bağımsız değişken kabul eden hiçbir erişilebilir 'ilce_adi' genişletme yöntemi bulunamadı (bir kullanma yönergeniz veya derleme başvurunuz eksik olabilir mi?) [C:\Users\İbrahim\Desktop\ŞUAN\KcetasProje\ProjeStaj.csproj]
C:\Users\İbrahim\Desktop\ŞUAN\KcetasProje\Controllers\TuketimNoktasiController.cs(268,35): error CS1061: 'TuketimNoktasi' bir 'ilce_adi' tanımı içermiyor ve 'TuketimNoktasi' türünde bir ilk bağımsız değişken kabul eden hiçbir erişilebilir 'ilce_adi' genişletme yöntemi bulunamadı (bir kullanma yönergeniz veya derleme başvurunuz eksik olabilir mi?) [C:\Users\İbrahim\Desktop\ŞUAN\KcetasProje\ProjeStaj.csproj]
C:\Users\İbrahim\Desktop\ŞUAN\KcetasProje\Controllers\TuketimNoktasiController.cs(269,35): error CS1061: 'TuketimNoktasi' bir 'ilce_adi' tanımı içermiyor ve 'TuketimNoktasi' türünde bir ilk bağımsız değişken kabul eden hiçbir erişilebilir 'ilce_adi' genişletme yöntemi bulunamadı (bir kullanma yönergeniz veya derleme başvurunuz eksik olabilir mi?) [C:\Users\İbrahim\Desktop\ŞUAN\KcetasProje\ProjeStaj.csproj]
C:\Users\İbrahim\Desktop\ŞUAN\KcetasProje\Controllers\TuketimNoktasiController.cs(270,35): error CS1061: 'TuketimNoktasi' bir 'ilce_adi' tanımı içermiyor ve 'TuketimNoktasi' türünde bir ilk bağımsız değişken kabul eden hiçbir erişilebilir 'ilce_adi' genişletme yöntemi bulunamadı (bir kullanma yönergeniz veya derleme başvurunuz eksik olabilir mi?) [C:\Users\İbrahim\Desktop\ŞUAN\KcetasProje\ProjeStaj.csproj]
C:\Users\İbrahim\Desktop\ŞUAN\KcetasProje\Controllers\TuketimNoktasiController.cs(271,35): error CS1061: 'TuketimNoktasi' bir 'ilce_adi' tanımı içermiyor ve 'TuketimNoktasi' türünde bir ilk bağımsız değişken kabul eden hiçbir erişilebilir 'ilce_adi' genişletme yöntemi bulunamadı (bir kullanma yönergeniz veya derleme başvurunuz eksik olabilir mi?) [C:\Users\İbrahim\Desktop\ŞUAN\KcetasProje\ProjeStaj.csproj]
C:\Users\İbrahim\Desktop\ŞUAN\KcetasProje\Controllers\TuketimNoktasiController.cs(272,35): error CS1061: 'TuketimNoktasi' bir 'ilce_adi' tanımı içermiyor ve 'TuketimNoktasi' türünde bir ilk bağımsız değişken kabul eden hiçbir erişilebilir 'ilce_adi' genişletme yöntemi bulunamadı (bir kullanma yönergeniz veya derleme başvurunuz eksik olabilir mi?) [C:\Users\İbrahim\Desktop\ŞUAN\KcetasProje\ProjeStaj.csproj]
C:\Users\İbrahim\Desktop\ŞUAN\KcetasProje\Controllers\TuketimNoktasiController.cs(273,35): error CS1061: 'TuketimNoktasi' bir 'ilce_adi' tanımı içermiyor ve 'TuketimNoktasi' türünde bir ilk bağımsız değişken kabul eden hiçbir erişilebilir 'ilce_adi' genişletme yöntemi bulunamadı (bir kullanma yönergeniz veya derleme başvurunuz eksik olabilir mi?) [C:\Users\İbrahim\Desktop\ŞUAN\KcetasProje\ProjeStaj.csproj]
C:\Users\İbrahim\Desktop\ŞUAN\KcetasProje\Controllers\TuketimNoktasiController.cs(274,35): error CS1061: 'TuketimNoktasi' bir 'ilce_adi' tanımı içermiyor ve 'TuketimNoktasi' türünde bir ilk bağımsız değişken kabul eden hiçbir erişilebilir 'ilce_adi' genişletme yöntemi bulunamadı (bir kullanma yönergeniz veya derleme başvurunuz eksik olabilir mi?) [C:\Users\İbrahim\Desktop\ŞUAN\KcetasProje\ProjeStaj.csproj]
C:\Users\İbrahim\Desktop\ŞUAN\KcetasProje\Controllers\TuketimNoktasiController.cs(285,22): error CS1061: 'TuketimNoktasi' bir 'baglanti_grubu' tanımı içermiyor ve 'TuketimNoktasi' türünde bir ilk bağımsız değişken kabul eden hiçbir erişilebilir 'baglanti_grubu' genişletme yöntemi bulunamadı (bir kullanma yönergeniz veya derleme başvurunuz eksik olabilir mi?) [C:\Users\İbrahim\Desktop\ŞUAN\KcetasProje\ProjeStaj.csproj]
C:\Users\İbrahim\Desktop\ŞUAN\KcetasProje\Controllers\TuketimNoktasiController.cs(285,45): error CS1061: 'TuketimNoktasi' bir 'baglanti_grubu' tanımı içermiyor ve 'TuketimNoktasi' türünde bir ilk bağımsız değişken kabul eden hiçbir erişilebilir 'baglanti_grubu' genişletme yöntemi bulunamadı (bir kullanma yönergeniz veya derleme başvurunuz eksik olabilir mi?) [C:\Users\İbrahim\Desktop\ŞUAN\KcetasProje\ProjeStaj.csproj]
C:\Users\İbrahim\Desktop\ŞUAN\KcetasProje\Controllers\TuketimNoktasiController.cs(287,22): error CS1061: 'TuketimNoktasi' bir 'UpdatedAt' tanımı içermiyor ve 'TuketimNoktasi' türünde bir ilk bağımsız değişken kabul eden hiçbir erişilebilir 'UpdatedAt' genişletme yöntemi bulunamadı (bir kullanma yönergeniz veya derleme başvurunuz eksik olabilir mi?) [C:\Users\İbrahim\Desktop\ŞUAN\KcetasProje\ProjeStaj.csproj]
C:\Users\İbrahim\Desktop\ŞUAN\KcetasProje\Controllers\EndeksOkumaController.cs(60,69): error CS1061: 'TuketimNoktasi' bir 'sayac_id' tanımı içermiyor ve 'TuketimNoktasi' türünde bir ilk bağımsız değişken kabul eden hiçbir erişilebilir 'sayac_id' genişletme yöntemi bulunamadı (bir kullanma yönergeniz veya derleme başvurunuz eksik olabilir mi?) [C:\Users\İbrahim\Desktop\ŞUAN\KcetasProje\ProjeStaj.csproj]
C:\Users\İbrahim\Desktop\ŞUAN\KcetasProje\Controllers\EndeksOkumaController.cs(88,41): error CS1061: 'EndeksOkuma' bir 'okunamam_nedeni' tanımı içermiyor ve 'EndeksOkuma' türünde bir ilk bağımsız değişken kabul eden hiçbir erişilebilir 'okunamam_nedeni' genişletme yöntemi bulunamadı (bir kullanma yönergeniz veya derleme başvurunuz eksik olabilir mi?) [C:\Users\İbrahim\Desktop\ŞUAN\KcetasProje\ProjeStaj.csproj]
C:\Users\İbrahim\Desktop\ŞUAN\KcetasProje\Controllers\EndeksOkumaController.cs(92,43): error CS1061: 'EndeksOkuma' bir 'AnomaliAciklamasi' tanımı içermiyor ve 'EndeksOkuma' türünde bir ilk bağımsız değişken kabul eden hiçbir erişilebilir 'AnomaliAciklamasi' genişletme yöntemi bulunamadı (bir kullanma yönergeniz veya derleme başvurunuz eksik olabilir mi?) [C:\Users\İbrahim\Desktop\ŞUAN\KcetasProje\ProjeStaj.csproj]
C:\Users\İbrahim\Desktop\ŞUAN\KcetasProje\Controllers\EndeksOkumaController.cs(93,38): error CS1061: 'EndeksOkuma' bir 'sökme_nedeni' tanımı içermiyor ve 'EndeksOkuma' türünde bir ilk bağımsız değişken kabul eden hiçbir erişilebilir 'sökme_nedeni' genişletme yöntemi bulunamadı (bir kullanma yönergeniz veya derleme başvurunuz eksik olabilir mi?) [C:\Users\İbrahim\Desktop\ŞUAN\KcetasProje\ProjeStaj.csproj]
C:\Users\İbrahim\Desktop\ŞUAN\KcetasProje\Controllers\EndeksOkumaController.cs(94,34): error CS1061: 'EndeksOkuma' bir 'aciklama' tanımı içermiyor ve 'EndeksOkuma' türünde bir ilk bağımsız değişken kabul eden hiçbir erişilebilir 'aciklama' genişletme yöntemi bulunamadı (bir kullanma yönergeniz veya derleme başvurunuz eksik olabilir mi?) [C:\Users\İbrahim\Desktop\ŞUAN\KcetasProje\ProjeStaj.csproj]
C:\Users\İbrahim\Desktop\ŞUAN\KcetasProje\Controllers\EndeksOkumaController.cs(95,36): error CS1061: 'EndeksOkuma' bir 'son_endeks' tanımı içermiyor ve 'EndeksOkuma' türünde bir ilk bağımsız değişken kabul eden hiçbir erişilebilir 'son_endeks' genişletme yöntemi bulunamadı (bir kullanma yönergeniz veya derleme başvurunuz eksik olabilir mi?) [C:\Users\İbrahim\Desktop\ŞUAN\KcetasProje\ProjeStaj.csproj]
C:\Users\İbrahim\Desktop\ŞUAN\KcetasProje\Controllers\EndeksOkumaController.cs(96,35): error CS1061: 'EndeksOkuma' bir 'CreatedAt' tanımı içermiyor ve 'EndeksOkuma' türünde bir ilk bağımsız değişken kabul eden hiçbir erişilebilir 'CreatedAt' genişletme yöntemi bulunamadı (bir kullanma yönergeniz veya derleme başvurunuz eksik olabilir mi?) [C:\Users\İbrahim\Desktop\ŞUAN\KcetasProje\ProjeStaj.csproj]
C:\Users\İbrahim\Desktop\ŞUAN\KcetasProje\Views\Sozlesme\Duzenle.cshtml(43,96): error CS1061: 'Sozlesme' bir 'sayac' tanımı içermiyor ve 'Sozlesme' türünde bir ilk bağımsız değişken kabul eden hiçbir erişilebilir 'sayac' genişletme yöntemi bulunamadı (bir kullanma yönergeniz veya derleme başvurunuz eksik olabilir mi?) [C:\Users\İbrahim\Desktop\ŞUAN\KcetasProje\ProjeStaj.csproj]
C:\Users\İbrahim\Desktop\ŞUAN\KcetasProje\Views\Sozlesme\Duzenle.cshtml(47,122): error CS1061: 'Sozlesme' bir 'baslangic_endeksi' tanımı içermiyor ve 'Sozlesme' türünde bir ilk bağımsız değişken kabul eden hiçbir erişilebilir 'baslangic_endeksi' genişletme yöntemi bulunamadı (bir kullanma yönergeniz veya derleme başvurunuz eksik olabilir mi?) [C:\Users\İbrahim\Desktop\ŞUAN\KcetasProje\ProjeStaj.csproj]
C:\Users\İbrahim\Desktop\ŞUAN\KcetasProje\Views\Sozlesme\Duzenle.cshtml(56,73): error CS1061: 'Sozlesme' bir 'odeme_sekli' tanımı içermiyor ve 'Sozlesme' türünde bir ilk bağımsız değişken kabul eden hiçbir erişilebilir 'odeme_sekli' genişletme yöntemi bulunamadı (bir kullanma yönergeniz veya derleme başvurunuz eksik olabilir mi?) [C:\Users\İbrahim\Desktop\ŞUAN\KcetasProje\ProjeStaj.csproj]
C:\Users\İbrahim\Desktop\ŞUAN\KcetasProje\Views\Sozlesme\Duzenle.cshtml(57,79): error CS1061: 'Sozlesme' bir 'odeme_sekli' tanımı içermiyor ve 'Sozlesme' türünde bir ilk bağımsız değişken kabul eden hiçbir erişilebilir 'odeme_sekli' genişletme yöntemi bulunamadı (bir kullanma yönergeniz veya derleme başvurunuz eksik olabilir mi?) [C:\Users\İbrahim\Desktop\ŞUAN\KcetasProje\ProjeStaj.csproj]
C:\Users\İbrahim\Desktop\ŞUAN\KcetasProje\Views\Sozlesme\Duzenle.cshtml(58,78): error CS1061: 'Sozlesme' bir 'odeme_sekli' tanımı içermiyor ve 'Sozlesme' türünde bir ilk bağımsız değişken kabul eden hiçbir erişilebilir 'odeme_sekli' genişletme yöntemi bulunamadı (bir kullanma yönergeniz veya derleme başvurunuz eksik olabilir mi?) [C:\Users\İbrahim\Desktop\ŞUAN\KcetasProje\ProjeStaj.csproj]
C:\Users\İbrahim\Desktop\ŞUAN\KcetasProje\Views\Sozlesme\Duzenle.cshtml(64,73): error CS1061: 'Sozlesme' bir 'statu' tanımı içermiyor ve 'Sozlesme' türünde bir ilk bağımsız değişken kabul eden hiçbir erişilebilir 'statu' genişletme yöntemi bulunamadı (bir kullanma yönergeniz veya derleme başvurunuz eksik olabilir mi?) [C:\Users\İbrahim\Desktop\ŞUAN\KcetasProje\ProjeStaj.csproj]
C:\Users\İbrahim\Desktop\ŞUAN\KcetasProje\Views\Sozlesme\Duzenle.cshtml(65,84): error CS1061: 'Sozlesme' bir 'statu' tanımı içermiyor ve 'Sozlesme' türünde bir ilk bağımsız değişken kabul eden hiçbir erişilebilir 'statu' genişletme yöntemi bulunamadı (bir kullanma yönergeniz veya derleme başvurunuz eksik olabilir mi?) [C:\Users\İbrahim\Desktop\ŞUAN\KcetasProje\ProjeStaj.csproj]
C:\Users\İbrahim\Desktop\ŞUAN\KcetasProje\Views\Sozlesme\Duzenle.cshtml(66,78): error CS1061: 'Sozlesme' bir 'statu' tanımı içermiyor ve 'Sozlesme' türünde bir ilk bağımsız değişken kabul eden hiçbir erişilebilir 'statu' genişletme yöntemi bulunamadı (bir kullanma yönergeniz veya derleme başvurunuz eksik olabilir mi?) [C:\Users\İbrahim\Desktop\ŞUAN\KcetasProje\ProjeStaj.csproj]
C:\Users\İbrahim\Desktop\ŞUAN\KcetasProje\Views\Sozlesme\Duzenle.cshtml(75,93): error CS1061: 'Sozlesme' bir 'ad' tanımı içermiyor ve 'Sozlesme' türünde bir ilk bağımsız değişken kabul eden hiçbir erişilebilir 'ad' genişletme yöntemi bulunamadı (bir kullanma yönergeniz veya derleme başvurunuz eksik olabilir mi?) [C:\Users\İbrahim\Desktop\ŞUAN\KcetasProje\ProjeStaj.csproj]
C:\Users\İbrahim\Desktop\ŞUAN\KcetasProje\Views\Sozlesme\Duzenle.cshtml(79,96): error CS1061: 'Sozlesme' bir 'soyad' tanımı içermiyor ve 'Sozlesme' türünde bir ilk bağımsız değişken kabul eden hiçbir erişilebilir 'soyad' genişletme yöntemi bulunamadı (bir kullanma yönergeniz veya derleme başvurunuz eksik olabilir mi?) [C:\Users\İbrahim\Desktop\ŞUAN\KcetasProje\ProjeStaj.csproj]
C:\Users\İbrahim\Desktop\ŞUAN\KcetasProje\Views\Sozlesme\Duzenle.cshtml(83,96): error CS1061: 'Sozlesme' bir 'unvan' tanımı içermiyor ve 'Sozlesme' türünde bir ilk bağımsız değişken kabul eden hiçbir erişilebilir 'unvan' genişletme yöntemi bulunamadı (bir kullanma yönergeniz veya derleme başvurunuz eksik olabilir mi?) [C:\Users\İbrahim\Desktop\ŞUAN\KcetasProje\ProjeStaj.csproj]
C:\Users\İbrahim\Desktop\ŞUAN\KcetasProje\Views\Sozlesme\Duzenle.cshtml(88,95): error CS1061: 'Sozlesme' bir 'tckn' tanımı içermiyor ve 'Sozlesme' türünde bir ilk bağımsız değişken kabul eden hiçbir erişilebilir 'tckn' genişletme yöntemi bulunamadı (bir kullanma yönergeniz veya derleme başvurunuz eksik olabilir mi?) [C:\Users\İbrahim\Desktop\ŞUAN\KcetasProje\ProjeStaj.csproj]
C:\Users\İbrahim\Desktop\ŞUAN\KcetasProje\Views\Sozlesme\Duzenle.cshtml(92,94): error CS1061: 'Sozlesme' bir 'vkn' tanımı içermiyor ve 'Sozlesme' türünde bir ilk bağımsız değişken kabul eden hiçbir erişilebilir 'vkn' genişletme yöntemi bulunamadı (bir kullanma yönergeniz veya derleme başvurunuz eksik olabilir mi?) [C:\Users\İbrahim\Desktop\ŞUAN\KcetasProje\ProjeStaj.csproj]
C:\Users\İbrahim\Desktop\ŞUAN\KcetasProje\Views\Sozlesme\Duzenle.cshtml(97,98): error CS1061: 'Sozlesme' bir 'telefon' tanımı içermiyor ve 'Sozlesme' türünde bir ilk bağımsız değişken kabul eden hiçbir erişilebilir 'telefon' genişletme yöntemi bulunamadı (bir kullanma yönergeniz veya derleme başvurunuz eksik olabilir mi?) [C:\Users\İbrahim\Desktop\ŞUAN\KcetasProje\ProjeStaj.csproj]
C:\Users\İbrahim\Desktop\ŞUAN\KcetasProje\Views\Sozlesme\Duzenle.cshtml(101,99): error CS1061: 'Sozlesme' bir 'e_posta' tanımı içermiyor ve 'Sozlesme' türünde bir ilk bağımsız değişken kabul eden hiçbir erişilebilir 'e_posta' genişletme yöntemi bulunamadı (bir kullanma yönergeniz veya derleme başvurunuz eksik olabilir mi?) [C:\Users\İbrahim\Desktop\ŞUAN\KcetasProje\ProjeStaj.csproj]
C:\Users\İbrahim\Desktop\ŞUAN\KcetasProje\Views\Sozlesme\Duzenle.cshtml(106,71): error CS1061: 'Sozlesme' bir 'iletisim_tercihi' tanımı içermiyor ve 'Sozlesme' türünde bir ilk bağımsız değişken kabul eden hiçbir erişilebilir 'iletisim_tercihi' genişletme yöntemi bulunamadı (bir kullanma yönergeniz veya derleme başvurunuz eksik olabilir mi?) [C:\Users\İbrahim\Desktop\ŞUAN\KcetasProje\ProjeStaj.csproj]
C:\Users\İbrahim\Desktop\ŞUAN\KcetasProje\Views\Sozlesme\Duzenle.cshtml(107,73): error CS1061: 'Sozlesme' bir 'iletisim_tercihi' tanımı içermiyor ve 'Sozlesme' türünde bir ilk bağımsız değişken kabul eden hiçbir erişilebilir 'iletisim_tercihi' genişletme yöntemi bulunamadı (bir kullanma yönergeniz veya derleme başvurunuz eksik olabilir mi?) [C:\Users\İbrahim\Desktop\ŞUAN\KcetasProje\ProjeStaj.csproj]
C:\Users\İbrahim\Desktop\ŞUAN\KcetasProje\Services\Mock\MockEndeksOkumaService.cs(68,15): error CS1061: 'EndeksOkuma' bir 'CreatedAt' tanımı içermiyor ve 'EndeksOkuma' türünde bir ilk bağımsız değişken kabul eden hiçbir erişilebilir 'CreatedAt' genişletme yöntemi bulunamadı (bir kullanma yönergeniz veya derleme başvurunuz eksik olabilir mi?) [C:\Users\İbrahim\Desktop\ŞUAN\KcetasProje\ProjeStaj.csproj]
C:\Users\İbrahim\Desktop\ŞUAN\KcetasProje\Controllers\SozlesmeController.cs(39,77): error CS1061: 'TuketimNoktasi' bir 'TuketimNoktasiId' tanımı içermiyor ve 'TuketimNoktasi' türünde bir ilk bağımsız değişken kabul eden hiçbir erişilebilir 'TuketimNoktasiId' genişletme yöntemi bulunamadı (bir kullanma yönergeniz veya derleme başvurunuz eksik olabilir mi?) [C:\Users\İbrahim\Desktop\ŞUAN\KcetasProje\ProjeStaj.csproj]
C:\Users\İbrahim\Desktop\ŞUAN\KcetasProje\Controllers\SozlesmeController.cs(54,42): error CS1061: 'Sozlesme' bir 'iletisim_tercihi' tanımı içermiyor ve 'Sozlesme' türünde bir ilk bağımsız değişken kabul eden hiçbir erişilebilir 'iletisim_tercihi' genişletme yöntemi bulunamadı (bir kullanma yönergeniz veya derleme başvurunuz eksik olabilir mi?) [C:\Users\İbrahim\Desktop\ŞUAN\KcetasProje\ProjeStaj.csproj]
C:\Users\İbrahim\Desktop\ŞUAN\KcetasProje\Controllers\SozlesmeController.cs(58,31): error CS1061: 'Sozlesme' bir 'statu' tanımı içermiyor ve 'Sozlesme' türünde bir ilk bağımsız değişken kabul eden hiçbir erişilebilir 'statu' genişletme yöntemi bulunamadı (bir kullanma yönergeniz veya derleme başvurunuz eksik olabilir mi?) [C:\Users\İbrahim\Desktop\ŞUAN\KcetasProje\ProjeStaj.csproj]
C:\Users\İbrahim\Desktop\ŞUAN\KcetasProje\Controllers\SozlesmeController.cs(67,32): error CS1061: 'Sozlesme' bir 'tarife_grubu' tanımı içermiyor ve 'Sozlesme' türünde bir ilk bağımsız değişken kabul eden hiçbir erişilebilir 'tarife_grubu' genişletme yöntemi bulunamadı (bir kullanma yönergeniz veya derleme başvurunuz eksik olabilir mi?) [C:\Users\İbrahim\Desktop\ŞUAN\KcetasProje\ProjeStaj.csproj]
C:\Users\İbrahim\Desktop\ŞUAN\KcetasProje\Controllers\SozlesmeController.cs(70,32): error CS1061: 'Sozlesme' bir 'status' tanımı içermiyor ve 'Sozlesme' türünde bir ilk bağımsız değişken kabul eden hiçbir erişilebilir 'status' genişletme yöntemi bulunamadı (bir kullanma yönergeniz veya derleme başvurunuz eksik olabilir mi?) [C:\Users\İbrahim\Desktop\ŞUAN\KcetasProje\ProjeStaj.csproj]
C:\Users\İbrahim\Desktop\ŞUAN\KcetasProje\Controllers\SozlesmeController.cs(71,36): error CS1061: 'Sozlesme' bir 'created_by' tanımı içermiyor ve 'Sozlesme' türünde bir ilk bağımsız değişken kabul eden hiçbir erişilebilir 'created_by' genişletme yöntemi bulunamadı (bir kullanma yönergeniz veya derleme başvurunuz eksik olabilir mi?) [C:\Users\İbrahim\Desktop\ŞUAN\KcetasProje\ProjeStaj.csproj]
C:\Users\İbrahim\Desktop\ŞUAN\KcetasProje\Controllers\SozlesmeController.cs(72,36): error CS1061: 'Sozlesme' bir 'updated_by' tanımı içermiyor ve 'Sozlesme' türünde bir ilk bağımsız değişken kabul eden hiçbir erişilebilir 'updated_by' genişletme yöntemi bulunamadı (bir kullanma yönergeniz veya derleme başvurunuz eksik olabilir mi?) [C:\Users\İbrahim\Desktop\ŞUAN\KcetasProje\ProjeStaj.csproj]
C:\Users\İbrahim\Desktop\ŞUAN\KcetasProje\Controllers\SozlesmeController.cs(95,19): error CS1061: 'Sozlesme' bir 'statu' tanımı içermiyor ve 'Sozlesme' türünde bir ilk bağımsız değişken kabul eden hiçbir erişilebilir 'statu' genişletme yöntemi bulunamadı (bir kullanma yönergeniz veya derleme başvurunuz eksik olabilir mi?) [C:\Users\İbrahim\Desktop\ŞUAN\KcetasProje\ProjeStaj.csproj]
C:\Users\İbrahim\Desktop\ŞUAN\KcetasProje\Controllers\SozlesmeController.cs(96,19): error CS1061: 'Sozlesme' bir 'status' tanımı içermiyor ve 'Sozlesme' türünde bir ilk bağımsız değişken kabul eden hiçbir erişilebilir 'status' genişletme yöntemi bulunamadı (bir kullanma yönergeniz veya derleme başvurunuz eksik olabilir mi?) [C:\Users\İbrahim\Desktop\ŞUAN\KcetasProje\ProjeStaj.csproj]
C:\Users\İbrahim\Desktop\ŞUAN\KcetasProje\Controllers\SozlesmeController.cs(111,17): error CS0117: 'IsEmri' bir 'CreatedAt' tanımı içermiyor [C:\Users\İbrahim\Desktop\ŞUAN\KcetasProje\ProjeStaj.csproj]
C:\Users\İbrahim\Desktop\ŞUAN\KcetasProje\Controllers\SozlesmeController.cs(123,48): error CS1061: 'Sozlesme' bir 'ad' tanımı içermiyor ve 'Sozlesme' türünde bir ilk bağımsız değişken kabul eden hiçbir erişilebilir 'ad' genişletme yöntemi bulunamadı (bir kullanma yönergeniz veya derleme başvurunuz eksik olabilir mi?) [C:\Users\İbrahim\Desktop\ŞUAN\KcetasProje\ProjeStaj.csproj]
C:\Users\İbrahim\Desktop\ŞUAN\KcetasProje\Controllers\SozlesmeController.cs(123,65): error CS1061: 'Sozlesme' bir 'unvan' tanımı içermiyor ve 'Sozlesme' türünde bir ilk bağımsız değişken kabul eden hiçbir erişilebilir 'unvan' genişletme yöntemi bulunamadı (bir kullanma yönergeniz veya derleme başvurunuz eksik olabilir mi?) [C:\Users\İbrahim\Desktop\ŞUAN\KcetasProje\ProjeStaj.csproj]
C:\Users\İbrahim\Desktop\ŞUAN\KcetasProje\Controllers\EndeksOkumaController.cs(136,67): error CS1061: 'Sozlesme' bir 'statu' tanımı içermiyor ve 'Sozlesme' türünde bir ilk bağımsız değişken kabul eden hiçbir erişilebilir 'statu' genişletme yöntemi bulunamadı (bir kullanma yönergeniz veya derleme başvurunuz eksik olabilir mi?) [C:\Users\İbrahim\Desktop\ŞUAN\KcetasProje\ProjeStaj.csproj]
C:\Users\İbrahim\Desktop\ŞUAN\KcetasProje\Controllers\EndeksOkumaController.cs(136,94): error CS1061: 'Sozlesme' bir 'statu' tanımı içermiyor ve 'Sozlesme' türünde bir ilk bağımsız değişken kabul eden hiçbir erişilebilir 'statu' genişletme yöntemi bulunamadı (bir kullanma yönergeniz veya derleme başvurunuz eksik olabilir mi?) [C:\Users\İbrahim\Desktop\ŞUAN\KcetasProje\ProjeStaj.csproj]
C:\Users\İbrahim\Desktop\ŞUAN\KcetasProje\Controllers\EndeksOkumaController.cs(158,17): error CS0117: 'Fatura' bir 'vergi_fon_toplama' tanımı içermiyor [C:\Users\İbrahim\Desktop\ŞUAN\KcetasProje\ProjeStaj.csproj]
C:\Users\İbrahim\Desktop\ŞUAN\KcetasProje\Controllers\EndeksOkumaController.cs(181,17): error CS0117: 'EndeksOkuma' bir 'AnomaliAciklamasi' tanımı içermiyor [C:\Users\İbrahim\Desktop\ŞUAN\KcetasProje\ProjeStaj.csproj]
C:\Users\İbrahim\Desktop\ŞUAN\KcetasProje\Controllers\EndeksOkumaController.cs(182,17): error CS0117: 'EndeksOkuma' bir 'aciklama' tanımı içermiyor [C:\Users\İbrahim\Desktop\ŞUAN\KcetasProje\ProjeStaj.csproj]
C:\Users\İbrahim\Desktop\ŞUAN\KcetasProje\Controllers\EndeksOkumaController.cs(183,17): error CS0117: 'EndeksOkuma' bir 'sökme_nedeni' tanımı içermiyor [C:\Users\İbrahim\Desktop\ŞUAN\KcetasProje\ProjeStaj.csproj]
C:\Users\İbrahim\Desktop\ŞUAN\KcetasProje\Controllers\EndeksOkumaController.cs(184,17): error CS0117: 'EndeksOkuma' bir 'okunamam_nedeni' tanımı içermiyor [C:\Users\İbrahim\Desktop\ŞUAN\KcetasProje\ProjeStaj.csproj]
C:\Users\İbrahim\Desktop\ŞUAN\KcetasProje\Controllers\EndeksOkumaController.cs(185,17): error CS0117: 'EndeksOkuma' bir 'son_endeks' tanımı içermiyor [C:\Users\İbrahim\Desktop\ŞUAN\KcetasProje\ProjeStaj.csproj]
C:\Users\İbrahim\Desktop\ŞUAN\KcetasProje\Controllers\EndeksOkumaController.cs(186,17): error CS0117: 'EndeksOkuma' bir 'CreatedAt' tanımı içermiyor [C:\Users\İbrahim\Desktop\ŞUAN\KcetasProje\ProjeStaj.csproj]
C:\Users\İbrahim\Desktop\ŞUAN\KcetasProje\Controllers\SozlesmeController.cs(159,22): error CS1061: 'Sozlesme' bir 'ad' tanımı içermiyor ve 'Sozlesme' türünde bir ilk bağımsız değişken kabul eden hiçbir erişilebilir 'ad' genişletme yöntemi bulunamadı (bir kullanma yönergeniz veya derleme başvurunuz eksik olabilir mi?) [C:\Users\İbrahim\Desktop\ŞUAN\KcetasProje\ProjeStaj.csproj]
C:\Users\İbrahim\Desktop\ŞUAN\KcetasProje\Controllers\SozlesmeController.cs(159,33): error CS1061: 'Sozlesme' bir 'ad' tanımı içermiyor ve 'Sozlesme' türünde bir ilk bağımsız değişken kabul eden hiçbir erişilebilir 'ad' genişletme yöntemi bulunamadı (bir kullanma yönergeniz veya derleme başvurunuz eksik olabilir mi?) [C:\Users\İbrahim\Desktop\ŞUAN\KcetasProje\ProjeStaj.csproj]
C:\Users\İbrahim\Desktop\ŞUAN\KcetasProje\Controllers\SozlesmeController.cs(160,22): error CS1061: 'Sozlesme' bir 'soyad' tanımı içermiyor ve 'Sozlesme' türünde bir ilk bağımsız değişken kabul eden hiçbir erişilebilir 'soyad' genişletme yöntemi bulunamadı (bir kullanma yönergeniz veya derleme başvurunuz eksik olabilir mi?) [C:\Users\İbrahim\Desktop\ŞUAN\KcetasProje\ProjeStaj.csproj]
C:\Users\İbrahim\Desktop\ŞUAN\KcetasProje\Controllers\SozlesmeController.cs(160,36): error CS1061: 'Sozlesme' bir 'soyad' tanımı içermiyor ve 'Sozlesme' türünde bir ilk bağımsız değişken kabul eden hiçbir erişilebilir 'soyad' genişletme yöntemi bulunamadı (bir kullanma yönergeniz veya derleme başvurunuz eksik olabilir mi?) [C:\Users\İbrahim\Desktop\ŞUAN\KcetasProje\ProjeStaj.csproj]
C:\Users\İbrahim\Desktop\ŞUAN\KcetasProje\Controllers\SozlesmeController.cs(161,22): error CS1061: 'Sozlesme' bir 'unvan' tanımı içermiyor ve 'Sozlesme' türünde bir ilk bağımsız değişken kabul eden hiçbir erişilebilir 'unvan' genişletme yöntemi bulunamadı (bir kullanma yönergeniz veya derleme başvurunuz eksik olabilir mi?) [C:\Users\İbrahim\Desktop\ŞUAN\KcetasProje\ProjeStaj.csproj]
C:\Users\İbrahim\Desktop\ŞUAN\KcetasProje\Controllers\SozlesmeController.cs(161,36): error CS1061: 'Sozlesme' bir 'unvan' tanımı içermiyor ve 'Sozlesme' türünde bir ilk bağımsız değişken kabul eden hiçbir erişilebilir 'unvan' genişletme yöntemi bulunamadı (bir kullanma yönergeniz veya derleme başvurunuz eksik olabilir mi?) [C:\Users\İbrahim\Desktop\ŞUAN\KcetasProje\ProjeStaj.csproj]
C:\Users\İbrahim\Desktop\ŞUAN\KcetasProje\Controllers\SozlesmeController.cs(162,22): error CS1061: 'Sozlesme' bir 'tckn' tanımı içermiyor ve 'Sozlesme' türünde bir ilk bağımsız değişken kabul eden hiçbir erişilebilir 'tckn' genişletme yöntemi bulunamadı (bir kullanma yönergeniz veya derleme başvurunuz eksik olabilir mi?) [C:\Users\İbrahim\Desktop\ŞUAN\KcetasProje\ProjeStaj.csproj]
C:\Users\İbrahim\Desktop\ŞUAN\KcetasProje\Controllers\SozlesmeController.cs(162,35): error CS1061: 'Sozlesme' bir 'tckn' tanımı içermiyor ve 'Sozlesme' türünde bir ilk bağımsız değişken kabul eden hiçbir erişilebilir 'tckn' genişletme yöntemi bulunamadı (bir kullanma yönergeniz veya derleme başvurunuz eksik olabilir mi?) [C:\Users\İbrahim\Desktop\ŞUAN\KcetasProje\ProjeStaj.csproj]
C:\Users\İbrahim\Desktop\ŞUAN\KcetasProje\Controllers\SozlesmeController.cs(163,22): error CS1061: 'Sozlesme' bir 'vkn' tanımı içermiyor ve 'Sozlesme' türünde bir ilk bağımsız değişken kabul eden hiçbir erişilebilir 'vkn' genişletme yöntemi bulunamadı (bir kullanma yönergeniz veya derleme başvurunuz eksik olabilir mi?) [C:\Users\İbrahim\Desktop\ŞUAN\KcetasProje\ProjeStaj.csproj]
C:\Users\İbrahim\Desktop\ŞUAN\KcetasProje\Controllers\SozlesmeController.cs(163,34): error CS1061: 'Sozlesme' bir 'vkn' tanımı içermiyor ve 'Sozlesme' türünde bir ilk bağımsız değişken kabul eden hiçbir erişilebilir 'vkn' genişletme yöntemi bulunamadı (bir kullanma yönergeniz veya derleme başvurunuz eksik olabilir mi?) [C:\Users\İbrahim\Desktop\ŞUAN\KcetasProje\ProjeStaj.csproj]
C:\Users\İbrahim\Desktop\ŞUAN\KcetasProje\Controllers\SozlesmeController.cs(164,22): error CS1061: 'Sozlesme' bir 'telefon' tanımı içermiyor ve 'Sozlesme' türünde bir ilk bağımsız değişken kabul eden hiçbir erişilebilir 'telefon' genişletme yöntemi bulunamadı (bir kullanma yönergeniz veya derleme başvurunuz eksik olabilir mi?) [C:\Users\İbrahim\Desktop\ŞUAN\KcetasProje\ProjeStaj.csproj]
C:\Users\İbrahim\Desktop\ŞUAN\KcetasProje\Controllers\SozlesmeController.cs(164,38): error CS1061: 'Sozlesme' bir 'telefon' tanımı içermiyor ve 'Sozlesme' türünde bir ilk bağımsız değişken kabul eden hiçbir erişilebilir 'telefon' genişletme yöntemi bulunamadı (bir kullanma yönergeniz veya derleme başvurunuz eksik olabilir mi?) [C:\Users\İbrahim\Desktop\ŞUAN\KcetasProje\ProjeStaj.csproj]
C:\Users\İbrahim\Desktop\ŞUAN\KcetasProje\Controllers\SozlesmeController.cs(165,22): error CS1061: 'Sozlesme' bir 'e_posta' tanımı içermiyor ve 'Sozlesme' türünde bir ilk bağımsız değişken kabul eden hiçbir erişilebilir 'e_posta' genişletme yöntemi bulunamadı (bir kullanma yönergeniz veya derleme başvurunuz eksik olabilir mi?) [C:\Users\İbrahim\Desktop\ŞUAN\KcetasProje\ProjeStaj.csproj]
C:\Users\İbrahim\Desktop\ŞUAN\KcetasProje\Controllers\SozlesmeController.cs(165,38): error CS1061: 'Sozlesme' bir 'e_posta' tanımı içermiyor ve 'Sozlesme' türünde bir ilk bağımsız değişken kabul eden hiçbir erişilebilir 'e_posta' genişletme yöntemi bulunamadı (bir kullanma yönergeniz veya derleme başvurunuz eksik olabilir mi?) [C:\Users\İbrahim\Desktop\ŞUAN\KcetasProje\ProjeStaj.csproj]
C:\Users\İbrahim\Desktop\ŞUAN\KcetasProje\Controllers\SozlesmeController.cs(166,22): error CS1061: 'Sozlesme' bir 'iletisim_tercihi' tanımı içermiyor ve 'Sozlesme' türünde bir ilk bağımsız değişken kabul eden hiçbir erişilebilir 'iletisim_tercihi' genişletme yöntemi bulunamadı (bir kullanma yönergeniz veya derleme başvurunuz eksik olabilir mi?) [C:\Users\İbrahim\Desktop\ŞUAN\KcetasProje\ProjeStaj.csproj]
C:\Users\İbrahim\Desktop\ŞUAN\KcetasProje\Controllers\SozlesmeController.cs(166,47): error CS1061: 'Sozlesme' bir 'iletisim_tercihi' tanımı içermiyor ve 'Sozlesme' türünde bir ilk bağımsız değişken kabul eden hiçbir erişilebilir 'iletisim_tercihi' genişletme yöntemi bulunamadı (bir kullanma yönergeniz veya derleme başvurunuz eksik olabilir mi?) [C:\Users\İbrahim\Desktop\ŞUAN\KcetasProje\ProjeStaj.csproj]
C:\Users\İbrahim\Desktop\ŞUAN\KcetasProje\Controllers\SozlesmeController.cs(168,22): error CS1061: 'Sozlesme' bir 'tarife_grubu' tanımı içermiyor ve 'Sozlesme' türünde bir ilk bağımsız değişken kabul eden hiçbir erişilebilir 'tarife_grubu' genişletme yöntemi bulunamadı (bir kullanma yönergeniz veya derleme başvurunuz eksik olabilir mi?) [C:\Users\İbrahim\Desktop\ŞUAN\KcetasProje\ProjeStaj.csproj]
C:\Users\İbrahim\Desktop\ŞUAN\KcetasProje\Controllers\SozlesmeController.cs(168,43): error CS1061: 'Sozlesme' bir 'tarife_grubu' tanımı içermiyor ve 'Sozlesme' türünde bir ilk bağımsız değişken kabul eden hiçbir erişilebilir 'tarife_grubu' genişletme yöntemi bulunamadı (bir kullanma yönergeniz veya derleme başvurunuz eksik olabilir mi?) [C:\Users\İbrahim\Desktop\ŞUAN\KcetasProje\ProjeStaj.csproj]
C:\Users\İbrahim\Desktop\ŞUAN\KcetasProje\Controllers\SozlesmeController.cs(171,22): error CS1061: 'Sozlesme' bir 'sayac' tanımı içermiyor ve 'Sozlesme' türünde bir ilk bağımsız değişken kabul eden hiçbir erişilebilir 'sayac' genişletme yöntemi bulunamadı (bir kullanma yönergeniz veya derleme başvurunuz eksik olabilir mi?) [C:\Users\İbrahim\Desktop\ŞUAN\KcetasProje\ProjeStaj.csproj]
C:\Users\İbrahim\Desktop\ŞUAN\KcetasProje\Controllers\SozlesmeController.cs(171,36): error CS1061: 'Sozlesme' bir 'sayac' tanımı içermiyor ve 'Sozlesme' türünde bir ilk bağımsız değişken kabul eden hiçbir erişilebilir 'sayac' genişletme yöntemi bulunamadı (bir kullanma yönergeniz veya derleme başvurunuz eksik olabilir mi?) [C:\Users\İbrahim\Desktop\ŞUAN\KcetasProje\ProjeStaj.csproj]
C:\Users\İbrahim\Desktop\ŞUAN\KcetasProje\Controllers\SozlesmeController.cs(172,22): error CS1061: 'Sozlesme' bir 'baslangic_endeksi' tanımı içermiyor ve 'Sozlesme' türünde bir ilk bağımsız değişken kabul eden hiçbir erişilebilir 'baslangic_endeksi' genişletme yöntemi bulunamadı (bir kullanma yönergeniz veya derleme başvurunuz eksik olabilir mi?) [C:\Users\İbrahim\Desktop\ŞUAN\KcetasProje\ProjeStaj.csproj]
C:\Users\İbrahim\Desktop\ŞUAN\KcetasProje\Controllers\SozlesmeController.cs(172,48): error CS1061: 'Sozlesme' bir 'baslangic_endeksi' tanımı içermiyor ve 'Sozlesme' türünde bir ilk bağımsız değişken kabul eden hiçbir erişilebilir 'baslangic_endeksi' genişletme yöntemi bulunamadı (bir kullanma yönergeniz veya derleme başvurunuz eksik olabilir mi?) [C:\Users\İbrahim\Desktop\ŞUAN\KcetasProje\ProjeStaj.csproj]
C:\Users\İbrahim\Desktop\ŞUAN\KcetasProje\Controllers\SozlesmeController.cs(173,22): error CS1061: 'Sozlesme' bir 'odeme_sekli' tanımı içermiyor ve 'Sozlesme' türünde bir ilk bağımsız değişken kabul eden hiçbir erişilebilir 'odeme_sekli' genişletme yöntemi bulunamadı (bir kullanma yönergeniz veya derleme başvurunuz eksik olabilir mi?) [C:\Users\İbrahim\Desktop\ŞUAN\KcetasProje\ProjeStaj.csproj]
C:\Users\İbrahim\Desktop\ŞUAN\KcetasProje\Controllers\SozlesmeController.cs(173,42): error CS1061: 'Sozlesme' bir 'odeme_sekli' tanımı içermiyor ve 'Sozlesme' türünde bir ilk bağımsız değişken kabul eden hiçbir erişilebilir 'odeme_sekli' genişletme yöntemi bulunamadı (bir kullanma yönergeniz veya derleme başvurunuz eksik olabilir mi?) [C:\Users\İbrahim\Desktop\ŞUAN\KcetasProje\ProjeStaj.csproj]
C:\Users\İbrahim\Desktop\ŞUAN\KcetasProje\Controllers\SozlesmeController.cs(174,22): error CS1061: 'Sozlesme' bir 'statu' tanımı içermiyor ve 'Sozlesme' türünde bir ilk bağımsız değişken kabul eden hiçbir erişilebilir 'statu' genişletme yöntemi bulunamadı (bir kullanma yönergeniz veya derleme başvurunuz eksik olabilir mi?) [C:\Users\İbrahim\Desktop\ŞUAN\KcetasProje\ProjeStaj.csproj]
C:\Users\İbrahim\Desktop\ŞUAN\KcetasProje\Controllers\SozlesmeController.cs(174,36): error CS1061: 'Sozlesme' bir 'statu' tanımı içermiyor ve 'Sozlesme' türünde bir ilk bağımsız değişken kabul eden hiçbir erişilebilir 'statu' genişletme yöntemi bulunamadı (bir kullanma yönergeniz veya derleme başvurunuz eksik olabilir mi?) [C:\Users\İbrahim\Desktop\ŞUAN\KcetasProje\ProjeStaj.csproj]
C:\Users\İbrahim\Desktop\ŞUAN\KcetasProje\Controllers\SozlesmeController.cs(175,22): error CS1061: 'Sozlesme' bir 'status' tanımı içermiyor ve 'Sozlesme' türünde bir ilk bağımsız değişken kabul eden hiçbir erişilebilir 'status' genişletme yöntemi bulunamadı (bir kullanma yönergeniz veya derleme başvurunuz eksik olabilir mi?) [C:\Users\İbrahim\Desktop\ŞUAN\KcetasProje\ProjeStaj.csproj]
C:\Users\İbrahim\Desktop\ŞUAN\KcetasProje\Controllers\SozlesmeController.cs(175,37): error CS1061: 'Sozlesme' bir 'statu' tanımı içermiyor ve 'Sozlesme' türünde bir ilk bağımsız değişken kabul eden hiçbir erişilebilir 'statu' genişletme yöntemi bulunamadı (bir kullanma yönergeniz veya derleme başvurunuz eksik olabilir mi?) [C:\Users\İbrahim\Desktop\ŞUAN\KcetasProje\ProjeStaj.csproj]
C:\Users\İbrahim\Desktop\ŞUAN\KcetasProje\Controllers\SozlesmeController.cs(189,22): error CS1061: 'Sozlesme' bir 'statu' tanımı içermiyor ve 'Sozlesme' türünde bir ilk bağımsız değişken kabul eden hiçbir erişilebilir 'statu' genişletme yöntemi bulunamadı (bir kullanma yönergeniz veya derleme başvurunuz eksik olabilir mi?) [C:\Users\İbrahim\Desktop\ŞUAN\KcetasProje\ProjeStaj.csproj]
C:\Users\İbrahim\Desktop\ŞUAN\KcetasProje\Controllers\SozlesmeController.cs(190,22): error CS1061: 'Sozlesme' bir 'status' tanımı içermiyor ve 'Sozlesme' türünde bir ilk bağımsız değişken kabul eden hiçbir erişilebilir 'status' genişletme yöntemi bulunamadı (bir kullanma yönergeniz veya derleme başvurunuz eksik olabilir mi?) [C:\Users\İbrahim\Desktop\ŞUAN\KcetasProje\ProjeStaj.csproj]
C:\Users\İbrahim\Desktop\ŞUAN\KcetasProje\Controllers\SayacController.cs(59,23): error CS1061: 'Sayac' bir 'UpdatedAt' tanımı içermiyor ve 'Sayac' türünde bir ilk bağımsız değişken kabul eden hiçbir erişilebilir 'UpdatedAt' genişletme yöntemi bulunamadı (bir kullanma yönergeniz veya derleme başvurunuz eksik olabilir mi?) [C:\Users\İbrahim\Desktop\ŞUAN\KcetasProje\ProjeStaj.csproj]
C:\Users\İbrahim\Desktop\ŞUAN\KcetasProje\Controllers\FaturaController.cs(48,39): error CS1061: 'Fatura' bir 'vergi_fon_toplama' tanımı içermiyor ve 'Fatura' türünde bir ilk bağımsız değişken kabul eden hiçbir erişilebilir 'vergi_fon_toplama' genişletme yöntemi bulunamadı (bir kullanma yönergeniz veya derleme başvurunuz eksik olabilir mi?) [C:\Users\İbrahim\Desktop\ŞUAN\KcetasProje\ProjeStaj.csproj]
C:\Users\İbrahim\Desktop\ŞUAN\KcetasProje\Controllers\SayacController.cs(94,23): error CS1061: 'Sayac' bir 'CreatedAt' tanımı içermiyor ve 'Sayac' türünde bir ilk bağımsız değişken kabul eden hiçbir erişilebilir 'CreatedAt' genişletme yöntemi bulunamadı (bir kullanma yönergeniz veya derleme başvurunuz eksik olabilir mi?) [C:\Users\İbrahim\Desktop\ŞUAN\KcetasProje\ProjeStaj.csproj]
C:\Users\İbrahim\Desktop\ŞUAN\KcetasProje\Controllers\SayacController.cs(100,25): error CS1061: 'Sayac' bir 'son_endeks' tanımı içermiyor ve 'Sayac' türünde bir ilk bağımsız değişken kabul eden hiçbir erişilebilir 'son_endeks' genişletme yöntemi bulunamadı (bir kullanma yönergeniz veya derleme başvurunuz eksik olabilir mi?) [C:\Users\İbrahim\Desktop\ŞUAN\KcetasProje\ProjeStaj.csproj]
C:\Users\İbrahim\Desktop\ŞUAN\KcetasProje\Controllers\FaturaController.cs(113,78): error CS1061: 'TuketimNoktasi' bir 'musteri_ad' tanımı içermiyor ve 'TuketimNoktasi' türünde bir ilk bağımsız değişken kabul eden hiçbir erişilebilir 'musteri_ad' genişletme yöntemi bulunamadı (bir kullanma yönergeniz veya derleme başvurunuz eksik olabilir mi?) [C:\Users\İbrahim\Desktop\ŞUAN\KcetasProje\ProjeStaj.csproj]
C:\Users\İbrahim\Desktop\ŞUAN\KcetasProje\Controllers\FaturaController.cs(113,106): error CS1061: 'TuketimNoktasi' bir 'musteri_soyad' tanımı içermiyor ve 'TuketimNoktasi' türünde bir ilk bağımsız değişken kabul eden hiçbir erişilebilir 'musteri_soyad' genişletme yöntemi bulunamadı (bir kullanma yönergeniz veya derleme başvurunuz eksik olabilir mi?) [C:\Users\İbrahim\Desktop\ŞUAN\KcetasProje\ProjeStaj.csproj]
C:\Users\İbrahim\Desktop\ŞUAN\KcetasProje\Controllers\FaturaController.cs(113,137): error CS1061: 'TuketimNoktasi' bir 'musteri_unvan' tanımı içermiyor ve 'TuketimNoktasi' türünde bir ilk bağımsız değişken kabul eden hiçbir erişilebilir 'musteri_unvan' genişletme yöntemi bulunamadı (bir kullanma yönergeniz veya derleme başvurunuz eksik olabilir mi?) [C:\Users\İbrahim\Desktop\ŞUAN\KcetasProje\ProjeStaj.csproj]
C:\Users\İbrahim\Desktop\ŞUAN\KcetasProje\Controllers\FaturaController.cs(133,44): error CS1061: 'Fatura' bir 'vergi_fon_toplama' tanımı içermiyor ve 'Fatura' türünde bir ilk bağımsız değişken kabul eden hiçbir erişilebilir 'vergi_fon_toplama' genişletme yöntemi bulunamadı (bir kullanma yönergeniz veya derleme başvurunuz eksik olabilir mi?) [C:\Users\İbrahim\Desktop\ŞUAN\KcetasProje\ProjeStaj.csproj]
C:\Users\İbrahim\Desktop\ŞUAN\KcetasProje\Controllers\FaturaController.cs(144,161): error CS1061: 'Fatura' bir 'vergi_fon_toplama' tanımı içermiyor ve 'Fatura' türünde bir ilk bağımsız değişken kabul eden hiçbir erişilebilir 'vergi_fon_toplama' genişletme yöntemi bulunamadı (bir kullanma yönergeniz veya derleme başvurunuz eksik olabilir mi?) [C:\Users\İbrahim\Desktop\ŞUAN\KcetasProje\ProjeStaj.csproj]
C:\Users\İbrahim\Desktop\ŞUAN\KcetasProje\Controllers\FaturaController.cs(144,200): error CS1061: 'Fatura' bir 'vergi_fon_toplama' tanımı içermiyor ve 'Fatura' türünde bir ilk bağımsız değişken kabul eden hiçbir erişilebilir 'vergi_fon_toplama' genişletme yöntemi bulunamadı (bir kullanma yönergeniz veya derleme başvurunuz eksik olabilir mi?) [C:\Users\İbrahim\Desktop\ŞUAN\KcetasProje\ProjeStaj.csproj]
C:\Users\İbrahim\Desktop\ŞUAN\KcetasProje\Controllers\IsEmriController.cs(45,76): error CS1061: 'TuketimNoktasi' bir 'TuketimNoktasiId' tanımı içermiyor ve 'TuketimNoktasi' türünde bir ilk bağımsız değişken kabul eden hiçbir erişilebilir 'TuketimNoktasiId' genişletme yöntemi bulunamadı (bir kullanma yönergeniz veya derleme başvurunuz eksik olabilir mi?) [C:\Users\İbrahim\Desktop\ŞUAN\KcetasProje\ProjeStaj.csproj]
C:\Users\İbrahim\Desktop\ŞUAN\KcetasProje\Controllers\IsEmriController.cs(68,59): error CS1061: 'IsEmri' bir 'CreatedAt' tanımı içermiyor ve 'IsEmri' türünde bir ilk bağımsız değişken kabul eden hiçbir erişilebilir 'CreatedAt' genişletme yöntemi bulunamadı (bir kullanma yönergeniz veya derleme başvurunuz eksik olabilir mi?) [C:\Users\İbrahim\Desktop\ŞUAN\KcetasProje\ProjeStaj.csproj]
C:\Users\İbrahim\Desktop\ŞUAN\KcetasProje\Controllers\IsEmriController.cs(69,41): error CS1061: 'IsEmri' bir 'CreatedAt' tanımı içermiyor ve 'IsEmri' türünde bir ilk bağımsız değişken kabul eden hiçbir erişilebilir 'CreatedAt' genişletme yöntemi bulunamadı (bir kullanma yönergeniz veya derleme başvurunuz eksik olabilir mi?) [C:\Users\İbrahim\Desktop\ŞUAN\KcetasProje\ProjeStaj.csproj]
C:\Users\İbrahim\Desktop\ŞUAN\KcetasProje\Controllers\IsEmriController.cs(103,92): error CS1061: 'TuketimNoktasi' bir 'TuketimNoktasiId' tanımı içermiyor ve 'TuketimNoktasi' türünde bir ilk bağımsız değişken kabul eden hiçbir erişilebilir 'TuketimNoktasiId' genişletme yöntemi bulunamadı (bir kullanma yönergeniz veya derleme başvurunuz eksik olabilir mi?) [C:\Users\İbrahim\Desktop\ŞUAN\KcetasProje\ProjeStaj.csproj]
C:\Users\İbrahim\Desktop\ŞUAN\KcetasProje\Controllers\IsEmriController.cs(103,149): error CS1061: 'TuketimNoktasi' bir 'musteri_ad' tanımı içermiyor ve 'TuketimNoktasi' türünde bir ilk bağımsız değişken kabul eden hiçbir erişilebilir 'musteri_ad' genişletme yöntemi bulunamadı (bir kullanma yönergeniz veya derleme başvurunuz eksik olabilir mi?) [C:\Users\İbrahim\Desktop\ŞUAN\KcetasProje\ProjeStaj.csproj]
C:\Users\İbrahim\Desktop\ŞUAN\KcetasProje\Controllers\IsEmriController.cs(103,164): error CS1061: 'TuketimNoktasi' bir 'musteri_soyad' tanımı içermiyor ve 'TuketimNoktasi' türünde bir ilk bağımsız değişken kabul eden hiçbir erişilebilir 'musteri_soyad' genişletme yöntemi bulunamadı (bir kullanma yönergeniz veya derleme başvurunuz eksik olabilir mi?) [C:\Users\İbrahim\Desktop\ŞUAN\KcetasProje\ProjeStaj.csproj]
C:\Users\İbrahim\Desktop\ŞUAN\KcetasProje\Controllers\IsEmriController.cs(103,182): error CS1061: 'TuketimNoktasi' bir 'musteri_unvan' tanımı içermiyor ve 'TuketimNoktasi' türünde bir ilk bağımsız değişken kabul eden hiçbir erişilebilir 'musteri_unvan' genişletme yöntemi bulunamadı (bir kullanma yönergeniz veya derleme başvurunuz eksik olabilir mi?) [C:\Users\İbrahim\Desktop\ŞUAN\KcetasProje\ProjeStaj.csproj]
C:\Users\İbrahim\Desktop\ŞUAN\KcetasProje\Controllers\IsEmriController.cs(111,146): error CS1061: 'Sozlesme' bir 'ad' tanımı içermiyor ve 'Sozlesme' türünde bir ilk bağımsız değişken kabul eden hiçbir erişilebilir 'ad' genişletme yöntemi bulunamadı (bir kullanma yönergeniz veya derleme başvurunuz eksik olabilir mi?) [C:\Users\İbrahim\Desktop\ŞUAN\KcetasProje\ProjeStaj.csproj]
C:\Users\İbrahim\Desktop\ŞUAN\KcetasProje\Controllers\IsEmriController.cs(141,38): error CS0266: 'long' türü örtülü olarak 'int' türüne dönüştürülemez. Açık bir dönüştürme var (eksik atamanız mı var?) [C:\Users\İbrahim\Desktop\ŞUAN\KcetasProje\ProjeStaj.csproj]
C:\Users\İbrahim\Desktop\ŞUAN\KcetasProje\Controllers\IsEmriController.cs(153,28): error CS0266: 'long?' türü örtülü olarak 'int' türüne dönüştürülemez. Açık bir dönüştürme var (eksik atamanız mı var?) [C:\Users\İbrahim\Desktop\ŞUAN\KcetasProje\ProjeStaj.csproj]
C:\Users\İbrahim\Desktop\ŞUAN\KcetasProje\Controllers\IsEmriController.cs(160,17): error CS0117: 'IsEmri' bir 'CreatedAt' tanımı içermiyor [C:\Users\İbrahim\Desktop\ŞUAN\KcetasProje\ProjeStaj.csproj]
C:\Users\İbrahim\Desktop\ŞUAN\KcetasProje\Controllers\IsEmriController.cs(174,92): error CS1061: 'TuketimNoktasi' bir 'TuketimNoktasiId' tanımı içermiyor ve 'TuketimNoktasi' türünde bir ilk bağımsız değişken kabul eden hiçbir erişilebilir 'TuketimNoktasiId' genişletme yöntemi bulunamadı (bir kullanma yönergeniz veya derleme başvurunuz eksik olabilir mi?) [C:\Users\İbrahim\Desktop\ŞUAN\KcetasProje\ProjeStaj.csproj]
C:\Users\İbrahim\Desktop\ŞUAN\KcetasProje\Controllers\IsEmriController.cs(174,149): error CS1061: 'TuketimNoktasi' bir 'musteri_ad' tanımı içermiyor ve 'TuketimNoktasi' türünde bir ilk bağımsız değişken kabul eden hiçbir erişilebilir 'musteri_ad' genişletme yöntemi bulunamadı (bir kullanma yönergeniz veya derleme başvurunuz eksik olabilir mi?) [C:\Users\İbrahim\Desktop\ŞUAN\KcetasProje\ProjeStaj.csproj]
C:\Users\İbrahim\Desktop\ŞUAN\KcetasProje\Controllers\IsEmriController.cs(174,164): error CS1061: 'TuketimNoktasi' bir 'musteri_soyad' tanımı içermiyor ve 'TuketimNoktasi' türünde bir ilk bağımsız değişken kabul eden hiçbir erişilebilir 'musteri_soyad' genişletme yöntemi bulunamadı (bir kullanma yönergeniz veya derleme başvurunuz eksik olabilir mi?) [C:\Users\İbrahim\Desktop\ŞUAN\KcetasProje\ProjeStaj.csproj]
C:\Users\İbrahim\Desktop\ŞUAN\KcetasProje\Controllers\IsEmriController.cs(174,182): error CS1061: 'TuketimNoktasi' bir 'musteri_unvan' tanımı içermiyor ve 'TuketimNoktasi' türünde bir ilk bağımsız değişken kabul eden hiçbir erişilebilir 'musteri_unvan' genişletme yöntemi bulunamadı (bir kullanma yönergeniz veya derleme başvurunuz eksik olabilir mi?) [C:\Users\İbrahim\Desktop\ŞUAN\KcetasProje\ProjeStaj.csproj]
C:\Users\İbrahim\Desktop\ŞUAN\KcetasProje\Controllers\IsEmriController.cs(182,146): error CS1061: 'Sozlesme' bir 'ad' tanımı içermiyor ve 'Sozlesme' türünde bir ilk bağımsız değişken kabul eden hiçbir erişilebilir 'ad' genişletme yöntemi bulunamadı (bir kullanma yönergeniz veya derleme başvurunuz eksik olabilir mi?) [C:\Users\İbrahim\Desktop\ŞUAN\KcetasProje\ProjeStaj.csproj]
C:\Users\İbrahim\Desktop\ŞUAN\KcetasProje\Controllers\IsEmriController.cs(211,76): error CS1061: 'TuketimNoktasi' bir 'TuketimNoktasiId' tanımı içermiyor ve 'TuketimNoktasi' türünde bir ilk bağımsız değişken kabul eden hiçbir erişilebilir 'TuketimNoktasiId' genişletme yöntemi bulunamadı (bir kullanma yönergeniz veya derleme başvurunuz eksik olabilir mi?) [C:\Users\İbrahim\Desktop\ŞUAN\KcetasProje\ProjeStaj.csproj]
C:\Users\İbrahim\Desktop\ŞUAN\KcetasProje\Controllers\IsEmriController.cs(236,36): error CS1061: 'IsEmri' bir 'CreatedAt' tanımı içermiyor ve 'IsEmri' türünde bir ilk bağımsız değişken kabul eden hiçbir erişilebilir 'CreatedAt' genişletme yöntemi bulunamadı (bir kullanma yönergeniz veya derleme başvurunuz eksik olabilir mi?) [C:\Users\İbrahim\Desktop\ŞUAN\KcetasProje\ProjeStaj.csproj]
C:\Users\İbrahim\Desktop\ŞUAN\KcetasProje\Controllers\IsEmriController.cs(237,36): error CS1061: 'IsEmri' bir 'UpdatedAt' tanımı içermiyor ve 'IsEmri' türünde bir ilk bağımsız değişken kabul eden hiçbir erişilebilir 'UpdatedAt' genişletme yöntemi bulunamadı (bir kullanma yönergeniz veya derleme başvurunuz eksik olabilir mi?) [C:\Users\İbrahim\Desktop\ŞUAN\KcetasProje\ProjeStaj.csproj]
C:\Users\İbrahim\Desktop\ŞUAN\KcetasProje\Controllers\IsEmriController.cs(383,72): error CS1061: 'TuketimNoktasi' bir 'TuketimNoktasiId' tanımı içermiyor ve 'TuketimNoktasi' türünde bir ilk bağımsız değişken kabul eden hiçbir erişilebilir 'TuketimNoktasiId' genişletme yöntemi bulunamadı (bir kullanma yönergeniz veya derleme başvurunuz eksik olabilir mi?) [C:\Users\İbrahim\Desktop\ŞUAN\KcetasProje\ProjeStaj.csproj]
C:\Users\İbrahim\Desktop\ŞUAN\KcetasProje\Controllers\IsEmriController.cs(400,32): error CS1061: 'IsEmri' bir 'UpdatedAt' tanımı içermiyor ve 'IsEmri' türünde bir ilk bağımsız değişken kabul eden hiçbir erişilebilir 'UpdatedAt' genişletme yöntemi bulunamadı (bir kullanma yönergeniz veya derleme başvurunuz eksik olabilir mi?) [C:\Users\İbrahim\Desktop\ŞUAN\KcetasProje\ProjeStaj.csproj]
C:\Users\İbrahim\Desktop\ŞUAN\KcetasProje\Controllers\IsEmriController.cs(401,34): error CS1061: 'IsEmri' bir 'eski_sayac_no' tanımı içermiyor ve 'IsEmri' türünde bir ilk bağımsız değişken kabul eden hiçbir erişilebilir 'eski_sayac_no' genişletme yöntemi bulunamadı (bir kullanma yönergeniz veya derleme başvurunuz eksik olabilir mi?) [C:\Users\İbrahim\Desktop\ŞUAN\KcetasProje\ProjeStaj.csproj]
C:\Users\İbrahim\Desktop\ŞUAN\KcetasProje\Controllers\IsEmriController.cs(402,34): error CS1061: 'IsEmri' bir 'yeni_sayac_no' tanımı içermiyor ve 'IsEmri' türünde bir ilk bağımsız değişken kabul eden hiçbir erişilebilir 'yeni_sayac_no' genişletme yöntemi bulunamadı (bir kullanma yönergeniz veya derleme başvurunuz eksik olabilir mi?) [C:\Users\İbrahim\Desktop\ŞUAN\KcetasProje\ProjeStaj.csproj]
C:\Users\İbrahim\Desktop\ŞUAN\KcetasProje\Controllers\IsEmriController.cs(403,37): error CS1061: 'IsEmri' bir 'eski_son_endeksi' tanımı içermiyor ve 'IsEmri' türünde bir ilk bağımsız değişken kabul eden hiçbir erişilebilir 'eski_son_endeksi' genişletme yöntemi bulunamadı (bir kullanma yönergeniz veya derleme başvurunuz eksik olabilir mi?) [C:\Users\İbrahim\Desktop\ŞUAN\KcetasProje\ProjeStaj.csproj]
C:\Users\İbrahim\Desktop\ŞUAN\KcetasProje\Controllers\IsEmriController.cs(404,37): error CS1061: 'IsEmri' bir 'yeni_ilk_endeksi' tanımı içermiyor ve 'IsEmri' türünde bir ilk bağımsız değişken kabul eden hiçbir erişilebilir 'yeni_ilk_endeksi' genişletme yöntemi bulunamadı (bir kullanma yönergeniz veya derleme başvurunuz eksik olabilir mi?) [C:\Users\İbrahim\Desktop\ŞUAN\KcetasProje\ProjeStaj.csproj]
C:\Users\İbrahim\Desktop\ŞUAN\KcetasProje\Controllers\IsEmriController.cs(405,35): error CS1061: 'IsEmri' bir 'kesme_endeksi' tanımı içermiyor ve 'IsEmri' türünde bir ilk bağımsız değişken kabul eden hiçbir erişilebilir 'kesme_endeksi' genişletme yöntemi bulunamadı (bir kullanma yönergeniz veya derleme başvurunuz eksik olabilir mi?) [C:\Users\İbrahim\Desktop\ŞUAN\KcetasProje\ProjeStaj.csproj]
C:\Users\İbrahim\Desktop\ŞUAN\KcetasProje\Controllers\IsEmriController.cs(406,34): error CS1061: 'IsEmri' bir 'acma_endeksi' tanımı içermiyor ve 'IsEmri' türünde bir ilk bağımsız değişken kabul eden hiçbir erişilebilir 'acma_endeksi' genişletme yöntemi bulunamadı (bir kullanma yönergeniz veya derleme başvurunuz eksik olabilir mi?) [C:\Users\İbrahim\Desktop\ŞUAN\KcetasProje\ProjeStaj.csproj]
C:\Users\İbrahim\Desktop\ŞUAN\KcetasProje\Controllers\IsEmriController.cs(418,72): error CS1061: 'TuketimNoktasi' bir 'TuketimNoktasiId' tanımı içermiyor ve 'TuketimNoktasi' türünde bir ilk bağımsız değişken kabul eden hiçbir erişilebilir 'TuketimNoktasiId' genişletme yöntemi bulunamadı (bir kullanma yönergeniz veya derleme başvurunuz eksik olabilir mi?) [C:\Users\İbrahim\Desktop\ŞUAN\KcetasProje\ProjeStaj.csproj]
C:\Users\İbrahim\Desktop\ŞUAN\KcetasProje\Controllers\IsEmriController.cs(435,32): error CS1061: 'IsEmri' bir 'UpdatedAt' tanımı içermiyor ve 'IsEmri' türünde bir ilk bağımsız değişken kabul eden hiçbir erişilebilir 'UpdatedAt' genişletme yöntemi bulunamadı (bir kullanma yönergeniz veya derleme başvurunuz eksik olabilir mi?) [C:\Users\İbrahim\Desktop\ŞUAN\KcetasProje\ProjeStaj.csproj]
C:\Users\İbrahim\Desktop\ŞUAN\KcetasProje\Controllers\IsEmriController.cs(436,34): error CS1061: 'IsEmri' bir 'eski_sayac_no' tanımı içermiyor ve 'IsEmri' türünde bir ilk bağımsız değişken kabul eden hiçbir erişilebilir 'eski_sayac_no' genişletme yöntemi bulunamadı (bir kullanma yönergeniz veya derleme başvurunuz eksik olabilir mi?) [C:\Users\İbrahim\Desktop\ŞUAN\KcetasProje\ProjeStaj.csproj]
C:\Users\İbrahim\Desktop\ŞUAN\KcetasProje\Controllers\IsEmriController.cs(437,34): error CS1061: 'IsEmri' bir 'yeni_sayac_no' tanımı içermiyor ve 'IsEmri' türünde bir ilk bağımsız değişken kabul eden hiçbir erişilebilir 'yeni_sayac_no' genişletme yöntemi bulunamadı (bir kullanma yönergeniz veya derleme başvurunuz eksik olabilir mi?) [C:\Users\İbrahim\Desktop\ŞUAN\KcetasProje\ProjeStaj.csproj]
C:\Users\İbrahim\Desktop\ŞUAN\KcetasProje\Controllers\IsEmriController.cs(438,37): error CS1061: 'IsEmri' bir 'eski_son_endeksi' tanımı içermiyor ve 'IsEmri' türünde bir ilk bağımsız değişken kabul eden hiçbir erişilebilir 'eski_son_endeksi' genişletme yöntemi bulunamadı (bir kullanma yönergeniz veya derleme başvurunuz eksik olabilir mi?) [C:\Users\İbrahim\Desktop\ŞUAN\KcetasProje\ProjeStaj.csproj]
C:\Users\İbrahim\Desktop\ŞUAN\KcetasProje\Controllers\IsEmriController.cs(439,37): error CS1061: 'IsEmri' bir 'yeni_ilk_endeksi' tanımı içermiyor ve 'IsEmri' türünde bir ilk bağımsız değişken kabul eden hiçbir erişilebilir 'yeni_ilk_endeksi' genişletme yöntemi bulunamadı (bir kullanma yönergeniz veya derleme başvurunuz eksik olabilir mi?) [C:\Users\İbrahim\Desktop\ŞUAN\KcetasProje\ProjeStaj.csproj]
C:\Users\İbrahim\Desktop\ŞUAN\KcetasProje\Controllers\IsEmriController.cs(440,35): error CS1061: 'IsEmri' bir 'kesme_endeksi' tanımı içermiyor ve 'IsEmri' türünde bir ilk bağımsız değişken kabul eden hiçbir erişilebilir 'kesme_endeksi' genişletme yöntemi bulunamadı (bir kullanma yönergeniz veya derleme başvurunuz eksik olabilir mi?) [C:\Users\İbrahim\Desktop\ŞUAN\KcetasProje\ProjeStaj.csproj]
C:\Users\İbrahim\Desktop\ŞUAN\KcetasProje\Controllers\IsEmriController.cs(441,34): error CS1061: 'IsEmri' bir 'acma_endeksi' tanımı içermiyor ve 'IsEmri' türünde bir ilk bağımsız değişken kabul eden hiçbir erişilebilir 'acma_endeksi' genişletme yöntemi bulunamadı (bir kullanma yönergeniz veya derleme başvurunuz eksik olabilir mi?) [C:\Users\İbrahim\Desktop\ŞUAN\KcetasProje\ProjeStaj.csproj]
C:\Users\İbrahim\Desktop\ŞUAN\KcetasProje\Controllers\IsEmriController.cs(442,33): error CS1061: 'IsEmri' bir 'eski_son_endeksi' tanımı içermiyor ve 'IsEmri' türünde bir ilk bağımsız değişken kabul eden hiçbir erişilebilir 'eski_son_endeksi' genişletme yöntemi bulunamadı (bir kullanma yönergeniz veya derleme başvurunuz eksik olabilir mi?) [C:\Users\İbrahim\Desktop\ŞUAN\KcetasProje\ProjeStaj.csproj]
C:\Users\İbrahim\Desktop\ŞUAN\KcetasProje\Controllers\IsEmriController.cs(445,32): error CS1061: 'IsEmri' bir 'CreatedAt' tanımı içermiyor ve 'IsEmri' türünde bir ilk bağımsız değişken kabul eden hiçbir erişilebilir 'CreatedAt' genişletme yöntemi bulunamadı (bir kullanma yönergeniz veya derleme başvurunuz eksik olabilir mi?) [C:\Users\İbrahim\Desktop\ŞUAN\KcetasProje\ProjeStaj.csproj]
